 main

 Timestamp is 5ad5b8f5 (Tue Apr 17 11:05:57 2018)

 Preferred load address is 0000000140000000

 Start         Length     Name                   Class
 0001:00000000 000002c0H .text                   CODE
 0001:000002c0 00000060H .text$di                CODE
 0001:00000320 00013550H .text$mn                CODE
 0001:00013870 000000e0H .text$mn$00             CODE
 0001:00013950 000003b0H .text$x                 CODE
 0001:00013d00 00000035H .text$yd                CODE
 0002:00000000 00000330H .idata$5                DATA
 0002:00000330 00000020H .00cfg                  DATA
 0002:00000350 00000008H .CRT$XCA                DATA
 0002:00000358 00000008H .CRT$XCAA               DATA
 0002:00000360 00000010H .CRT$XCU                DATA
 0002:00000370 00000008H .CRT$XCZ                DATA
 0002:00000378 00000008H .CRT$XIA                DATA
 0002:00000380 00000008H .CRT$XIAA               DATA
 0002:00000388 00000008H .CRT$XIAC               DATA
 0002:00000390 00000018H .CRT$XIC                DATA
 0002:000003a8 00000008H .CRT$XIZ                DATA
 0002:000003b0 00000008H .CRT$XPA                DATA
 0002:000003b8 00000010H .CRT$XPX                DATA
 0002:000003c8 00000008H .CRT$XPXA               DATA
 0002:000003d0 00000008H .CRT$XPZ                DATA
 0002:000003d8 00000008H .CRT$XTA                DATA
 0002:000003e0 00000010H .CRT$XTZ                DATA
 0002:000003e8 00000000H .gfids$y                DATA
 0002:000003f0 00007f60H .rdata                  DATA
 0002:00008350 0000037cH .rdata$r                DATA
 0002:000086cc 0000034cH .rdata$zzzdbg           DATA
 0002:00008a18 00000008H .rtc$IAA                DATA
 0002:00008a20 00000008H .rtc$IZZ                DATA
 0002:00008a28 00000008H .rtc$TAA                DATA
 0002:00008a30 00000008H .rtc$TZZ                DATA
 0002:00008a38 000010a0H .xdata                  DATA
 0002:00009ad8 000001dcH .xdata$x                DATA
 0002:00009cb4 00000000H .edata                  DATA
 0002:00009cb4 0000003cH .idata$2                DATA
 0002:00009cf0 00000018H .idata$3                DATA
 0002:00009d08 00000330H .idata$4                DATA
 0002:0000a038 0000076aH .idata$6                DATA
 0003:00000000 00000940H .data                   DATA
 0003:00000940 00000120H .data$r                 DATA
 0003:00000a60 0000123cH .bss                    DATA
 0004:00000000 000014e8H .pdata                  DATA

  Address         Publics by Value              Rva+Base               Lib:Object

 0000:00000000       __guard_iat_table          0000000000000000     <absolute>
 0000:00000000       __guard_iat_count          0000000000000000     <absolute>
 0000:00000000       __hybrid_code_map          0000000000000000     <absolute>
 0000:00000000       __hybrid_code_map_count    0000000000000000     <absolute>
 0000:00000000       __dynamic_value_reloc_table 0000000000000000     <absolute>
 0000:00000000       __hybrid_auxiliary_iat     0000000000000000     <absolute>
 0000:00000000       __guard_longjmp_table      0000000000000000     <absolute>
 0000:00000000       __guard_longjmp_count      0000000000000000     <absolute>
 0000:00000000       __guard_fids_count         0000000000000000     <absolute>
 0000:00000000       __enclave_config           0000000000000000     <absolute>
 0000:00000000       ___safe_se_handler_table   0000000000000000     <absolute>
 0000:00000000       ___safe_se_handler_count   0000000000000000     <absolute>
 0000:00000000       __guard_fids_table         0000000000000000     <absolute>
 0000:00000100       __guard_flags              0000000000000100     <absolute>
 0000:00000000       __ImageBase                0000000140000000     <linker-defined>
 0001:000002b0       main                       00000001400012b0 f   SDL2main:SDL_windows_main.obj
 0001:00000320       SDL_main                   0000000140001320 f   main.obj
 0001:000004b0       ??0LTexture@@QEAA@XZ       00000001400014b0 f   main.obj
 0001:000004f0       ??1LTexture@@QEAA@XZ       00000001400014f0 f   main.obj
 0001:00000520       ?loadFromFile@LTexture@@QEAA_NV?$basic_string@DU?$char_traits@D@std@@V?$allocator@D@2@@std@@@Z 0000000140001520 f   main.obj
 0001:00000680       ?free@LTexture@@QEAAXXZ    0000000140001680 f   main.obj
 0001:000006d0       ?setColor@LTexture@@QEAAXEEE@Z 00000001400016d0 f   main.obj
 0001:00000710       ?setBlendMode@LTexture@@QEAAXW4SDL_BlendMode@@@Z 0000000140001710 f   main.obj
 0001:00000740       ?setAlpha@LTexture@@QEAAXE@Z 0000000140001740 f   main.obj
 0001:00000770       ?render@LTexture@@QEAAXHHPEAUSDL_Rect@@@Z 0000000140001770 f   main.obj
 0001:00000820       ?getWidth@LTexture@@QEAAHXZ 0000000140001820 f   main.obj
 0001:00000840       ?getHeight@LTexture@@QEAAHXZ 0000000140001840 f   main.obj
 0001:00000860       ?init@@YA_NXZ              0000000140001860 f   main.obj
 0001:00000960       ?loadMedia@@YA_NXZ         0000000140001960 f   main.obj
 0001:00000b60       ?close@@YAXXZ              0000000140001b60 f   main.obj
 0001:00000bc0       ?loadTexture@@YAPEAUSDL_Texture@@V?$basic_string@DU?$char_traits@D@std@@V?$allocator@D@2@@std@@@Z 0000000140001bc0 f   main.obj
 0001:00000c10       ??$?0$$V@?$_Compressed_pair@V?$allocator@D@std@@V?$_String_val@U?$_Simple_types@D@std@@@2@$00@std@@QEAA@U_Zero_then_variadic_args_t@1@@Z 0000000140001c10 f i main.obj
 0001:00000c40       ??$_Allocate@$0BA@U_Default_allocate_traits@std@@$0A@@std@@YAPEAX_K@Z 0000000140001c40 f i main.obj
 0001:00000c80       ??$_Allocate_manually_vector_aligned@U_Default_allocate_traits@std@@@std@@YAPEAX_K@Z 0000000140001c80 f i main.obj
 0001:00000d00       ?_Get_second@?$_Compressed_pair@V?$allocator@D@std@@V?$_String_val@U?$_Simple_types@D@std@@@2@$00@std@@QEBAAEBV?$_String_val@U?$_Simple_types@D@std@@@2@XZ 0000000140001d00 f i main.obj
 0001:00000d00       ??$_Unfancy@D@std@@YAPEADPEAD@Z 0000000140001d00 f i main.obj
 0001:00000d00       ??0?$allocator@D@std@@QEAA@XZ 0000000140001d00 f i main.obj
 0001:00000d00       ??$forward@AEBQEAD@std@@YAAEBQEADAEBQEAD@Z 0000000140001d00 f i main.obj
 0001:00000d00       ??$addressof@PEAD@std@@YAPEAPEADAEAPEAD@Z 0000000140001d00 f i main.obj
 0001:00000d00       ??$_Get_size_of_n@$00@std@@YA_K_K@Z 0000000140001d00 f i main.obj
 0001:00000d00       ??$_Convert_size@_K@std@@YA_K_K@Z 0000000140001d00 f i main.obj
 0001:00000d00       ??0_Bxty@?$_String_val@U?$_Simple_types@D@std@@@std@@QEAA@XZ 0000000140001d00 f i main.obj
 0001:00000d00       ?_Get_first@?$_Compressed_pair@V?$allocator@D@std@@V?$_String_val@U?$_Simple_types@D@std@@@2@$00@std@@QEAAAEAV?$allocator@D@2@XZ 0000000140001d00 f i main.obj
 0001:00000d00       ?_Get_second@?$_Compressed_pair@V?$allocator@D@std@@V?$_String_val@U?$_Simple_types@D@std@@@2@$00@std@@QEAAAEAV?$_String_val@U?$_Simple_types@D@std@@@2@XZ 0000000140001d00 f i main.obj
 0001:00000d00       ?_Get_first@?$_Compressed_pair@V?$allocator@D@std@@V?$_String_val@U?$_Simple_types@D@std@@@2@$00@std@@QEBAAEBV?$allocator@D@2@XZ 0000000140001d00 f i main.obj
 0001:00000d10       ??$_Deallocate@$0BA@$0A@@std@@YAXPEAX_K@Z 0000000140001d10 f i main.obj
 0001:00000d50       ??$_Max_value@_K@std@@YAAEB_KAEB_K0@Z 0000000140001d50 f i main.obj
 0001:00000da0       ??$_Min_value@_K@std@@YAAEB_KAEB_K0@Z 0000000140001da0 f i main.obj
 0001:00000f20       _initialize_denormal_control 0000000140001f20 f i LIBCMT:denormal_control.obj
 0001:00000f20       _initialize_invalid_parameter_handler 0000000140001f20 f i LIBCMT:invalid_parameter_handler.obj
 0001:00000f20       _guard_check_icall_nop     0000000140001f20 f i LIBCMT:guard_support.obj
 0001:00000f20       ??$__vcrt_va_start_verify_argument_type@QEBD@@YAXXZ 0000000140001f20 f i main.obj
 0001:00000f30       ??$construct@PEADAEBQEAD@?$_Default_allocator_traits@V?$allocator@D@std@@@std@@SAXAEAV?$allocator@D@1@QEAPEADAEBQEAD@Z 0000000140001f30 f i main.obj
 0001:00000f80       ??$destroy@PEAD@?$_Default_allocator_traits@V?$allocator@D@std@@@std@@SAXAEAV?$allocator@D@1@QEAPEAD@Z 0000000140001f80 f i main.obj
 0001:00000f90       ??0?$_String_alloc@U?$_String_base_types@DV?$allocator@D@std@@@std@@@std@@QEAA@XZ 0000000140001f90 f i main.obj
 0001:00000fc0       ??0?$_String_val@U?$_Simple_types@D@std@@@std@@QEAA@XZ 0000000140001fc0 f i main.obj
 0001:00001000       ??0?$basic_string@DU?$char_traits@D@std@@V?$allocator@D@2@@std@@QEAA@QEBD@Z 0000000140002000 f i main.obj
 0001:00001050       ??1?$_Compressed_pair@V?$allocator@D@std@@V?$_String_val@U?$_Simple_types@D@std@@@2@$00@std@@QEAA@XZ 0000000140002050 f i main.obj
 0001:00001070       ??1?$_String_alloc@U?$_String_base_types@DV?$allocator@D@std@@@std@@@std@@QEAA@XZ 0000000140002070 f i main.obj
 0001:00001090       ??1?$_String_val@U?$_Simple_types@D@std@@@std@@QEAA@XZ 0000000140002090 f i main.obj
 0001:000010b0       ??1?$basic_string@DU?$char_traits@D@std@@V?$allocator@D@2@@std@@QEAA@XZ 00000001400020b0 f i main.obj
 0001:000010e0       ??1_Bxty@?$_String_val@U?$_Simple_types@D@std@@@std@@QEAA@XZ 00000001400020e0 f i main.obj
 0001:000010e0       ?_Orphan_all@_Container_base0@std@@QEAAXXZ 00000001400020e0 f i main.obj
 0001:000010f0       ??2@YAPEAX_KPEAX@Z         00000001400020f0 f i main.obj
 0001:00001160       ?_Adjust_manually_vector_aligned@std@@YAXAEAPEAXAEA_K@Z 0000000140002160 f i main.obj
 0001:000011f0       ?_Allocate@_Default_allocate_traits@std@@SAPEAX_K@Z 00000001400021f0 f i main.obj
 0001:00001210       ?_Calculate_growth@?$basic_string@DU?$char_traits@D@std@@V?$allocator@D@2@@std@@QEBA_K_K@Z 0000000140002210 f i main.obj
 0001:000012d0       ?_Getal@?$_String_alloc@U?$_String_base_types@DV?$allocator@D@std@@@std@@@std@@QEAAAEAV?$allocator@D@2@XZ 00000001400022d0 f i main.obj
 0001:000012d0       ?_Get_data@?$_String_alloc@U?$_String_base_types@DV?$allocator@D@std@@@std@@@std@@QEAAAEAV?$_String_val@U?$_Simple_types@D@std@@@2@XZ 00000001400022d0 f i main.obj
 0001:000012d0       ?_Getal@?$_String_alloc@U?$_String_base_types@DV?$allocator@D@std@@@std@@@std@@QEBAAEBV?$allocator@D@2@XZ 00000001400022d0 f i main.obj
 0001:000012d0       ?_Get_data@?$_String_alloc@U?$_String_base_types@DV?$allocator@D@std@@@std@@@std@@QEBAAEBV?$_String_val@U?$_Simple_types@D@std@@@2@XZ 00000001400022d0 f i main.obj
 0001:000012f0       ?_Large_string_engaged@?$_String_val@U?$_Simple_types@D@std@@@std@@QEBA_NXZ 00000001400022f0 f i main.obj
 0001:00001320       ?_Myptr@?$_String_val@U?$_Simple_types@D@std@@@std@@QEAAPEADXZ 0000000140002320 f i main.obj
 0001:00001320       ?_Myptr@?$_String_val@U?$_Simple_types@D@std@@@std@@QEBAPEBDXZ 0000000140002320 f i main.obj
 0001:00001360       ?_Orphan_all@?$_String_alloc@U?$_String_base_types@DV?$allocator@D@std@@@std@@@std@@QEAAXXZ 0000000140002360 f i main.obj
 0001:00001380       ?_Tidy_deallocate@?$basic_string@DU?$char_traits@D@std@@V?$allocator@D@2@@std@@QEAAXXZ 0000000140002380 f i main.obj
 0001:00001450       ?_Tidy_init@?$basic_string@DU?$char_traits@D@std@@V?$allocator@D@2@@std@@QEAAXXZ 0000000140002450 f i main.obj
 0001:000014b0       ?_Xlen@?$basic_string@DU?$char_traits@D@std@@V?$allocator@D@2@@std@@SAXXZ 00000001400024b0 f i main.obj
 0001:000014d0       ?allocate@?$allocator@D@std@@QEAAPEAD_K@Z 00000001400024d0 f i main.obj
 0001:00001500       ?assign@?$basic_string@DU?$char_traits@D@std@@V?$allocator@D@2@@std@@QEAAAEAV12@QEBD@Z 0000000140002500 f i main.obj
 0001:00001540       ?assign@?$basic_string@DU?$char_traits@D@std@@V?$allocator@D@2@@std@@QEAAAEAV12@QEBD_K@Z 0000000140002540 f i main.obj
 0001:00001600       ?assign@?$char_traits@D@std@@SAXAEADAEBD@Z 0000000140002600 f i main.obj
 0001:00001620       ?c_str@?$basic_string@DU?$char_traits@D@std@@V?$allocator@D@2@@std@@QEBAPEBDXZ 0000000140002620 f i main.obj
 0001:00001650       ?copy@?$char_traits@D@std@@SAPEADQEADQEBD_K@Z 0000000140002650 f i main.obj
 0001:00001680       ?deallocate@?$allocator@D@std@@QEAAXQEAD_K@Z 0000000140002680 f i main.obj
 0001:000016b0       ?length@?$char_traits@D@std@@SA_KQEBD@Z 00000001400026b0 f i main.obj
 0001:000016f0       ?max@?$numeric_limits@_J@std@@SA_JXZ 00000001400026f0 f i main.obj
 0001:00001700       ?max_size@?$_Default_allocator_traits@V?$allocator@D@std@@@std@@SA_KAEBV?$allocator@D@2@@Z 0000000140002700 f i main.obj
 0001:00001710       ?max_size@?$basic_string@DU?$char_traits@D@std@@V?$allocator@D@2@@std@@QEBA_KXZ 0000000140002710 f i main.obj
 0001:00001780       ?move@?$char_traits@D@std@@SAPEADQEADQEBD_K@Z 0000000140002780 f i main.obj
 0001:000017b0       __local_stdio_printf_options 00000001400027b0 f i main.obj
 0001:000017c0       _vfprintf_s_l              00000001400027c0 f i main.obj
 0001:00001810       printf_s                   0000000140002810 f i main.obj
 0001:0000186c       SDL_GetError               000000014000286c f   SDL2:SDL2.dll
 0001:00001872       SDL_MapRGB                 0000000140002872 f   SDL2:SDL2.dll
 0001:00001878       SDL_FreeSurface            0000000140002878 f   SDL2:SDL2.dll
 0001:0000187e       SDL_SetColorKey            000000014000287e f   SDL2:SDL2.dll
 0001:00001884       SDL_CreateWindow           0000000140002884 f   SDL2:SDL2.dll
 0001:0000188a       SDL_DestroyWindow          000000014000288a f   SDL2:SDL2.dll
 0001:00001890       SDL_PollEvent              0000000140002890 f   SDL2:SDL2.dll
 0001:00001896       SDL_CreateRenderer         0000000140002896 f   SDL2:SDL2.dll
 0001:0000189c       SDL_CreateTextureFromSurface 000000014000289c f   SDL2:SDL2.dll
 0001:000018a2       SDL_SetTextureColorMod     00000001400028a2 f   SDL2:SDL2.dll
 0001:000018a8       SDL_SetTextureAlphaMod     00000001400028a8 f   SDL2:SDL2.dll
 0001:000018ae       SDL_SetTextureBlendMode    00000001400028ae f   SDL2:SDL2.dll
 0001:000018b4       SDL_SetRenderDrawColor     00000001400028b4 f   SDL2:SDL2.dll
 0001:000018ba       SDL_RenderClear            00000001400028ba f   SDL2:SDL2.dll
 0001:000018c0       SDL_RenderCopy             00000001400028c0 f   SDL2:SDL2.dll
 0001:000018c6       SDL_RenderPresent          00000001400028c6 f   SDL2:SDL2.dll
 0001:000018cc       SDL_DestroyTexture         00000001400028cc f   SDL2:SDL2.dll
 0001:000018d2       SDL_DestroyRenderer        00000001400028d2 f   SDL2:SDL2.dll
 0001:000018d8       SDL_Init                   00000001400028d8 f   SDL2:SDL2.dll
 0001:000018de       SDL_Quit                   00000001400028de f   SDL2:SDL2.dll
 0001:000018e4       IMG_Init                   00000001400028e4 f   SDL2_image:SDL2_image.dll
 0001:000018ea       IMG_Quit                   00000001400028ea f   SDL2_image:SDL2_image.dll
 0001:000018f0       IMG_Load                   00000001400028f0 f   SDL2_image:SDL2_image.dll
 0001:000018f6       IMG_LoadTexture            00000001400028f6 f   SDL2_image:SDL2_image.dll
 0001:000018fc       ??0bad_alloc@std@@QEAA@AEBV01@@Z 00000001400028fc f i libcpmt:xthrow.obj
 0001:0000193c       ??0bad_alloc@std@@QEAA@XZ  000000014000293c f i libcpmt:xthrow.obj
 0001:0000195c       ??0exception@std@@QEAA@AEBV01@@Z 000000014000295c f i libcpmt:xthrow.obj
 0001:00001994       ??0length_error@std@@QEAA@AEBV01@@Z 0000000140002994 f i libcpmt:xthrow.obj
 0001:000019d4       ??0length_error@std@@QEAA@PEBD@Z 00000001400029d4 f i libcpmt:xthrow.obj
 0001:00001a20       ??0logic_error@std@@QEAA@AEBV01@@Z 0000000140002a20 f i libcpmt:xthrow.obj
 0001:00001a60       ??1length_error@std@@UEAA@XZ 0000000140002a60 f i libcpmt:xthrow.obj
 0001:00001a60       ??1bad_exception@std@@UEAA@XZ 0000000140002a60 f i libvcruntime:frame.obj
 0001:00001a60       ??1bad_array_new_length@std@@UEAA@XZ 0000000140002a60 f i LIBCMT:throw_bad_alloc.obj
 0001:00001a60       ??1bad_alloc@std@@UEAA@XZ  0000000140002a60 f i libcpmt:xthrow.obj
 0001:00001a74       ??_Gexception@std@@UEAAPEAXI@Z 0000000140002a74 f i libcpmt:xthrow.obj
 0001:00001a74       ??_Ebad_array_new_length@std@@UEAAPEAXI@Z 0000000140002a74 f i LIBCMT:throw_bad_alloc.obj
 0001:00001a74       ??_Eexception@std@@UEAAPEAXI@Z 0000000140002a74 f i libcpmt:xthrow.obj
 0001:00001a74       ??_Glogic_error@std@@UEAAPEAXI@Z 0000000140002a74 f i libcpmt:xthrow.obj
 0001:00001a74       ??_Elogic_error@std@@UEAAPEAXI@Z 0000000140002a74 f i libcpmt:xthrow.obj
 0001:00001a74       ??_Elength_error@std@@UEAAPEAXI@Z 0000000140002a74 f i libcpmt:xthrow.obj
 0001:00001a74       ??_Glength_error@std@@UEAAPEAXI@Z 0000000140002a74 f i libcpmt:xthrow.obj
 0001:00001a74       ??_Gbad_alloc@std@@UEAAPEAXI@Z 0000000140002a74 f i libcpmt:xthrow.obj
 0001:00001a74       ??_Gbad_array_new_length@std@@UEAAPEAXI@Z 0000000140002a74 f i LIBCMT:throw_bad_alloc.obj
 0001:00001a74       ??_Ebad_alloc@std@@UEAAPEAXI@Z 0000000140002a74 f i libcpmt:xthrow.obj
 0001:00001a74       ??_Gbad_exception@std@@UEAAPEAXI@Z 0000000140002a74 f i libvcruntime:frame.obj
 0001:00001a74       ??_Ebad_exception@std@@UEAAPEAXI@Z 0000000140002a74 f i libvcruntime:frame.obj
 0001:00001ab8       ?_Xlength_error@std@@YAXPEBD@Z 0000000140002ab8 f   libcpmt:xthrow.obj
 0001:00001adc       ?what@exception@std@@UEBAPEBDXZ 0000000140002adc f i libcpmt:xthrow.obj
 0001:00001af0       ??2@YAPEAX_K@Z             0000000140002af0 f   LIBCMT:new_scalar.obj
 0001:00001b2c       ??3@YAXPEAX_K@Z            0000000140002b2c f   LIBCMT:delete_scalar_size.obj
 0001:00001b34       __scrt_acquire_startup_lock 0000000140002b34 f   LIBCMT:utility.obj
 0001:00001b70       __scrt_initialize_crt      0000000140002b70 f   LIBCMT:utility.obj
 0001:00001bbc       __scrt_initialize_onexit_tables 0000000140002bbc f   LIBCMT:utility.obj
 0001:00001c9c       __scrt_is_nonwritable_in_current_image 0000000140002c9c f   LIBCMT:utility.obj
 0001:00001d38       __scrt_release_startup_lock 0000000140002d38 f   LIBCMT:utility.obj
 0001:00001d5c       __scrt_uninitialize_crt    0000000140002d5c f   LIBCMT:utility.obj
 0001:00001d88       _onexit                    0000000140002d88 f   LIBCMT:utility.obj
 0001:00001dd8       atexit                     0000000140002dd8 f   LIBCMT:utility.obj
 0001:00001df0       __GSHandlerCheck           0000000140002df0 f   LIBCMT:_gshandler_.obj
 0001:00001e10       __GSHandlerCheckCommon     0000000140002e10 f   LIBCMT:_gshandler_.obj
 0001:00001e80       __security_check_cookie    0000000140002e80 f   LIBCMT:_amdsecgs_.obj
 0001:0000210c       mainCRTStartup             000000014000310c f   LIBCMT:exe_main.obj
 0001:00002120       ??_Gtype_info@@UEAAPEAXI@Z 0000000140003120 f i LIBCMT:std_type_info_static.obj
 0001:00002120       ??_Etype_info@@UEAAPEAXI@Z 0000000140003120 f i LIBCMT:std_type_info_static.obj
 0001:0000214c       ??0bad_array_new_length@std@@QEAA@AEBV01@@Z 000000014000314c f i LIBCMT:throw_bad_alloc.obj
 0001:0000218c       ??0bad_array_new_length@std@@QEAA@XZ 000000014000318c f i LIBCMT:throw_bad_alloc.obj
 0001:000021ac       ?__scrt_throw_std_bad_alloc@@YAXXZ 00000001400031ac f   LIBCMT:throw_bad_alloc.obj
 0001:000021cc       ?__scrt_throw_std_bad_array_new_length@@YAXXZ 00000001400031cc f   LIBCMT:throw_bad_alloc.obj
 0001:000021ec       ??3@YAXPEAX@Z              00000001400031ec f   LIBCMT:delete_scalar.obj
 0001:000021f4       __isa_available_init       00000001400031f4 f   LIBCMT:_cpu_disp_.obj
 0001:000023b0       _get_startup_argv_mode     00000001400033b0 f   LIBCMT:argv_mode.obj
 0001:000023b8       __scrt_is_ucrt_dll_in_use  00000001400033b8 f   LIBCMT:ucrt_detection.obj
 0001:000023c4       __crt_debugger_hook        00000001400033c4 f   LIBCMT:utility_desktop.obj
 0001:000023cc       __scrt_fastfail            00000001400033cc f   LIBCMT:utility_desktop.obj
 0001:00002518       _get_startup_commit_mode   0000000140003518 f   LIBCMT:commit_mode.obj
 0001:00002518       _get_startup_thread_locale_mode 0000000140003518 f   LIBCMT:thread_locale.obj
 0001:00002518       __scrt_initialize_winrt    0000000140003518 f   LIBCMT:utility_desktop.obj
 0001:00002518       _get_startup_new_mode      0000000140003518 f   LIBCMT:new_mode.obj
 0001:00002518       _matherr                   0000000140003518 f   LIBCMT:matherr.obj
 0001:0000251c       __scrt_is_managed_app      000000014000351c f   LIBCMT:utility_desktop.obj
 0001:00002570       __scrt_set_unhandled_exception_filter 0000000140003570 f   LIBCMT:utility_desktop.obj
 0001:00002580       __scrt_unhandled_exception_filter 0000000140003580 f   LIBCMT:utility_desktop.obj
 0001:000025b8       _guard_check_icall         00000001400035b8 f i LIBCMT:checkcfg.obj
 0001:000025c0       __raise_securityfailure    00000001400035c0 f   LIBCMT:gs_report.obj
 0001:000025f4       __report_gsfailure         00000001400035f4 f   LIBCMT:gs_report.obj
 0001:000026c8       __report_rangecheckfailure 00000001400036c8 f   LIBCMT:gs_report.obj
 0001:000026dc       __report_securityfailure   00000001400036dc f   LIBCMT:gs_report.obj
 0001:0000285c       __security_init_cookie     000000014000385c f   LIBCMT:gs_support.obj
 0001:0000290c       _get_startup_file_mode     000000014000390c f   LIBCMT:file_mode.obj
 0001:00002914       ?__scrt_initialize_type_info@@YAXXZ 0000000140003914 f   LIBCMT:tncleanup.obj
 0001:00002924       _should_initialize_environment 0000000140003924 f   LIBCMT:env_mode.obj
 0001:00002924       __acrt_uninitialize_command_line 0000000140003924 f   libucrt:argv_data.obj
 0001:00002928       __local_stdio_scanf_options 0000000140003928 f i LIBCMT:default_local_stdio_options.obj
 0001:00002930       __scrt_initialize_default_local_stdio_options 0000000140003930 f   LIBCMT:default_local_stdio_options.obj
 0001:0000294c       __scrt_is_user_matherr_present 000000014000394c f   LIBCMT:matherr_detection.obj
 0001:00002958       __scrt_get_dyn_tls_init_callback 0000000140003958 f   LIBCMT:dyn_tls_init.obj
 0001:00002960       __scrt_get_dyn_tls_dtor_callback 0000000140003960 f   LIBCMT:dyn_tls_dtor.obj
 0001:00002968       _RTC_Initialize            0000000140003968 f   LIBCMT:_initsect_.obj
 0001:000029b4       _RTC_Terminate             00000001400039b4 f   LIBCMT:_initsect_.obj
 0001:00002a00       IsProcessorFeaturePresent  0000000140003a00 f   kernel32:KERNEL32.dll
 0001:00002a20       memmove                    0000000140003a20 f   libvcruntime:memcpy.obj
 0001:00002a20       memcpy                     0000000140003a20 f   libvcruntime:memcpy.obj
 0001:00002e68       ?_ExecutionInCatch@@YAHPEAU_xDISPATCHER_CONTEXT@@PEBU_s_FuncInfo@@@Z 0000000140003e68 f   libvcruntime:risctrnsctrl.obj
 0001:00002edc       ?_GetEstablisherFrame@@YAPEA_KPEA_KPEAU_xDISPATCHER_CONTEXT@@PEBU_s_FuncInfo@@0@Z 0000000140003edc f   libvcruntime:risctrnsctrl.obj
 0001:00002fa8       ?_GetRangeOfTrysToCheck@@YAPEBU_s_TryBlockMapEntry@@PEA_KPEBU_s_FuncInfo@@HHPEAI2PEAU_xDISPATCHER_CONTEXT@@@Z 0000000140003fa8 f   libvcruntime:risctrnsctrl.obj
 0001:000030d4       ?__FrameUnwindToEmptyState@@YAXPEA_KPEAU_xDISPATCHER_CONTEXT@@PEBU_s_FuncInfo@@@Z 00000001400040d4 f   libvcruntime:risctrnsctrl.obj
 0001:00003168       _CallSETranslator          0000000140004168 f   libvcruntime:risctrnsctrl.obj
 0001:000031c0       _CreateFrameInfo           00000001400041c0 f   libvcruntime:risctrnsctrl.obj
 0001:000031fc       _FindAndUnlinkFrame        00000001400041fc f   libvcruntime:risctrnsctrl.obj
 0001:00003258       _GetImageBase              0000000140004258 f   libvcruntime:risctrnsctrl.obj
 0001:0000326c       _GetThrowImageBase         000000014000426c f   libvcruntime:risctrnsctrl.obj
 0001:00003280       _SetImageBase              0000000140004280 f   libvcruntime:risctrnsctrl.obj
 0001:00003298       _SetThrowImageBase         0000000140004298 f   libvcruntime:risctrnsctrl.obj
 0001:000032b0       _UnwindNestedFrames        00000001400042b0 f   libvcruntime:risctrnsctrl.obj
 0001:000033d4       __CxxFrameHandler3         00000001400043d4 f   libvcruntime:risctrnsctrl.obj
 0001:00003454       __std_exception_copy       0000000140004454 f   libvcruntime:std_exception.obj
 0001:000034e4       __std_exception_destroy    00000001400044e4 f   libvcruntime:std_exception.obj
 0001:0000350c       _CxxThrowException         000000014000450c f   libvcruntime:throw.obj
 0001:000035e4       __vcrt_initialize          00000001400045e4 f   libvcruntime:initialization.obj
 0001:00003618       __vcrt_uninitialize        0000000140004618 f   libvcruntime:initialization.obj
 0001:00003638       __C_specific_handler       0000000140004638 f   libvcruntime:_riscchandler_.obj
 0001:00003860       memset                     0000000140004860 f   libvcruntime:memset.obj
 0001:00003a10       __std_type_info_compare    0000000140004a10 f   libvcruntime:std_type_info.obj
 0001:00003a38       __vcrt_freefls             0000000140004a38 f   libvcruntime:per_thread_data.obj
 0001:00003a58       __vcrt_getptd              0000000140004a58 f   libvcruntime:per_thread_data.obj
 0001:00003a74       __vcrt_getptd_noexit       0000000140004a74 f   libvcruntime:per_thread_data.obj
 0001:00003b2c       __vcrt_initialize_ptd      0000000140004b2c f   libvcruntime:per_thread_data.obj
 0001:00003b80       __vcrt_uninitialize_ptd    0000000140004b80 f   libvcruntime:per_thread_data.obj
 0001:00003ba4       ?__GetCurrentState@@YAHPEA_KPEAU_xDISPATCHER_CONTEXT@@PEBU_s_FuncInfo@@@Z 0000000140004ba4 f   libvcruntime:riscehstate.obj
 0001:00003bcc       ?__GetUnwindTryBlock@@YAHPEA_KPEAU_xDISPATCHER_CONTEXT@@PEBU_s_FuncInfo@@@Z 0000000140004bcc f   libvcruntime:riscehstate.obj
 0001:00003bf8       ?__SetState@@YAXPEA_KPEAU_xDISPATCHER_CONTEXT@@PEBU_s_FuncInfo@@H@Z 0000000140004bf8 f   libvcruntime:riscehstate.obj
 0001:00003c04       ?__SetUnwindTryBlock@@YAXPEA_KPEAU_xDISPATCHER_CONTEXT@@PEBU_s_FuncInfo@@H@Z 0000000140004c04 f   libvcruntime:riscehstate.obj
 0001:00003c40       ?__StateFromControlPc@@YAHPEBU_s_FuncInfo@@PEAU_xDISPATCHER_CONTEXT@@@Z 0000000140004c40 f   libvcruntime:riscehstate.obj
 0001:00003c48       ?__StateFromIp@@YAHPEBU_s_FuncInfo@@PEAU_xDISPATCHER_CONTEXT@@_K@Z 0000000140004c48 f   libvcruntime:riscehstate.obj
 0001:00003cb4       ??0bad_exception@std@@QEAA@AEBV01@@Z 0000000140004cb4 f i libvcruntime:frame.obj
 0001:00003cf4       ??0bad_exception@std@@QEAA@XZ 0000000140004cf4 f i libvcruntime:frame.obj
 0001:0000465c       ?_CallMemberFunction1@@YAXQEAX00@Z 000000014000565c f i libvcruntime:frame.obj
 0001:00004668       ?_CallMemberFunction2@@YAXQEAX00H@Z 0000000140005668 f i libvcruntime:frame.obj
 0001:00004678       __BuildCatchObject         0000000140005678 f   libvcruntime:frame.obj
 0001:0000473c       __BuildCatchObjectHelper   000000014000573c f   libvcruntime:frame.obj
 0001:00004940       __CxxCallCatchBlock        0000000140005940 f   libvcruntime:frame.obj
 0001:00004b2c       __FrameUnwindToState       0000000140005b2c f   libvcruntime:frame.obj
 0001:00004cc0       __InternalCxxFrameHandler  0000000140005cc0 f   libvcruntime:frame.obj
 0001:00004f10       __TypeMatch                0000000140005f10 f   libvcruntime:frame.obj
 0001:00005054       __vcrt_initialize_locks    0000000140006054 f   libvcruntime:locks.obj
 0001:0000509c       __vcrt_uninitialize_locks  000000014000609c f   libvcruntime:locks.obj
 0001:000052ac       __vcrt_FlsAlloc            00000001400062ac f   libvcruntime:winapi_downlevel.obj
 0001:00005300       __vcrt_FlsFree             0000000140006300 f   libvcruntime:winapi_downlevel.obj
 0001:00005354       __vcrt_FlsGetValue         0000000140006354 f   libvcruntime:winapi_downlevel.obj
 0001:000053a8       __vcrt_FlsSetValue         00000001400063a8 f   libvcruntime:winapi_downlevel.obj
 0001:00005410       __vcrt_InitializeCriticalSectionEx 0000000140006410 f   libvcruntime:winapi_downlevel.obj
 0001:00005488       __vcrt_initialize_winapi_thunks 0000000140006488 f   libvcruntime:winapi_downlevel.obj
 0001:000054cc       __vcrt_uninitialize_winapi_thunks 00000001400064cc f   libvcruntime:winapi_downlevel.obj
 0001:0000550c       __vcrt_initialize_pure_virtual_call_handler 000000014000650c f   libvcruntime:purevirt_data.obj
 0001:00005540       _local_unwind              0000000140006540 f   libvcruntime:_jmpuwind_.obj
 0001:00005570       _NLG_Notify                0000000140006570 f   libvcruntime:_jmpuwind_.obj
 0001:00005590       __NLG_Dispatch2            0000000140006590 f   libvcruntime:_jmpuwind_.obj
 0001:000055a0       __NLG_Return2              00000001400065a0 f   libvcruntime:_jmpuwind_.obj
 0001:000055a4       __except_validate_context_record 00000001400065a4 f   libvcruntime:jbcxrval.obj
 0001:000055f0       _CallSettingFrame          00000001400065f0 f   libvcruntime:handlers.obj
 0001:00005630       __DestructExceptionObject  0000000140006630 f   libvcruntime:ehhelpers.obj
 0001:000056b4       ?_CallMemberFunction0@@YAXQEAX0@Z 00000001400066b4 f i libvcruntime:ehhelpers.obj
 0001:000056b8       _IsExceptionObjectToBeDestroyed 00000001400066b8 f   libvcruntime:ehhelpers.obj
 0001:000056e8       __AdjustPointer            00000001400066e8 f   libvcruntime:ehhelpers.obj
 0001:0000570c       __FrameUnwindFilter        000000014000670c f   libvcruntime:ehhelpers.obj
 0001:00005758       __acrt_call_reportfault    0000000140006758 f   libucrt:invalid_parameter.obj
 0001:000058b4       __acrt_initialize_invalid_parameter_handler 00000001400068b4 f   libucrt:invalid_parameter.obj
 0001:000058bc       _invalid_parameter         00000001400068bc f   libucrt:invalid_parameter.obj
 0001:0000596c       _invalid_parameter_noinfo  000000014000696c f   libucrt:invalid_parameter.obj
 0001:0000598c       _invalid_parameter_noinfo_noreturn 000000014000698c f   libucrt:invalid_parameter.obj
 0001:000059bc       _invoke_watson             00000001400069bc f   libucrt:invalid_parameter.obj
 0001:00005a04       __acrt_initialize_stdio    0000000140006a04 f   libucrt:_file.obj
 0001:00005b24       __acrt_iob_func            0000000140006b24 f   libucrt:_file.obj
 0001:00005b38       __acrt_uninitialize_stdio  0000000140006b38 f   libucrt:_file.obj
 0001:00005b94       _lock_file                 0000000140006b94 f   libucrt:_file.obj
 0001:00005ba0       _unlock_file               0000000140006ba0 f   libucrt:_file.obj
 0001:00005bec       ??$ensure_buffer_is_big_enough@D@formatting_buffer@__crt_stdio_output@@QEAA_N_K@Z 0000000140006bec f i libucrt:output.obj
 0001:00005c94       ??$type_case_integer_parse_into_buffer@I@?$output_processor@DV?$stream_output_adapter@D@__crt_stdio_output@@V?$format_validation_base@DV?$stream_output_adapter@D@__crt_stdio_output@@@2@@__crt_stdio_output@@AEAAXII_N@Z 0000000140006c94 f i libucrt:output.obj
 0001:00005d1c       ??$type_case_integer_parse_into_buffer@_K@?$output_processor@DV?$stream_output_adapter@D@__crt_stdio_output@@V?$format_validation_base@DV?$stream_output_adapter@D@__crt_stdio_output@@@2@@__crt_stdio_output@@AEAAX_KI_N@Z 0000000140006d1c f i libucrt:output.obj
 0001:00005dac       ??$write_multiple_characters@V?$stream_output_adapter@D@__crt_stdio_output@@D@__crt_stdio_output@@YAXAEBV?$stream_output_adapter@D@0@DHQEAH@Z 0000000140006dac f i libucrt:output.obj
 0001:00005e30       ??0_LocaleUpdate@@QEAA@QEAU__crt_locale_pointers@@@Z 0000000140006e30 f i libucrt:output.obj
 0001:00005ff0       ?force_decimal_point@__crt_stdio_output@@YAXPEADQEAU__crt_locale_pointers@@@Z 0000000140006ff0 f i libucrt:output.obj
 0001:00006060       ?parse_int_from_format_string@?$output_processor@DV?$stream_output_adapter@D@__crt_stdio_output@@V?$format_validation_base@DV?$stream_output_adapter@D@__crt_stdio_output@@@2@@__crt_stdio_output@@AEAA_NQEAH@Z 0000000140007060 f i libucrt:output.obj
 0001:00006104       ?process@?$output_processor@DV?$stream_output_adapter@D@__crt_stdio_output@@V?$format_validation_base@DV?$stream_output_adapter@D@__crt_stdio_output@@@2@@__crt_stdio_output@@QEAAHXZ 0000000140007104 f i libucrt:output.obj
 0001:00006330       ?state_case_normal@?$output_processor@DV?$stream_output_adapter@D@__crt_stdio_output@@V?$format_validation_base@DV?$stream_output_adapter@D@__crt_stdio_output@@@2@@__crt_stdio_output@@AEAA_NXZ 0000000140007330 f i libucrt:output.obj
 0001:000063a0       ?state_case_normal_tchar@?$output_processor@DV?$stream_output_adapter@D@__crt_stdio_output@@V?$format_validation_base@DV?$stream_output_adapter@D@__crt_stdio_output@@@2@@__crt_stdio_output@@AEAA_ND@Z 00000001400073a0 f i libucrt:output.obj
 0001:0000643c       ?state_case_size@?$output_processor@DV?$stream_output_adapter@D@__crt_stdio_output@@V?$format_validation_base@DV?$stream_output_adapter@D@__crt_stdio_output@@@2@@__crt_stdio_output@@AEAA_NXZ 000000014000743c f i libucrt:output.obj
 0001:000065b8       ?state_case_type@?$output_processor@DV?$stream_output_adapter@D@__crt_stdio_output@@V?$format_validation_base@DV?$stream_output_adapter@D@__crt_stdio_output@@@2@@__crt_stdio_output@@AEAA_NXZ 00000001400075b8 f i libucrt:output.obj
 0001:00006850       ?type_case_Z@?$output_processor@DV?$stream_output_adapter@D@__crt_stdio_output@@V?$format_validation_base@DV?$stream_output_adapter@D@__crt_stdio_output@@@2@@__crt_stdio_output@@AEAA_NXZ 0000000140007850 f i libucrt:output.obj
 0001:000068d0       ?type_case_a@?$output_processor@DV?$stream_output_adapter@D@__crt_stdio_output@@V?$format_validation_base@DV?$stream_output_adapter@D@__crt_stdio_output@@@2@@__crt_stdio_output@@AEAA_NXZ 00000001400078d0 f i libucrt:output.obj
 0001:00006ae8       ?type_case_c_tchar@?$output_processor@DV?$stream_output_adapter@D@__crt_stdio_output@@V?$format_validation_base@DV?$stream_output_adapter@D@__crt_stdio_output@@@2@@__crt_stdio_output@@AEAA_ND@Z 0000000140007ae8 f i libucrt:output.obj
 0001:00006bb4       ?type_case_integer@?$output_processor@DV?$stream_output_adapter@D@__crt_stdio_output@@V?$format_validation_base@DV?$stream_output_adapter@D@__crt_stdio_output@@@2@@__crt_stdio_output@@AEAA_NI_N@Z 0000000140007bb4 f i libucrt:output.obj
 0001:00006d78       ?type_case_n@?$output_processor@DV?$stream_output_adapter@D@__crt_stdio_output@@V?$format_validation_base@DV?$stream_output_adapter@D@__crt_stdio_output@@@2@@__crt_stdio_output@@AEAA_NXZ 0000000140007d78 f i libucrt:output.obj
 0001:00006e54       ?type_case_s@?$output_processor@DV?$stream_output_adapter@D@__crt_stdio_output@@V?$format_validation_base@DV?$stream_output_adapter@D@__crt_stdio_output@@@2@@__crt_stdio_output@@AEAA_NXZ 0000000140007e54 f i libucrt:output.obj
 0001:00006ef0       ?validate_stream_is_ansi_if_required@?$__acrt_stdio_char_traits@D@@SA_NQEAU_iobuf@@@Z 0000000140007ef0 f i libucrt:output.obj
 0001:00006f7c       ?write_stored_string_tchar@?$output_processor@DV?$stream_output_adapter@D@__crt_stdio_output@@V?$format_validation_base@DV?$stream_output_adapter@D@__crt_stdio_output@@@2@@__crt_stdio_output@@AEAA_ND@Z 0000000140007f7c f i libucrt:output.obj
 0001:000070a0       ?write_string_impl@?$output_adapter_common@DV?$stream_output_adapter@D@__crt_stdio_output@@@__crt_stdio_output@@IEBAXQEBDHQEAHAEAV__crt_deferred_errno_cache@@@Z 00000001400080a0 f i libucrt:output.obj
 0001:00007198       __stdio_common_vfprintf_s  0000000140008198 f   libucrt:output.obj
 0001:00007224       __acrt_initialize_new_handler 0000000140008224 f   libucrt:new_handler.obj
 0001:0000722c       _callnewh                  000000014000822c f   libucrt:new_handler.obj
 0001:0000725c       _query_new_handler         000000014000825c f   libucrt:new_handler.obj
 0001:00007290       malloc                     0000000140008290 f   libucrt:malloc.obj
 0001:00007298       _seh_filter_exe            0000000140008298 f   libucrt:exception_filter.obj
 0001:000076a4       __acrt_initialize_thread_local_exit_callback 00000001400086a4 f   libucrt:exit.obj
 0001:000076ac       _c_exit                    00000001400086ac f   libucrt:exit.obj
 0001:000076bc       _cexit                     00000001400086bc f   libucrt:exit.obj
 0001:000076cc       _exit                      00000001400086cc f   libucrt:exit.obj
 0001:000076d8       _register_thread_local_exe_atexit_callback 00000001400086d8 f   libucrt:exit.obj
 0001:0000771c       exit                       000000014000871c f   libucrt:exit.obj
 0001:000078e4       __acrt_allocate_buffer_for_argv 00000001400088e4 f   libucrt:argv_parsing.obj
 0001:00007944       _configure_narrow_argv     0000000140008944 f   libucrt:argv_parsing.obj
 0001:00007d94       __dcrt_get_or_create_narrow_environment_nolock 0000000140008d94 f   libucrt:environment_initialization.obj
 0001:00007dd0       __dcrt_uninitialize_environments_nolock 0000000140008dd0 f   libucrt:environment_initialization.obj
 0001:00007e08       _get_initial_narrow_environment 0000000140008e08 f   libucrt:environment_initialization.obj
 0001:00007e58       _initialize_narrow_environment 0000000140008e58 f   libucrt:environment_initialization.obj
 0001:000081e8       _crt_atexit                00000001400091e8 f   libucrt:onexit.obj
 0001:000081f8       _execute_onexit_table      00000001400091f8 f   libucrt:onexit.obj
 0001:00008234       _initialize_onexit_table   0000000140009234 f   libucrt:onexit.obj
 0001:00008274       _register_onexit_function  0000000140009274 f   libucrt:onexit.obj
 0001:000083fc       __acrt_initialize          00000001400093fc f   libucrt:initialization.obj
 0001:00008410       __acrt_uninitialize        0000000140009410 f   libucrt:initialization.obj
 0001:00008448       _query_app_type            0000000140009448 f   libucrt:report_runtime_error.obj
 0001:00008450       _set_app_type              0000000140009450 f   libucrt:report_runtime_error.obj
 0001:00008458       __acrt_has_user_matherr    0000000140009458 f   libucrt:matherr.obj
 0001:00008478       __acrt_initialize_user_matherr 0000000140009478 f   libucrt:matherr.obj
 0001:00008480       __acrt_invoke_user_matherr 0000000140009480 f   libucrt:matherr.obj
 0001:000084b0       __setusermatherr           00000001400094b0 f   libucrt:matherr.obj
 0001:000084d8       _initterm                  00000001400094d8 f   libucrt:initterm.obj
 0001:0000853c       _initterm_e                000000014000953c f   libucrt:initterm.obj
 0001:0000857c       _set_fmode                 000000014000957c f   libucrt:setmode.obj
 0001:000085bc       __acrt_initialize_command_line 00000001400095bc f   libucrt:argv_data.obj
 0001:000085e4       __p___argc                 00000001400095e4 f   libucrt:argv_data.obj
 0001:000085ec       __p___argv                 00000001400095ec f   libucrt:argv_data.obj
 0001:00008664       __acrt_set_locale_changed  0000000140009664 f   libucrt:wsetlocale.obj
 0001:00008670       __acrt_uninitialize_locale 0000000140009670 f   libucrt:wsetlocale.obj
 0001:000086a0       _configthreadlocale        00000001400096a0 f   libucrt:wsetlocale.obj
 0001:0000870c       _query_new_mode            000000014000970c f   libucrt:new_mode.obj
 0001:00008714       _set_new_mode              0000000140009714 f   libucrt:new_mode.obj
 0001:00008740       __p__commode               0000000140009740 f   libucrt:ncommode.obj
 0001:00008748       free                       0000000140009748 f   libucrt:free.obj
 0001:0000875c       terminate                  000000014000975c f   libucrt:terminate.obj
 0001:0000877c       strcpy_s                   000000014000977c f   libucrt:strcpy_s.obj
 0001:000087dc       _free_base                 00000001400097dc f   libucrt:free_base.obj
 0001:0000881c       _malloc_base               000000014000981c f   libucrt:malloc_base.obj
 0001:0000887c       abort                      000000014000987c f   libucrt:abort.obj
 0001:000088d4       _calloc_base               00000001400098d4 f   libucrt:calloc_base.obj
 0001:0000894c       wcsncmp                    000000014000994c f   libucrt:wcsncmp.obj
 0001:00008978       ??$parse_integer@KV?$c_string_character_source@D@__crt_strtox@@@__crt_strtox@@YAKQEAU__crt_locale_pointers@@V?$c_string_character_source@D@0@H_N@Z 0000000140009978 f i libucrt:atox.obj
 0001:00008cb0       strncmp                    0000000140009cb0 f   libucrt:strncmp.obj
 0001:000090a8       __acrt_getptd              000000014000a0a8 f   libucrt:per_thread_data.obj
 0001:00009174       __acrt_getptd_head         000000014000a174 f   libucrt:per_thread_data.obj
 0001:0000921c       __acrt_getptd_noexit       000000014000a21c f   libucrt:per_thread_data.obj
 0001:000092ec       __acrt_initialize_ptd      000000014000a2ec f   libucrt:per_thread_data.obj
 0001:00009328       __acrt_uninitialize_ptd    000000014000a328 f   libucrt:per_thread_data.obj
 0001:0000934c       __acrt_errno_from_os_error 000000014000a34c f   libucrt:errno.obj
 0001:00009394       __acrt_errno_map_os_error  000000014000a394 f   libucrt:errno.obj
 0001:000093e4       __doserrno                 000000014000a3e4 f   libucrt:errno.obj
 0001:00009404       _errno                     000000014000a404 f   libucrt:errno.obj
 0001:000095fc       __acrt_AppPolicyGetProcessTerminationMethodInternal 000000014000a5fc f   libucrt:winapi_thunks.obj
 0001:0000964c       __acrt_CompareStringEx     000000014000a64c f   libucrt:winapi_thunks.obj
 0001:00009728       __acrt_FlsAlloc            000000014000a728 f   libucrt:winapi_thunks.obj
 0001:00009770       __acrt_FlsFree             000000014000a770 f   libucrt:winapi_thunks.obj
 0001:000097b8       __acrt_FlsGetValue         000000014000a7b8 f   libucrt:winapi_thunks.obj
 0001:00009800       __acrt_FlsSetValue         000000014000a800 f   libucrt:winapi_thunks.obj
 0001:00009854       __acrt_InitializeCriticalSectionEx 000000014000a854 f   libucrt:winapi_thunks.obj
 0001:000098b8       __acrt_LCMapStringEx       000000014000a8b8 f   libucrt:winapi_thunks.obj
 0001:00009994       __acrt_LocaleNameToLCID    000000014000a994 f   libucrt:winapi_thunks.obj
 0001:000099e4       __acrt_initialize_winapi_thunks 000000014000a9e4 f   libucrt:winapi_thunks.obj
 0001:00009a2c       __acrt_uninitialize_winapi_thunks 000000014000aa2c f   libucrt:winapi_thunks.obj
 0001:00009a70       _fcloseall                 000000014000aa70 f   libucrt:closeall.obj
 0001:00009d08       __acrt_stdio_flush_nolock  000000014000ad08 f   libucrt:fflush.obj
 0001:00009d84       _fflush_nolock             000000014000ad84 f   libucrt:fflush.obj
 0001:00009dd0       _flushall                  000000014000add0 f   libucrt:fflush.obj
 0001:00009dd8       __acrt_stdio_free_buffer_nolock 000000014000add8 f   libucrt:_freebuf.obj
 0001:0000a000       __acrt_initialize_lowio    000000014000b000 f   libucrt:ioinit.obj
 0001:0000a03c       __acrt_uninitialize_lowio  000000014000b03c f   libucrt:ioinit.obj
 0001:0000a07c       isdigit                    000000014000b07c f i libucrt:_ctype.obj
 0001:0000a134       _tolower_l                 000000014000b134 f   libucrt:tolower_toupper.obj
 0001:0000a274       tolower                    000000014000b274 f   libucrt:tolower_toupper.obj
 0001:0000a2a0       strtol                     000000014000b2a0 f   libucrt:strtox.obj
 0001:0000a2cc       _mbtowc_l                  000000014000b2cc f   libucrt:mbtowc.obj
 0001:0000a414       mbtowc                     000000014000b414 f   libucrt:mbtowc.obj
 0001:0000a41c       _wctomb_s_l                000000014000b41c f   libucrt:wctomb.obj
 0001:0000a5a0       wctomb_s                   000000014000b5a0 f   libucrt:wctomb.obj
 0001:0000a5b4       strnlen                    000000014000b5b4 f   libucrt:strnlen.obj
 0001:0000a6f8       wcsnlen                    000000014000b6f8 f   libucrt:strnlen.obj
 0001:0000a8c0       __acrt_update_locale_info  000000014000b8c0 f   libucrt:locale_update.obj
 0001:0000a8f4       __acrt_update_multibyte_info 000000014000b8f4 f   libucrt:locale_update.obj
 0001:0000b2e4       __acrt_fp_format           000000014000c2e4 f   libucrt:cvt.obj
 0001:0000b56c       _fileno                    000000014000c56c f   libucrt:fileno.obj
 0001:0000b594       _fputc_nolock              000000014000c594 f   libucrt:fputc.obj
 0001:0000b5ac       _get_printf_count_output   000000014000c5ac f   libucrt:printf_count_output.obj
 0001:0000b5c4       __acrt_stdio_begin_temporary_buffering_nolock 000000014000c5c4 f   libucrt:_sftbuf.obj
 0001:0000b694       __acrt_stdio_end_temporary_buffering_nolock 000000014000c694 f   libucrt:_sftbuf.obj
 0001:0000b6d0       __acrt_initialize_locks    000000014000c6d0 f   libucrt:locks.obj
 0001:0000b718       __acrt_lock                000000014000c718 f   libucrt:locks.obj
 0001:0000b734       __acrt_uninitialize_locks  000000014000c734 f   libucrt:locks.obj
 0001:0000b76c       __acrt_unlock              000000014000c76c f   libucrt:locks.obj
 0001:0000b788       __acrt_get_process_end_policy 000000014000c788 f   libucrt:win_policies.obj
 0001:0000bd28       __acrt_expand_narrow_argv_wildcards 000000014000cd28 f   libucrt:argv_wildcards.obj
 0001:0000c470       __acrt_initialize_multibyte 000000014000d470 f   libucrt:mbctype.obj
 0001:0000c4d0       __acrt_update_thread_multibyte_data 000000014000d4d0 f   libucrt:mbctype.obj
 0001:0000c4ec       _setmbcp_nolock            000000014000d4ec f   libucrt:mbctype.obj
 0001:0000c824       _ismbblead                 000000014000d824 f   libucrt:ismbbyte.obj
 0001:0000c838       __dcrt_get_narrow_environment_from_os 000000014000d838 f   libucrt:get_environment_from_os.obj
 0001:0000cd48       __dcrt_set_variable_in_narrow_environment_nolock 000000014000dd48 f   libucrt:setenv.obj
 0001:0000cd50       _recalloc                  000000014000dd50 f   libucrt:recalloc.obj
 0001:0000cd58       _recalloc_base             000000014000dd58 f   libucrt:recalloc.obj
 0001:0000cdf0       __acrt_initialize_heap     000000014000ddf0 f   libucrt:heap_handle.obj
 0001:0000ce0c       __acrt_uninitialize_heap   000000014000de0c f   libucrt:heap_handle.obj
 0001:0000ce18       __acrt_execute_initializers 000000014000de18 f   libucrt:shared_initialization.obj
 0001:0000ce98       __acrt_execute_uninitializers 000000014000de98 f   libucrt:shared_initialization.obj
 0001:0000cf1c       __acrt_get_sigabrt_handler 000000014000df1c f   libucrt:signal.obj
 0001:0000cf4c       __acrt_initialize_signal_handlers 000000014000df4c f   libucrt:signal.obj
 0001:0000cf6c       raise                      000000014000df6c f   libucrt:signal.obj
 0001:0000d1e0       __acrt_lowio_create_handle_array 000000014000e1e0 f   libucrt:osfinfo.obj
 0001:0000d278       __acrt_lowio_destroy_handle_array 000000014000e278 f   libucrt:osfinfo.obj
 0001:0000d2c8       __acrt_lowio_ensure_fh_exists 000000014000e2c8 f   libucrt:osfinfo.obj
 0001:0000d370       __acrt_lowio_lock_fh       000000014000e370 f   libucrt:osfinfo.obj
 0001:0000d394       __acrt_lowio_unlock_fh     000000014000e394 f   libucrt:osfinfo.obj
 0001:0000d3b8       _free_osfhnd               000000014000e3b8 f   libucrt:osfinfo.obj
 0001:0000d474       _get_osfhandle             000000014000e474 f   libucrt:osfinfo.obj
 0001:0000d4ec       __acrt_locale_free_monetary 000000014000e4ec f   libucrt:initmon.obj
 0001:0000d5f8       __acrt_locale_free_numeric 000000014000e5f8 f   libucrt:initnum.obj
 0001:0000d6b8       __acrt_locale_free_time    000000014000e6b8 f   libucrt:inittime.obj
 0001:0000d7c0       __pctype_func              000000014000e7c0 f   libucrt:ctype.obj
 0001:0000d7f0       __acrt_GetStringTypeA      000000014000e7f0 f   libucrt:getstringtypea.obj
 0001:0000d980       __acrt_add_locale_ref      000000014000e980 f   libucrt:locale_refcounting.obj
 0001:0000da0c       __acrt_free_locale         000000014000ea0c f   libucrt:locale_refcounting.obj
 0001:0000db84       __acrt_locale_add_lc_time_reference 000000014000eb84 f   libucrt:locale_refcounting.obj
 0001:0000dbac       __acrt_locale_free_lc_time_if_unreferenced 000000014000ebac f   libucrt:locale_refcounting.obj
 0001:0000dbe4       __acrt_locale_release_lc_time_reference 000000014000ebe4 f   libucrt:locale_refcounting.obj
 0001:0000dc0c       __acrt_release_locale_ref  000000014000ec0c f   libucrt:locale_refcounting.obj
 0001:0000dcb4       __acrt_update_thread_locale_data 000000014000ecb4 f   libucrt:locale_refcounting.obj
 0001:0000dd24       _updatetlocinfoEx_nolock   000000014000ed24 f   libucrt:locale_refcounting.obj
 0001:0000dd8c       _isctype_l                 000000014000ed8c f   libucrt:isctype.obj
 0001:0000df68       __acrt_DownlevelLocaleNameToLCID 000000014000ef68 f   libucrt:lcidtoname_downlevel.obj
 0001:0000df9c       _fclose_nolock             000000014000ef9c f   libucrt:fclose.obj
 0001:0000e020       fclose                     000000014000f020 f   libucrt:fclose.obj
 0001:0000e110       _commit                    000000014000f110 f   libucrt:commit.obj
 0001:0000e75c       _write                     000000014000f75c f   libucrt:write.obj
 0001:0000e848       _write_nolock              000000014000f848 f   libucrt:write.obj
 0001:0000eb8c       _isleadbyte_l              000000014000fb8c f i libucrt:_wctype.obj
 0001:0000eee4       __acrt_LCMapStringA        000000014000fee4 f   libucrt:lcmapstringa.obj
 0001:0000ef7c       __acrt_MultiByteToWideChar 000000014000ff7c f   libucrt:multibytetowidechar.obj
 0001:0000ef84       __acrt_WideCharToMultiByte 000000014000ff84 f   libucrt:widechartomultibyte.obj
 0001:0000ef8c       __acrt_fp_strflt_to_string 000000014000ff8c f   libucrt:_fptostr.obj
 0001:0000f050       ?divide@__crt_strtox@@YA_KAEAUbig_integer@1@AEBU21@@Z 0000000140010050 f i libucrt:cfout.obj
 0001:0000f4e4       __acrt_fltout              00000001400104e4 f   libucrt:cfout.obj
 0001:000109a0       __acrt_stdio_flush_and_write_narrow_nolock 00000001400119a0 f   libucrt:_flsbuf.obj
 0001:00010a88       _isatty                    0000000140011a88 f   libucrt:isatty.obj
 0001:00010af0       qsort                      0000000140011af0 f   libucrt:qsort.obj
 0001:00010ea0       strncpy_s                  0000000140011ea0 f   libucrt:strncpy_s.obj
 0001:00011020       strpbrk                    0000000140012020 f   libucrt:strpbrk.obj
 0001:00011400       _mbsdec                    0000000140012400 f   libucrt:mbsdec.obj
 0001:00011408       _mbsdec_l                  0000000140012408 f   libucrt:mbsdec.obj
 0001:000114b0       _strnicoll                 00000001400124b0 f   libucrt:strnicol.obj
 0001:000114c8       _strnicoll_l               00000001400124c8 f   libucrt:strnicol.obj
 0001:000115c8       _msize                     00000001400125c8 f   libucrt:msize.obj
 0001:000115d0       _msize_base                00000001400125d0 f   libucrt:msize.obj
 0001:0001160c       _realloc_base              000000014001260c f   libucrt:realloc_base.obj
 0001:000116fc       _close                     00000001400126fc f   libucrt:close.obj
 0001:000117a0       _close_nolock              00000001400127a0 f   libucrt:close.obj
 0001:0001185c       ?__acrt_stdio_free_stream@@YAXV__crt_stdio_stream@@@Z 000000014001285c f   libucrt:stream.obj
 0001:00011a04       _lseeki64                  0000000140012a04 f   libucrt:lseek.obj
 0001:00011a0c       _lseeki64_nolock           0000000140012a0c f   libucrt:lseek.obj
 0001:00011a14       _putwch_nolock             0000000140012a14 f   libucrt:putwch.obj
 0001:00011a50       __strncnt                  0000000140012a50 f   libucrt:strncnt.obj
 0001:00011a68       fegetenv                   0000000140012a68 f   libucrt:fegetenv.obj
 0001:00011a88       fesetenv                   0000000140012a88 f   libucrt:fesetenv.obj
 0001:00011ad8       feholdexcept               0000000140012ad8 f   libucrt:feholdexcept.obj
 0001:00011b28       ceil                       0000000140012b28 f   libucrt:ceil.obj
 0001:00011bf0       log10                      0000000140012bf0 f   libucrt:log10.obj
 0001:0001219c       __acrt_stdio_allocate_buffer_nolock 000000014001319c f   libucrt:_getbuf.obj
 0001:00012200       __ascii_strnicmp           0000000140013200 f   libucrt:strnicmp.obj
 0001:0001225c       _strnicmp                  000000014001325c f   libucrt:strnicmp.obj
 0001:000122ac       _strnicmp_l                00000001400132ac f   libucrt:strnicmp.obj
 0001:000126d8       __acrt_CompareStringA      00000001400136d8 f   libucrt:comparestringa.obj
 0001:00012764       __dcrt_lowio_ensure_console_output_initialized 0000000140013764 f   libucrt:initcon.obj
 0001:000127b8       __dcrt_terminate_console_output 00000001400137b8 f   libucrt:initcon.obj
 0001:000127d4       __dcrt_write_console_w     00000001400137d4 f   libucrt:initcon.obj
 0001:00012894       __acrt_fenv_get_control    0000000140013894 f   libucrt:_fenvutils.obj
 0001:00012994       __acrt_fenv_get_status     0000000140013994 f   libucrt:_fenvutils.obj
 0001:000129ec       __acrt_fenv_set_control    00000001400139ec f   libucrt:_fenvutils.obj
 0001:00012b34       __acrt_fenv_set_status     0000000140013b34 f   libucrt:_fenvutils.obj
 0001:00012bb8       _clearfp                   0000000140013bb8 f   libucrt:ieee.obj
 0001:00012d4c       _handle_error              0000000140013d4c f   libucrt:libm_error.obj
 0001:00012e74       _handle_nan                0000000140013e74 f   libucrt:libm_error.obj
 0001:00012e90       __acrt_initialize_fma3     0000000140013e90 f   libucrt:fma3_available.obj
 0001:00012f00       _log10_special             0000000140013f00 f   libucrt:log_special.obj
 0001:00012fd0       _get_fpsr                  0000000140013fd0 f   libucrt:fpsr.obj
 0001:00012fe0       _set_fpsr                  0000000140013fe0 f   libucrt:fpsr.obj
 0001:00012fea       _fclrf                     0000000140013fea f   libucrt:fpsr.obj
 0001:00012ffe       _frnd                      0000000140013ffe f   libucrt:fpsr.obj
 0001:00013020       _raise_exc                 0000000140014020 f   libucrt:fpexcept.obj
 0001:00013048       _raise_exc_ex              0000000140014048 f   libucrt:fpexcept.obj
 0001:00013350       _set_errno_from_matherr    0000000140014350 f   libucrt:fpexcept.obj
 0001:00013380       _clrfp                     0000000140014380 f   libucrt:fpctrl.obj
 0001:000133a0       _ctrlfp                    00000001400143a0 f   libucrt:fpctrl.obj
 0001:0001341c       _set_statfp                000000014001441c f   libucrt:fpctrl.obj
 0001:0001343c       _statfp                    000000014001443c f   libucrt:fpctrl.obj
 0001:00013450       _FindPESection             0000000140014450 f   LIBCMT:pesect.obj
 0001:000134a0       _IsNonwritableInCurrentImage 00000001400144a0 f   LIBCMT:pesect.obj
 0001:000134f0       _ValidateImageBase         00000001400144f0 f   LIBCMT:pesect.obj
 0001:00013530       __chkstk                   0000000140014530 f   LIBCMT:_chkstk_.obj
 0001:00013530       _alloca_probe              0000000140014530 f   LIBCMT:_chkstk_.obj
 0001:00013581       RtlUnwindEx                0000000140014581 f   kernel32:KERNEL32.dll
 0001:000135a0       memcmp                     00000001400145a0 f   libvcruntime:memcmp.obj
 0001:00013668       strrchr                    0000000140014668 f   libvcruntime:strrchr.obj
 0001:000137b4       strchr                     00000001400147b4 f   libvcruntime:strchr.obj
 0001:0001383d       SDL_ShowSimpleMessageBox   000000014001483d f   SDL2:SDL2.dll
 0001:00013843       SDL_SetMainReady           0000000140014843 f   SDL2:SDL2.dll
 0001:00013849       SDL_free                   0000000140014849 f   SDL2:SDL2.dll
 0001:0001384f       SDL_malloc                 000000014001484f f   SDL2:SDL2.dll
 0001:00013855       SDL_iconv_string           0000000140014855 f   SDL2:SDL2.dll
 0001:0001385b       SDL_wcslen                 000000014001485b f   SDL2:SDL2.dll
 0001:00013880       _guard_dispatch_icall_nop  0000000140014880 f   LIBCMT:_guard_dispatch_.obj
 0001:000138a0       __guard_ss_verify_failure  00000001400148a0 f   LIBCMT:_rfgfailure_.obj
 0001:000138ab       __guard_ss_verify_failure_rcx 00000001400148ab     LIBCMT:_rfgfailure_.obj
 0001:000138b1       __guard_ss_verify_failure_rdx 00000001400148b1     LIBCMT:_rfgfailure_.obj
 0001:000138b7       __guard_ss_verify_failure_r8 00000001400148b7     LIBCMT:_rfgfailure_.obj
 0001:000138bd       __guard_ss_verify_failure_r9 00000001400148bd     LIBCMT:_rfgfailure_.obj
 0001:000138c3       __guard_ss_verify_failure_r10 00000001400148c3     LIBCMT:_rfgfailure_.obj
 0001:000138d0       __guard_ss_verify_failure_default 00000001400148d0 f   LIBCMT:_rfgfailure_.obj
 0001:00013930       __guard_ss_verify_sp       0000000140014930 f   LIBCMT:_rfgfailure_.obj
 0001:00013940       __guard_ss_verify_sp_default 0000000140014940 f   LIBCMT:_rfgfailure_.obj
 0002:00000000       __imp_FreeLibrary          0000000140015000     kernel32:KERNEL32.dll
 0002:00000008       __imp_SetFilePointerEx     0000000140015008     kernel32:KERNEL32.dll
 0002:00000010       __imp_CloseHandle          0000000140015010     kernel32:KERNEL32.dll
 0002:00000018       __imp_HeapReAlloc          0000000140015018     kernel32:KERNEL32.dll
 0002:00000020       __imp_HeapSize             0000000140015020     kernel32:KERNEL32.dll
 0002:00000028       __imp_GetConsoleMode       0000000140015028     kernel32:KERNEL32.dll
 0002:00000030       __imp_GetConsoleCP         0000000140015030     kernel32:KERNEL32.dll
 0002:00000038       __imp_FlushFileBuffers     0000000140015038     kernel32:KERNEL32.dll
 0002:00000040       __imp_GetStringTypeW       0000000140015040     kernel32:KERNEL32.dll
 0002:00000048       __imp_SetStdHandle         0000000140015048     kernel32:KERNEL32.dll
 0002:00000050       __imp_GetProcessHeap       0000000140015050     kernel32:KERNEL32.dll
 0002:00000058       __imp_SetEnvironmentVariableA 0000000140015058     kernel32:KERNEL32.dll
 0002:00000060       __imp_FreeEnvironmentStringsW 0000000140015060     kernel32:KERNEL32.dll
 0002:00000068       __imp_GetEnvironmentStringsW 0000000140015068     kernel32:KERNEL32.dll
 0002:00000070       __imp_GetCPInfo            0000000140015070     kernel32:KERNEL32.dll
 0002:00000078       __imp_GetOEMCP             0000000140015078     kernel32:KERNEL32.dll
 0002:00000080       __imp_IsValidCodePage      0000000140015080     kernel32:KERNEL32.dll
 0002:00000088       __imp_FindNextFileA        0000000140015088     kernel32:KERNEL32.dll
 0002:00000090       __imp_FindFirstFileExA     0000000140015090     kernel32:KERNEL32.dll
 0002:00000098       __imp_FindClose            0000000140015098     kernel32:KERNEL32.dll
 0002:000000a0       __imp_GetFileType          00000001400150a0     kernel32:KERNEL32.dll
 0002:000000a8       __imp_WriteConsoleW        00000001400150a8     kernel32:KERNEL32.dll
 0002:000000b0       __imp_RtlCaptureContext    00000001400150b0     kernel32:KERNEL32.dll
 0002:000000b8       __imp_RtlLookupFunctionEntry 00000001400150b8     kernel32:KERNEL32.dll
 0002:000000c0       __imp_RtlVirtualUnwind     00000001400150c0     kernel32:KERNEL32.dll
 0002:000000c8       __imp_IsDebuggerPresent    00000001400150c8     kernel32:KERNEL32.dll
 0002:000000d0       __imp_UnhandledExceptionFilter 00000001400150d0     kernel32:KERNEL32.dll
 0002:000000d8       __imp_SetUnhandledExceptionFilter 00000001400150d8     kernel32:KERNEL32.dll
 0002:000000e0       __imp_GetStartupInfoW      00000001400150e0     kernel32:KERNEL32.dll
 0002:000000e8       __imp_IsProcessorFeaturePresent 00000001400150e8     kernel32:KERNEL32.dll
 0002:000000f0       __imp_GetModuleHandleW     00000001400150f0     kernel32:KERNEL32.dll
 0002:000000f8       __imp_GetCurrentProcess    00000001400150f8     kernel32:KERNEL32.dll
 0002:00000100       __imp_TerminateProcess     0000000140015100     kernel32:KERNEL32.dll
 0002:00000108       __imp_QueryPerformanceCounter 0000000140015108     kernel32:KERNEL32.dll
 0002:00000110       __imp_GetCurrentProcessId  0000000140015110     kernel32:KERNEL32.dll
 0002:00000118       __imp_GetCurrentThreadId   0000000140015118     kernel32:KERNEL32.dll
 0002:00000120       __imp_GetSystemTimeAsFileTime 0000000140015120     kernel32:KERNEL32.dll
 0002:00000128       __imp_InitializeSListHead  0000000140015128     kernel32:KERNEL32.dll
 0002:00000130       __imp_RtlUnwindEx          0000000140015130     kernel32:KERNEL32.dll
 0002:00000138       __imp_RtlPcToFileHeader    0000000140015138     kernel32:KERNEL32.dll
 0002:00000140       __imp_RaiseException       0000000140015140     kernel32:KERNEL32.dll
 0002:00000148       __imp_GetLastError         0000000140015148     kernel32:KERNEL32.dll
 0002:00000150       __imp_SetLastError         0000000140015150     kernel32:KERNEL32.dll
 0002:00000158       __imp_EncodePointer        0000000140015158     kernel32:KERNEL32.dll
 0002:00000160       __imp_EnterCriticalSection 0000000140015160     kernel32:KERNEL32.dll
 0002:00000168       __imp_LeaveCriticalSection 0000000140015168     kernel32:KERNEL32.dll
 0002:00000170       __imp_DeleteCriticalSection 0000000140015170     kernel32:KERNEL32.dll
 0002:00000178       __imp_InitializeCriticalSectionAndSpinCount 0000000140015178     kernel32:KERNEL32.dll
 0002:00000180       __imp_TlsAlloc             0000000140015180     kernel32:KERNEL32.dll
 0002:00000188       __imp_TlsGetValue          0000000140015188     kernel32:KERNEL32.dll
 0002:00000190       __imp_TlsSetValue          0000000140015190     kernel32:KERNEL32.dll
 0002:00000198       __imp_TlsFree              0000000140015198     kernel32:KERNEL32.dll
 0002:000001a0       __imp_GetProcAddress       00000001400151a0     kernel32:KERNEL32.dll
 0002:000001a8       __imp_LoadLibraryExW       00000001400151a8     kernel32:KERNEL32.dll
 0002:000001b0       __imp_ExitProcess          00000001400151b0     kernel32:KERNEL32.dll
 0002:000001b8       __imp_GetModuleHandleExW   00000001400151b8     kernel32:KERNEL32.dll
 0002:000001c0       __imp_GetModuleFileNameA   00000001400151c0     kernel32:KERNEL32.dll
 0002:000001c8       __imp_MultiByteToWideChar  00000001400151c8     kernel32:KERNEL32.dll
 0002:000001d0       __imp_WideCharToMultiByte  00000001400151d0     kernel32:KERNEL32.dll
 0002:000001d8       __imp_GetStdHandle         00000001400151d8     kernel32:KERNEL32.dll
 0002:000001e0       __imp_WriteFile            00000001400151e0     kernel32:KERNEL32.dll
 0002:000001e8       __imp_GetCommandLineA      00000001400151e8     kernel32:KERNEL32.dll
 0002:000001f0       __imp_GetCommandLineW      00000001400151f0     kernel32:KERNEL32.dll
 0002:000001f8       __imp_GetACP               00000001400151f8     kernel32:KERNEL32.dll
 0002:00000200       __imp_HeapFree             0000000140015200     kernel32:KERNEL32.dll
 0002:00000208       __imp_HeapAlloc            0000000140015208     kernel32:KERNEL32.dll
 0002:00000210       __imp_CompareStringW       0000000140015210     kernel32:KERNEL32.dll
 0002:00000218       __imp_LCMapStringW         0000000140015218     kernel32:KERNEL32.dll
 0002:00000220       __imp_CreateFileW          0000000140015220     kernel32:KERNEL32.dll
 0002:00000228       \177KERNEL32_NULL_THUNK_DATA 0000000140015228     kernel32:KERNEL32.dll
 0002:00000230       __imp_SDL_ShowSimpleMessageBox 0000000140015230     SDL2:SDL2.dll
 0002:00000238       __imp_SDL_SetMainReady     0000000140015238     SDL2:SDL2.dll
 0002:00000240       __imp_SDL_free             0000000140015240     SDL2:SDL2.dll
 0002:00000248       __imp_SDL_malloc           0000000140015248     SDL2:SDL2.dll
 0002:00000250       __imp_SDL_iconv_string     0000000140015250     SDL2:SDL2.dll
 0002:00000258       __imp_SDL_Quit             0000000140015258     SDL2:SDL2.dll
 0002:00000260       __imp_SDL_Init             0000000140015260     SDL2:SDL2.dll
 0002:00000268       __imp_SDL_DestroyRenderer  0000000140015268     SDL2:SDL2.dll
 0002:00000270       __imp_SDL_DestroyTexture   0000000140015270     SDL2:SDL2.dll
 0002:00000278       __imp_SDL_RenderPresent    0000000140015278     SDL2:SDL2.dll
 0002:00000280       __imp_SDL_RenderCopy       0000000140015280     SDL2:SDL2.dll
 0002:00000288       __imp_SDL_RenderClear      0000000140015288     SDL2:SDL2.dll
 0002:00000290       __imp_SDL_SetRenderDrawColor 0000000140015290     SDL2:SDL2.dll
 0002:00000298       __imp_SDL_SetTextureBlendMode 0000000140015298     SDL2:SDL2.dll
 0002:000002a0       __imp_SDL_SetTextureAlphaMod 00000001400152a0     SDL2:SDL2.dll
 0002:000002a8       __imp_SDL_SetTextureColorMod 00000001400152a8     SDL2:SDL2.dll
 0002:000002b0       __imp_SDL_CreateTextureFromSurface 00000001400152b0     SDL2:SDL2.dll
 0002:000002b8       __imp_SDL_CreateRenderer   00000001400152b8     SDL2:SDL2.dll
 0002:000002c0       __imp_SDL_PollEvent        00000001400152c0     SDL2:SDL2.dll
 0002:000002c8       __imp_SDL_DestroyWindow    00000001400152c8     SDL2:SDL2.dll
 0002:000002d0       __imp_SDL_CreateWindow     00000001400152d0     SDL2:SDL2.dll
 0002:000002d8       __imp_SDL_SetColorKey      00000001400152d8     SDL2:SDL2.dll
 0002:000002e0       __imp_SDL_FreeSurface      00000001400152e0     SDL2:SDL2.dll
 0002:000002e8       __imp_SDL_MapRGB           00000001400152e8     SDL2:SDL2.dll
 0002:000002f0       __imp_SDL_GetError         00000001400152f0     SDL2:SDL2.dll
 0002:000002f8       __imp_SDL_wcslen           00000001400152f8     SDL2:SDL2.dll
 0002:00000300       \177SDL2_NULL_THUNK_DATA   0000000140015300     SDL2:SDL2.dll
 0002:00000308       __imp_IMG_Quit             0000000140015308     SDL2_image:SDL2_image.dll
 0002:00000310       __imp_IMG_Init             0000000140015310     SDL2_image:SDL2_image.dll
 0002:00000318       __imp_IMG_Load             0000000140015318     SDL2_image:SDL2_image.dll
 0002:00000320       __imp_IMG_LoadTexture      0000000140015320     SDL2_image:SDL2_image.dll
 0002:00000328       \177SDL2_image_NULL_THUNK_DATA 0000000140015328     SDL2_image:SDL2_image.dll
 0002:00000330       __guard_check_icall_fptr   0000000140015330     LIBCMT:guard_support.obj
 0002:00000338       __guard_dispatch_icall_fptr 0000000140015338     LIBCMT:guard_support.obj
 0002:00000340       __guard_ss_verify_failure_fptr 0000000140015340     LIBCMT:guard_support.obj
 0002:00000348       __guard_ss_verify_sp_fptr  0000000140015348     LIBCMT:guard_support.obj
 0002:00000350       __xc_a                     0000000140015350     LIBCMT:initializers.obj
 0002:00000370       __xc_z                     0000000140015370     LIBCMT:initializers.obj
 0002:00000378       __xi_a                     0000000140015378     LIBCMT:initializers.obj
 0002:00000390       __acrt_stdio_initializer   0000000140015390     libucrt:stdio_initializer.obj
 0002:00000398       __acrt_multibyte_initializer 0000000140015398     libucrt:multibyte_initializer.obj
 0002:000003a0       __acrt_tran_fma3_initializer 00000001400153a0     libucrt:fma3_initializer.obj
 0002:000003a8       __xi_z                     00000001400153a8     LIBCMT:initializers.obj
 0002:000003b0       __xp_a                     00000001400153b0     LIBCMT:initializers.obj
 0002:000003b8       __acrt_locale_terminator   00000001400153b8     libucrt:locale_initializer.obj
 0002:000003c0       __dcrt_console_output_terminator 00000001400153c0     libucrt:console_output_initializer.obj
 0002:000003c8       __acrt_stdio_terminator    00000001400153c8     libucrt:stdio_initializer.obj
 0002:000003d0       __xp_z                     00000001400153d0     LIBCMT:initializers.obj
 0002:000003d8       __xt_a                     00000001400153d8     LIBCMT:initializers.obj
 0002:000003e0       __xt_z                     00000001400153e0     LIBCMT:initializers.obj
 0002:00000640       ??_C@_0BA@JFNIOLAK@string?5too?5long?$AA@ 0000000140015640     main.obj
 0002:00000658       ??_7exception@std@@6B@     0000000140015658     libcpmt:xthrow.obj
 0002:00000668       ??_C@_0BC@EOODALEL@Unknown?5exception?$AA@ 0000000140015668     libcpmt:xthrow.obj
 0002:00000688       ??_7bad_alloc@std@@6B@     0000000140015688     libcpmt:xthrow.obj
 0002:00000698       ??_C@_0P@GHFPNOJB@bad?5allocation?$AA@ 0000000140015698     libcpmt:xthrow.obj
 0002:000006b0       ??_7logic_error@std@@6B@   00000001400156b0     libcpmt:xthrow.obj
 0002:000006c8       ??_7length_error@std@@6B@  00000001400156c8     libcpmt:xthrow.obj
 0002:000006e0       ??_7type_info@@6B@         00000001400156e0     LIBCMT:std_type_info_static.obj
 0002:000006f0       ??_7bad_array_new_length@std@@6B@ 00000001400156f0     LIBCMT:throw_bad_alloc.obj
 0002:00000700       ??_C@_0BF@KINCDENJ@bad?5array?5new?5length?$AA@ 0000000140015700     LIBCMT:throw_bad_alloc.obj
 0002:00000818       ??_7bad_exception@std@@6B@ 0000000140015818     libvcruntime:frame.obj
 0002:00000828       ??_C@_0O@DPKOEFFH@bad?5exception?$AA@ 0000000140015828     libvcruntime:frame.obj
 0002:00000850       ??_C@_1DM@KHCHBNEB@?$AAa?$AAp?$AAi?$AA?9?$AAm?$AAs?$AA?9?$AAw?$AAi?$AAn?$AA?9?$AAc?$AAo?$AAr?$AAe?$AA?9?$AAf?$AAi?$AAb?$AAe?$AAr?$AAs?$AA?9?$AAl?$AA1?$AA?9?$AA1?$AA?9?$AA1?$AA?$AA@ 0000000140015850     libvcruntime:winapi_downlevel.obj
 0002:00000890       ??_C@_1DK@LPPGFMPP@?$AAa?$AAp?$AAi?$AA?9?$AAm?$AAs?$AA?9?$AAw?$AAi?$AAn?$AA?9?$AAc?$AAo?$AAr?$AAe?$AA?9?$AAs?$AAy?$AAn?$AAc?$AAh?$AA?9?$AAl?$AA1?$AA?9?$AA2?$AA?9?$AA0?$AA?$AA@ 0000000140015890     libvcruntime:winapi_downlevel.obj
 0002:000008d0       ??_C@_1BC@GDMECMAK@?$AAk?$AAe?$AAr?$AAn?$AAe?$AAl?$AA3?$AA2?$AA?$AA@ 00000001400158d0     libvcruntime:winapi_downlevel.obj
 0002:000008e8       ??_C@_1BA@PFFKHIOG@?$AAa?$AAp?$AAi?$AA?9?$AAm?$AAs?$AA?9?$AA?$AA@ 00000001400158e8     libvcruntime:winapi_downlevel.obj
 0002:000008f8       ??_C@_1BA@IAIFMGEF@?$AAe?$AAx?$AAt?$AA?9?$AAm?$AAs?$AA?9?$AA?$AA@ 00000001400158f8     libvcruntime:winapi_downlevel.obj
 0002:00000910       ??_C@_08KNHFBNJ@FlsAlloc?$AA@ 0000000140015910     libvcruntime:winapi_downlevel.obj
 0002:00000928       ??_C@_07PEJMOBNF@FlsFree?$AA@ 0000000140015928     libvcruntime:winapi_downlevel.obj
 0002:00000938       ??_C@_0M@GDNOONDI@FlsGetValue?$AA@ 0000000140015938     libvcruntime:winapi_downlevel.obj
 0002:00000950       ??_C@_0M@JCPCPOEF@FlsSetValue?$AA@ 0000000140015950     libvcruntime:winapi_downlevel.obj
 0002:00000968       ??_C@_0BM@HCFOFFN@InitializeCriticalSectionEx?$AA@ 0000000140015968     libvcruntime:winapi_downlevel.obj
 0002:00000cb8       ??_C@_08EHJDFFNH@__based?$CI?$AA@ 0000000140015cb8     libvcruntime:undname.obj
 0002:00000cc8       ??_C@_07KOLFKCDI@__cdecl?$AA@ 0000000140015cc8     libvcruntime:undname.obj
 0002:00000cd0       ??_C@_08GHMPAG@__pascal?$AA@ 0000000140015cd0     libvcruntime:undname.obj
 0002:00000ce0       ??_C@_09IFJBGAPI@__stdcall?$AA@ 0000000140015ce0     libvcruntime:undname.obj
 0002:00000cf0       ??_C@_0L@NPHFGOKO@__thiscall?$AA@ 0000000140015cf0     libvcruntime:undname.obj
 0002:00000d00       ??_C@_0L@JMKHOMEK@__fastcall?$AA@ 0000000140015d00     libvcruntime:undname.obj
 0002:00000d10       ??_C@_0N@BCKKPABJ@__vectorcall?$AA@ 0000000140015d10     libvcruntime:undname.obj
 0002:00000d20       ??_C@_09HIJEGCPM@__clrcall?$AA@ 0000000140015d20     libvcruntime:undname.obj
 0002:00000d2c       ??_C@_06GHPCKEAG@__eabi?$AA@ 0000000140015d2c     libvcruntime:undname.obj
 0002:00000d38       ??_C@_07JOMMBBKO@__ptr64?$AA@ 0000000140015d38     libvcruntime:undname.obj
 0002:00000d40       ??_C@_0L@PILCLIHE@__restrict?$AA@ 0000000140015d40     libvcruntime:undname.obj
 0002:00000d50       ??_C@_0M@GFIIJFMG@__unaligned?$AA@ 0000000140015d50     libvcruntime:undname.obj
 0002:00000d60       ??_C@_09DHDLOLLB@restrict?$CI?$AA@ 0000000140015d60     libvcruntime:undname.obj
 0002:00000d6a       ??_C@_00CNPNBAHC@?$AA@     0000000140015d6a     libvcruntime:undname.obj
 0002:00000d6c       ??_C@_04NIHEBCM@?5new?$AA@ 0000000140015d6c     libvcruntime:undname.obj
 0002:00000d78       ??_C@_07FPCDHGMM@?5delete?$AA@ 0000000140015d78     libvcruntime:undname.obj
 0002:00000d80       ??_C@_01NEMOKFLO@?$DN?$AA@ 0000000140015d80     libvcruntime:undname.obj
 0002:00000d84       ??_C@_02GPIOPFAK@?$DO?$DO?$AA@ 0000000140015d84     libvcruntime:undname.obj
 0002:00000d88       ??_C@_02FODMEDOG@?$DM?$DM?$AA@ 0000000140015d88     libvcruntime:undname.obj
 0002:00000d8c       ??_C@_01DCLJPIOD@?$CB?$AA@ 0000000140015d8c     libvcruntime:undname.obj
 0002:00000d90       ??_C@_02EGOFBIJA@?$DN?$DN?$AA@ 0000000140015d90     libvcruntime:undname.obj
 0002:00000d94       ??_C@_02FDNJECIE@?$CB?$DN?$AA@ 0000000140015d94     libvcruntime:undname.obj
 0002:00000d98       ??_C@_02GPECMEKF@?$FL?$FN?$AA@ 0000000140015d98     libvcruntime:undname.obj
 0002:00000da0       ??_C@_08LHJFAFGD@operator?$AA@ 0000000140015da0     libvcruntime:undname.obj
 0002:00000dac       ??_C@_02HBOOOICD@?9?$DO?$AA@ 0000000140015dac     libvcruntime:undname.obj
 0002:00000db0       ??_C@_01NBENCBCI@?$CK?$AA@ 0000000140015db0     libvcruntime:undname.obj
 0002:00000db4       ??_C@_02ECNGHCIF@?$CL?$CL?$AA@ 0000000140015db4     libvcruntime:undname.obj
 0002:00000db8       ??_C@_02BAABKJLB@?9?9?$AA@ 0000000140015db8     libvcruntime:undname.obj
 0002:00000dbc       ??_C@_01JOAMLHOP@?9?$AA@   0000000140015dbc     libvcruntime:undname.obj
 0002:00000dc0       ??_C@_01MIFGBAGJ@?$CL?$AA@ 0000000140015dc0     libvcruntime:undname.obj
 0002:00000dc4       ??_C@_01HNPIGOCE@?$CG?$AA@ 0000000140015dc4     libvcruntime:undname.obj
 0002:00000dc8       ??_C@_03MNHNFDLC@?9?$DO?$CK?$AA@ 0000000140015dc8     libvcruntime:undname.obj
 0002:00000dcc       ??_C@_01KMDKNFGN@?1?$AA@   0000000140015dcc     libvcruntime:undname.obj
 0002:00000dd0       ??_C@_01FGNFDNOH@?$CF?$AA@ 0000000140015dd0     libvcruntime:undname.obj
 0002:00000dd4       ??_C@_01MNNFJEPP@?$DM?$AA@ 0000000140015dd4     libvcruntime:undname.obj
 0002:00000dd8       ??_C@_02EHCHHCKH@?$DM?$DN?$AA@ 0000000140015dd8     libvcruntime:undname.obj
 0002:00000ddc       ??_C@_01PPODPGHN@?$DO?$AA@ 0000000140015ddc     libvcruntime:undname.obj
 0002:00000de0       ??_C@_02EEKDKGMJ@?$DO?$DN?$AA@ 0000000140015de0     libvcruntime:undname.obj
 0002:00000de4       ??_C@_01IHBHIGKO@?0?$AA@   0000000140015de4     libvcruntime:undname.obj
 0002:00000de8       ??_C@_02HCKGKOFO@?$CI?$CJ?$AA@ 0000000140015de8     libvcruntime:undname.obj
 0002:00000dec       ??_C@_01PJKLJHI@?$HO?$AA@  0000000140015dec     libvcruntime:undname.obj
 0002:00000df0       ??_C@_01JKBOJNNK@?$FO?$AA@ 0000000140015df0     libvcruntime:undname.obj
 0002:00000df4       ??_C@_01DNKMNLPK@?$HM?$AA@ 0000000140015df4     libvcruntime:undname.obj
 0002:00000df8       ??_C@_02PPKAJPJL@?$CG?$CG?$AA@ 0000000140015df8     libvcruntime:undname.obj
 0002:00000dfc       ??_C@_02NONPIBCD@?$HM?$HM?$AA@ 0000000140015dfc     libvcruntime:undname.obj
 0002:00000e00       ??_C@_02FPIMKNGF@?$CK?$DN?$AA@ 0000000140015e00     libvcruntime:undname.obj
 0002:00000e04       ??_C@_02FOEOMHFC@?$CL?$DN?$AA@ 0000000140015e04     libvcruntime:undname.obj
 0002:00000e08       ??_C@_02FKMDLLOA@?9?$DN?$AA@ 0000000140015e08     libvcruntime:undname.obj
 0002:00000e0c       ??_C@_02FJEHGPIO@?1?$DN?$AA@ 0000000140015e0c     libvcruntime:undname.obj
 0002:00000e10       ??_C@_02FENAOKFI@?$CF?$DN?$AA@ 0000000140015e10     libvcruntime:undname.obj
 0002:00000e14       ??_C@_03IKFCCPFF@?$DO?$DO?$DN?$AA@ 0000000140015e14     libvcruntime:undname.obj
 0002:00000e18       ??_C@_03CDNPDDLA@?$DM?$DM?$DN?$AA@ 0000000140015e18     libvcruntime:undname.obj
 0002:00000e1c       ??_C@_02FGJGFEAB@?$CG?$DN?$AA@ 0000000140015e1c     libvcruntime:undname.obj
 0002:00000e20       ??_C@_02DHLNPPGH@?$HM?$DN?$AA@ 0000000140015e20     libvcruntime:undname.obj
 0002:00000e24       ??_C@_02MHEGNOJ@?$FO?$DN?$AA@ 0000000140015e24     libvcruntime:undname.obj
 0002:00000e28       ??_C@_09IFPLHPGF@?$GAvftable?8?$AA@ 0000000140015e28     libvcruntime:undname.obj
 0002:00000e38       ??_C@_09BLBHBJP@?$GAvbtable?8?$AA@ 0000000140015e38     libvcruntime:undname.obj
 0002:00000e48       ??_C@_07FEEIOKP@?$GAvcall?8?$AA@ 0000000140015e48     libvcruntime:undname.obj
 0002:00000e50       ??_C@_08LLFFHHDJ@?$GAtypeof?8?$AA@ 0000000140015e50     libvcruntime:undname.obj
 0002:00000e60       ??_C@_0BF@KDPPACIK@?$GAlocal?5static?5guard?8?$AA@ 0000000140015e60     libvcruntime:undname.obj
 0002:00000e78       ??_C@_08OBABFOLI@?$GAstring?8?$AA@ 0000000140015e78     libvcruntime:undname.obj
 0002:00000e88       ??_C@_0BD@JDLKDPAB@?$GAvbase?5destructor?8?$AA@ 0000000140015e88     libvcruntime:undname.obj
 0002:00000ea0       ??_C@_0BN@DEGPLNFK@?$GAvector?5deleting?5destructor?8?$AA@ 0000000140015ea0     libvcruntime:undname.obj
 0002:00000ec0       ??_C@_0BO@OBMKPJIG@?$GAdefault?5constructor?5closure?8?$AA@ 0000000140015ec0     libvcruntime:undname.obj
 0002:00000ee0       ??_C@_0BN@IMDCHIKM@?$GAscalar?5deleting?5destructor?8?$AA@ 0000000140015ee0     libvcruntime:undname.obj
 0002:00000f00       ??_C@_0BO@PFGOCPJJ@?$GAvector?5constructor?5iterator?8?$AA@ 0000000140015f00     libvcruntime:undname.obj
 0002:00000f20       ??_C@_0BN@LFPFMEDL@?$GAvector?5destructor?5iterator?8?$AA@ 0000000140015f20     libvcruntime:undname.obj
 0002:00000f40       ??_C@_0CE@IKBNEHA@?$GAvector?5vbase?5constructor?5iterat@ 0000000140015f40     libvcruntime:undname.obj
 0002:00000f68       ??_C@_0BL@NILFHHPC@?$GAvirtual?5displacement?5map?8?$AA@ 0000000140015f68     libvcruntime:undname.obj
 0002:00000f88       ??_C@_0CB@JONCMFFK@?$GAeh?5vector?5constructor?5iterator?8@ 0000000140015f88     libvcruntime:undname.obj
 0002:00000fb0       ??_C@_0CA@GCEOPDGL@?$GAeh?5vector?5destructor?5iterator?8?$AA@ 0000000140015fb0     libvcruntime:undname.obj
 0002:00000fd0       ??_C@_0CH@OOJPLCPH@?$GAeh?5vector?5vbase?5constructor?5ite@ 0000000140015fd0     libvcruntime:undname.obj
 0002:00000ff8       ??_C@_0BL@LLKPOHJI@?$GAcopy?5constructor?5closure?8?$AA@ 0000000140015ff8     libvcruntime:undname.obj
 0002:00001018       ??_C@_0BA@KBCDOMBN@?$GAudt?5returning?8?$AA@ 0000000140016018     libvcruntime:undname.obj
 0002:00001028       ??_C@_03KLGMFNMG@?$GAEH?$AA@ 0000000140016028     libvcruntime:undname.obj
 0002:0000102c       ??_C@_05KHLCHHI@?$GARTTI?$AA@ 000000014001602c     libvcruntime:undname.obj
 0002:00001038       ??_C@_0BA@KKLDJDLB@?$GAlocal?5vftable?8?$AA@ 0000000140016038     libvcruntime:undname.obj
 0002:00001048       ??_C@_0CE@IIHCMGGL@?$GAlocal?5vftable?5constructor?5closu@ 0000000140016048     libvcruntime:undname.obj
 0002:0000106c       ??_C@_06FHBGPFGH@?5new?$FL?$FN?$AA@ 000000014001606c     libvcruntime:undname.obj
 0002:00001078       ??_C@_09LBNFPBCA@?5delete?$FL?$FN?$AA@ 0000000140016078     libvcruntime:undname.obj
 0002:00001088       ??_C@_0P@HJKNJFNN@?$GAomni?5callsig?8?$AA@ 0000000140016088     libvcruntime:undname.obj
 0002:00001098       ??_C@_0BL@CNOONJFP@?$GAplacement?5delete?5closure?8?$AA@ 0000000140016098     libvcruntime:undname.obj
 0002:000010b8       ??_C@_0BN@CKNJLHMB@?$GAplacement?5delete?$FL?$FN?5closure?8?$AA@ 00000001400160b8     libvcruntime:undname.obj
 0002:000010d8       ??_C@_0CG@CFDHKGGD@?$GAmanaged?5vector?5constructor?5iter@ 00000001400160d8     libvcruntime:undname.obj
 0002:00001100       ??_C@_0CF@IMGKMJNO@?$GAmanaged?5vector?5destructor?5itera@ 0000000140016100     libvcruntime:undname.obj
 0002:00001128       ??_C@_0CG@HLDDJMAG@?$GAeh?5vector?5copy?5constructor?5iter@ 0000000140016128     libvcruntime:undname.obj
 0002:00001150       ??_C@_0CM@FCBBDIGB@?$GAeh?5vector?5vbase?5copy?5constructo@ 0000000140016150     libvcruntime:undname.obj
 0002:00001180       ??_C@_0BL@CLIPGLGB@?$GAdynamic?5initializer?5for?5?8?$AA@ 0000000140016180     libvcruntime:undname.obj
 0002:000011a0       ??_C@_0CB@PDBIFEP@?$GAdynamic?5atexit?5destructor?5for?5?8@ 00000001400161a0     libvcruntime:undname.obj
 0002:000011c8       ??_C@_0CD@CGAJBKEJ@?$GAvector?5copy?5constructor?5iterato@ 00000001400161c8     libvcruntime:undname.obj
 0002:000011f0       ??_C@_0CJ@GJELGAMM@?$GAvector?5vbase?5copy?5constructor?5i@ 00000001400161f0     libvcruntime:undname.obj
 0002:00001220       ??_C@_0CL@FGIJHLCE@?$GAmanaged?5vector?5copy?5constructor@ 0000000140016220     libvcruntime:undname.obj
 0002:00001250       ??_C@_0BM@PMGGMLDN@?$GAlocal?5static?5thread?5guard?8?$AA@ 0000000140016250     libvcruntime:undname.obj
 0002:00001270       ??_C@_0N@BDNMDMOL@operator?5?$CC?$CC?5?$AA@ 0000000140016270     libvcruntime:undname.obj
 0002:00001280       ??_C@_0BC@GGEBGALA@operator?5co_await?$AA@ 0000000140016280     libvcruntime:undname.obj
[...]
 0004:00000d08       $pdata$__acrt_LCMapStringEx 0000000140022d08     libucrt:winapi_thunks.obj
 0004:00000d14       $pdata$__acrt_LocaleNameToLCID 0000000140022d14     libucrt:winapi_thunks.obj
 0004:00000d20       $pdata$__acrt_AppPolicyGetProcessTerminationMethodInternal 0000000140022d20     libucrt:winapi_thunks.obj
 0004:00000d2c       $pdata$?try_get_function@@YAPEAXW4function_id@?A0x391cf84c@@QEBDQEBW4module_id@2@2@Z 0000000140022d2c     libucrt:winapi_thunks.obj
 0004:00000d38       $pdata$_fcloseall          0000000140022d38     libucrt:closeall.obj
 0004:00000d44       $pdata$_fcloseall$fin$0    0000000140022d44     libucrt:closeall.obj
 0004:00000d50       $pdata$_fflush_nolock      0000000140022d50     libucrt:fflush.obj
 0004:00000d5c       $pdata$__acrt_stdio_flush_nolock 0000000140022d5c     libucrt:fflush.obj
 0004:00000d68       $pdata$?common_flush_all@@YAH_N@Z 0000000140022d68     libucrt:fflush.obj
 0004:00000d74       $pdata$??$?RV<lambda_842d9ff0dc9ef11c61343bbaebe7f885>@@AEAV<lambda_c5860995281e5c4ce005b3de8f5874ee>@@V<lambda_d90129c13df834fdcbf8d2b88dafcf2d>@@@?$__crt_seh_guarded_call@X@@QEAAX$$QEAV<lambda_842d9ff0dc9ef11c61343bbaebe7f885>@@AEAV<lambda_c5860995281e5c4ce005b3de8f5874ee>@@$$QEAV<lambda_d90129c13df834fdcbf8d2b88dafcf2d>@@@Z 0000000140022d74     libucrt:fflush.obj
 0004:00000d80       $pdata$??$?RV<lambda_886d6c58226a84441f68b9f2b8217b83>@@AEAV<lambda_ab61a845afdef5b7c387490eaf3616ee>@@V<lambda_f7f22ab5edc0698d5f6905b0d3f44752>@@@?$__crt_seh_guarded_call@X@@QEAAX$$QEAV<lambda_886d6c58226a84441f68b9f2b8217b83>@@AEAV<lambda_ab61a845afdef5b7c387490eaf3616ee>@@$$QEAV<lambda_f7f22ab5edc0698d5f6905b0d3f44752>@@@Z 0000000140022d80     libucrt:fflush.obj
 0004:00000d8c       $pdata$?fin$0@?0???$?RV<lambda_886d6c58226a84441f68b9f2b8217b83>@@AEAV<lambda_ab61a845afdef5b7c387490eaf3616ee>@@V<lambda_f7f22ab5edc0698d5f6905b0d3f44752>@@@?$__crt_seh_guarded_call@X@@QEAAX$$QEAV<lambda_886d6c58226a84441f68b9f2b8217b83>@@AEAV<lambda_ab61a845afdef5b7c387490eaf3616ee>@@$$QEAV<lambda_f7f22ab5edc0698d5f6905b0d3f44752>@@@Z@4HA 0000000140022d8c     libucrt:fflush.obj
 0004:00000d98       $pdata$__acrt_stdio_free_buffer_nolock 0000000140022d98     libucrt:_freebuf.obj
 0004:00000da4       $pdata$__acrt_initialize_lowio 0000000140022da4     libucrt:ioinit.obj
 0004:00000db0       $pdata$__acrt_lowio_ensure_fh_exists$fin$0 0000000140022db0     libucrt:osfinfo.obj
 0004:00000db0       $pdata$__acrt_initialize_lowio$fin$0 0000000140022db0     libucrt:ioinit.obj
 0004:00000dbc       $pdata$__acrt_uninitialize_lowio 0000000140022dbc     libucrt:ioinit.obj
 0004:00000dc8       $pdata$?initialize_inherited_file_handles_nolock@@YAXXZ 0000000140022dc8     libucrt:ioinit.obj
 0004:00000dd4       $pdata$?initialize_stdio_handles_nolock@@YAXXZ 0000000140022dd4     libucrt:ioinit.obj
 0004:00000de0       $pdata$isdigit             0000000140022de0     libucrt:_ctype.obj
 0004:00000dec       $pdata$tolower             0000000140022dec     libucrt:tolower_toupper.obj
 0004:00000df8       $pdata$_tolower_l          0000000140022df8     libucrt:tolower_toupper.obj
 0004:00000e04       $pdata$?internal_isupper_l@@YA_NHQEAU__crt_locale_pointers@@@Z 0000000140022e04     libucrt:tolower_toupper.obj
 0004:00000e10       $pdata$strtol              0000000140022e10     libucrt:strtox.obj
 0004:00000e1c       $pdata$_mbtowc_l           0000000140022e1c     libucrt:mbtowc.obj
 0004:00000e28       $pdata$wctomb_s            0000000140022e28     libucrt:wctomb.obj
 0004:00000e34       $pdata$_wctomb_s_l         0000000140022e34     libucrt:wctomb.obj
 0004:00000e40       $pdata$__acrt_update_locale_info 0000000140022e40     libucrt:locale_update.obj
 0004:00000e4c       $pdata$__acrt_update_multibyte_info 0000000140022e4c     libucrt:locale_update.obj
 0004:00000e58       $pdata$__acrt_fp_format    0000000140022e58     libucrt:cvt.obj
 0004:00000e64       $pdata$?fp_format_nan_or_infinity@@YAHW4__acrt_fp_class@@_NPEAD_K1@Z 0000000140022e64     libucrt:cvt.obj
 0004:00000e70       $pdata$?fp_format_e_internal@@YAHQEAD_KH_NIQEAU_strflt@@2QEAU__crt_locale_pointers@@@Z 0000000140022e70     libucrt:cvt.obj
 0004:00000e7c       $pdata$?fp_format_e@@YAHQEBNQEAD_K12H_NIQEAU__crt_locale_pointers@@@Z 0000000140022e7c     libucrt:cvt.obj
 0004:00000e88       $pdata$?fp_format_a@@YAHQEBNPEAD_KQEAD2H_NIQEAU__crt_locale_pointers@@@Z 0000000140022e88     libucrt:cvt.obj
 0004:00000e94       $pdata$?fp_format_f_internal@@YAHQEAD_KHQEAU_strflt@@_NQEAU__crt_locale_pointers@@@Z 0000000140022e94     libucrt:cvt.obj
 0004:00000ea0       $pdata$?fp_format_g@@YAHQEBNQEAD_K12H_NIQEAU__crt_locale_pointers@@@Z 0000000140022ea0     libucrt:cvt.obj
 0004:00000eac       $pdata$_fileno             0000000140022eac     libucrt:fileno.obj
 0004:00000eb8       $pdata$__acrt_stdio_begin_temporary_buffering_nolock 0000000140022eb8     libucrt:_sftbuf.obj
 0004:00000ec4       $pdata$__acrt_stdio_end_temporary_buffering_nolock 0000000140022ec4     libucrt:_sftbuf.obj
 0004:00000ed0       $pdata$__acrt_initialize_locks 0000000140022ed0     libucrt:locks.obj
 0004:00000edc       $pdata$__acrt_uninitialize_locks 0000000140022edc     libucrt:locks.obj
 0004:00000ee8       $pdata$__acrt_get_process_end_policy 0000000140022ee8     libucrt:win_policies.obj
 0004:00000ef4       $pdata$??$common_expand_argv_wildcards@D@@YAHQEAPEADQEAPEAPEAD@Z 0000000140022ef4     libucrt:argv_wildcards.obj
 0004:00000f00       $pdata$??$copy_and_add_argument_to_buffer@D@@YAHQEBD0_KAEAV?$argument_list@D@?A0x5f5c8891@@@Z 0000000140022f00     libucrt:argv_wildcards.obj
 0004:00000f0c       $pdata$??$expand_argument_wildcards@D@@YAHQEAD0AEAV?$argument_list@D@?A0x5f5c8891@@@Z 0000000140022f0c     libucrt:argv_wildcards.obj
 0004:00000f18       $pdata$__acrt_update_thread_multibyte_data 0000000140022f18     libucrt:mbctype.obj
 0004:00000f24       $pdata$__acrt_initialize_multibyte 0000000140022f24     libucrt:mbctype.obj
 0004:00000f30       $pdata$_setmbcp_nolock     0000000140022f30     libucrt:mbctype.obj
 0004:00000f3c       $pdata$?getSystemCP@@YAHH@Z 0000000140022f3c     libucrt:mbctype.obj
 0004:00000f48       $pdata$?setSBCS@@YAXPEAU__crt_multibyte_data@@@Z 0000000140022f48     libucrt:mbctype.obj
 0004:00000f54       $pdata$?update_thread_multibyte_data_internal@@YAPEAU__crt_multibyte_data@@QEAU__acrt_ptd@@QEAPEAU1@@Z 0000000140022f54     libucrt:mbctype.obj
 0004:00000f60       $pdata$?fin$0@?0??update_thread_multibyte_data_internal@@YAPEAU__crt_multibyte_data@@QEAU__acrt_ptd@@QEAPEAU1@@Z@4HA 0000000140022f60     libucrt:mbctype.obj
 0004:00000f6c       $pdata$?setmbcp_internal@@YAHH_NQEAU__acrt_ptd@@QEAPEAU__crt_multibyte_data@@@Z 0000000140022f6c     libucrt:mbctype.obj
 0004:00000f78       $pdata$?setSBUpLow@@YAXPEAU__crt_multibyte_data@@@Z 0000000140022f78     libucrt:mbctype.obj
 0004:00000f84       $pdata$??$?RV<lambda_efdfa57d1f175319df784efa44bb7b81>@@AEAV<lambda_5f0a4c1567f8adc6734073e5d1e1b35c>@@V<lambda_2e8a7d3640ea6ccb4c2413664c2db6fd>@@@?$__crt_seh_guarded_call@X@@QEAAX$$QEAV<lambda_efdfa57d1f175319df784efa44bb7b81>@@AEAV<lambda_5f0a4c1567f8adc6734073e5d1e1b35c>@@$$QEAV<lambda_2e8a7d3640ea6ccb4c2413664c2db6fd>@@@Z 0000000140022f84     libucrt:mbctype.obj
 0004:00000f90       $pdata$?x_ismbbtype_l@@YAHPEAU__crt_locale_pointers@@IHH@Z 0000000140022f90     libucrt:ismbbyte.obj
 0004:00000f9c       $pdata$__dcrt_get_narrow_environment_from_os 0000000140022f9c     libucrt:get_environment_from_os.obj
 0004:00000fa8       $pdata$??$common_set_variable_in_environment_nolock@D@@YAHQEADH@Z 0000000140022fa8     libucrt:setenv.obj
 0004:00000fb4       $pdata$??$copy_environment@D@@YAPEAPEADQEAPEAD@Z 0000000140022fb4     libucrt:setenv.obj
 0004:00000fc0       $pdata$_recalloc_base      0000000140022fc0     libucrt:recalloc.obj
 0004:00000fcc       $pdata$__acrt_initialize_heap 0000000140022fcc     libucrt:heap_handle.obj
 0004:00000fd8       $pdata$__acrt_execute_initializers 0000000140022fd8     libucrt:shared_initialization.obj
 0004:00000fe4       $pdata$__acrt_execute_uninitializers 0000000140022fe4     libucrt:shared_initialization.obj
 0004:00000ff0       $pdata$__acrt_get_sigabrt_handler 0000000140022ff0     libucrt:signal.obj
 0004:00000ffc       $pdata$raise               0000000140022ffc     libucrt:signal.obj
 0004:00001008       $pdata$raise$fin$0         0000000140023008     libucrt:signal.obj
 0004:00001014       $pdata$??$?RV<lambda_450d765d439847d4c735a33c368b5fc0>@@AEAV<lambda_44731a7d0e6d81c3e6aa82d741081786>@@V<lambda_601a2a7da3b7a96e9554ac7215c4b07c>@@@?$__crt_seh_guarded_call@P6AXH@Z@@QEAAP6AXH@Z$$QEAV<lambda_450d765d439847d4c735a33c368b5fc0>@@AEAV<lambda_44731a7d0e6d81c3e6aa82d741081786>@@$$QEAV<lambda_601a2a7da3b7a96e9554ac7215c4b07c>@@@Z 0000000140023014     libucrt:signal.obj
 0004:00001020       $pdata$_get_osfhandle      0000000140023020     libucrt:osfinfo.obj
 0004:0000102c       $pdata$_free_osfhnd        000000014002302c     libucrt:osfinfo.obj
 0004:00001038       $pdata$__acrt_lowio_create_handle_array 0000000140023038     libucrt:osfinfo.obj
 0004:00001044       $pdata$__acrt_lowio_destroy_handle_array 0000000140023044     libucrt:osfinfo.obj
 0004:00001050       $pdata$__acrt_lowio_ensure_fh_exists 0000000140023050     libucrt:osfinfo.obj
 0004:0000105c       $pdata$__acrt_locale_free_monetary 000000014002305c     libucrt:initmon.obj
 0004:00001068       $pdata$__acrt_locale_free_numeric 0000000140023068     libucrt:initnum.obj
 0004:00001074       $pdata$__acrt_locale_free_time 0000000140023074     libucrt:inittime.obj
 0004:00001080       $pdata$?free_crt_array_internal@@YAXQEAPEBX_K@Z 0000000140023080     libucrt:inittime.obj
 0004:0000108c       $pdata$__pctype_func       000000014002308c     libucrt:ctype.obj
 0004:00001098       $pdata$__acrt_GetStringTypeA 0000000140023098     libucrt:getstringtypea.obj
 0004:000010a4       $pdata$__acrt_release_locale_ref 00000001400230a4     libucrt:locale_refcounting.obj
 0004:000010b0       $pdata$__acrt_free_locale  00000001400230b0     libucrt:locale_refcounting.obj
 0004:000010bc       $pdata$__acrt_locale_free_lc_time_if_unreferenced 00000001400230bc     libucrt:locale_refcounting.obj
 0004:000010c8       $pdata$__acrt_update_thread_locale_data 00000001400230c8     libucrt:locale_refcounting.obj
 0004:000010d4       $pdata$__acrt_update_thread_locale_data$fin$0 00000001400230d4     libucrt:locale_refcounting.obj
 0004:000010e0       $pdata$_updatetlocinfoEx_nolock 00000001400230e0     libucrt:locale_refcounting.obj
 0004:000010ec       $pdata$_isctype_l          00000001400230ec     libucrt:isctype.obj
 0004:000010f8       $pdata$__acrt_DownlevelLocaleNameToLCID 00000001400230f8     libucrt:lcidtoname_downlevel.obj
 0004:00001104       $pdata$?GetTableIndexFromLocaleName@@YAHPEB_W@Z 0000000140023104     libucrt:lcidtoname_downlevel.obj
 0004:00001110       $pdata$fclose              0000000140023110     libucrt:fclose.obj
 0004:0000111c       $pdata$fclose$fin$0        000000014002311c     libucrt:fclose.obj
 0004:00001128       $pdata$_fclose_nolock      0000000140023128     libucrt:fclose.obj
 0004:00001134       $pdata$_commit             0000000140023134     libucrt:commit.obj
 0004:00001140       $pdata$??$?RV<lambda_a37b2b86f63e897a80ea819b0eb08c01>@@AEAV<lambda_38ce7e780aa69e748d6df282ebc68efe>@@V<lambda_99fb1378e971ab6e7edea83e3a7a83a2>@@@?$__crt_seh_guarded_call@H@@QEAAH$$QEAV<lambda_a37b2b86f63e897a80ea819b0eb08c01>@@AEAV<lambda_38ce7e780aa69e748d6df282ebc68efe>@@$$QEAV<lambda_99fb1378e971ab6e7edea83e3a7a83a2>@@@Z 0000000140023140     libucrt:commit.obj
 0004:0000114c       $pdata$?fin$0@?0???$?RV<lambda_751a882b2c74d4b022dec766aa51a29a>@@AEAV<lambda_628dfdc04ba53c8bfc02c9951375f3f5>@@V<lambda_f6c7be5f7998530c34de24c7437d6b54>@@@?$__crt_seh_guarded_call@H@@QEAAH$$QEAV<lambda_751a882b2c74d4b022dec766aa51a29a>@@AEAV<lambda_628dfdc04ba53c8bfc02c9951375f3f5>@@$$QEAV<lambda_f6c7be5f7998530c34de24c7437d6b54>@@@Z@4HA 000000014002314c     libucrt:close.obj
 0004:0000114c       $pdata$?fin$0@?0???$?RV<lambda_a37b2b86f63e897a80ea819b0eb08c01>@@AEAV<lambda_38ce7e780aa69e748d6df282ebc68efe>@@V<lambda_99fb1378e971ab6e7edea83e3a7a83a2>@@@?$__crt_seh_guarded_call@H@@QEAAH$$QEAV<lambda_a37b2b86f63e897a80ea819b0eb08c01>@@AEAV<lambda_38ce7e780aa69e748d6df282ebc68efe>@@$$QEAV<lambda_99fb1378e971ab6e7edea83e3a7a83a2>@@@Z@4HA 000000014002314c     libucrt:commit.obj
 0004:00001158       $pdata$_write              0000000140023158     libucrt:write.obj
 0004:00001164       $pdata$_write$fin$0        0000000140023164     libucrt:write.obj
 0004:00001164       $pdata$?fin$0@?0???$common_lseek@_J@@YA_JH_JH@Z@4HA 0000000140023164     libucrt:lseek.obj
 0004:00001170       $pdata$_write_nolock       0000000140023170     libucrt:write.obj
 0004:0000117c       $pdata$?write_double_translated_ansi_nolock@@YA?AUwrite_result@?A0x17268360@@HQEBDI@Z 000000014002317c     libucrt:write.obj
 0004:00001188       $pdata$?write_text_ansi_nolock@@YA?AUwrite_result@?A0x17268360@@HQEBDI@Z 0000000140023188     libucrt:write.obj
 0004:00001194       $pdata$?write_text_utf16le_nolock@@YA?AUwrite_result@?A0x17268360@@HQEBDI@Z 0000000140023194     libucrt:write.obj
 0004:000011a0       $pdata$?write_text_utf8_nolock@@YA?AUwrite_result@?A0x17268360@@HQEBDI@Z 00000001400231a0     libucrt:write.obj
 0004:000011ac       $pdata$_isleadbyte_l       00000001400231ac     libucrt:_wctype.obj
 0004:000011b8       $pdata$__acrt_LCMapStringA 00000001400231b8     libucrt:lcmapstringa.obj
 0004:000011c4       $pdata$?__acrt_LCMapStringA_stat@@YAHPEAU__crt_locale_pointers@@PEB_WKPEBDHPEADHHH@Z 00000001400231c4     libucrt:lcmapstringa.obj
 0004:000011d0       $pdata$__acrt_fp_strflt_to_string 00000001400231d0     libucrt:_fptostr.obj
 0004:000011dc       $pdata$memcpy_s            00000001400231dc     libucrt:cfout.obj
 0004:000011e8       $pdata$__acrt_fltout       00000001400231e8     libucrt:cfout.obj
 0004:000011f4       $pdata$?divide@__crt_strtox@@YA_KAEAUbig_integer@1@AEBU21@@Z 00000001400231f4     libucrt:cfout.obj
 0004:00001200       $pdata$5$?divide@__crt_strtox@@YA_KAEAUbig_integer@1@AEBU21@@Z 0000000140023200     libucrt:cfout.obj
 0004:0000120c       $pdata$6$?divide@__crt_strtox@@YA_KAEAUbig_integer@1@AEBU21@@Z 000000014002320c     libucrt:cfout.obj
 0004:00001218       $pdata$__acrt_stdio_flush_and_write_narrow_nolock 0000000140023218     libucrt:_flsbuf.obj
 0004:00001224       $pdata$??$write_buffer_nolock@D@@YA_NDV__crt_stdio_stream@@@Z 0000000140023224     libucrt:_flsbuf.obj
 0004:00001230       $pdata$_isatty             0000000140023230     libucrt:isatty.obj
 0004:0000123c       $pdata$qsort               000000014002323c     libucrt:qsort.obj
 0004:00001248       $pdata$4$qsort             0000000140023248     libucrt:qsort.obj
 0004:00001254       $pdata$5$qsort             0000000140023254     libucrt:qsort.obj
 0004:00001260       $pdata$strncpy_s           0000000140023260     libucrt:strncpy_s.obj
 0004:0000126c       $pdata$strpbrk             000000014002326c     libucrt:strpbrk.obj
 0004:00001278       $pdata$fallbackMethod      0000000140023278     libucrt:strpbrk.obj
 0004:00001284       $pdata$_mbsdec_l           0000000140023284     libucrt:mbsdec.obj
 0004:00001290       $pdata$?initialize_multibyte@@YAHXZ 0000000140023290     libucrt:multibyte_initializer.obj
 0004:0000129c       $pdata$_strnicoll_l        000000014002329c     libucrt:strnicol.obj
 0004:000012a8       $pdata$_msize_base         00000001400232a8     libucrt:msize.obj
 0004:000012b4       $pdata$_realloc_base       00000001400232b4     libucrt:realloc_base.obj
 0004:000012c0       $pdata$_close              00000001400232c0     libucrt:close.obj
 0004:000012cc       $pdata$_close_nolock       00000001400232cc     libucrt:close.obj
 0004:000012d8       $pdata$??$?RV<lambda_751a882b2c74d4b022dec766aa51a29a>@@AEAV<lambda_628dfdc04ba53c8bfc02c9951375f3f5>@@V<lambda_f6c7be5f7998530c34de24c7437d6b54>@@@?$__crt_seh_guarded_call@H@@QEAAH$$QEAV<lambda_751a882b2c74d4b022dec766aa51a29a>@@AEAV<lambda_628dfdc04ba53c8bfc02c9951375f3f5>@@$$QEAV<lambda_f6c7be5f7998530c34de24c7437d6b54>@@@Z 00000001400232d8     libucrt:close.obj
 0004:000012e4       $pdata$??$common_lseek@_J@@YA_JH_JH@Z 00000001400232e4     libucrt:lseek.obj
 0004:000012f0       $pdata$??$common_lseek_nolock@_J@@YA_JH_JH@Z 00000001400232f0     libucrt:lseek.obj
 0004:000012fc       $pdata$_putwch_nolock      00000001400232fc     libucrt:putwch.obj
 0004:00001308       $pdata$fegetenv            0000000140023308     libucrt:fegetenv.obj
 0004:00001314       $pdata$fesetenv            0000000140023314     libucrt:fesetenv.obj
 0004:00001320       $pdata$feholdexcept        0000000140023320     libucrt:feholdexcept.obj
 0004:00001338       $pdata$__acrt_stdio_allocate_buffer_nolock 0000000140023338     libucrt:_getbuf.obj
 0004:00001344       $pdata$_strnicmp           0000000140023344     libucrt:strnicmp.obj
 0004:00001350       $pdata$_strnicmp_l         0000000140023350     libucrt:strnicmp.obj
 0004:0000135c       $pdata$__ascii_strnicmp    000000014002335c     libucrt:strnicmp.obj
 0004:00001368       $pdata$__acrt_CompareStringA 0000000140023368     libucrt:comparestringa.obj
 0004:00001374       $pdata$?InternalCompareStringA@@YAHPEAU__crt_locale_pointers@@PEB_WKPEBDH2HH@Z 0000000140023374     libucrt:comparestringa.obj
 0004:00001380       $pdata$__dcrt_lowio_ensure_console_output_initialized 0000000140023380     libucrt:initcon.obj
 0004:0000138c       $pdata$__dcrt_write_console_w 000000014002338c     libucrt:initcon.obj
 0004:00001398       $pdata$__dcrt_terminate_console_output 0000000140023398     libucrt:initcon.obj
 0004:000013a4       $pdata$__acrt_fenv_set_control 00000001400233a4     libucrt:_fenvutils.obj
 0004:000013b0       $pdata$_clearfp            00000001400233b0     libucrt:ieee.obj
 0004:000013bc       $pdata$_call_matherr       00000001400233bc     libucrt:libm_error.obj
 0004:000013c8       $pdata$_exception_enabled  00000001400233c8     libucrt:libm_error.obj
 0004:000013d4       $pdata$_handle_error       00000001400233d4     libucrt:libm_error.obj
 0004:000013e0       $pdata$__acrt_initialize_fma3 00000001400233e0     libucrt:fma3_available.obj
 0004:000013ec       $pdata$_log_special_common 00000001400233ec     libucrt:log_special.obj
 0004:000013f8       $pdata$_log10_special      00000001400233f8     libucrt:log_special.obj
 0004:00001410       $pdata$_set_errno_from_matherr 0000000140023410     libucrt:fpexcept.obj
 0004:0000141c       $pdata$_raise_exc          000000014002341c     libucrt:fpexcept.obj
 0004:00001428       $pdata$_raise_exc_ex       0000000140023428     libucrt:fpexcept.obj
 0004:00001434       $pdata$_clrfp              0000000140023434     libucrt:fpctrl.obj
 0004:00001440       $pdata$_ctrlfp             0000000140023440     libucrt:fpctrl.obj
 0004:0000144c       $pdata$_ctrlfp$filt$0      000000014002344c     libucrt:fpctrl.obj
 0004:00001458       $pdata$_statfp             0000000140023458     libucrt:fpctrl.obj
 0004:00001464       $pdata$_set_statfp         0000000140023464     libucrt:fpctrl.obj
 0004:00001470       $pdata$ParseCommandLine    0000000140023470     SDL2main:SDL_windows_main.obj
 0004:0000147c       $pdata$2$main_getcmdline   000000014002347c     SDL2main:SDL_windows_main.obj
 0004:00001488       $pdata$0$main_getcmdline   0000000140023488     SDL2main:SDL_windows_main.obj
 0004:00001494       $pdata$main_getcmdline     0000000140023494     SDL2main:SDL_windows_main.obj
 0004:000014a0       $pdata$_IsNonwritableInCurrentImage 00000001400234a0     LIBCMT:pesect.obj
 0004:000014ac       $pdata$_IsNonwritableInCurrentImage$filt$0 00000001400234ac     LIBCMT:pesect.obj
 0004:000014d0       $pdata$strrchr             00000001400234d0     libvcruntime:strrchr.obj
 0004:000014dc       $pdata$strchr              00000001400234dc     libvcruntime:strchr.obj
