 main

 Timestamp is 5ad5f123 (Tue Apr 17 15:05:39 2018)

 Preferred load address is 0000000140000000

 Start         Length     Name                   Class
 0001:00000000 00000495H .text                   CODE
 0001:000004a0 00000081H .text$di                CODE
 0001:00000530 00013f7aH .text$mn                CODE
 0001:000144b0 00000012H .text$mn$00             CODE
 0001:000144d0 000003f0H .text$x                 CODE
 0001:000148c0 00000055H .text$yd                CODE
 0002:00000000 00000378H .idata$5                DATA
 0002:00000378 00000010H .00cfg                  DATA
 0002:00000388 00000008H .CRT$XCA                DATA
 0002:00000390 00000008H .CRT$XCAA               DATA
 0002:00000398 00000018H .CRT$XCU                DATA
 0002:000003b0 00000008H .CRT$XCZ                DATA
 0002:000003b8 00000008H .CRT$XIA                DATA
 0002:000003c0 00000008H .CRT$XIAA               DATA
 0002:000003c8 00000008H .CRT$XIAC               DATA
 0002:000003d0 00000018H .CRT$XIC                DATA
 0002:000003e8 00000008H .CRT$XIZ                DATA
 0002:000003f0 00000008H .CRT$XPA                DATA
 0002:000003f8 00000010H .CRT$XPX                DATA
 0002:00000408 00000008H .CRT$XPXA               DATA
 0002:00000410 00000008H .CRT$XPZ                DATA
 0002:00000418 00000008H .CRT$XTA                DATA
 0002:00000420 00000008H .CRT$XTZ                DATA
 0002:00000430 000080a4H .rdata                  DATA
 0002:000084d8 00000404H .rdata$r                DATA
 0002:000088e0 00000010H .rdata$zETW0            DATA
 0002:000088f0 00000077H .rdata$zETW1            DATA
 0002:00008967 0000002cH .rdata$zETW2            DATA
 0002:00008993 00000001H .rdata$zETW9            DATA
 0002:00008994 000003d4H .rdata$zzzdbg           DATA
 0002:00008d68 00000008H .rtc$IAA                DATA
 0002:00008d70 00000008H .rtc$IZZ                DATA
 0002:00008d78 00000008H .rtc$TAA                DATA
 0002:00008d80 00000008H .rtc$TZZ                DATA
 0002:00008d90 00001184H .xdata                  DATA
 0002:00009f18 00000244H .xdata$x                DATA
 0002:0000a15c 00000000H .edata                  DATA
 0002:0000a15c 00000064H .idata$2                DATA
 0002:0000a1c0 00000014H .idata$3                DATA
 0002:0000a1d8 00000378H .idata$4                DATA
 0002:0000a550 00000802H .idata$6                DATA
 0003:00000000 00000980H .data                   DATA
 0003:00000980 00000140H .data$r                 DATA
 0003:00000ac0 0000128cH .bss                    DATA
 0004:00000000 000015e4H .pdata                  DATA
 0005:00000000 000000f0H .gfids$y                DATA

  Address         Publics by Value              Rva+Base               Lib:Object

 0000:00000000       __guard_iat_table          0000000000000000     <absolute>
 0000:00000000       __guard_iat_count          0000000000000000     <absolute>
 0000:00000000       __guard_longjmp_table      0000000000000000     <absolute>
 0000:00000000       __guard_longjmp_count      0000000000000000     <absolute>
 0000:00000000       __guard_fids_count         0000000000000000     <absolute>
 0000:00000000       ___safe_se_handler_table   0000000000000000     <absolute>
 0000:00000000       ___safe_se_handler_count   0000000000000000     <absolute>
 0000:00000000       __guard_fids_table         0000000000000000     <absolute>
 0000:00000100       __guard_flags              0000000000000100     <absolute>
 0000:00000000       __ImageBase                0000000140000000     <linker-defined>
 0001:00000000       ?TraceLoggingRegister@__vcrt_trace_logging_provider@@YAJPEBU_TlgProvider_t@1@PEBU_GUID@@P6AX1KE_K2PEAU_EVENT_FILTER_DESCRIPTOR@@PEAX@Z4@Z 0000000140001000 f i libvcruntime:telemetry.obj
 0001:0000007c       ?_TlgEnableCallback@__vcrt_trace_logging_provider@@YAXPEBU_GUID@@KE_K1PEAU_EVENT_FILTER_DESCRIPTOR@@PEAX@Z 000000014000107c f i libvcruntime:telemetry.obj
 0001:00000140       ?_TlgWrite@__vcrt_trace_logging_provider@@YAJPEBU_TlgProvider_t@1@PEFBXPEBU_GUID@@2IPEAU_EVENT_DATA_DESCRIPTOR@@@Z 0000000140001140 f i libvcruntime:telemetry.obj
 0001:00000490       main                       0000000140001490 f   SDL2main:SDL_windows_main.obj
 0001:00000530       SDL_main                   0000000140001530 f   main.obj
 0001:00000750       ??0LTexture@@QEAA@XZ       0000000140001750 f   main.obj
 0001:00000790       ??1LTexture@@QEAA@XZ       0000000140001790 f   main.obj
 0001:000007c0       ?loadFromFile@LTexture@@QEAA_NV?$basic_string@DU?$char_traits@D@std@@V?$allocator@D@2@@std@@@Z 00000001400017c0 f   main.obj
 0001:00000920       ?loadFromRenderedText@LTexture@@QEAA_NV?$basic_string@DU?$char_traits@D@std@@V?$allocator@D@2@@std@@USDL_Color@@@Z 0000000140001920 f   main.obj
 0001:00000a30       ?free@LTexture@@QEAAXXZ    0000000140001a30 f   main.obj
 0001:00000a80       ?setColor@LTexture@@QEAAXEEE@Z 0000000140001a80 f   main.obj
 0001:00000ac0       ?setBlendMode@LTexture@@QEAAXW4SDL_BlendMode@@@Z 0000000140001ac0 f   main.obj
 0001:00000af0       ?setAlpha@LTexture@@QEAAXE@Z 0000000140001af0 f   main.obj
 0001:00000b20       ?render@LTexture@@QEAAXHHPEAUSDL_Rect@@NPEAUSDL_Point@@W4SDL_RendererFlip@@@Z 0000000140001b20 f   main.obj
 0001:00000c00       ?getWidth@LTexture@@QEAAHXZ 0000000140001c00 f   main.obj
 0001:00000c20       ?getHeight@LTexture@@QEAAHXZ 0000000140001c20 f   main.obj
 0001:00000c40       ?init@@YA_NXZ              0000000140001c40 f   main.obj
 0001:00000d60       ?loadMedia@@YA_NXZ         0000000140001d60 f   main.obj
 0001:00000e90       ?close@@YAXXZ              0000000140001e90 f   main.obj
 0001:00000f20       ?loadTexture@@YAPEAUSDL_Texture@@V?$basic_string@DU?$char_traits@D@std@@V?$allocator@D@2@@std@@@Z 0000000140001f20 f   main.obj
 0001:00000f70       ??$?0AEBV?$allocator@D@std@@$$V@?$_Compressed_pair@U?$_Wrap_alloc@V?$allocator@D@std@@@std@@V?$_String_val@U?$_Simple_types@D@std@@@2@$00@std@@QEAA@U_One_then_variadic_args_t@1@AEBV?$allocator@D@1@@Z 0000000140001f70 f i main.obj
 0001:00000fb0       ??$_Addressof@D@std@@YAPEADAEADU?$integral_constant@_N$0A@@0@@Z 0000000140001fb0 f i main.obj
 0001:00000fc0       ??$__vcrt_va_start_verify_argument_type@QEBD@@YAXXZ 0000000140001fc0 f i main.obj
 0001:00000fd0       ??$addressof@D@std@@YAPEADAEAD@Z 0000000140001fd0 f i main.obj
 0001:00000ff0       ??$construct@PEADAEAPEAD@?$_Wrap_alloc@V?$allocator@D@std@@@std@@QEAAXPEAPEADAEAPEAD@Z 0000000140001ff0 f i main.obj
 0001:00001030       ??$construct@PEADAEAPEAD@?$allocator@D@std@@QEAAXPEAPEADAEAPEAD@Z 0000000140002030 f i main.obj
 0001:00001090       ??$construct@PEADAEAPEAD@?$allocator_traits@V?$allocator@D@std@@@std@@SAXAEAV?$allocator@D@1@PEAPEADAEAPEAD@Z 0000000140002090 f i main.obj
 0001:000010d0       ??$destroy@PEAD@?$_Wrap_alloc@V?$allocator@D@std@@@std@@QEAAXPEAPEAD@Z 00000001400020d0 f i main.obj
 0001:00001100       ??$destroy@PEAD@?$allocator@D@std@@QEAAXPEAPEAD@Z 0000000140002100 f i main.obj
 0001:00001110       ??$destroy@PEAD@?$allocator_traits@V?$allocator@D@std@@@std@@SAXAEAV?$allocator@D@1@PEAPEAD@Z 0000000140002110 f i main.obj
 0001:00001140       ?_Get_first@?$_Compressed_pair@U?$_Wrap_alloc@V?$allocator@D@std@@@std@@V?$_String_val@U?$_Simple_types@D@std@@@2@$00@std@@QEBAAEBU?$_Wrap_alloc@V?$allocator@D@std@@@2@XZ 0000000140002140 f i main.obj
 0001:00001140       ??0?$allocator@D@std@@QEAA@XZ 0000000140002140 f i main.obj
 0001:00001140       ?_Get_first@?$_Compressed_pair@U?$_Wrap_alloc@V?$allocator@D@std@@@std@@V?$_String_val@U?$_Simple_types@D@std@@@2@$00@std@@QEAAAEAU?$_Wrap_alloc@V?$allocator@D@std@@@2@XZ 0000000140002140 f i main.obj
 0001:00001140       ?_Get_second@?$_Compressed_pair@U?$_Wrap_alloc@V?$allocator@D@std@@@std@@V?$_String_val@U?$_Simple_types@D@std@@@2@$00@std@@QEAAAEAV?$_String_val@U?$_Simple_types@D@std@@@2@XZ 0000000140002140 f i main.obj
 0001:00001140       ??$forward@AEBV?$allocator@D@std@@@std@@YAAEBV?$allocator@D@0@AEBV10@@Z 0000000140002140 f i main.obj
 0001:00001140       ??$forward@AEAPEAD@std@@YAAEAPEADAEAPEAD@Z 0000000140002140 f i main.obj
 0001:00001140       ?_Get_second@?$_Compressed_pair@U?$_Wrap_alloc@V?$allocator@D@std@@@std@@V?$_String_val@U?$_Simple_types@D@std@@@2@$00@std@@QEBAAEBV?$_String_val@U?$_Simple_types@D@std@@@2@XZ 0000000140002140 f i main.obj
 0001:00001150       ??0?$_String_alloc@U?$_String_base_types@DV?$allocator@D@std@@@std@@@std@@QEAA@AEBV?$allocator@D@1@@Z 0000000140002150 f i main.obj
 0001:00001180       ??0?$_String_val@U?$_Simple_types@D@std@@@std@@QEAA@XZ 0000000140002180 f i main.obj
 0001:000011b0       ??0?$_Wrap_alloc@V?$allocator@D@std@@@std@@QEAA@AEBV?$allocator@D@1@@Z 00000001400021b0 f i main.obj
 0001:000011e0       ??0?$allocator@D@std@@QEAA@AEBV01@@Z 00000001400021e0 f i main.obj
 0001:000011f0       ??0?$basic_string@DU?$char_traits@D@std@@V?$allocator@D@2@@std@@QEAA@PEBD@Z 00000001400021f0 f i main.obj
 0001:00001240       ??1?$basic_string@DU?$char_traits@D@std@@V?$allocator@D@2@@std@@QEAA@XZ 0000000140002240 f i main.obj
 0001:00001270       ??2@YAPEAX_KPEAX@Z         0000000140002270 f i main.obj
 0001:00001280       ?_Allocate@std@@YAPEAX_K0_N@Z 0000000140002280 f i main.obj
 0001:00001380       ?_Bx@?$_String_alloc@U?$_String_base_types@DV?$allocator@D@std@@@std@@@std@@QEAAAEAT_Bxty@?$_String_val@U?$_Simple_types@D@std@@@2@XZ 0000000140002380 f i main.obj
 0001:000013a0       ?_Copy@?$basic_string@DU?$char_traits@D@std@@V?$allocator@D@2@@std@@QEAAX_K0@Z 00000001400023a0 f i main.obj
 0001:000015c0       ?_Deallocate@std@@YAXPEAX_K1@Z 00000001400025c0 f i main.obj
 0001:000016b0       ?_Eos@?$basic_string@DU?$char_traits@D@std@@V?$allocator@D@2@@std@@QEAAX_K@Z 00000001400026b0 f i main.obj
 0001:00001700       ?_Getal@?$_String_alloc@U?$_String_base_types@DV?$allocator@D@std@@@std@@@std@@QEAAAEAU?$_Wrap_alloc@V?$allocator@D@std@@@2@XZ 0000000140002700 f i main.obj
 0001:00001700       ?_Get_data@?$_String_alloc@U?$_String_base_types@DV?$allocator@D@std@@@std@@@std@@QEBAAEBV?$_String_val@U?$_Simple_types@D@std@@@2@XZ 0000000140002700 f i main.obj
 0001:00001700       ?_Get_data@?$_String_alloc@U?$_String_base_types@DV?$allocator@D@std@@@std@@@std@@QEAAAEAV?$_String_val@U?$_Simple_types@D@std@@@2@XZ 0000000140002700 f i main.obj
 0001:00001700       ?_Getal@?$_String_alloc@U?$_String_base_types@DV?$allocator@D@std@@@std@@@std@@QEBAAEBU?$_Wrap_alloc@V?$allocator@D@std@@@2@XZ 0000000140002700 f i main.obj
 0001:00001720       ?_Grow@?$basic_string@DU?$char_traits@D@std@@V?$allocator@D@2@@std@@QEAA_N_K_N@Z 0000000140002720 f i main.obj
 0001:00001810       ?_Inside@?$basic_string@DU?$char_traits@D@std@@V?$allocator@D@2@@std@@QEAA_NPEBD@Z 0000000140002810 f i main.obj
 0001:00001870       ?_Myptr@?$_String_alloc@U?$_String_base_types@DV?$allocator@D@std@@@std@@@std@@QEBAPEBDXZ 0000000140002870 f i main.obj
 0001:00001870       ?_Myptr@?$_String_alloc@U?$_String_base_types@DV?$allocator@D@std@@@std@@@std@@QEAAPEADXZ 0000000140002870 f i main.obj
 0001:00001890       ?_Myptr@?$_String_val@U?$_Simple_types@D@std@@@std@@QEBAPEBDXZ 0000000140002890 f i main.obj
 0001:00001890       ?_Myptr@?$_String_val@U?$_Simple_types@D@std@@@std@@QEAAPEADXZ 0000000140002890 f i main.obj
 0001:000018d0       ?_Myres@?$_String_alloc@U?$_String_base_types@DV?$allocator@D@std@@@std@@@std@@QEAAAEA_KXZ 00000001400028d0 f i main.obj
 0001:000018f0       ?_Mysize@?$_String_alloc@U?$_String_base_types@DV?$allocator@D@std@@@std@@@std@@QEAAAEA_KXZ 00000001400028f0 f i main.obj
 0001:000018f0       ?_Mysize@?$_String_alloc@U?$_String_base_types@DV?$allocator@D@std@@@std@@@std@@QEBAAEB_KXZ 00000001400028f0 f i main.obj
 0001:00001910       ?_Tidy@?$basic_string@DU?$char_traits@D@std@@V?$allocator@D@2@@std@@QEAAX_N_K@Z 0000000140002910 f i main.obj
 0001:00001a10       ?_Xlen@?$basic_string@DU?$char_traits@D@std@@V?$allocator@D@2@@std@@QEBAXXZ 0000000140002a10 f i main.obj
 0001:00001a30       ?_Xran@?$basic_string@DU?$char_traits@D@std@@V?$allocator@D@2@@std@@QEBAXXZ 0000000140002a30 f i main.obj
 0001:00001a50       ?allocate@?$_Wrap_alloc@V?$allocator@D@std@@@std@@QEAAPEAD_K@Z 0000000140002a50 f i main.obj
 0001:00001a80       ?allocate@?$allocator@D@std@@QEAAPEAD_K@Z 0000000140002a80 f i main.obj
 0001:00001ab0       ?assign@?$basic_string@DU?$char_traits@D@std@@V?$allocator@D@2@@std@@QEAAAEAV12@AEBV12@_K1@Z 0000000140002ab0 f i main.obj
 0001:00001bb0       ?assign@?$basic_string@DU?$char_traits@D@std@@V?$allocator@D@2@@std@@QEAAAEAV12@PEBD@Z 0000000140002bb0 f i main.obj
 0001:00001be0       ?assign@?$basic_string@DU?$char_traits@D@std@@V?$allocator@D@2@@std@@QEAAAEAV12@PEBD_K@Z 0000000140002be0 f i main.obj
 0001:00001c90       ?assign@?$char_traits@D@std@@SAXAEADAEBD@Z 0000000140002c90 f i main.obj
 0001:00001cb0       ?c_str@?$basic_string@DU?$char_traits@D@std@@V?$allocator@D@2@@std@@QEBAPEBDXZ 0000000140002cb0 f i main.obj
 0001:00001ce0       ?copy@?$char_traits@D@std@@SAPEADPEADPEBD_K@Z 0000000140002ce0 f i main.obj
 0001:00001d30       ?deallocate@?$_Wrap_alloc@V?$allocator@D@std@@@std@@QEAAXPEAD_K@Z 0000000140002d30 f i main.obj
 0001:00001d60       ?deallocate@?$allocator@D@std@@QEAAXPEAD_K@Z 0000000140002d60 f i main.obj
 0001:00001d90       ?erase@?$basic_string@DU?$char_traits@D@std@@V?$allocator@D@2@@std@@QEAAAEAV12@_K0@Z 0000000140002d90 f i main.obj
 0001:00001e70       ?erase@?$basic_string@DU?$char_traits@D@std@@V?$allocator@D@2@@std@@QEAAAEAV12@_K@Z 0000000140002e70 f i main.obj
 0001:00001ec0       ?length@?$char_traits@D@std@@SA_KPEBD@Z 0000000140002ec0 f i main.obj
 0001:00001f20       ?max_size@?$_Wrap_alloc@V?$allocator@D@std@@@std@@QEBA_KU_Nil@2@@Z 0000000140002f20 f i main.obj
 0001:00001f40       ?max_size@?$allocator@D@std@@QEBA_KXZ 0000000140002f40 f i main.obj
 0001:00001f50       ?max_size@?$allocator_traits@V?$allocator@D@std@@@std@@SA_KAEBV?$allocator@D@2@@Z 0000000140002f50 f i main.obj
 0001:00001f70       ?max_size@?$basic_string@DU?$char_traits@D@std@@V?$allocator@D@2@@std@@QEBA_KXZ 0000000140002f70 f i main.obj
 0001:00001fc0       ?move@?$char_traits@D@std@@SAPEADPEADPEBD_K@Z 0000000140002fc0 f i main.obj
 0001:00002010       ?size@?$basic_string@DU?$char_traits@D@std@@V?$allocator@D@2@@std@@QEBA_KXZ 0000000140003010 f i main.obj
 0001:00002030       __local_stdio_printf_options 0000000140003030 f i main.obj
 0001:00002040       _vfprintf_s_l              0000000140003040 f i main.obj
 0001:00002090       printf_s                   0000000140003090 f i main.obj
 0001:000020ec       SDL_GetError               00000001400030ec f   SDL2:SDL2.dll
 0001:000020f2       SDL_MapRGB                 00000001400030f2 f   SDL2:SDL2.dll
 0001:000020f8       SDL_FreeSurface            00000001400030f8 f   SDL2:SDL2.dll
 0001:000020fe       SDL_SetColorKey            00000001400030fe f   SDL2:SDL2.dll
 0001:00002104       SDL_CreateWindow           0000000140003104 f   SDL2:SDL2.dll
 0001:0000210a       SDL_DestroyWindow          000000014000310a f   SDL2:SDL2.dll
 0001:00002110       SDL_PollEvent              0000000140003110 f   SDL2:SDL2.dll
 0001:00002116       SDL_CreateRenderer         0000000140003116 f   SDL2:SDL2.dll
 0001:0000211c       SDL_CreateTextureFromSurface 000000014000311c f   SDL2:SDL2.dll
 0001:00002122       SDL_SetTextureColorMod     0000000140003122 f   SDL2:SDL2.dll
 0001:00002128       SDL_SetTextureAlphaMod     0000000140003128 f   SDL2:SDL2.dll
 0001:0000212e       SDL_SetTextureBlendMode    000000014000312e f   SDL2:SDL2.dll
 0001:00002134       SDL_SetRenderDrawColor     0000000140003134 f   SDL2:SDL2.dll
 0001:0000213a       SDL_RenderClear            000000014000313a f   SDL2:SDL2.dll
 0001:00002140       SDL_RenderCopyEx           0000000140003140 f   SDL2:SDL2.dll
 0001:00002146       SDL_RenderPresent          0000000140003146 f   SDL2:SDL2.dll
 0001:0000214c       SDL_DestroyTexture         000000014000314c f   SDL2:SDL2.dll
 0001:00002152       SDL_DestroyRenderer        0000000140003152 f   SDL2:SDL2.dll
 0001:00002158       SDL_Init                   0000000140003158 f   SDL2:SDL2.dll
 0001:0000215e       SDL_Quit                   000000014000315e f   SDL2:SDL2.dll
 0001:00002164       IMG_Init                   0000000140003164 f   SDL2_image:SDL2_image.dll
 0001:0000216a       IMG_Quit                   000000014000316a f   SDL2_image:SDL2_image.dll
 0001:00002170       IMG_Load                   0000000140003170 f   SDL2_image:SDL2_image.dll
 0001:00002176       IMG_LoadTexture            0000000140003176 f   SDL2_image:SDL2_image.dll
 0001:0000217c       TTF_Init                   000000014000317c f   SDL2_ttf:SDL2_ttf.dll
 0001:00002182       TTF_OpenFont               0000000140003182 f   SDL2_ttf:SDL2_ttf.dll
 0001:00002188       TTF_RenderText_Solid       0000000140003188 f   SDL2_ttf:SDL2_ttf.dll
 0001:0000218e       TTF_CloseFont              000000014000318e f   SDL2_ttf:SDL2_ttf.dll
 0001:00002194       TTF_Quit                   0000000140003194 f   SDL2_ttf:SDL2_ttf.dll
 0001:0000219c       ??0bad_alloc@std@@QEAA@AEBV01@@Z 000000014000319c f i libcpmt:xthrow.obj
 0001:000021dc       ??0bad_alloc@std@@QEAA@XZ  00000001400031dc f i libcpmt:xthrow.obj
 0001:000021fc       ??0exception@std@@QEAA@AEBV01@@Z 00000001400031fc f i libcpmt:xthrow.obj
 0001:00002234       ??0length_error@std@@QEAA@AEBV01@@Z 0000000140003234 f i libcpmt:xthrow.obj
 0001:00002274       ??0length_error@std@@QEAA@PEBD@Z 0000000140003274 f i libcpmt:xthrow.obj
 0001:000022c0       ??0logic_error@std@@QEAA@AEBV01@@Z 00000001400032c0 f i libcpmt:xthrow.obj
 0001:00002300       ??0out_of_range@std@@QEAA@AEBV01@@Z 0000000140003300 f i libcpmt:xthrow.obj
 0001:00002340       ??0out_of_range@std@@QEAA@PEBD@Z 0000000140003340 f i libcpmt:xthrow.obj
 0001:0000238c       ??1out_of_range@std@@UEAA@XZ 000000014000338c f i libcpmt:xthrow.obj
 0001:0000238c       ??1bad_array_new_length@std@@UEAA@XZ 000000014000338c f i LIBCMT:throw_bad_alloc.obj
 0001:0000238c       ??1bad_exception@std@@UEAA@XZ 000000014000338c f i libvcruntime:frame.obj
 0001:0000238c       ??1bad_alloc@std@@UEAA@XZ  000000014000338c f i libcpmt:xthrow.obj
 0001:0000238c       ??1length_error@std@@UEAA@XZ 000000014000338c f i libcpmt:xthrow.obj
 0001:000023a0       ?_Xbad_alloc@std@@YAXXZ    00000001400033a0 f   libcpmt:xthrow.obj
 0001:000023a0       ?__scrt_throw_std_bad_alloc@@YAXXZ 00000001400033a0 f   LIBCMT:throw_bad_alloc.obj
 0001:000023c0       ?_Xlength_error@std@@YAXPEBD@Z 00000001400033c0 f   libcpmt:xthrow.obj
 0001:000023e4       ?_Xout_of_range@std@@YAXPEBD@Z 00000001400033e4 f   libcpmt:xthrow.obj
 0001:00002408       ?what@exception@std@@UEBAPEBDXZ 0000000140003408 f i libcpmt:xthrow.obj
 0001:0000241c       ??2@YAPEAX_K@Z             000000014000341c f   LIBCMT:new_scalar.obj
 0001:00002458       ??3@YAXPEAX@Z              0000000140003458 f   LIBCMT:delete_scalar.obj
 0001:00002460       __scrt_acquire_startup_lock 0000000140003460 f   LIBCMT:utility.obj
 0001:0000249c       __scrt_initialize_crt      000000014000349c f   LIBCMT:utility.obj
 0001:000024e8       __scrt_initialize_onexit_tables 00000001400034e8 f   LIBCMT:utility.obj
 0001:000025b4       __scrt_is_nonwritable_in_current_image 00000001400035b4 f   LIBCMT:utility.obj
 0001:00002650       __scrt_release_startup_lock 0000000140003650 f   LIBCMT:utility.obj
 0001:00002674       __scrt_uninitialize_crt    0000000140003674 f   LIBCMT:utility.obj
 0001:000026a0       _onexit                    00000001400036a0 f   LIBCMT:utility.obj
 0001:000026f0       atexit                     00000001400036f0 f   LIBCMT:utility.obj
 0001:00002708       __GSHandlerCheck           0000000140003708 f   LIBCMT:_gshandler_.obj
 0001:00002728       __GSHandlerCheckCommon     0000000140003728 f   LIBCMT:_gshandler_.obj
 0001:000027a0       __security_check_cookie    00000001400037a0 f   LIBCMT:_amdsecgs_.obj
 0001:00002a2c       mainCRTStartup             0000000140003a2c f   LIBCMT:exe_main.obj
 0001:00002a40       ??3@YAXPEAX_K@Z            0000000140003a40 f   LIBCMT:delete_scalar_size.obj
 0001:00002a48       ??_Etype_info@@UEAAPEAXI@Z 0000000140003a48 f i LIBCMT:std_type_info_static.obj
 0001:00002a48       ??_Gtype_info@@UEAAPEAXI@Z 0000000140003a48 f i LIBCMT:std_type_info_static.obj
 0001:00002a74       ??0bad_array_new_length@std@@QEAA@AEBV01@@Z 0000000140003a74 f i LIBCMT:throw_bad_alloc.obj
 0001:00002ab4       ??0bad_array_new_length@std@@QEAA@XZ 0000000140003ab4 f i LIBCMT:throw_bad_alloc.obj
 0001:00002ad4       ?__scrt_throw_std_bad_array_new_length@@YAXXZ 0000000140003ad4 f   LIBCMT:throw_bad_alloc.obj
 0001:00002af4       __isa_available_init       0000000140003af4 f   LIBCMT:_cpu_disp_.obj
 0001:00002cb8       __scrt_is_ucrt_dll_in_use  0000000140003cb8 f   LIBCMT:ucrt_detection.obj
 0001:00002cc4       __crt_debugger_hook        0000000140003cc4 f   LIBCMT:utility_desktop.obj
 0001:00002ccc       __scrt_fastfail            0000000140003ccc f   LIBCMT:utility_desktop.obj
 0001:00002e14       _matherr                   0000000140003e14 f   LIBCMT:matherr.obj
 0001:00002e14       _get_startup_new_mode      0000000140003e14 f   LIBCMT:new_mode.obj
 0001:00002e14       _get_startup_thread_locale_mode 0000000140003e14 f   LIBCMT:thread_locale.obj
 0001:00002e14       _get_startup_commit_mode   0000000140003e14 f   LIBCMT:commit_mode.obj
 0001:00002e14       __scrt_initialize_winrt    0000000140003e14 f   LIBCMT:utility_desktop.obj
 0001:00002e18       __scrt_is_managed_app      0000000140003e18 f   LIBCMT:utility_desktop.obj
 0001:00002e6c       __scrt_set_unhandled_exception_filter 0000000140003e6c f   LIBCMT:utility_desktop.obj
 0001:00002e7c       __scrt_unhandled_exception_filter 0000000140003e7c f   LIBCMT:utility_desktop.obj
 0001:00002eb4       _guard_check_icall         0000000140003eb4 f i LIBCMT:checkcfg.obj
 0001:00002ebc       __raise_securityfailure    0000000140003ebc f   LIBCMT:gs_report.obj
 0001:00002ef0       __report_gsfailure         0000000140003ef0 f   LIBCMT:gs_report.obj
 0001:00002fc4       __report_rangecheckfailure 0000000140003fc4 f   LIBCMT:gs_report.obj
 0001:00002fd8       __report_securityfailure   0000000140003fd8 f   LIBCMT:gs_report.obj
 0001:00003158       __security_init_cookie     0000000140004158 f   LIBCMT:gs_support.obj
 0001:00003204       _get_startup_argv_mode     0000000140004204 f   LIBCMT:argv_mode.obj
 0001:0000320c       _get_startup_file_mode     000000014000420c f   LIBCMT:file_mode.obj
 0001:00003214       ?__scrt_initialize_type_info@@YAXXZ 0000000140004214 f   LIBCMT:tncleanup.obj
 0001:00003224       _initialize_invalid_parameter_handler 0000000140004224 f   LIBCMT:invalid_parameter_handler.obj
 0001:00003224       __except_validate_context_record 0000000140004224 f   libvcruntime:jbcxrval.obj
 0001:00003224       _initialize_denormal_control 0000000140004224 f   LIBCMT:denormal_control.obj
 0001:00003224       _guard_check_icall_nop     0000000140004224 f   LIBCMT:guard_support.obj
 0001:00003228       __local_stdio_scanf_options 0000000140004228 f i LIBCMT:default_local_stdio_options.obj
 0001:00003230       __scrt_initialize_default_local_stdio_options 0000000140004230 f   LIBCMT:default_local_stdio_options.obj
 0001:0000324c       __scrt_is_user_matherr_present 000000014000424c f   LIBCMT:matherr_detection.obj
 0001:00003258       __scrt_get_dyn_tls_init_callback 0000000140004258 f   LIBCMT:dyn_tls_init.obj
 0001:00003260       __scrt_get_dyn_tls_dtor_callback 0000000140004260 f   LIBCMT:dyn_tls_dtor.obj
 0001:00003268       _RTC_Initialize            0000000140004268 f   LIBCMT:_initsect_.obj
 0001:000032b4       _RTC_Terminate             00000001400042b4 f   LIBCMT:_initsect_.obj
 0001:00003300       IsProcessorFeaturePresent  0000000140004300 f   kernel32:KERNEL32.dll
 0001:00003320       memmove                    0000000140004320 f   libvcruntime:memcpy.obj
 0001:00003320       memcpy                     0000000140004320 f   libvcruntime:memcpy.obj
 0001:00003758       _CxxThrowException         0000000140004758 f   libvcruntime:throw.obj
 0001:00003830       ?_GetEstablisherFrame@@YAPEA_KPEA_KPEAU_xDISPATCHER_CONTEXT@@PEBU_s_FuncInfo@@0@Z 0000000140004830 f   libvcruntime:trnsctrl.obj
 0001:000038fc       ?_GetRangeOfTrysToCheck@@YAPEBU_s_TryBlockMapEntry@@PEA_KPEBU_s_FuncInfo@@HHPEAI2PEAU_xDISPATCHER_CONTEXT@@@Z 00000001400048fc f   libvcruntime:trnsctrl.obj
 0001:00003a28       ?__FrameUnwindToEmptyState@@YAXPEA_KPEAU_xDISPATCHER_CONTEXT@@PEBU_s_FuncInfo@@@Z 0000000140004a28 f   libvcruntime:trnsctrl.obj
 0001:00003abc       ?__SehTransFilter@@YAHPEAU_EXCEPTION_POINTERS@@PEAUEHExceptionRecord@@PEA_KPEAU_CONTEXT@@PEAU_xDISPATCHER_CONTEXT@@PEBU_s_FuncInfo@@PEAH@Z 0000000140004abc f   libvcruntime:trnsctrl.obj
 0001:00003b54       _CallSETranslator          0000000140004b54 f   libvcruntime:trnsctrl.obj
 0001:00003bac       _CreateFrameInfo           0000000140004bac f   libvcruntime:trnsctrl.obj
 0001:00003be8       _FindAndUnlinkFrame        0000000140004be8 f   libvcruntime:trnsctrl.obj
 0001:00003c40       _GetImageBase              0000000140004c40 f   libvcruntime:trnsctrl.obj
 0001:00003c54       _GetThrowImageBase         0000000140004c54 f   libvcruntime:trnsctrl.obj
 0001:00003c68       _IsExceptionObjectToBeDestroyed 0000000140004c68 f   libvcruntime:trnsctrl.obj
 0001:00003c98       _SetImageBase              0000000140004c98 f   libvcruntime:trnsctrl.obj
 0001:00003cb0       _SetThrowImageBase         0000000140004cb0 f   libvcruntime:trnsctrl.obj
 0001:00003cc8       _UnwindNestedFrames        0000000140004cc8 f   libvcruntime:trnsctrl.obj
 0001:00003dec       __CxxFrameHandler3         0000000140004dec f   libvcruntime:trnsctrl.obj
 0001:00003e6c       __std_exception_copy       0000000140004e6c f   libvcruntime:std_exception.obj
 0001:00003efc       __std_exception_destroy    0000000140004efc f   libvcruntime:std_exception.obj
 0001:00003f24       __vcrt_initialize          0000000140004f24 f   libvcruntime:initialization.obj
 0001:00003f5c       __vcrt_uninitialize        0000000140004f5c f   libvcruntime:initialization.obj
 0001:00003f88       __C_specific_handler       0000000140004f88 f   libvcruntime:_chandler_.obj
 0001:0000417c       __telemetry_main_invoke_trigger 000000014000517c f   libvcruntime:telemetry.obj
 0001:00004294       __telemetry_main_return_trigger 0000000140005294 f   libvcruntime:telemetry.obj
 0001:000043ac       __vcrt_initialize_telemetry_provider 00000001400053ac f   libvcruntime:telemetry.obj
 0001:000043c0       __vcrt_uninitialize_telemetry_provider 00000001400053c0 f   libvcruntime:telemetry.obj
 0001:000043f0       memset                     00000001400053f0 f   libvcruntime:memset.obj
 0001:00004590       __std_type_info_compare    0000000140005590 f   libvcruntime:std_type_info.obj
 0001:000045b8       __vcrt_freefls             00000001400055b8 f   libvcruntime:per_thread_data.obj
 0001:000045d8       __vcrt_getptd              00000001400055d8 f   libvcruntime:per_thread_data.obj
 0001:000045f4       __vcrt_getptd_noexit       00000001400055f4 f   libvcruntime:per_thread_data.obj
 0001:0000469c       __vcrt_initialize_ptd      000000014000569c f   libvcruntime:per_thread_data.obj
 0001:000046dc       __vcrt_uninitialize_ptd    00000001400056dc f   libvcruntime:per_thread_data.obj
 0001:00004700       ?__GetCurrentState@@YAHPEA_KPEAU_xDISPATCHER_CONTEXT@@PEBU_s_FuncInfo@@@Z 0000000140005700 f   libvcruntime:ehstate.obj
 0001:00004728       ?__GetUnwindTryBlock@@YAHPEA_KPEAU_xDISPATCHER_CONTEXT@@PEBU_s_FuncInfo@@@Z 0000000140005728 f   libvcruntime:ehstate.obj
 0001:00004754       ?__SetState@@YAXPEA_KPEAU_xDISPATCHER_CONTEXT@@PEBU_s_FuncInfo@@H@Z 0000000140005754 f   libvcruntime:ehstate.obj
 0001:00004760       ?__SetUnwindTryBlock@@YAXPEA_KPEAU_xDISPATCHER_CONTEXT@@PEBU_s_FuncInfo@@H@Z 0000000140005760 f   libvcruntime:ehstate.obj
 0001:0000479c       ?__StateFromControlPc@@YAHPEBU_s_FuncInfo@@PEAU_xDISPATCHER_CONTEXT@@@Z 000000014000579c f   libvcruntime:ehstate.obj
 0001:000047a4       ?__StateFromIp@@YAHPEBU_s_FuncInfo@@PEAU_xDISPATCHER_CONTEXT@@_J@Z 00000001400057a4 f   libvcruntime:ehstate.obj
 0001:00004810       __DestructExceptionObject  0000000140005810 f   libvcruntime:frame.obj
 0001:00004898       ??0bad_exception@std@@QEAA@AEBV01@@Z 0000000140005898 f i libvcruntime:frame.obj
 0001:000048d8       ??0bad_exception@std@@QEAA@XZ 00000001400058d8 f i libvcruntime:frame.obj
 0001:000048f8       ??_Elogic_error@std@@UEAAPEAXI@Z 00000001400058f8 f i libcpmt:xthrow.obj
 0001:000048f8       ??_Ebad_exception@std@@UEAAPEAXI@Z 00000001400058f8 f i libvcruntime:frame.obj
 0001:000048f8       ??_Gexception@std@@UEAAPEAXI@Z 00000001400058f8 f i libcpmt:xthrow.obj
 0001:000048f8       ??_Elength_error@std@@UEAAPEAXI@Z 00000001400058f8 f i libcpmt:xthrow.obj
 0001:000048f8       ??_Gbad_array_new_length@std@@UEAAPEAXI@Z 00000001400058f8 f i LIBCMT:throw_bad_alloc.obj
 0001:000048f8       ??_Glogic_error@std@@UEAAPEAXI@Z 00000001400058f8 f i libcpmt:xthrow.obj
 0001:000048f8       ??_Eexception@std@@UEAAPEAXI@Z 00000001400058f8 f i libcpmt:xthrow.obj
 0001:000048f8       ??_Ebad_alloc@std@@UEAAPEAXI@Z 00000001400058f8 f i libcpmt:xthrow.obj
 0001:000048f8       ??_Ebad_array_new_length@std@@UEAAPEAXI@Z 00000001400058f8 f i LIBCMT:throw_bad_alloc.obj
 0001:000048f8       ??_Gout_of_range@std@@UEAAPEAXI@Z 00000001400058f8 f i libcpmt:xthrow.obj
 0001:000048f8       ??_Gbad_alloc@std@@UEAAPEAXI@Z 00000001400058f8 f i libcpmt:xthrow.obj
 0001:000048f8       ??_Eout_of_range@std@@UEAAPEAXI@Z 00000001400058f8 f i libcpmt:xthrow.obj
 0001:000048f8       ??_Gbad_exception@std@@UEAAPEAXI@Z 00000001400058f8 f i libvcruntime:frame.obj
 0001:000048f8       ??_Glength_error@std@@UEAAPEAXI@Z 00000001400058f8 f i libcpmt:xthrow.obj
 0001:00005264       ?_CallMemberFunction0@@YAXPEAXP6AX0@Z@Z 0000000140006264 f i libvcruntime:frame.obj
 0001:00005268       ?_CallMemberFunction1@@YAXPEAXP6AX0@Z0@Z 0000000140006268 f i libvcruntime:frame.obj
 0001:00005274       ?_CallMemberFunction2@@YAXPEAXP6AX0@Z0H@Z 0000000140006274 f i libvcruntime:frame.obj
 0001:00005284       __AdjustPointer            0000000140006284 f   libvcruntime:frame.obj
 0001:000052a8       __BuildCatchObject         00000001400062a8 f   libvcruntime:frame.obj
 0001:00005370       __BuildCatchObjectHelper   0000000140006370 f   libvcruntime:frame.obj
 0001:00005554       __CxxCallCatchBlock        0000000140006554 f   libvcruntime:frame.obj
 0001:00005740       __FrameUnwindFilter        0000000140006740 f   libvcruntime:frame.obj
 0001:0000578c       __FrameUnwindToState       000000014000678c f   libvcruntime:frame.obj
 0001:00005920       __InternalCxxFrameHandler  0000000140006920 f   libvcruntime:frame.obj
 0001:00005b78       __TypeMatch                0000000140006b78 f   libvcruntime:frame.obj
 0001:00005cb8       __vcrt_initialize_locks    0000000140006cb8 f   libvcruntime:locks.obj
 0001:00005d00       __vcrt_uninitialize_locks  0000000140006d00 f   libvcruntime:locks.obj
 0001:00005f00       __vcrt_EventRegister       0000000140006f00 f   libvcruntime:winapi_downlevel.obj
 0001:00005f84       __vcrt_EventSetInformation 0000000140006f84 f   libvcruntime:winapi_downlevel.obj
 0001:00006008       __vcrt_EventUnregister     0000000140007008 f   libvcruntime:winapi_downlevel.obj
 0001:0000605c       __vcrt_EventWriteTransfer  000000014000705c f   libvcruntime:winapi_downlevel.obj
 0001:000060f4       __vcrt_FlsAlloc            00000001400070f4 f   libvcruntime:winapi_downlevel.obj
 0001:00006148       __vcrt_FlsFree             0000000140007148 f   libvcruntime:winapi_downlevel.obj
 0001:0000619c       __vcrt_FlsGetValue         000000014000719c f   libvcruntime:winapi_downlevel.obj
 0001:000061f0       __vcrt_FlsSetValue         00000001400071f0 f   libvcruntime:winapi_downlevel.obj
 0001:00006258       __vcrt_InitializeCriticalSectionEx 0000000140007258 f   libvcruntime:winapi_downlevel.obj
 0001:000062d0       __vcrt_initialize_winapi_thunks 00000001400072d0 f   libvcruntime:winapi_downlevel.obj
 0001:00006308       __vcrt_uninitialize_winapi_thunks 0000000140007308 f   libvcruntime:winapi_downlevel.obj
 0001:00006348       __vcrt_initialize_pure_virtual_call_handler 0000000140007348 f   libvcruntime:purevirt_data.obj
 0001:00006380       _local_unwind              0000000140007380 f   libvcruntime:_jmpuwind_.obj
 0001:000063b0       _NLG_Notify                00000001400073b0 f   libvcruntime:_jmpuwind_.obj
 0001:000063d0       __NLG_Dispatch2            00000001400073d0 f   libvcruntime:_jmpuwind_.obj
 0001:000063e0       __NLG_Return2              00000001400073e0 f   libvcruntime:_jmpuwind_.obj
 0001:00006400       _CallSettingFrame          0000000140007400 f   libvcruntime:handlers.obj
 0001:00006440       __acrt_call_reportfault    0000000140007440 f   libucrt:invalid_parameter.obj
 0001:0000659c       __acrt_initialize_invalid_parameter_handler 000000014000759c f   libucrt:invalid_parameter.obj
 0001:000065a4       _invalid_parameter         00000001400075a4 f   libucrt:invalid_parameter.obj
 0001:00006654       _invalid_parameter_noinfo  0000000140007654 f   libucrt:invalid_parameter.obj
 0001:00006674       _invalid_parameter_noinfo_noreturn 0000000140007674 f   libucrt:invalid_parameter.obj
 0001:000066a4       _invoke_watson             00000001400076a4 f   libucrt:invalid_parameter.obj
 0001:000066ec       __acrt_initialize_stdio    00000001400076ec f   libucrt:_file.obj
 0001:0000680c       __acrt_iob_func            000000014000780c f   libucrt:_file.obj
 0001:00006820       __acrt_uninitialize_stdio  0000000140007820 f   libucrt:_file.obj
 0001:0000687c       _lock_file                 000000014000787c f   libucrt:_file.obj
 0001:00006888       _unlock_file               0000000140007888 f   libucrt:_file.obj
 0001:000068d4       ??$ensure_buffer_is_big_enough@D@formatting_buffer@__crt_stdio_output@@QEAA_N_K@Z 00000001400078d4 f i libucrt:output.obj
 0001:0000697c       ??$type_case_integer_parse_into_buffer@I@?$output_processor@DV?$stream_output_adapter@D@__crt_stdio_output@@V?$format_validation_base@DV?$stream_output_adapter@D@__crt_stdio_output@@@2@@__crt_stdio_output@@AEAAXII_N@Z 000000014000797c f i libucrt:output.obj
 0001:00006a04       ??$type_case_integer_parse_into_buffer@_K@?$output_processor@DV?$stream_output_adapter@D@__crt_stdio_output@@V?$format_validation_base@DV?$stream_output_adapter@D@__crt_stdio_output@@@2@@__crt_stdio_output@@AEAAX_KI_N@Z 0000000140007a04 f i libucrt:output.obj
 0001:00006a94       ??$write_multiple_characters@V?$stream_output_adapter@D@__crt_stdio_output@@D@__crt_stdio_output@@YAXAEBV?$stream_output_adapter@D@0@DHQEAH@Z 0000000140007a94 f i libucrt:output.obj
 0001:00006b18       ??0_LocaleUpdate@@QEAA@QEAU__crt_locale_pointers@@@Z 0000000140007b18 f i libucrt:output.obj
 0001:00006cd8       ?force_decimal_point@__crt_stdio_output@@YAXPEADQEAU__crt_locale_pointers@@@Z 0000000140007cd8 f i libucrt:output.obj
 0001:00006d48       ?parse_int_from_format_string@?$output_processor@DV?$stream_output_adapter@D@__crt_stdio_output@@V?$format_validation_base@DV?$stream_output_adapter@D@__crt_stdio_output@@@2@@__crt_stdio_output@@AEAA_NQEAH@Z 0000000140007d48 f i libucrt:output.obj
 0001:00006dec       ?process@?$output_processor@DV?$stream_output_adapter@D@__crt_stdio_output@@V?$format_validation_base@DV?$stream_output_adapter@D@__crt_stdio_output@@@2@@__crt_stdio_output@@QEAAHXZ 0000000140007dec f i libucrt:output.obj
 0001:00007018       ?state_case_normal@?$output_processor@DV?$stream_output_adapter@D@__crt_stdio_output@@V?$format_validation_base@DV?$stream_output_adapter@D@__crt_stdio_output@@@2@@__crt_stdio_output@@AEAA_NXZ 0000000140008018 f i libucrt:output.obj
 0001:00007088       ?state_case_normal_tchar@?$output_processor@DV?$stream_output_adapter@D@__crt_stdio_output@@V?$format_validation_base@DV?$stream_output_adapter@D@__crt_stdio_output@@@2@@__crt_stdio_output@@AEAA_ND@Z 0000000140008088 f i libucrt:output.obj
 0001:00007124       ?state_case_size@?$output_processor@DV?$stream_output_adapter@D@__crt_stdio_output@@V?$format_validation_base@DV?$stream_output_adapter@D@__crt_stdio_output@@@2@@__crt_stdio_output@@AEAA_NXZ 0000000140008124 f i libucrt:output.obj
 0001:000072a0       ?state_case_type@?$output_processor@DV?$stream_output_adapter@D@__crt_stdio_output@@V?$format_validation_base@DV?$stream_output_adapter@D@__crt_stdio_output@@@2@@__crt_stdio_output@@AEAA_NXZ 00000001400082a0 f i libucrt:output.obj
 0001:00007538       ?type_case_Z@?$output_processor@DV?$stream_output_adapter@D@__crt_stdio_output@@V?$format_validation_base@DV?$stream_output_adapter@D@__crt_stdio_output@@@2@@__crt_stdio_output@@AEAA_NXZ 0000000140008538 f i libucrt:output.obj
 0001:000075b8       ?type_case_a@?$output_processor@DV?$stream_output_adapter@D@__crt_stdio_output@@V?$format_validation_base@DV?$stream_output_adapter@D@__crt_stdio_output@@@2@@__crt_stdio_output@@AEAA_NXZ 00000001400085b8 f i libucrt:output.obj
 0001:000077d0       ?type_case_c_tchar@?$output_processor@DV?$stream_output_adapter@D@__crt_stdio_output@@V?$format_validation_base@DV?$stream_output_adapter@D@__crt_stdio_output@@@2@@__crt_stdio_output@@AEAA_ND@Z 00000001400087d0 f i libucrt:output.obj
 0001:0000789c       ?type_case_integer@?$output_processor@DV?$stream_output_adapter@D@__crt_stdio_output@@V?$format_validation_base@DV?$stream_output_adapter@D@__crt_stdio_output@@@2@@__crt_stdio_output@@AEAA_NI_N@Z 000000014000889c f i libucrt:output.obj
 0001:00007a60       ?type_case_n@?$output_processor@DV?$stream_output_adapter@D@__crt_stdio_output@@V?$format_validation_base@DV?$stream_output_adapter@D@__crt_stdio_output@@@2@@__crt_stdio_output@@AEAA_NXZ 0000000140008a60 f i libucrt:output.obj
 0001:00007b3c       ?type_case_s@?$output_processor@DV?$stream_output_adapter@D@__crt_stdio_output@@V?$format_validation_base@DV?$stream_output_adapter@D@__crt_stdio_output@@@2@@__crt_stdio_output@@AEAA_NXZ 0000000140008b3c f i libucrt:output.obj
 0001:00007bd8       ?validate_stream_is_ansi_if_required@?$__acrt_stdio_char_traits@D@@SA_NQEAU_iobuf@@@Z 0000000140008bd8 f i libucrt:output.obj
 0001:00007c64       ?write_stored_string_tchar@?$output_processor@DV?$stream_output_adapter@D@__crt_stdio_output@@V?$format_validation_base@DV?$stream_output_adapter@D@__crt_stdio_output@@@2@@__crt_stdio_output@@AEAA_ND@Z 0000000140008c64 f i libucrt:output.obj
 0001:00007d88       ?write_string_impl@?$output_adapter_common@DV?$stream_output_adapter@D@__crt_stdio_output@@@__crt_stdio_output@@IEBAXQEBDHQEAHAEAV__crt_deferred_errno_cache@@@Z 0000000140008d88 f i libucrt:output.obj
 0001:00007e80       __stdio_common_vfprintf_s  0000000140008e80 f   libucrt:output.obj
 0001:00007f0c       __acrt_initialize_new_handler 0000000140008f0c f   libucrt:new_handler.obj
 0001:00007f14       _callnewh                  0000000140008f14 f   libucrt:new_handler.obj
 0001:00007f44       _query_new_handler         0000000140008f44 f   libucrt:new_handler.obj
 0001:00007f78       malloc                     0000000140008f78 f   libucrt:malloc.obj
 0001:00007f80       free                       0000000140008f80 f   libucrt:free.obj
 0001:00007f94       _seh_filter_exe            0000000140008f94 f   libucrt:exception_filter.obj
 0001:000083a0       __acrt_initialize_thread_local_exit_callback 00000001400093a0 f   libucrt:exit.obj
 0001:000083a8       _c_exit                    00000001400093a8 f   libucrt:exit.obj
 0001:000083b8       _cexit                     00000001400093b8 f   libucrt:exit.obj
 0001:000083c8       _exit                      00000001400093c8 f   libucrt:exit.obj
 0001:000083d4       _register_thread_local_exe_atexit_callback 00000001400093d4 f   libucrt:exit.obj
 0001:00008418       exit                       0000000140009418 f   libucrt:exit.obj
 0001:000086ec       __dcrt_get_or_create_narrow_environment_nolock 00000001400096ec f   libucrt:environment_initialization.obj
 0001:00008728       __dcrt_uninitialize_environments_nolock 0000000140009728 f   libucrt:environment_initialization.obj
 0001:00008760       _get_initial_narrow_environment 0000000140009760 f   libucrt:environment_initialization.obj
 0001:000087b0       _initialize_narrow_environment 00000001400097b0 f   libucrt:environment_initialization.obj
 0001:00008b40       _crt_atexit                0000000140009b40 f   libucrt:onexit.obj
 0001:00008b50       _execute_onexit_table      0000000140009b50 f   libucrt:onexit.obj
 0001:00008b8c       _initialize_onexit_table   0000000140009b8c f   libucrt:onexit.obj
 0001:00008bcc       _register_onexit_function  0000000140009bcc f   libucrt:onexit.obj
 0001:00008c5c       __acrt_uninitialize_command_line 0000000140009c5c f   libucrt:argv_data.obj
 0001:00008d58       __acrt_initialize          0000000140009d58 f   libucrt:initialization.obj
 0001:00008d6c       __acrt_uninitialize        0000000140009d6c f   libucrt:initialization.obj
 0001:00008da4       _query_app_type            0000000140009da4 f   libucrt:report_runtime_error.obj
 0001:00008dac       _set_app_type              0000000140009dac f   libucrt:report_runtime_error.obj
 0001:00008db4       __acrt_has_user_matherr    0000000140009db4 f   libucrt:matherr.obj
 0001:00008dd4       __acrt_initialize_user_matherr 0000000140009dd4 f   libucrt:matherr.obj
 0001:00008ddc       __acrt_invoke_user_matherr 0000000140009ddc f   libucrt:matherr.obj
 0001:00008e0c       __setusermatherr           0000000140009e0c f   libucrt:matherr.obj
 0001:00008ff0       __acrt_allocate_buffer_for_argv 0000000140009ff0 f   libucrt:argv_parsing.obj
 0001:00009050       _configure_narrow_argv     000000014000a050 f   libucrt:argv_parsing.obj
 0001:000091d8       _initterm                  000000014000a1d8 f   libucrt:initterm.obj
 0001:0000923c       _initterm_e                000000014000a23c f   libucrt:initterm.obj
 0001:0000927c       _set_fmode                 000000014000a27c f   libucrt:setmode.obj
 0001:000092bc       __acrt_initialize_command_line 000000014000a2bc f   libucrt:argv_data.obj
 0001:000092e4       __p___argc                 000000014000a2e4 f   libucrt:argv_data.obj
 0001:000092ec       __p___argv                 000000014000a2ec f   libucrt:argv_data.obj
 0001:00009364       __acrt_set_locale_changed  000000014000a364 f   libucrt:wsetlocale.obj
 0001:00009370       __acrt_uninitialize_locale 000000014000a370 f   libucrt:wsetlocale.obj
 0001:000093a0       _configthreadlocale        000000014000a3a0 f   libucrt:wsetlocale.obj
 0001:0000940c       _query_new_mode            000000014000a40c f   libucrt:new_mode.obj
 0001:00009414       _set_new_mode              000000014000a414 f   libucrt:new_mode.obj
 0001:00009440       __p__commode               000000014000a440 f   libucrt:ncommode.obj
 0001:00009448       terminate                  000000014000a448 f   libucrt:terminate.obj
 0001:00009468       strcpy_s                   000000014000a468 f   libucrt:strcpy_s.obj
 0001:000094c8       _free_base                 000000014000a4c8 f   libucrt:free_base.obj
 0001:00009508       _malloc_base               000000014000a508 f   libucrt:malloc_base.obj
 0001:00009568       abort                      000000014000a568 f   libucrt:abort.obj
 0001:000095c0       _calloc_base               000000014000a5c0 f   libucrt:calloc_base.obj
 0001:00009638       ??$parse_integer@KV?$c_string_character_source@D@__crt_strtox@@@__crt_strtox@@YAKQEAU__crt_locale_pointers@@V?$c_string_character_source@D@0@H_N@Z 000000014000a638 f i libucrt:atox.obj
 0001:00009ccc       __acrt_getptd              000000014000accc f   libucrt:per_thread_data.obj
 0001:00009d98       __acrt_getptd_head         000000014000ad98 f   libucrt:per_thread_data.obj
 0001:00009e40       __acrt_getptd_noexit       000000014000ae40 f   libucrt:per_thread_data.obj
 0001:00009f10       __acrt_initialize_ptd      000000014000af10 f   libucrt:per_thread_data.obj
 0001:00009f4c       __acrt_uninitialize_ptd    000000014000af4c f   libucrt:per_thread_data.obj
 0001:00009f70       __acrt_errno_from_os_error 000000014000af70 f   libucrt:errno.obj
 0001:00009fb8       __acrt_errno_map_os_error  000000014000afb8 f   libucrt:errno.obj
 0001:0000a008       __doserrno                 000000014000b008 f   libucrt:errno.obj
 0001:0000a028       _errno                     000000014000b028 f   libucrt:errno.obj
 0001:0000a220       __acrt_AppPolicyGetProcessTerminationMethodInternal 000000014000b220 f   libucrt:winapi_thunks.obj
 0001:0000a270       __acrt_CompareStringEx     000000014000b270 f   libucrt:winapi_thunks.obj
 0001:0000a34c       __acrt_FlsAlloc            000000014000b34c f   libucrt:winapi_thunks.obj
 0001:0000a394       __acrt_FlsFree             000000014000b394 f   libucrt:winapi_thunks.obj
 0001:0000a3dc       __acrt_FlsGetValue         000000014000b3dc f   libucrt:winapi_thunks.obj
 0001:0000a424       __acrt_FlsSetValue         000000014000b424 f   libucrt:winapi_thunks.obj
 0001:0000a478       __acrt_InitializeCriticalSectionEx 000000014000b478 f   libucrt:winapi_thunks.obj
 0001:0000a4dc       __acrt_LCMapStringEx       000000014000b4dc f   libucrt:winapi_thunks.obj
 0001:0000a5b8       __acrt_LocaleNameToLCID    000000014000b5b8 f   libucrt:winapi_thunks.obj
 0001:0000a608       __acrt_initialize_winapi_thunks 000000014000b608 f   libucrt:winapi_thunks.obj
 0001:0000a650       __acrt_uninitialize_winapi_thunks 000000014000b650 f   libucrt:winapi_thunks.obj
 0001:0000a694       _fcloseall                 000000014000b694 f   libucrt:closeall.obj
 0001:0000a92c       __acrt_stdio_flush_nolock  000000014000b92c f   libucrt:fflush.obj
 0001:0000a9a8       _fflush_nolock             000000014000b9a8 f   libucrt:fflush.obj
 0001:0000a9f4       _flushall                  000000014000b9f4 f   libucrt:fflush.obj
 0001:0000a9fc       __acrt_stdio_free_buffer_nolock 000000014000b9fc f   libucrt:_freebuf.obj
 0001:0000ac24       __acrt_initialize_lowio    000000014000bc24 f   libucrt:ioinit.obj
 0001:0000ac60       __acrt_uninitialize_lowio  000000014000bc60 f   libucrt:ioinit.obj
 0001:0000aca0       isdigit                    000000014000bca0 f i libucrt:_ctype.obj
 0001:0000ad58       _tolower_l                 000000014000bd58 f   libucrt:tolower_toupper.obj
 0001:0000ae98       tolower                    000000014000be98 f   libucrt:tolower_toupper.obj
 0001:0000aec4       strtol                     000000014000bec4 f   libucrt:strtox.obj
 0001:0000aef0       _mbtowc_l                  000000014000bef0 f   libucrt:mbtowc.obj
 0001:0000b038       mbtowc                     000000014000c038 f   libucrt:mbtowc.obj
 0001:0000b040       _wctomb_s_l                000000014000c040 f   libucrt:wctomb.obj
 0001:0000b1c4       wctomb_s                   000000014000c1c4 f   libucrt:wctomb.obj
 0001:0000b1d8       strnlen                    000000014000c1d8 f   libucrt:strnlen.obj
 0001:0000b31c       wcsnlen                    000000014000c31c f   libucrt:strnlen.obj
 0001:0000b4e4       __acrt_update_locale_info  000000014000c4e4 f   libucrt:locale_update.obj
 0001:0000b518       __acrt_update_multibyte_info 000000014000c518 f   libucrt:locale_update.obj
 0001:0000bf08       __acrt_fp_format           000000014000cf08 f   libucrt:cvt.obj
 0001:0000c190       _fileno                    000000014000d190 f   libucrt:fileno.obj
 0001:0000c1b8       _fputc_nolock              000000014000d1b8 f   libucrt:fputc.obj
 0001:0000c1d0       _get_printf_count_output   000000014000d1d0 f   libucrt:printf_count_output.obj
 0001:0000c1e8       __acrt_stdio_begin_temporary_buffering_nolock 000000014000d1e8 f   libucrt:_sftbuf.obj
 0001:0000c2b8       __acrt_stdio_end_temporary_buffering_nolock 000000014000d2b8 f   libucrt:_sftbuf.obj
 0001:0000c2f4       __acrt_initialize_locks    000000014000d2f4 f   libucrt:locks.obj
 0001:0000c33c       __acrt_lock                000000014000d33c f   libucrt:locks.obj
 0001:0000c358       __acrt_uninitialize_locks  000000014000d358 f   libucrt:locks.obj
 0001:0000c390       __acrt_unlock              000000014000d390 f   libucrt:locks.obj
 0001:0000c3ac       __acrt_get_process_end_policy 000000014000d3ac f   libucrt:win_policies.obj
 0001:0000cb28       __acrt_initialize_multibyte 000000014000db28 f   libucrt:mbctype.obj
 0001:0000cb88       __acrt_update_thread_multibyte_data 000000014000db88 f   libucrt:mbctype.obj
 0001:0000cba4       _setmbcp_nolock            000000014000dba4 f   libucrt:mbctype.obj
 0001:0000ce64       __dcrt_get_narrow_environment_from_os 000000014000de64 f   libucrt:get_environment_from_os.obj
 0001:0000d374       __dcrt_set_variable_in_narrow_environment_nolock 000000014000e374 f   libucrt:setenv.obj
 0001:0000d37c       _recalloc                  000000014000e37c f   libucrt:recalloc.obj
 0001:0000d384       _recalloc_base             000000014000e384 f   libucrt:recalloc.obj
 0001:0000d41c       __acrt_initialize_heap     000000014000e41c f   libucrt:heap_handle.obj
 0001:0000d438       __acrt_uninitialize_heap   000000014000e438 f   libucrt:heap_handle.obj
 0001:0000d444       __acrt_execute_initializers 000000014000e444 f   libucrt:shared_initialization.obj
 0001:0000d4c4       __acrt_execute_uninitializers 000000014000e4c4 f   libucrt:shared_initialization.obj
 0001:0000d548       __acrt_get_sigabrt_handler 000000014000e548 f   libucrt:signal.obj
 0001:0000d578       __acrt_initialize_signal_handlers 000000014000e578 f   libucrt:signal.obj
 0001:0000d598       raise                      000000014000e598 f   libucrt:signal.obj
 0001:0000dd70       __acrt_expand_narrow_argv_wildcards 000000014000ed70 f   libucrt:argv_wildcards.obj
 0001:0000ddf0       _ismbblead                 000000014000edf0 f   libucrt:ismbbyte.obj
 0001:0000de04       __acrt_lowio_create_handle_array 000000014000ee04 f   libucrt:osfinfo.obj
 0001:0000de9c       __acrt_lowio_destroy_handle_array 000000014000ee9c f   libucrt:osfinfo.obj
 0001:0000deec       __acrt_lowio_ensure_fh_exists 000000014000eeec f   libucrt:osfinfo.obj
 0001:0000df94       __acrt_lowio_lock_fh       000000014000ef94 f   libucrt:osfinfo.obj
 0001:0000dfb8       __acrt_lowio_unlock_fh     000000014000efb8 f   libucrt:osfinfo.obj
 0001:0000dfdc       _free_osfhnd               000000014000efdc f   libucrt:osfinfo.obj
 0001:0000e098       _get_osfhandle             000000014000f098 f   libucrt:osfinfo.obj
 0001:0000e110       __acrt_locale_free_monetary 000000014000f110 f   libucrt:initmon.obj
 0001:0000e21c       __acrt_locale_free_numeric 000000014000f21c f   libucrt:initnum.obj
 0001:0000e2dc       __acrt_locale_free_time    000000014000f2dc f   libucrt:inittime.obj
 0001:0000e3e4       __pctype_func              000000014000f3e4 f   libucrt:ctype.obj
 0001:0000e414       wcsncmp                    000000014000f414 f   libucrt:wcsncmp.obj
 0001:0000e440       __acrt_GetStringTypeA      000000014000f440 f   libucrt:getstringtypea.obj
 0001:0000e5d0       __acrt_add_locale_ref      000000014000f5d0 f   libucrt:locale_refcounting.obj
 0001:0000e65c       __acrt_free_locale         000000014000f65c f   libucrt:locale_refcounting.obj
 0001:0000e7d4       __acrt_locale_add_lc_time_reference 000000014000f7d4 f   libucrt:locale_refcounting.obj
 0001:0000e7fc       __acrt_locale_free_lc_time_if_unreferenced 000000014000f7fc f   libucrt:locale_refcounting.obj
 0001:0000e834       __acrt_locale_release_lc_time_reference 000000014000f834 f   libucrt:locale_refcounting.obj
 0001:0000e85c       __acrt_release_locale_ref  000000014000f85c f   libucrt:locale_refcounting.obj
 0001:0000e904       __acrt_update_thread_locale_data 000000014000f904 f   libucrt:locale_refcounting.obj
 0001:0000e974       _updatetlocinfoEx_nolock   000000014000f974 f   libucrt:locale_refcounting.obj
 0001:0000e9dc       _isctype_l                 000000014000f9dc f   libucrt:isctype.obj
 0001:0000ebb8       __acrt_DownlevelLocaleNameToLCID 000000014000fbb8 f   libucrt:lcidtoname_downlevel.obj
 0001:0000ebec       _fclose_nolock             000000014000fbec f   libucrt:fclose.obj
 0001:0000ec70       fclose                     000000014000fc70 f   libucrt:fclose.obj
 0001:0000ed60       _commit                    000000014000fd60 f   libucrt:commit.obj
 0001:0000f3ac       _write                     00000001400103ac f   libucrt:write.obj
 0001:0000f498       _write_nolock              0000000140010498 f   libucrt:write.obj
 0001:0000f7dc       _isleadbyte_l              00000001400107dc f i libucrt:_wctype.obj
 0001:0000fb34       __acrt_LCMapStringA        0000000140010b34 f   libucrt:lcmapstringa.obj
 0001:0000fbcc       __acrt_MultiByteToWideChar 0000000140010bcc f   libucrt:multibytetowidechar.obj
 0001:0000fbd4       __acrt_WideCharToMultiByte 0000000140010bd4 f   libucrt:widechartomultibyte.obj
 0001:0000fbdc       __acrt_fp_strflt_to_string 0000000140010bdc f   libucrt:_fptostr.obj
 0001:0000fca0       ?divide@__crt_strtox@@YA_KAEAUbig_integer@1@AEBU21@@Z 0000000140010ca0 f i libucrt:cfout.obj
 0001:00010134       __acrt_fltout              0000000140011134 f   libucrt:cfout.obj
 0001:000115f0       __acrt_stdio_flush_and_write_narrow_nolock 00000001400125f0 f   libucrt:_flsbuf.obj
 0001:000116d8       _isatty                    00000001400126d8 f   libucrt:isatty.obj
 0001:00011750       _strnicoll                 0000000140012750 f   libucrt:strnicol.obj
 0001:00011768       _strnicoll_l               0000000140012768 f   libucrt:strnicol.obj
 0001:00011868       _msize                     0000000140012868 f   libucrt:msize.obj
 0001:00011870       _msize_base                0000000140012870 f   libucrt:msize.obj
 0001:000118ac       _realloc_base              00000001400128ac f   libucrt:realloc_base.obj
 0001:00011930       qsort                      0000000140012930 f   libucrt:qsort.obj
 0001:00011ce0       strncpy_s                  0000000140012ce0 f   libucrt:strncpy_s.obj
 0001:00011e60       strpbrk                    0000000140012e60 f   libucrt:strpbrk.obj
 0001:00012240       _mbsdec                    0000000140013240 f   libucrt:mbsdec.obj
 0001:00012248       _mbsdec_l                  0000000140013248 f   libucrt:mbsdec.obj
 0001:0001234c       _close                     000000014001334c f   libucrt:close.obj
 0001:000123f0       _close_nolock              00000001400133f0 f   libucrt:close.obj
 0001:000124ac       ?__acrt_stdio_free_stream@@YAXV__crt_stdio_stream@@@Z 00000001400134ac f   libucrt:stream.obj
 0001:00012654       _lseeki64                  0000000140013654 f   libucrt:lseek.obj
 0001:0001265c       _lseeki64_nolock           000000014001365c f   libucrt:lseek.obj
 0001:00012664       _putwch_nolock             0000000140013664 f   libucrt:putwch.obj
 0001:000126a0       __strncnt                  00000001400136a0 f   libucrt:strncnt.obj
 0001:000126b8       fegetenv                   00000001400136b8 f   libucrt:fegetenv.obj
 0001:000126d8       fesetenv                   00000001400136d8 f   libucrt:fesetenv.obj
 0001:00012728       feholdexcept               0000000140013728 f   libucrt:feholdexcept.obj
 0001:00012778       ceil                       0000000140013778 f   libucrt:ceil.obj
 0001:00012840       log10                      0000000140013840 f   libucrt:log10.obj
 0001:00012dec       __acrt_stdio_allocate_buffer_nolock 0000000140013dec f   libucrt:_getbuf.obj
 0001:00012e50       __ascii_strnicmp           0000000140013e50 f   libucrt:strnicmp.obj
 0001:00012eac       _strnicmp                  0000000140013eac f   libucrt:strnicmp.obj
 0001:00012efc       _strnicmp_l                0000000140013efc f   libucrt:strnicmp.obj
 0001:00013328       __acrt_CompareStringA      0000000140014328 f   libucrt:comparestringa.obj
 0001:000133b4       __dcrt_lowio_ensure_console_output_initialized 00000001400143b4 f   libucrt:initcon.obj
 0001:00013408       __dcrt_terminate_console_output 0000000140014408 f   libucrt:initcon.obj
 0001:00013424       __dcrt_write_console_w     0000000140014424 f   libucrt:initcon.obj
 0001:000134e4       __acrt_fenv_get_control    00000001400144e4 f   libucrt:_fenvutils.obj
 0001:000135e4       __acrt_fenv_get_status     00000001400145e4 f   libucrt:_fenvutils.obj
 0001:0001363c       __acrt_fenv_set_control    000000014001463c f   libucrt:_fenvutils.obj
 0001:00013784       __acrt_fenv_set_status     0000000140014784 f   libucrt:_fenvutils.obj
 0001:00013808       _clearfp                   0000000140014808 f   libucrt:ieee.obj
 0001:0001399c       _handle_error              000000014001499c f   libucrt:libm_error.obj
 0001:00013ac4       _handle_nan                0000000140014ac4 f   libucrt:libm_error.obj
 0001:00013ae0       __acrt_initialize_fma3     0000000140014ae0 f   libucrt:fma3_available.obj
 0001:00013b50       _log10_special             0000000140014b50 f   libucrt:log_special.obj
 0001:00013c20       _get_fpsr                  0000000140014c20 f   libucrt:fpsr.obj
 0001:00013c30       _set_fpsr                  0000000140014c30 f   libucrt:fpsr.obj
 0001:00013c3a       _fclrf                     0000000140014c3a f   libucrt:fpsr.obj
 0001:00013c4e       _frnd                      0000000140014c4e f   libucrt:fpsr.obj
 0001:00013c70       _raise_exc                 0000000140014c70 f   libucrt:fpexcept.obj
 0001:00013c98       _raise_exc_ex              0000000140014c98 f   libucrt:fpexcept.obj
 0001:00013fa0       _set_errno_from_matherr    0000000140014fa0 f   libucrt:fpexcept.obj
 0001:00013fd0       _clrfp                     0000000140014fd0 f   libucrt:fpctrl.obj
 0001:00013ff0       _ctrlfp                    0000000140014ff0 f   libucrt:fpctrl.obj
 0001:0001406c       _set_statfp                000000014001506c f   libucrt:fpctrl.obj
 0001:0001408c       _statfp                    000000014001508c f   libucrt:fpctrl.obj
 0001:000140a0       _FindPESection             00000001400150a0 f   LIBCMT:pesect.obj
 0001:000140f0       _IsNonwritableInCurrentImage 00000001400150f0 f   LIBCMT:pesect.obj
 0001:00014140       _ValidateImageBase         0000000140015140 f   LIBCMT:pesect.obj
 0001:00014180       __chkstk                   0000000140015180 f   LIBCMT:_chkstk_.obj
 0001:00014180       _alloca_probe              0000000140015180 f   LIBCMT:_chkstk_.obj
 0001:000141d2       RtlUnwindEx                00000001400151d2 f   kernel32:KERNEL32.dll
 0001:000141d8       SystemFunction036          00000001400151d8 f   advapi32:ADVAPI32.dll
 0001:000141f0       memcmp                     00000001400151f0 f   libvcruntime:memcmp.obj
 0001:000142b8       strrchr                    00000001400152b8 f   libvcruntime:strrchr.obj
 0001:000143fc       strchr                     00000001400153fc f   libvcruntime:strchr.obj
 0001:00014486       SDL_ShowSimpleMessageBox   0000000140015486 f   SDL2:SDL2.dll
 0001:0001448c       SDL_SetMainReady           000000014001548c f   SDL2:SDL2.dll
 0001:00014492       SDL_free                   0000000140015492 f   SDL2:SDL2.dll
 0001:00014498       SDL_malloc                 0000000140015498 f   SDL2:SDL2.dll
 0001:0001449e       SDL_iconv_string           000000014001549e f   SDL2:SDL2.dll
 0001:000144a4       SDL_wcslen                 00000001400154a4 f   SDL2:SDL2.dll
 0001:000144c0       _guard_dispatch_icall_nop  00000001400154c0 f   LIBCMT:_guard_dispatch_.obj
 0002:00000000       __imp_SystemFunction036    0000000140016000     advapi32:ADVAPI32.dll
 0002:00000008       \177ADVAPI32_NULL_THUNK_DATA 0000000140016008     advapi32:ADVAPI32.dll
 0002:00000010       __imp_GetConsoleMode       0000000140016010     kernel32:KERNEL32.dll
 0002:00000018       __imp_GetConsoleCP         0000000140016018     kernel32:KERNEL32.dll
 0002:00000020       __imp_FlushFileBuffers     0000000140016020     kernel32:KERNEL32.dll
 0002:00000028       __imp_GetStringTypeW       0000000140016028     kernel32:KERNEL32.dll
 0002:00000030       __imp_SetStdHandle         0000000140016030     kernel32:KERNEL32.dll
 0002:00000038       __imp_FindNextFileA        0000000140016038     kernel32:KERNEL32.dll
 0002:00000040       __imp_FindFirstFileExA     0000000140016040     kernel32:KERNEL32.dll
 0002:00000048       __imp_FindClose            0000000140016048     kernel32:KERNEL32.dll
 0002:00000050       __imp_HeapSize             0000000140016050     kernel32:KERNEL32.dll
 0002:00000058       __imp_SetEnvironmentVariableA 0000000140016058     kernel32:KERNEL32.dll
 0002:00000060       __imp_FreeEnvironmentStringsW 0000000140016060     kernel32:KERNEL32.dll
 0002:00000068       __imp_GetEnvironmentStringsW 0000000140016068     kernel32:KERNEL32.dll
 0002:00000070       __imp_GetCPInfo            0000000140016070     kernel32:KERNEL32.dll
 0002:00000078       __imp_GetOEMCP             0000000140016078     kernel32:KERNEL32.dll
 0002:00000080       __imp_IsValidCodePage      0000000140016080     kernel32:KERNEL32.dll
 0002:00000088       __imp_GetFileType          0000000140016088     kernel32:KERNEL32.dll
 0002:00000090       __imp_GetProcessHeap       0000000140016090     kernel32:KERNEL32.dll
 0002:00000098       __imp_TlsGetValue          0000000140016098     kernel32:KERNEL32.dll
 0002:000000a0       __imp_WriteConsoleW        00000001400160a0     kernel32:KERNEL32.dll
 0002:000000a8       __imp_CreateFileW          00000001400160a8     kernel32:KERNEL32.dll
 0002:000000b0       __imp_SetFilePointerEx     00000001400160b0     kernel32:KERNEL32.dll
 0002:000000b8       __imp_CloseHandle          00000001400160b8     kernel32:KERNEL32.dll
 0002:000000c0       __imp_RtlCaptureContext    00000001400160c0     kernel32:KERNEL32.dll
 0002:000000c8       __imp_RtlLookupFunctionEntry 00000001400160c8     kernel32:KERNEL32.dll
 0002:000000d0       __imp_RtlVirtualUnwind     00000001400160d0     kernel32:KERNEL32.dll
 0002:000000d8       __imp_IsDebuggerPresent    00000001400160d8     kernel32:KERNEL32.dll
 0002:000000e0       __imp_UnhandledExceptionFilter 00000001400160e0     kernel32:KERNEL32.dll
 0002:000000e8       __imp_SetUnhandledExceptionFilter 00000001400160e8     kernel32:KERNEL32.dll
 0002:000000f0       __imp_GetStartupInfoW      00000001400160f0     kernel32:KERNEL32.dll
 0002:000000f8       __imp_IsProcessorFeaturePresent 00000001400160f8     kernel32:KERNEL32.dll
 0002:00000100       __imp_GetModuleHandleW     0000000140016100     kernel32:KERNEL32.dll
 0002:00000108       __imp_GetCurrentProcess    0000000140016108     kernel32:KERNEL32.dll
 0002:00000110       __imp_TerminateProcess     0000000140016110     kernel32:KERNEL32.dll
 0002:00000118       __imp_QueryPerformanceCounter 0000000140016118     kernel32:KERNEL32.dll
 0002:00000120       __imp_GetCurrentProcessId  0000000140016120     kernel32:KERNEL32.dll
 0002:00000128       __imp_GetCurrentThreadId   0000000140016128     kernel32:KERNEL32.dll
 0002:00000130       __imp_GetSystemTimeAsFileTime 0000000140016130     kernel32:KERNEL32.dll
 0002:00000138       __imp_InitializeSListHead  0000000140016138     kernel32:KERNEL32.dll
 0002:00000140       __imp_RtlPcToFileHeader    0000000140016140     kernel32:KERNEL32.dll
 0002:00000148       __imp_RaiseException       0000000140016148     kernel32:KERNEL32.dll
 0002:00000150       __imp_RtlUnwindEx          0000000140016150     kernel32:KERNEL32.dll
 0002:00000158       __imp_GetLastError         0000000140016158     kernel32:KERNEL32.dll
 0002:00000160       __imp_GetModuleFileNameW   0000000140016160     kernel32:KERNEL32.dll
 0002:00000168       __imp_SetLastError         0000000140016168     kernel32:KERNEL32.dll
 0002:00000170       __imp_EncodePointer        0000000140016170     kernel32:KERNEL32.dll
 0002:00000178       __imp_EnterCriticalSection 0000000140016178     kernel32:KERNEL32.dll
 0002:00000180       __imp_LeaveCriticalSection 0000000140016180     kernel32:KERNEL32.dll
 0002:00000188       __imp_DeleteCriticalSection 0000000140016188     kernel32:KERNEL32.dll
 0002:00000190       __imp_InitializeCriticalSectionAndSpinCount 0000000140016190     kernel32:KERNEL32.dll
 0002:00000198       __imp_TlsAlloc             0000000140016198     kernel32:KERNEL32.dll
 0002:000001a0       __imp_LCMapStringW         00000001400161a0     kernel32:KERNEL32.dll
 0002:000001a8       __imp_TlsSetValue          00000001400161a8     kernel32:KERNEL32.dll
 0002:000001b0       __imp_TlsFree              00000001400161b0     kernel32:KERNEL32.dll
 0002:000001b8       __imp_FreeLibrary          00000001400161b8     kernel32:KERNEL32.dll
 0002:000001c0       __imp_GetProcAddress       00000001400161c0     kernel32:KERNEL32.dll
 0002:000001c8       __imp_LoadLibraryExW       00000001400161c8     kernel32:KERNEL32.dll
 0002:000001d0       __imp_ExitProcess          00000001400161d0     kernel32:KERNEL32.dll
 0002:000001d8       __imp_GetModuleHandleExW   00000001400161d8     kernel32:KERNEL32.dll
 0002:000001e0       __imp_MultiByteToWideChar  00000001400161e0     kernel32:KERNEL32.dll
 0002:000001e8       __imp_WideCharToMultiByte  00000001400161e8     kernel32:KERNEL32.dll
 0002:000001f0       __imp_GetStdHandle         00000001400161f0     kernel32:KERNEL32.dll
 0002:000001f8       __imp_WriteFile            00000001400161f8     kernel32:KERNEL32.dll
 0002:00000200       __imp_GetModuleFileNameA   0000000140016200     kernel32:KERNEL32.dll
 0002:00000208       __imp_GetCommandLineA      0000000140016208     kernel32:KERNEL32.dll
 0002:00000210       __imp_GetCommandLineW      0000000140016210     kernel32:KERNEL32.dll
 0002:00000218       __imp_GetACP               0000000140016218     kernel32:KERNEL32.dll
 0002:00000220       __imp_HeapFree             0000000140016220     kernel32:KERNEL32.dll
 0002:00000228       __imp_HeapAlloc            0000000140016228     kernel32:KERNEL32.dll
 0002:00000230       __imp_CompareStringW       0000000140016230     kernel32:KERNEL32.dll
 0002:00000238       __imp_HeapReAlloc          0000000140016238     kernel32:KERNEL32.dll
 0002:00000240       \177KERNEL32_NULL_THUNK_DATA 0000000140016240     kernel32:KERNEL32.dll
 0002:00000248       __imp_SDL_ShowSimpleMessageBox 0000000140016248     SDL2:SDL2.dll
 0002:00000250       __imp_SDL_SetMainReady     0000000140016250     SDL2:SDL2.dll
 0002:00000258       __imp_SDL_free             0000000140016258     SDL2:SDL2.dll
 0002:00000260       __imp_SDL_malloc           0000000140016260     SDL2:SDL2.dll
 0002:00000268       __imp_SDL_iconv_string     0000000140016268     SDL2:SDL2.dll
 0002:00000270       __imp_SDL_Quit             0000000140016270     SDL2:SDL2.dll
 0002:00000278       __imp_SDL_Init             0000000140016278     SDL2:SDL2.dll
 0002:00000280       __imp_SDL_DestroyRenderer  0000000140016280     SDL2:SDL2.dll
 0002:00000288       __imp_SDL_DestroyTexture   0000000140016288     SDL2:SDL2.dll
 0002:00000290       __imp_SDL_RenderPresent    0000000140016290     SDL2:SDL2.dll
 0002:00000298       __imp_SDL_RenderCopyEx     0000000140016298     SDL2:SDL2.dll
 0002:000002a0       __imp_SDL_RenderClear      00000001400162a0     SDL2:SDL2.dll
 0002:000002a8       __imp_SDL_SetRenderDrawColor 00000001400162a8     SDL2:SDL2.dll
 0002:000002b0       __imp_SDL_SetTextureBlendMode 00000001400162b0     SDL2:SDL2.dll
 0002:000002b8       __imp_SDL_SetTextureAlphaMod 00000001400162b8     SDL2:SDL2.dll
 0002:000002c0       __imp_SDL_SetTextureColorMod 00000001400162c0     SDL2:SDL2.dll
 0002:000002c8       __imp_SDL_CreateTextureFromSurface 00000001400162c8     SDL2:SDL2.dll
 0002:000002d0       __imp_SDL_CreateRenderer   00000001400162d0     SDL2:SDL2.dll
 0002:000002d8       __imp_SDL_PollEvent        00000001400162d8     SDL2:SDL2.dll
 0002:000002e0       __imp_SDL_DestroyWindow    00000001400162e0     SDL2:SDL2.dll
 0002:000002e8       __imp_SDL_CreateWindow     00000001400162e8     SDL2:SDL2.dll
 0002:000002f0       __imp_SDL_SetColorKey      00000001400162f0     SDL2:SDL2.dll
 0002:000002f8       __imp_SDL_FreeSurface      00000001400162f8     SDL2:SDL2.dll
 0002:00000300       __imp_SDL_MapRGB           0000000140016300     SDL2:SDL2.dll
 0002:00000308       __imp_SDL_GetError         0000000140016308     SDL2:SDL2.dll
 0002:00000310       __imp_SDL_wcslen           0000000140016310     SDL2:SDL2.dll
 0002:00000318       \177SDL2_NULL_THUNK_DATA   0000000140016318     SDL2:SDL2.dll
 0002:00000320       __imp_IMG_Init             0000000140016320     SDL2_image:SDL2_image.dll
 0002:00000328       __imp_IMG_Quit             0000000140016328     SDL2_image:SDL2_image.dll
 0002:00000330       __imp_IMG_Load             0000000140016330     SDL2_image:SDL2_image.dll
 0002:00000338       __imp_IMG_LoadTexture      0000000140016338     SDL2_image:SDL2_image.dll
 0002:00000340       \177SDL2_image_NULL_THUNK_DATA 0000000140016340     SDL2_image:SDL2_image.dll
 0002:00000348       __imp_TTF_OpenFont         0000000140016348     SDL2_ttf:SDL2_ttf.dll
 0002:00000350       __imp_TTF_RenderText_Solid 0000000140016350     SDL2_ttf:SDL2_ttf.dll
 0002:00000358       __imp_TTF_CloseFont        0000000140016358     SDL2_ttf:SDL2_ttf.dll
 0002:00000360       __imp_TTF_Quit             0000000140016360     SDL2_ttf:SDL2_ttf.dll
 0002:00000368       __imp_TTF_Init             0000000140016368     SDL2_ttf:SDL2_ttf.dll
 0002:00000370       \177SDL2_ttf_NULL_THUNK_DATA 0000000140016370     SDL2_ttf:SDL2_ttf.dll
 0002:00000378       __guard_check_icall_fptr   0000000140016378     LIBCMT:guard_support.obj
 0002:00000380       __guard_dispatch_icall_fptr 0000000140016380     LIBCMT:guard_support.obj
 0002:00000388       __xc_a                     0000000140016388     LIBCMT:initializers.obj
 0002:000003b0       __xc_z                     00000001400163b0     LIBCMT:initializers.obj
 0002:000003b8       __xi_a                     00000001400163b8     LIBCMT:initializers.obj
 0002:000003d0       __acrt_stdio_initializer   00000001400163d0     libucrt:stdio_initializer.obj
 0002:000003d8       __acrt_multibyte_initializer 00000001400163d8     libucrt:multibyte_initializer.obj
 0002:000003e0       __acrt_tran_fma3_initializer 00000001400163e0     libucrt:fma3_initializer.obj
 0002:000003e8       __xi_z                     00000001400163e8     LIBCMT:initializers.obj
 0002:000003f0       __xp_a                     00000001400163f0     LIBCMT:initializers.obj
 0002:000003f8       __acrt_locale_terminator   00000001400163f8     libucrt:locale_initializer.obj
 0002:00000400       __dcrt_console_output_terminator 0000000140016400     libucrt:console_output_initializer.obj
 0002:00000408       __acrt_stdio_terminator    0000000140016408     libucrt:stdio_initializer.obj
 0002:00000410       __xp_z                     0000000140016410     LIBCMT:initializers.obj
 0002:00000418       __xt_a                     0000000140016418     LIBCMT:initializers.obj
 0002:00000420       __xt_z                     0000000140016420     LIBCMT:initializers.obj
 0002:000007a0       ??_C@_0BI@CFPLBAOH@invalid?5string?5position?$AA@ 00000001400167a0     main.obj
 0002:000007b8       ??_C@_0BA@JFNIOLAK@string?5too?5long?$AA@ 00000001400167b8     main.obj
 0002:000007c8       __real@404e000000000000    00000001400167c8     main.obj
 0002:000007d8       ??_7exception@std@@6B@     00000001400167d8     libcpmt:xthrow.obj
 0002:000007e8       ??_C@_0BC@EOODALEL@Unknown?5exception?$AA@ 00000001400167e8     libcpmt:xthrow.obj
 0002:00000808       ??_7bad_alloc@std@@6B@     0000000140016808     libcpmt:xthrow.obj
 0002:00000818       ??_C@_0P@GHFPNOJB@bad?5allocation?$AA@ 0000000140016818     libcpmt:xthrow.obj
 0002:00000830       ??_7logic_error@std@@6B@   0000000140016830     libcpmt:xthrow.obj
 0002:00000848       ??_7length_error@std@@6B@  0000000140016848     libcpmt:xthrow.obj
 0002:00000860       ??_7out_of_range@std@@6B@  0000000140016860     libcpmt:xthrow.obj
 0002:00000878       ??_7type_info@@6B@         0000000140016878     LIBCMT:std_type_info_static.obj
 0002:00000888       ??_7bad_array_new_length@std@@6B@ 0000000140016888     LIBCMT:throw_bad_alloc.obj
 0002:00000898       ??_C@_0BF@KINCDENJ@bad?5array?5new?5length?$AA@ 0000000140016898     LIBCMT:throw_bad_alloc.obj
 0002:00000998       _Microsoft_CRTProvider     0000000140016998     libvcruntime:telemetry.obj
 0002:000009a0       ??_C@_00CNPNBAHC@?$AA@     00000001400169a0     libvcruntime:telemetry.obj
 0002:000009a4       ??_C@_11LOCGONAA@?$AA?$AA@ 00000001400169a4     libvcruntime:telemetry.obj
 0002:000009a8       ??_C@_0O@JEOPJOMI@Main?5Invoked?4?$AA@ 00000001400169a8     libvcruntime:telemetry.obj
 0002:000009b8       ??_C@_0P@NEAEIBDO@Main?5Returned?4?$AA@ 00000001400169b8     libvcruntime:telemetry.obj
 0002:000009c8       _pDestructExceptionObject  00000001400169c8     libvcruntime:frame.obj
 0002:000009d8       ??_7bad_exception@std@@6B@ 00000001400169d8     libvcruntime:frame.obj
 0002:000009e8       ??_C@_0O@DPKOEFFH@bad?5exception?$AA@ 00000001400169e8     libvcruntime:frame.obj
 0002:00000a18       ??_C@_1BC@DNHGCMLG@?$AAa?$AAd?$AAv?$AAa?$AAp?$AAi?$AA3?$AA2?$AA?$AA@ 0000000140016a18     libvcruntime:winapi_downlevel.obj
 0002:00000a30       ??_C@_1DM@KHCHBNEB@?$AAa?$AAp?$AAi?$AA?9?$AAm?$AAs?$AA?9?$AAw?$AAi?$AAn?$AA?9?$AAc?$AAo?$AAr?$AAe?$AA?9?$AAf?$AAi?$AAb?$AAe?$AAr?$AAs?$AA?9?$AAl?$AA1?$AA?9?$AA1?$AA?9?$AA1?$AA?$AA@ 0000000140016a30     libvcruntime:winapi_downlevel.obj
 0002:00000a70       ??_C@_1DK@LPPGFMPP@?$AAa?$AAp?$AAi?$AA?9?$AAm?$AAs?$AA?9?$AAw?$AAi?$AAn?$AA?9?$AAc?$AAo?$AAr?$AAe?$AA?9?$AAs?$AAy?$AAn?$AAc?$AAh?$AA?9?$AAl?$AA1?$AA?9?$AA2?$AA?9?$AA0?$AA?$AA@ 0000000140016a70     libvcruntime:winapi_downlevel.obj
 0002:00000ab0       ??_C@_1BC@GDMECMAK@?$AAk?$AAe?$AAr?$AAn?$AAe?$AAl?$AA3?$AA2?$AA?$AA@ 0000000140016ab0     libvcruntime:winapi_downlevel.obj
 0002:00000ac8       ??_C@_0O@BAMBGLIE@EventRegister?$AA@ 0000000140016ac8     libvcruntime:winapi_downlevel.obj
 0002:00000ae0       ??_C@_0BE@BJEEGHGK@EventSetInformation?$AA@ 0000000140016ae0     libvcruntime:winapi_downlevel.obj
 0002:00000af8       ??_C@_0BA@FAKLIPIC@EventUnregister?$AA@ 0000000140016af8     libvcruntime:winapi_downlevel.obj
 0002:00000b10       ??_C@_0BD@PKLHJPHD@EventWriteTransfer?$AA@ 0000000140016b10     libvcruntime:winapi_downlevel.obj
 0002:00000b30       ??_C@_08KNHFBNJ@FlsAlloc?$AA@ 0000000140016b30     libvcruntime:winapi_downlevel.obj
 0002:00000b48       ??_C@_07PEJMOBNF@FlsFree?$AA@ 0000000140016b48     libvcruntime:winapi_downlevel.obj
 0002:00000b58       ??_C@_0M@GDNOONDI@FlsGetValue?$AA@ 0000000140016b58     libvcruntime:winapi_downlevel.obj
 0002:00000b70       ??_C@_0M@JCPCPOEF@FlsSetValue?$AA@ 0000000140016b70     libvcruntime:winapi_downlevel.obj
 0002:00000b88       ??_C@_0BM@HCFOFFN@InitializeCriticalSectionEx?$AA@ 0000000140016b88     libvcruntime:winapi_downlevel.obj
 0002:00000ba4       ??_C@_01JOAMLHOP@?9?$AA@   0000000140016ba4     libvcruntime:undname.obj
 0002:00000ba8       ??_C@_01MIFGBAGJ@?$CL?$AA@ 0000000140016ba8     libvcruntime:undname.obj
 0002:00000bac       ??_C@_01HNPIGOCE@?$CG?$AA@ 0000000140016bac     libvcruntime:undname.obj
 0002:00000bb0       ??_C@_03MNHNFDLC@?9?$DO?$CK?$AA@ 0000000140016bb0     libvcruntime:undname.obj
 0002:00000bb4       ??_C@_01KMDKNFGN@?1?$AA@   0000000140016bb4     libvcruntime:undname.obj
 0002:00000bb8       ??_C@_01FGNFDNOH@?$CF?$AA@ 0000000140016bb8     libvcruntime:undname.obj
 0002:00000bbc       ??_C@_01MNNFJEPP@?$DM?$AA@ 0000000140016bbc     libvcruntime:undname.obj
 0002:00000bc0       ??_C@_02EHCHHCKH@?$DM?$DN?$AA@ 0000000140016bc0     libvcruntime:undname.obj
 0002:00000bc4       ??_C@_01PPODPGHN@?$DO?$AA@ 0000000140016bc4     libvcruntime:undname.obj
 0002:00000bc8       ??_C@_02EEKDKGMJ@?$DO?$DN?$AA@ 0000000140016bc8     libvcruntime:undname.obj
 0002:00000bcc       ??_C@_01IHBHIGKO@?0?$AA@   0000000140016bcc     libvcruntime:undname.obj
 0002:00000bd0       ??_C@_02HCKGKOFO@?$CI?$CJ?$AA@ 0000000140016bd0     libvcruntime:undname.obj
 0002:00000bd4       ??_C@_01PJKLJHI@?$HO?$AA@  0000000140016bd4     libvcruntime:undname.obj
 0002:00000bd8       ??_C@_01JKBOJNNK@?$FO?$AA@ 0000000140016bd8     libvcruntime:undname.obj
 0002:00000bdc       ??_C@_01DNKMNLPK@?$HM?$AA@ 0000000140016bdc     libvcruntime:undname.obj
 0002:00000be0       ??_C@_02PPKAJPJL@?$CG?$CG?$AA@ 0000000140016be0     libvcruntime:undname.obj
 0002:00000be4       ??_C@_02NONPIBCD@?$HM?$HM?$AA@ 0000000140016be4     libvcruntime:undname.obj
 0002:00000be8       ??_C@_02FPIMKNGF@?$CK?$DN?$AA@ 0000000140016be8     libvcruntime:undname.obj
 0002:00000bec       ??_C@_02FOEOMHFC@?$CL?$DN?$AA@ 0000000140016bec     libvcruntime:undname.obj
 0002:00000bf0       ??_C@_02FKMDLLOA@?9?$DN?$AA@ 0000000140016bf0     libvcruntime:undname.obj
 0002:00000bf4       ??_C@_02FJEHGPIO@?1?$DN?$AA@ 0000000140016bf4     libvcruntime:undname.obj
 0002:00000bf8       ??_C@_02FENAOKFI@?$CF?$DN?$AA@ 0000000140016bf8     libvcruntime:undname.obj
 0002:00000bfc       ??_C@_03IKFCCPFF@?$DO?$DO?$DN?$AA@ 0000000140016bfc     libvcruntime:undname.obj
 0002:00000c00       ??_C@_03CDNPDDLA@?$DM?$DM?$DN?$AA@ 0000000140016c00     libvcruntime:undname.obj
 0002:00000c04       ??_C@_02FGJGFEAB@?$CG?$DN?$AA@ 0000000140016c04     libvcruntime:undname.obj
 0002:00000c08       ??_C@_02DHLNPPGH@?$HM?$DN?$AA@ 0000000140016c08     libvcruntime:undname.obj
 0002:00000c0c       ??_C@_02MHEGNOJ@?$FO?$DN?$AA@ 0000000140016c0c     libvcruntime:undname.obj
 0002:00000c10       ??_C@_09IFPLHPGF@?$GAvftable?8?$AA@ 0000000140016c10     libvcruntime:undname.obj
 0002:00000c20       ??_C@_09BLBHBJP@?$GAvbtable?8?$AA@ 0000000140016c20     libvcruntime:undname.obj
 0002:00000c30       ??_C@_07FEEIOKP@?$GAvcall?8?$AA@ 0000000140016c30     libvcruntime:undname.obj
 0002:00000c38       ??_C@_08LLFFHHDJ@?$GAtypeof?8?$AA@ 0000000140016c38     libvcruntime:undname.obj
 0002:00000c48       ??_C@_0BF@KDPPACIK@?$GAlocal?5static?5guard?8?$AA@ 0000000140016c48     libvcruntime:undname.obj
 0002:00000c60       ??_C@_08OBABFOLI@?$GAstring?8?$AA@ 0000000140016c60     libvcruntime:undname.obj
 0002:00000c70       ??_C@_0BD@JDLKDPAB@?$GAvbase?5destructor?8?$AA@ 0000000140016c70     libvcruntime:undname.obj
 0002:00000c88       ??_C@_0BN@DEGPLNFK@?$GAvector?5deleting?5destructor?8?$AA@ 0000000140016c88     libvcruntime:undname.obj
 0002:00000ca8       ??_C@_0BO@OBMKPJIG@?$GAdefault?5constructor?5closure?8?$AA@ 0000000140016ca8     libvcruntime:undname.obj
 0002:00000cc8       ??_C@_0BN@IMDCHIKM@?$GAscalar?5deleting?5destructor?8?$AA@ 0000000140016cc8     libvcruntime:undname.obj
 0002:00000ce8       ??_C@_0BO@PFGOCPJJ@?$GAvector?5constructor?5iterator?8?$AA@ 0000000140016ce8     libvcruntime:undname.obj
 0002:00000d08       ??_C@_0BN@LFPFMEDL@?$GAvector?5destructor?5iterator?8?$AA@ 0000000140016d08     libvcruntime:undname.obj
 0002:00000d28       ??_C@_0CE@IKBNEHA@?$GAvector?5vbase?5constructor?5iterat@ 0000000140016d28     libvcruntime:undname.obj
 0002:00000d50       ??_C@_0BL@NILFHHPC@?$GAvirtual?5displacement?5map?8?$AA@ 0000000140016d50     libvcruntime:undname.obj
 0002:00000d70       ??_C@_0CB@JONCMFFK@?$GAeh?5vector?5constructor?5iterator?8@ 0000000140016d70     libvcruntime:undname.obj
 0002:00000d98       ??_C@_0CA@GCEOPDGL@?$GAeh?5vector?5destructor?5iterator?8?$AA@ 0000000140016d98     libvcruntime:undname.obj
 0002:00000db8       ??_C@_0CH@OOJPLCPH@?$GAeh?5vector?5vbase?5constructor?5ite@ 0000000140016db8     libvcruntime:undname.obj
 0002:00000de0       ??_C@_0BL@LLKPOHJI@?$GAcopy?5constructor?5closure?8?$AA@ 0000000140016de0     libvcruntime:undname.obj
 0002:00000e00       ??_C@_0BA@KBCDOMBN@?$GAudt?5returning?8?$AA@ 0000000140016e00     libvcruntime:undname.obj
 0002:00000e10       ??_C@_03KLGMFNMG@?$GAEH?$AA@ 0000000140016e10     libvcruntime:undname.obj
 0002:00000e14       ??_C@_05KHLCHHI@?$GARTTI?$AA@ 0000000140016e14     libvcruntime:undname.obj
 0002:00000e20       ??_C@_0BA@KKLDJDLB@?$GAlocal?5vftable?8?$AA@ 0000000140016e20     libvcruntime:undname.obj
 0002:00000e30       ??_C@_0CE@IIHCMGGL@?$GAlocal?5vftable?5constructor?5closu@ 0000000140016e30     libvcruntime:undname.obj
[...]
 0004:000010c8       $pdata$_updatetlocinfoEx_nolock 00000001400240c8     libucrt:locale_refcounting.obj
 0004:000010d4       $pdata$_isctype_l          00000001400240d4     libucrt:isctype.obj
 0004:000010e0       $pdata$?GetTableIndexFromLocaleName@@YAHPEB_W@Z 00000001400240e0     libucrt:lcidtoname_downlevel.obj
 0004:000010ec       $pdata$__acrt_DownlevelLocaleNameToLCID 00000001400240ec     libucrt:lcidtoname_downlevel.obj
 0004:000010f8       $pdata$_fclose_nolock      00000001400240f8     libucrt:fclose.obj
 0004:00001104       $pdata$fclose              0000000140024104     libucrt:fclose.obj
 0004:00001110       $pdata$??$?RV<lambda_a37b2b86f63e897a80ea819b0eb08c01>@@AEAV<lambda_38ce7e780aa69e748d6df282ebc68efe>@@V<lambda_99fb1378e971ab6e7edea83e3a7a83a2>@@@?$__crt_seh_guarded_call@H@@QEAAH$$QEAV<lambda_a37b2b86f63e897a80ea819b0eb08c01>@@AEAV<lambda_38ce7e780aa69e748d6df282ebc68efe>@@$$QEAV<lambda_99fb1378e971ab6e7edea83e3a7a83a2>@@@Z 0000000140024110     libucrt:commit.obj
 0004:0000111c       $pdata$_commit             000000014002411c     libucrt:commit.obj
 0004:00001128       $pdata$?write_double_translated_ansi_nolock@@YA?AUwrite_result@?A0x17268360@@HQEBDI@Z 0000000140024128     libucrt:write.obj
 0004:00001134       $pdata$?write_text_ansi_nolock@@YA?AUwrite_result@?A0x17268360@@HQEBDI@Z 0000000140024134     libucrt:write.obj
 0004:00001140       $pdata$?write_text_utf16le_nolock@@YA?AUwrite_result@?A0x17268360@@HQEBDI@Z 0000000140024140     libucrt:write.obj
 0004:0000114c       $pdata$?write_text_utf8_nolock@@YA?AUwrite_result@?A0x17268360@@HQEBDI@Z 000000014002414c     libucrt:write.obj
 0004:00001158       $pdata$_write              0000000140024158     libucrt:write.obj
 0004:00001164       $pdata$_write_nolock       0000000140024164     libucrt:write.obj
 0004:00001170       $pdata$_isleadbyte_l       0000000140024170     libucrt:_wctype.obj
 0004:0000117c       $pdata$?__acrt_LCMapStringA_stat@@YAHPEAU__crt_locale_pointers@@PEB_WKPEBDHPEADHHH@Z 000000014002417c     libucrt:lcmapstringa.obj
 0004:00001188       $pdata$__acrt_LCMapStringA 0000000140024188     libucrt:lcmapstringa.obj
 0004:00001194       $pdata$__acrt_fp_strflt_to_string 0000000140024194     libucrt:_fptostr.obj
 0004:000011a0       $pdata$?divide@__crt_strtox@@YA_KAEAUbig_integer@1@AEBU21@@Z 00000001400241a0     libucrt:cfout.obj
 0004:000011ac       $pdata$5$?divide@__crt_strtox@@YA_KAEAUbig_integer@1@AEBU21@@Z 00000001400241ac     libucrt:cfout.obj
 0004:000011b8       $pdata$6$?divide@__crt_strtox@@YA_KAEAUbig_integer@1@AEBU21@@Z 00000001400241b8     libucrt:cfout.obj
 0004:000011c4       $pdata$__acrt_fltout       00000001400241c4     libucrt:cfout.obj
 0004:000011d0       $pdata$memcpy_s            00000001400241d0     libucrt:cfout.obj
 0004:000011dc       $pdata$??$write_buffer_nolock@D@@YA_NDV__crt_stdio_stream@@@Z 00000001400241dc     libucrt:_flsbuf.obj
 0004:000011e8       $pdata$__acrt_stdio_flush_and_write_narrow_nolock 00000001400241e8     libucrt:_flsbuf.obj
 0004:000011f4       $pdata$_isatty             00000001400241f4     libucrt:isatty.obj
 0004:00001200       $pdata$?initialize_multibyte@@YAHXZ 0000000140024200     libucrt:multibyte_initializer.obj
 0004:0000120c       $pdata$_strnicoll_l        000000014002420c     libucrt:strnicol.obj
 0004:00001218       $pdata$_msize_base         0000000140024218     libucrt:msize.obj
 0004:00001224       $pdata$_realloc_base       0000000140024224     libucrt:realloc_base.obj
 0004:00001230       $pdata$qsort               0000000140024230     libucrt:qsort.obj
 0004:0000123c       $pdata$4$qsort             000000014002423c     libucrt:qsort.obj
 0004:00001248       $pdata$5$qsort             0000000140024248     libucrt:qsort.obj
 0004:00001254       $pdata$strncpy_s           0000000140024254     libucrt:strncpy_s.obj
 0004:00001260       $pdata$fallbackMethod      0000000140024260     libucrt:strpbrk.obj
 0004:0000126c       $pdata$strpbrk             000000014002426c     libucrt:strpbrk.obj
 0004:00001278       $pdata$_mbsdec_l           0000000140024278     libucrt:mbsdec.obj
 0004:00001284       $pdata$??$?RV<lambda_751a882b2c74d4b022dec766aa51a29a>@@AEAV<lambda_628dfdc04ba53c8bfc02c9951375f3f5>@@V<lambda_f6c7be5f7998530c34de24c7437d6b54>@@@?$__crt_seh_guarded_call@H@@QEAAH$$QEAV<lambda_751a882b2c74d4b022dec766aa51a29a>@@AEAV<lambda_628dfdc04ba53c8bfc02c9951375f3f5>@@$$QEAV<lambda_f6c7be5f7998530c34de24c7437d6b54>@@@Z 0000000140024284     libucrt:close.obj
 0004:00001290       $pdata$_close              0000000140024290     libucrt:close.obj
 0004:0000129c       $pdata$_close_nolock       000000014002429c     libucrt:close.obj
 0004:000012a8       $pdata$??$common_lseek@_J@@YA_JH_JH@Z 00000001400242a8     libucrt:lseek.obj
 0004:000012b4       $pdata$??$common_lseek_nolock@_J@@YA_JH_JH@Z 00000001400242b4     libucrt:lseek.obj
 0004:000012c0       $pdata$_putwch_nolock      00000001400242c0     libucrt:putwch.obj
 0004:000012cc       $pdata$fegetenv            00000001400242cc     libucrt:fegetenv.obj
 0004:000012d8       $pdata$fesetenv            00000001400242d8     libucrt:fesetenv.obj
 0004:000012e4       $pdata$feholdexcept        00000001400242e4     libucrt:feholdexcept.obj
 0004:000012fc       $pdata$__acrt_stdio_allocate_buffer_nolock 00000001400242fc     libucrt:_getbuf.obj
 0004:00001308       $pdata$__ascii_strnicmp    0000000140024308     libucrt:strnicmp.obj
 0004:00001314       $pdata$_strnicmp           0000000140024314     libucrt:strnicmp.obj
 0004:00001320       $pdata$_strnicmp_l         0000000140024320     libucrt:strnicmp.obj
 0004:0000132c       $pdata$?InternalCompareStringA@@YAHPEAU__crt_locale_pointers@@PEB_WKPEBDH2HH@Z 000000014002432c     libucrt:comparestringa.obj
 0004:00001338       $pdata$__acrt_CompareStringA 0000000140024338     libucrt:comparestringa.obj
 0004:00001344       $pdata$__dcrt_lowio_ensure_console_output_initialized 0000000140024344     libucrt:initcon.obj
 0004:00001350       $pdata$__dcrt_terminate_console_output 0000000140024350     libucrt:initcon.obj
 0004:0000135c       $pdata$__dcrt_write_console_w 000000014002435c     libucrt:initcon.obj
 0004:00001368       $pdata$__acrt_fenv_set_control 0000000140024368     libucrt:_fenvutils.obj
 0004:00001374       $pdata$_clearfp            0000000140024374     libucrt:ieee.obj
 0004:00001380       $pdata$_call_matherr       0000000140024380     libucrt:libm_error.obj
 0004:0000138c       $pdata$_exception_enabled  000000014002438c     libucrt:libm_error.obj
 0004:00001398       $pdata$_handle_error       0000000140024398     libucrt:libm_error.obj
 0004:000013a4       $pdata$__acrt_initialize_fma3 00000001400243a4     libucrt:fma3_available.obj
 0004:000013b0       $pdata$_log10_special      00000001400243b0     libucrt:log_special.obj
 0004:000013bc       $pdata$_log_special_common 00000001400243bc     libucrt:log_special.obj
 0004:000013d4       $pdata$_raise_exc          00000001400243d4     libucrt:fpexcept.obj
 0004:000013e0       $pdata$_raise_exc_ex       00000001400243e0     libucrt:fpexcept.obj
 0004:000013ec       $pdata$_set_errno_from_matherr 00000001400243ec     libucrt:fpexcept.obj
 0004:000013f8       $pdata$_clrfp              00000001400243f8     libucrt:fpctrl.obj
 0004:00001404       $pdata$_ctrlfp             0000000140024404     libucrt:fpctrl.obj
 0004:00001410       $pdata$_set_statfp         0000000140024410     libucrt:fpctrl.obj
 0004:0000141c       $pdata$_statfp             000000014002441c     libucrt:fpctrl.obj
 0004:00001428       $pdata$_IsNonwritableInCurrentImage 0000000140024428     LIBCMT:pesect.obj
 0004:0000144c       $pdata$strrchr             000000014002444c     libvcruntime:strrchr.obj
 0004:00001458       $pdata$strchr              0000000140024458     libvcruntime:strchr.obj
 0004:00001470       $pdata$?dtor$0@?0??loadFromFile@LTexture@@QEAA_NV?$basic_string@DU?$char_traits@D@std@@V?$allocator@D@2@@std@@@Z@4HA 0000000140024470     main.obj
 0004:0000147c       $pdata$?dtor$0@?0??loadFromRenderedText@LTexture@@QEAA_NV?$basic_string@DU?$char_traits@D@std@@V?$allocator@D@2@@std@@USDL_Color@@@Z@4HA 000000014002447c     main.obj
 0004:00001488       $pdata$?catch$1@?0??_Copy@?$basic_string@DU?$char_traits@D@std@@V?$allocator@D@2@@std@@QEAAX_K0@Z@4HA 0000000140024488     main.obj
 0004:00001494       $pdata$?catch$0@?0??_Copy@?$basic_string@DU?$char_traits@D@std@@V?$allocator@D@2@@std@@QEAAX_K0@Z@4HA 0000000140024494     main.obj
 0004:000014a0       $pdata$__scrt_is_nonwritable_in_current_image$filt$0 00000001400244a0     LIBCMT:utility.obj
 0004:000014ac       $pdata$?filt$0@?0??__scrt_common_main_seh@@YAHXZ@4HA 00000001400244ac     LIBCMT:exe_main.obj
 0004:000014b8       $pdata$_CallSETranslator$filt$0 00000001400244b8     libvcruntime:trnsctrl.obj
 0004:000014c4       $pdata$__CxxCallCatchBlock$filt$0 00000001400244c4     libvcruntime:frame.obj
 0004:000014d0       $pdata$__CxxCallCatchBlock$fin$1 00000001400244d0     libvcruntime:frame.obj
 0004:000014dc       $pdata$__DestructExceptionObject$filt$0 00000001400244dc     libvcruntime:frame.obj
 0004:000014e8       $pdata$__FrameUnwindToState$filt$0 00000001400244e8     libvcruntime:frame.obj
 0004:000014f4       $pdata$__FrameUnwindToState$fin$1 00000001400244f4     libvcruntime:frame.obj
 0004:00001500       $pdata$_query_new_handler$fin$0 0000000140024500     libucrt:new_handler.obj
 0004:0000150c       $pdata$?filt$0@?0???R<lambda_6e4b09c48022b2350581041d5f6b0c4c>@@QEBA@XZ@4HA 000000014002450c     libucrt:exit.obj
 0004:00001518       $pdata$?fin$0@?0???$?RV<lambda_410d79af7f07d98d83a3f525b3859a53>@@AEAV<lambda_3e16ef9562a7dcce91392c22ab16ea36>@@V<lambda_38119f0e861e05405d8a144b9b982f0a>@@@?$__crt_seh_guarded_call@X@@QEAAX$$QEAV<lambda_410d79af7f07d98d83a3f525b3859a53>@@AEAV<lambda_3e16ef9562a7dcce91392c22ab16ea36>@@$$QEAV<lambda_38119f0e861e05405d8a144b9b982f0a>@@@Z@4HA 0000000140024518     libucrt:wsetlocale.obj
 0004:00001524       $pdata$?fin$0@?0???$?RV<lambda_8369fcb7c4df1e85de37618bd2b85f07>@@AEAV<lambda_a10e4b102d4a2c3aac6f4f48bbdf488f>@@V<lambda_5b7707bd6d7a0c4713179f36c7fd995d>@@@?$__crt_seh_guarded_call@H@@QEAAH$$QEAV<lambda_8369fcb7c4df1e85de37618bd2b85f07>@@AEAV<lambda_a10e4b102d4a2c3aac6f4f48bbdf488f>@@$$QEAV<lambda_5b7707bd6d7a0c4713179f36c7fd995d>@@@Z@4HA 0000000140024524     libucrt:onexit.obj
 0004:00001524       $pdata$?fin$0@?0???$?RV<lambda_d80eeec6fff315bfe5c115232f3240e3>@@AEAV<lambda_6e4b09c48022b2350581041d5f6b0c4c>@@V<lambda_2358e3775559c9db80273638284d5e45>@@@?$__crt_seh_guarded_call@X@@QEAAX$$QEAV<lambda_d80eeec6fff315bfe5c115232f3240e3>@@AEAV<lambda_6e4b09c48022b2350581041d5f6b0c4c>@@$$QEAV<lambda_2358e3775559c9db80273638284d5e45>@@@Z@4HA 0000000140024524     libucrt:exit.obj
 0004:00001524       $pdata$?fin$0@?0???$?RV<lambda_efdfa57d1f175319df784efa44bb7b81>@@AEAV<lambda_5f0a4c1567f8adc6734073e5d1e1b35c>@@V<lambda_2e8a7d3640ea6ccb4c2413664c2db6fd>@@@?$__crt_seh_guarded_call@X@@QEAAX$$QEAV<lambda_efdfa57d1f175319df784efa44bb7b81>@@AEAV<lambda_5f0a4c1567f8adc6734073e5d1e1b35c>@@$$QEAV<lambda_2e8a7d3640ea6ccb4c2413664c2db6fd>@@@Z@4HA 0000000140024524     libucrt:mbctype.obj
 0004:00001524       $pdata$?fin$0@?0???$?RV<lambda_0ae27a3a962d80f24befdcbee591983d>@@AEAV<lambda_8d0ee55de4b1038c4002e0adecdf1839>@@V<lambda_dc504788e8f1664fe9b84e20bfb512f2>@@@?$__crt_seh_guarded_call@X@@QEAAX$$QEAV<lambda_0ae27a3a962d80f24befdcbee591983d>@@AEAV<lambda_8d0ee55de4b1038c4002e0adecdf1839>@@$$QEAV<lambda_dc504788e8f1664fe9b84e20bfb512f2>@@@Z@4HA 0000000140024524     libucrt:per_thread_data.obj
 0004:00001524       $pdata$?fin$0@?0???$?RV<lambda_aa87e3671a710a21b5dc78c0bdf72e11>@@AEAV<lambda_92619d2358a28f41a33ba319515a20b9>@@V<lambda_6992ecaafeb10aed2b74cb1fae11a551>@@@?$__crt_seh_guarded_call@X@@QEAAX$$QEAV<lambda_aa87e3671a710a21b5dc78c0bdf72e11>@@AEAV<lambda_92619d2358a28f41a33ba319515a20b9>@@$$QEAV<lambda_6992ecaafeb10aed2b74cb1fae11a551>@@@Z@4HA 0000000140024524     libucrt:per_thread_data.obj
 0004:00001524       $pdata$?fin$0@?0???$?RV<lambda_f2e299630e499de9f9a165e60fcd3db5>@@AEAV<lambda_2ae9d31cdba2644fcbeaf08da7c24588>@@V<lambda_40d01ff24d0e7b3814fdbdcee8eab3c7>@@@?$__crt_seh_guarded_call@X@@QEAAX$$QEAV<lambda_f2e299630e499de9f9a165e60fcd3db5>@@AEAV<lambda_2ae9d31cdba2644fcbeaf08da7c24588>@@$$QEAV<lambda_40d01ff24d0e7b3814fdbdcee8eab3c7>@@@Z@4HA 0000000140024524     libucrt:per_thread_data.obj
 0004:00001524       $pdata$?fin$0@?0???$?RV<lambda_450d765d439847d4c735a33c368b5fc0>@@AEAV<lambda_44731a7d0e6d81c3e6aa82d741081786>@@V<lambda_601a2a7da3b7a96e9554ac7215c4b07c>@@@?$__crt_seh_guarded_call@P6AXH@Z@@QEAAP6AXH@Z$$QEAV<lambda_450d765d439847d4c735a33c368b5fc0>@@AEAV<lambda_44731a7d0e6d81c3e6aa82d741081786>@@$$QEAV<lambda_601a2a7da3b7a96e9554ac7215c4b07c>@@@Z@4HA 0000000140024524     libucrt:signal.obj
 0004:00001524       $pdata$?fin$0@?0???$?RV<lambda_7777bce6b2f8c936911f934f8298dc43>@@AEAV<lambda_f03950bc5685219e0bcd2087efbe011e>@@V<lambda_3883c3dff614d5e0c5f61bb1ac94921c>@@@?$__crt_seh_guarded_call@H@@QEAAH$$QEAV<lambda_7777bce6b2f8c936911f934f8298dc43>@@AEAV<lambda_f03950bc5685219e0bcd2087efbe011e>@@$$QEAV<lambda_3883c3dff614d5e0c5f61bb1ac94921c>@@@Z@4HA 0000000140024524     libucrt:onexit.obj
 0004:00001524       $pdata$?fin$0@?0???$?RV<lambda_2d41944a1d46af3157314b8a01080d33>@@AEAV<lambda_8f455de75cd7d7f24b4096f044d8b9e6>@@V<lambda_aa500f224e6afead328df44964fe2772>@@@?$__crt_seh_guarded_call@X@@QEAAX$$QEAV<lambda_2d41944a1d46af3157314b8a01080d33>@@AEAV<lambda_8f455de75cd7d7f24b4096f044d8b9e6>@@$$QEAV<lambda_aa500f224e6afead328df44964fe2772>@@@Z@4HA 0000000140024524     libucrt:per_thread_data.obj
 0004:00001530       $pdata$_fcloseall$fin$0    0000000140024530     libucrt:closeall.obj
 0004:0000153c       $pdata$?fin$0@?0???$?RV<lambda_842d9ff0dc9ef11c61343bbaebe7f885>@@AEAV<lambda_c5860995281e5c4ce005b3de8f5874ee>@@V<lambda_d90129c13df834fdcbf8d2b88dafcf2d>@@@?$__crt_seh_guarded_call@X@@QEAAX$$QEAV<lambda_842d9ff0dc9ef11c61343bbaebe7f885>@@AEAV<lambda_c5860995281e5c4ce005b3de8f5874ee>@@$$QEAV<lambda_d90129c13df834fdcbf8d2b88dafcf2d>@@@Z@4HA 000000014002453c     libucrt:fflush.obj
 0004:0000153c       $pdata$?fin$0@?0???$?RV<lambda_74b93660f2d9eb3fb15c5de9eff9db7b>@@AEAV<lambda_32f117a32e8f8eb613cbf2ca819ed45e>@@V<lambda_7322894ee7c8a2d41153fedefeab09e3>@@@?$__crt_seh_guarded_call@H@@QEAAH$$QEAV<lambda_74b93660f2d9eb3fb15c5de9eff9db7b>@@AEAV<lambda_32f117a32e8f8eb613cbf2ca819ed45e>@@$$QEAV<lambda_7322894ee7c8a2d41153fedefeab09e3>@@@Z@4HA 000000014002453c     libucrt:output.obj
 0004:00001548       $pdata$?fin$0@?0???$?RV<lambda_886d6c58226a84441f68b9f2b8217b83>@@AEAV<lambda_ab61a845afdef5b7c387490eaf3616ee>@@V<lambda_f7f22ab5edc0698d5f6905b0d3f44752>@@@?$__crt_seh_guarded_call@X@@QEAAX$$QEAV<lambda_886d6c58226a84441f68b9f2b8217b83>@@AEAV<lambda_ab61a845afdef5b7c387490eaf3616ee>@@$$QEAV<lambda_f7f22ab5edc0698d5f6905b0d3f44752>@@@Z@4HA 0000000140024548     libucrt:fflush.obj
 0004:00001554       $pdata$__acrt_initialize_lowio$fin$0 0000000140024554     libucrt:ioinit.obj
 0004:00001554       $pdata$__acrt_lowio_ensure_fh_exists$fin$0 0000000140024554     libucrt:osfinfo.obj
 0004:00001560       $pdata$?fin$0@?0??update_thread_multibyte_data_internal@@YAPEAU__crt_multibyte_data@@QEAU__acrt_ptd@@QEAPEAU1@@Z@4HA 0000000140024560     libucrt:mbctype.obj
 0004:0000156c       $pdata$raise$fin$0         000000014002456c     libucrt:signal.obj
 0004:00001578       $pdata$__acrt_update_thread_locale_data$fin$0 0000000140024578     libucrt:locale_refcounting.obj
 0004:00001584       $pdata$fclose$fin$0        0000000140024584     libucrt:fclose.obj
 0004:00001590       $pdata$?fin$0@?0???$common_lseek@_J@@YA_JH_JH@Z@4HA 0000000140024590     libucrt:lseek.obj
 0004:00001590       $pdata$_write$fin$0        0000000140024590     libucrt:write.obj
 0004:0000159c       $pdata$?fin$0@?0???$?RV<lambda_751a882b2c74d4b022dec766aa51a29a>@@AEAV<lambda_628dfdc04ba53c8bfc02c9951375f3f5>@@V<lambda_f6c7be5f7998530c34de24c7437d6b54>@@@?$__crt_seh_guarded_call@H@@QEAAH$$QEAV<lambda_751a882b2c74d4b022dec766aa51a29a>@@AEAV<lambda_628dfdc04ba53c8bfc02c9951375f3f5>@@$$QEAV<lambda_f6c7be5f7998530c34de24c7437d6b54>@@@Z@4HA 000000014002459c     libucrt:close.obj
 0004:0000159c       $pdata$?fin$0@?0???$?RV<lambda_a37b2b86f63e897a80ea819b0eb08c01>@@AEAV<lambda_38ce7e780aa69e748d6df282ebc68efe>@@V<lambda_99fb1378e971ab6e7edea83e3a7a83a2>@@@?$__crt_seh_guarded_call@H@@QEAAH$$QEAV<lambda_a37b2b86f63e897a80ea819b0eb08c01>@@AEAV<lambda_38ce7e780aa69e748d6df282ebc68efe>@@$$QEAV<lambda_99fb1378e971ab6e7edea83e3a7a83a2>@@@Z@4HA 000000014002459c     libucrt:commit.obj
 0004:000015a8       $pdata$_ctrlfp$filt$0      00000001400245a8     libucrt:fpctrl.obj
 0004:000015b4       $pdata$_IsNonwritableInCurrentImage$filt$0 00000001400245b4     LIBCMT:pesect.obj
 0004:000015c0       $pdata$??__FgBackgroundTexture@@YAXXZ 00000001400245c0     main.obj
 0004:000015cc       $pdata$??__FgTextTexture@@YAXXZ 00000001400245cc     main.obj
 0004:000015d8       $pdata$??__FgTexture@@YAXXZ 00000001400245d8     main.obj
 0005:00000000       __guard_fids__             0000000140025000     libcpmt:xthrow.obj
 0005:00000008       __guard_fids__             0000000140025008     libcpmt:xthrow.obj
 0005:00000010       __guard_fids__             0000000140025010     libcpmt:xthrow.obj
 0005:00000018       __guard_fids__             0000000140025018     libcpmt:xthrow.obj
 0005:00000020       __guard_fids__             0000000140025020     libcpmt:xthrow.obj
 0005:00000028       __guard_fids__             0000000140025028     LIBCMT:exe_main.obj
 0005:0000002c       __guard_fids__             000000014002502c     LIBCMT:exe_main.obj
 0005:00000030       __guard_fids__             0000000140025030     LIBCMT:exe_main.obj
 0005:00000034       __guard_fids_?pre_c_initialization@@YAHXZ 0000000140025034     LIBCMT:exe_main.obj
 0005:0000003c       __guard_fids__             000000014002503c     LIBCMT:std_type_info_static.obj
 0005:00000040       __guard_fids__             0000000140025040     LIBCMT:throw_bad_alloc.obj
 0005:00000048       __guard_fids___scrt_set_unhandled_exception_filter 0000000140025048     LIBCMT:utility_desktop.obj
 0005:0000004c       __guard_fids__             000000014002504c     LIBCMT:guard_support.obj
 0005:00000050       __guard_fids__UnwindNestedFrames 0000000140025050     libvcruntime:trnsctrl.obj
 0005:00000054       __guard_fids__             0000000140025054     libvcruntime:telemetry.obj
 0005:00000058       __guard_fids_?TraceLoggingRegister@__vcrt_trace_logging_provider@@YAJPEBU_TlgProvider_t@1@PEBU_GUID@@P6AX1KE_K2PEAU_EVENT_FILTER_DESCRIPTOR@@PEAX@Z4@Z 0000000140025058     libvcruntime:telemetry.obj
 0005:0000005c       __guard_fids___vcrt_initialize_ptd 000000014002505c     libvcruntime:per_thread_data.obj
 0005:00000060       __guard_fids__             0000000140025060     libvcruntime:frame.obj
 0005:00000064       __guard_fids__             0000000140025064     libvcruntime:frame.obj
 0005:0000006c       __guard_fids__             000000014002506c     libucrt:initialization.obj
 0005:000000d0       __guard_fids___acrt_initialize_ptd 00000001400250d0     libucrt:per_thread_data.obj
 0005:000000d4       __guard_fids__             00000001400250d4     libucrt:stdio_initializer.obj
 0005:000000d8       __guard_fids__             00000001400250d8     libucrt:stdio_initializer.obj
 0005:000000dc       __guard_fids_??$expand_argument_wildcards@D@@YAHQEAD0AEAV?$argument_list@D@?A0x5f5c8891@@@Z 00000001400250dc     libucrt:argv_wildcards.obj
 0005:000000e0       __guard_fids__             00000001400250e0     libucrt:locale_initializer.obj
 0005:000000e4       __guard_fids__             00000001400250e4     libucrt:multibyte_initializer.obj
 0005:000000e8       __guard_fids__             00000001400250e8     libucrt:console_output_initializer.obj
 0005:000000ec       __guard_fids__             00000001400250ec     libucrt:fma3_initializer.obj
