 main

 Timestamp is 5ad7aac8 (Wed Apr 18 22:30:00 2018)

 Preferred load address is 0000000140000000

 Start         Length     Name                   Class
 0001:00000000 000002c0H .text                   CODE
 0001:000002c0 00000120H .text$di                CODE
 0001:000003e0 00021bf0H .text$mn                CODE
 0001:00021fd0 000000e0H .text$mn$00             CODE
 0001:000220b0 00000700H .text$x                 CODE
 0001:000227b0 00000150H .text$yd                CODE
 0002:00000000 00000438H .idata$5                DATA
 0002:00000438 00000020H .00cfg                  DATA
 0002:00000458 00000008H .CRT$XCA                DATA
 0002:00000460 00000008H .CRT$XCAA               DATA
 0002:00000468 00000018H .CRT$XCC                DATA
 0002:00000480 00000010H .CRT$XCL                DATA
 0002:00000490 00000020H .CRT$XCU                DATA
 0002:000004b0 00000008H .CRT$XCZ                DATA
 0002:000004b8 00000008H .CRT$XIA                DATA
 0002:000004c0 00000008H .CRT$XIAA               DATA
 0002:000004c8 00000008H .CRT$XIAC               DATA
 0002:000004d0 00000028H .CRT$XIC                DATA
 0002:000004f8 00000008H .CRT$XIZ                DATA
 0002:00000500 00000008H .CRT$XPA                DATA
 0002:00000508 00000010H .CRT$XPX                DATA
 0002:00000518 00000008H .CRT$XPXA               DATA
 0002:00000520 00000008H .CRT$XPZ                DATA
 0002:00000528 00000008H .CRT$XTA                DATA
 0002:00000530 00000010H .CRT$XTZ                DATA
 0002:00000538 00000000H .gfids$y                DATA
 0002:00000540 0000ffc0H .rdata                  DATA
 0002:00010500 000009bcH .rdata$r                DATA
 0002:00010ebc 00000374H .rdata$zzzdbg           DATA
 0002:00011230 00000008H .rtc$IAA                DATA
 0002:00011238 00000008H .rtc$IZZ                DATA
 0002:00011240 00000008H .rtc$TAA                DATA
 0002:00011248 00000008H .rtc$TZZ                DATA
 0002:00011250 00001ad8H .xdata                  DATA
 0002:00012d28 00000364H .xdata$x                DATA
 0002:0001308c 00000000H .edata                  DATA
 0002:0001308c 0000008cH .idata$2                DATA
 0002:00013118 00000018H .idata$3                DATA
 0002:00013130 00000438H .idata$4                DATA
 0002:00013568 00000984H .idata$6                DATA
 0003:00000000 00000a80H .data                   DATA
 0003:00000a80 00000350H .data$r                 DATA
 0003:00000dd0 000018acH .bss                    DATA
 0004:00000000 00002280H .pdata                  DATA

  Address         Publics by Value              Rva+Base               Lib:Object

 0000:00000000       __guard_iat_table          0000000000000000     <absolute>
 0000:00000000       __dynamic_value_reloc_table 0000000000000000     <absolute>
 0000:00000000       __hybrid_code_map          0000000000000000     <absolute>
 0000:00000000       __hybrid_code_map_count    0000000000000000     <absolute>
 0000:00000000       __guard_iat_count          0000000000000000     <absolute>
 0000:00000000       __hybrid_auxiliary_iat     0000000000000000     <absolute>
 0000:00000000       __guard_longjmp_table      0000000000000000     <absolute>
 0000:00000000       __guard_longjmp_count      0000000000000000     <absolute>
 0000:00000000       __guard_fids_count         0000000000000000     <absolute>
 0000:00000000       __enclave_config           0000000000000000     <absolute>
 0000:00000000       ___safe_se_handler_table   0000000000000000     <absolute>
 0000:00000000       ___safe_se_handler_count   0000000000000000     <absolute>
 0000:00000000       __guard_fids_table         0000000000000000     <absolute>
 0000:00000100       __guard_flags              0000000000000100     <absolute>
 0000:00000000       __ImageBase                0000000140000000     <linker-defined>
 0001:000002b0       WinMain                    00000001400012b0 f   SDL2main:SDL_windows_main.obj
 0001:000003e0       SDL_main                   00000001400013e0 f   main.obj
 0001:00000640       ??0LTexture@@QEAA@XZ       0000000140001640 f   main.obj
 0001:00000680       ??1LTexture@@QEAA@XZ       0000000140001680 f   main.obj
 0001:000006b0       ?loadFromFile@LTexture@@QEAA_NV?$basic_string@DU?$char_traits@D@std@@V?$allocator@D@2@@std@@@Z 00000001400016b0 f   main.obj
 0001:00000810       ?loadFromRenderedText@LTexture@@QEAA_NV?$basic_string@DU?$char_traits@D@std@@V?$allocator@D@2@@std@@USDL_Color@@@Z 0000000140001810 f   main.obj
 0001:00000920       ?free@LTexture@@QEAAXXZ    0000000140001920 f   main.obj
 0001:00000970       ?setColor@LTexture@@QEAAXEEE@Z 0000000140001970 f   main.obj
 0001:000009b0       ?setBlendMode@LTexture@@QEAAXW4SDL_BlendMode@@@Z 00000001400019b0 f   main.obj
 0001:000009e0       ?setAlpha@LTexture@@QEAAXE@Z 00000001400019e0 f   main.obj
 0001:00000a10       ?render@LTexture@@QEAAXHHPEAUSDL_Rect@@NPEAUSDL_Point@@W4SDL_RendererFlip@@@Z 0000000140001a10 f   main.obj
 0001:00000af0       ?getWidth@LTexture@@QEAAHXZ 0000000140001af0 f   main.obj
 0001:00000b10       ?getHeight@LTexture@@QEAAHXZ 0000000140001b10 f   main.obj
 0001:00000b30       ??0LButton@@QEAA@XZ        0000000140001b30 f   main.obj
 0001:00000b70       ?setPosition@LButton@@QEAAXHH@Z 0000000140001b70 f   main.obj
 0001:00000ba0       ?handleEvent@LButton@@QEAAXPEATSDL_Event@@@Z 0000000140001ba0 f   main.obj
 0001:00000cc0       ?render@LButton@@QEAAXXZ   0000000140001cc0 f   main.obj
 0001:00000d30       ?init@@YA_NXZ              0000000140001d30 f   main.obj
 0001:00000e80       ?loadMedia@@YA_NXZ         0000000140001e80 f   main.obj
 0001:00001430       ?close@@YAXXZ              0000000140002430 f   main.obj
 0001:00001530       ?loadTexture@@YAPEAUSDL_Texture@@V?$basic_string@DU?$char_traits@D@std@@V?$allocator@D@2@@std@@@Z 0000000140002530 f   main.obj
 0001:00001580       ??$?0$$V@?$_Compressed_pair@V?$allocator@D@std@@V?$_String_val@U?$_Simple_types@D@std@@@2@$00@std@@QEAA@U_Zero_then_variadic_args_t@1@@Z 0000000140002580 f i main.obj
 0001:000015b0       ??$?0V?$allocator@D@std@@$$V@?$_Compressed_pair@V?$allocator@D@std@@V?$_String_val@U?$_Simple_types@D@std@@@2@$00@std@@QEAA@U_One_then_variadic_args_t@1@$$QEAV?$allocator@D@1@@Z 00000001400025b0 f i main.obj
 0001:000015f0       ??$?0V?$allocator@D@std@@X@?$_String_alloc@U?$_String_base_types@DV?$allocator@D@std@@@std@@@std@@QEAA@$$QEAV?$allocator@D@1@@Z 00000001400025f0 f i main.obj
 0001:00001630       ??$_Allocate@$0BA@U_Default_allocate_traits@std@@$0A@@std@@YAPEAX_K@Z 0000000140002630 f i main.obj
 0001:00001670       ??$_Allocate_manually_vector_aligned@U_Default_allocate_traits@std@@@std@@YAPEAX_K@Z 0000000140002670 f i main.obj
 0001:000016f0       ??$addressof@V?$_String_val@U?$_Simple_types@D@std@@@std@@@std@@YAPEAV?$_String_val@U?$_Simple_types@D@std@@@0@AEAV10@@Z 00000001400026f0 f i main.obj
 0001:000016f0       ??$move@AEAV?$basic_string@DU?$char_traits@D@std@@V?$allocator@D@2@@std@@@std@@YA$$QEAV?$basic_string@DU?$char_traits@D@std@@V?$allocator@D@2@@0@AEAV10@@Z 00000001400026f0 f i main.obj
 0001:000016f0       ??$move@AEAV?$allocator@D@std@@@std@@YA$$QEAV?$allocator@D@0@AEAV10@@Z 00000001400026f0 f i main.obj
 0001:000016f0       ??0?$allocator@D@std@@QEAA@XZ 00000001400026f0 f i main.obj
 0001:000016f0       ?_Get_first@?$_Compressed_pair@V?$allocator@D@std@@V?$_String_val@U?$_Simple_types@D@std@@@2@$00@std@@QEBAAEBV?$allocator@D@2@XZ 00000001400026f0 f i main.obj
 0001:000016f0       ??0_Bxty@?$_String_val@U?$_Simple_types@D@std@@@std@@QEAA@XZ 00000001400026f0 f i main.obj
 0001:000016f0       ??$forward@AEBQEAD@std@@YAAEBQEADAEBQEAD@Z 00000001400026f0 f i main.obj
 0001:000016f0       ?_Get_second@?$_Compressed_pair@V?$allocator@D@std@@V?$_String_val@U?$_Simple_types@D@std@@@2@$00@std@@QEAAAEAV?$_String_val@U?$_Simple_types@D@std@@@2@XZ 00000001400026f0 f i main.obj
 0001:000016f0       ??$_Get_size_of_n@$00@std@@YA_K_K@Z 00000001400026f0 f i main.obj
 0001:000016f0       ??$_Convert_size@_K@std@@YA_K_K@Z 00000001400026f0 f i main.obj
 0001:000016f0       ??$addressof@PEAD@std@@YAPEAPEADAEAPEAD@Z 00000001400026f0 f i main.obj
 0001:000016f0       ??$addressof@D@std@@YAPEADAEAD@Z 00000001400026f0 f i main.obj
 0001:000016f0       ?_Get_first@?$_Compressed_pair@V?$allocator@D@std@@V?$_String_val@U?$_Simple_types@D@std@@@2@$00@std@@QEAAAEAV?$allocator@D@2@XZ 00000001400026f0 f i main.obj
 0001:000016f0       ??$forward@V?$allocator@D@std@@@std@@YA$$QEAV?$allocator@D@0@AEAV10@@Z 00000001400026f0 f i main.obj
 0001:000016f0       ?_Get_second@?$_Compressed_pair@V?$allocator@D@std@@V?$_String_val@U?$_Simple_types@D@std@@@2@$00@std@@QEBAAEBV?$_String_val@U?$_Simple_types@D@std@@@2@XZ 00000001400026f0 f i main.obj
 0001:000016f0       ??$_Unfancy@D@std@@YAPEADPEAD@Z 00000001400026f0 f i main.obj
 0001:00001700       ??$_Deallocate@$0BA@$0A@@std@@YAXPEAX_K@Z 0000000140002700 f i main.obj
 0001:00001740       ??$_Immortalize@V_Iostream_error_category@std@@@std@@YAAEAV_Iostream_error_category@0@XZ 0000000140002740 f i main.obj
 0001:00001780       ??$_Immortalize_impl@V_Iostream_error_category@std@@@std@@YAHPEAX0PEAPEAX@Z 0000000140002780 f i main.obj
 0001:000017c0       ??$_Max_value@_K@std@@YAAEB_KAEB_K0@Z 00000001400027c0 f i main.obj
 0001:00001810       ??$_Min_value@_K@std@@YAAEB_KAEB_K0@Z 0000000140002810 f i main.obj
 0001:00001b70       _guard_check_icall_nop     0000000140002b70 f i LIBCMT:guard_support.obj
 0001:00001b70       ??$__vcrt_va_start_verify_argument_type@QEBD@@YAXXZ 0000000140002b70 f i main.obj
 0001:00001b70       _initialize_invalid_parameter_handler 0000000140002b70 f i LIBCMT:invalid_parameter_handler.obj
 0001:00001b70       _initialize_denormal_control 0000000140002b70 f i LIBCMT:denormal_control.obj
 0001:00001b80       ??$construct@PEADAEBQEAD@?$_Default_allocator_traits@V?$allocator@D@std@@@std@@SAXAEAV?$allocator@D@1@QEAPEADAEBQEAD@Z 0000000140002b80 f i main.obj
 0001:00001bd0       ??$destroy@PEAD@?$_Default_allocator_traits@V?$allocator@D@std@@@std@@SAXAEAV?$allocator@D@1@QEAPEAD@Z 0000000140002bd0 f i main.obj
 0001:00001bd0       ?imbue@?$basic_streambuf@DU?$char_traits@D@std@@@std@@MEAAXAEBVlocale@2@@Z 0000000140002bd0 f i main.obj
 0001:00001be0       ??$use_facet@V?$ctype@D@std@@@std@@YAAEBV?$ctype@D@0@AEBVlocale@0@@Z 0000000140002be0 f i main.obj
 0001:00001cf0       ??0?$_String_alloc@U?$_String_base_types@DV?$allocator@D@std@@@std@@@std@@QEAA@XZ 0000000140002cf0 f i main.obj
 0001:00001d20       ??0?$_String_val@U?$_Simple_types@D@std@@@std@@QEAA@XZ 0000000140002d20 f i main.obj
 0001:00001d60       ??0?$_Yarn@D@std@@QEAA@XZ  0000000140002d60 f i main.obj
 0001:00001d80       ??0?$_Yarn@_W@std@@QEAA@XZ 0000000140002d80 f i main.obj
 0001:00001db0       ??0?$basic_ios@DU?$char_traits@D@std@@@std@@IEAA@XZ 0000000140002db0 f i main.obj
 0001:00001de0       ??0?$basic_iostream@DU?$char_traits@D@std@@@std@@QEAA@PEAV?$basic_streambuf@DU?$char_traits@D@std@@@1@@Z 0000000140002de0 f i main.obj
 0001:00001ed0       ??0?$basic_istream@DU?$char_traits@D@std@@@std@@QEAA@PEAV?$basic_streambuf@DU?$char_traits@D@std@@@1@_N@Z 0000000140002ed0 f i main.obj
 0001:00001fb0       ??0?$basic_ostream@DU?$char_traits@D@std@@@std@@QEAA@W4_Uninitialized@1@_N@Z 0000000140002fb0 f i main.obj
 0001:000020a0       ??0?$basic_streambuf@DU?$char_traits@D@std@@@std@@IEAA@XZ 00000001400030a0 f i main.obj
 0001:00002110       ??0?$basic_string@DU?$char_traits@D@std@@V?$allocator@D@2@@std@@QEAA@$$QEAV01@@Z 0000000140003110 f i main.obj
 0001:00002190       ??0?$basic_string@DU?$char_traits@D@std@@V?$allocator@D@2@@std@@QEAA@AEBV01@@Z 0000000140003190 f i main.obj
 0001:000021f0       ??0?$basic_string@DU?$char_traits@D@std@@V?$allocator@D@2@@std@@QEAA@QEBD@Z 00000001400031f0 f i main.obj
 0001:00002240       ??0?$basic_stringbuf@DU?$char_traits@D@std@@V?$allocator@D@2@@std@@QEAA@H@Z 0000000140003240 f i main.obj
 0001:000022b0       ??0?$basic_stringstream@DU?$char_traits@D@std@@V?$allocator@D@2@@std@@QEAA@H@Z 00000001400032b0 f i main.obj
 0001:000023a0       ??0?$ctype@D@std@@QEAA@AEBV_Locinfo@1@_K@Z 00000001400033a0 f i main.obj
 0001:00002400       ??0?$fpos@U_Mbstatet@@@std@@QEAA@_J@Z 0000000140003400 f i main.obj
 0001:00002450       ??0_Facet_base@std@@QEAA@XZ 0000000140003450 f i main.obj
 0001:00002470       ??0_Generic_error_category@std@@QEAA@XZ 0000000140003470 f i main.obj
 0001:000024b0       ??0_Iostream_error_category@std@@QEAA@XZ 00000001400034b0 f i main.obj
 0001:000024f0       ??0_Locinfo@std@@QEAA@PEBD@Z 00000001400034f0 f i main.obj
 0001:000025d0       ??0_System_error@std@@IEAA@Verror_code@1@AEBV?$basic_string@DU?$char_traits@D@std@@V?$allocator@D@2@@1@@Z 00000001400035d0 f i main.obj
 0001:000026d0       ??0_System_error@std@@QEAA@AEBV01@@Z 00000001400036d0 f i main.obj
 0001:00002730       ??0bad_cast@std@@QEAA@AEBV01@@Z 0000000140003730 f i main.obj
 0001:00002770       ??0bad_cast@std@@QEAA@XZ   0000000140003770 f i main.obj
 0001:000027b0       ??0ctype_base@std@@QEAA@_K@Z 00000001400037b0 f i main.obj
 0001:000027f0       ??0error_category@std@@QEAA@XZ 00000001400037f0 f i main.obj
 0001:00002820       ??0error_code@std@@QEAA@HAEBVerror_category@1@@Z 0000000140003820 f i main.obj
 0001:00002820       ??0error_condition@std@@QEAA@HAEBVerror_category@1@@Z 0000000140003820 f i main.obj
 0001:00002850       ??0exception@std@@QEAA@AEBV01@@Z 0000000140003850 f i main.obj
 0001:000028b0       ??0exception@std@@QEAA@QEBD@Z 00000001400038b0 f i main.obj
 0001:00002920       ??0exception@std@@QEAA@QEBDH@Z 0000000140003920 f i main.obj
 0001:00002970       ??0facet@locale@std@@IEAA@_K@Z 0000000140003970 f i main.obj
 0001:000029b0       ??0failure@ios_base@std@@QEAA@AEBV012@@Z 00000001400039b0 f i main.obj
 0001:000029f0       ??0failure@ios_base@std@@QEAA@PEBDAEBVerror_code@2@@Z 00000001400039f0 f i main.obj
 0001:00002a50       ??0ios_base@std@@IEAA@XZ   0000000140003a50 f i main.obj
 0001:00002a70       ??0locale@std@@QEAA@AEBV01@@Z 0000000140003a70 f i main.obj
 0001:00002ac0       ??0locale@std@@QEAA@XZ     0000000140003ac0 f i main.obj
 0001:00002af0       ??0runtime_error@std@@QEAA@AEBV01@@Z 0000000140003af0 f i main.obj
 0001:00002b30       ??0runtime_error@std@@QEAA@AEBV?$basic_string@DU?$char_traits@D@std@@V?$allocator@D@2@@1@@Z 0000000140003b30 f i main.obj
 0001:00002b70       ??0runtime_error@std@@QEAA@PEBD@Z 0000000140003b70 f i main.obj
 0001:00002bb0       ??0system_error@std@@QEAA@AEBV01@@Z 0000000140003bb0 f i main.obj
 0001:00002bf0       ??0system_error@std@@QEAA@Verror_code@1@PEBD@Z 0000000140003bf0 f i main.obj
 0001:00002ca0       ??1?$_Compressed_pair@V?$allocator@D@std@@V?$_String_val@U?$_Simple_types@D@std@@@2@$00@std@@QEAA@XZ 0000000140003ca0 f i main.obj
 0001:00002cc0       ??1?$_String_alloc@U?$_String_base_types@DV?$allocator@D@std@@@std@@@std@@QEAA@XZ 0000000140003cc0 f i main.obj
 0001:00002ce0       ??1?$_String_val@U?$_Simple_types@D@std@@@std@@QEAA@XZ 0000000140003ce0 f i main.obj
 0001:00002d00       ??1?$_Yarn@D@std@@QEAA@XZ  0000000140003d00 f i main.obj
 0001:00002d00       ??1?$_Yarn@_W@std@@QEAA@XZ 0000000140003d00 f i main.obj
 0001:00002d30       ??1?$basic_ios@DU?$char_traits@D@std@@@std@@UEAA@XZ 0000000140003d30 f i main.obj
 0001:00002d60       ??1?$basic_iostream@DU?$char_traits@D@std@@@std@@UEAA@XZ 0000000140003d60 f i main.obj
 0001:00002de0       ??1?$basic_istream@DU?$char_traits@D@std@@@std@@UEAA@XZ 0000000140003de0 f i main.obj
 0001:00002e30       ??1?$basic_ostream@DU?$char_traits@D@std@@@std@@UEAA@XZ 0000000140003e30 f i main.obj
 0001:00002e80       ??1?$basic_streambuf@DU?$char_traits@D@std@@@std@@UEAA@XZ 0000000140003e80 f i main.obj
 0001:00002ee0       ??1?$basic_string@DU?$char_traits@D@std@@V?$allocator@D@2@@std@@QEAA@XZ 0000000140003ee0 f i main.obj
 0001:00002f10       ??1?$basic_stringbuf@DU?$char_traits@D@std@@V?$allocator@D@2@@std@@UEAA@XZ 0000000140003f10 f i main.obj
 0001:00002f50       ??1?$basic_stringstream@DU?$char_traits@D@std@@V?$allocator@D@2@@std@@UEAA@XZ 0000000140003f50 f i main.obj
 0001:00002fe0       ??1?$ctype@D@std@@MEAA@XZ  0000000140003fe0 f i main.obj
 0001:00003020       ?_Orphan_all@_Container_base0@std@@QEAAXXZ 0000000140004020 f i main.obj
 0001:00003020       ?_Unlock@?$basic_streambuf@DU?$char_traits@D@std@@@std@@UEAAXXZ 0000000140004020 f i main.obj
 0001:00003020       ?_Lock@?$basic_streambuf@DU?$char_traits@D@std@@@std@@UEAAXXZ 0000000140004020 f i main.obj
 0001:00003020       ??1_Bxty@?$_String_val@U?$_Simple_types@D@std@@@std@@QEAA@XZ 0000000140004020 f i main.obj
 0001:00003030       ??1_Facet_base@std@@UEAA@XZ 0000000140004030 f i main.obj
 0001:00003050       ??1_Generic_error_category@std@@UEAA@XZ 0000000140004050 f i main.obj
 0001:00003070       ??1_Iostream_error_category@std@@UEAA@XZ 0000000140004070 f i main.obj
 0001:00003090       ??1_Locinfo@std@@QEAA@XZ   0000000140004090 f i main.obj
 0001:00003130       ??1_System_error@std@@UEAA@XZ 0000000140004130 f i main.obj
 0001:00003150       ??1runtime_error@std@@UEAA@XZ 0000000140004150 f i main.obj
 0001:00003150       ??1bad_cast@std@@UEAA@XZ   0000000140004150 f i main.obj
 0001:00003170       ??1ctype_base@std@@UEAA@XZ 0000000140004170 f i main.obj
 0001:000031a0       ??1error_category@std@@UEAA@XZ 00000001400041a0 f i main.obj
 0001:000031c0       ??1exception@std@@UEAA@XZ  00000001400041c0 f i main.obj
 0001:000031f0       ??1facet@locale@std@@MEAA@XZ 00000001400041f0 f i main.obj
 0001:00003220       ??1failure@ios_base@std@@UEAA@XZ 0000000140004220 f i main.obj
 0001:00003240       ??1ios_base@std@@UEAA@XZ   0000000140004240 f i main.obj
 0001:00003280       ??1locale@std@@QEAA@XZ     0000000140004280 f i main.obj
 0001:00003300       ??1system_error@std@@UEAA@XZ 0000000140004300 f i main.obj
 0001:00003320       ??2@YAPEAX_KPEAX@Z         0000000140004320 f i main.obj
 0001:00003330       ??8error_category@std@@QEBA_NAEBV01@@Z 0000000140004330 f i main.obj
 0001:00003370       ??8std@@YA_NAEBVerror_condition@0@0@Z 0000000140004370 f i main.obj
 0001:000033f0       ??B?$fpos@U_Mbstatet@@@std@@QEBA_JXZ 00000001400043f0 f i main.obj
 0001:00003410       ??Bid@locale@std@@QEAA_KXZ 0000000140004410 f i main.obj
 0001:00003550       ??_D?$basic_iostream@DU?$char_traits@D@std@@@std@@QEAAXXZ 0000000140004550 f i main.obj
 0001:00003580       ??_D?$basic_istream@DU?$char_traits@D@std@@@std@@QEAAXXZ 0000000140004580 f i main.obj
 0001:000035b0       ??_D?$basic_ostream@DU?$char_traits@D@std@@@std@@QEAAXXZ 00000001400045b0 f i main.obj
 0001:000035e0       ??_D?$basic_stringstream@DU?$char_traits@D@std@@V?$allocator@D@2@@std@@QEAAXXZ 00000001400045e0 f i main.obj
 0001:00003614       ??_E?$basic_iostream@DU?$char_traits@D@std@@@std@@$4PPPPPPPM@A@EAAPEAXI@Z 0000000140004614 f i main.obj
 0001:00003620       ??_E?$basic_istream@DU?$char_traits@D@std@@@std@@$4PPPPPPPM@A@EAAPEAXI@Z 0000000140004620 f i main.obj
 0001:0000362c       ??_E?$basic_ostream@DU?$char_traits@D@std@@@std@@$4PPPPPPPM@A@EAAPEAXI@Z 000000014000462c f i main.obj
 0001:00003638       ??_E?$basic_stringstream@DU?$char_traits@D@std@@V?$allocator@D@2@@std@@$4PPPPPPPM@A@EAAPEAXI@Z 0000000140004638 f i main.obj
 0001:00003650       ??_E?$basic_ios@DU?$char_traits@D@std@@@std@@UEAAPEAXI@Z 0000000140004650 f i main.obj
 0001:00003650       ??_G?$basic_ios@DU?$char_traits@D@std@@@std@@UEAAPEAXI@Z 0000000140004650 f i main.obj
 0001:00003690       ??_G?$basic_iostream@DU?$char_traits@D@std@@@std@@UEAAPEAXI@Z 0000000140004690 f i main.obj
 0001:00003690       ??_E?$basic_iostream@DU?$char_traits@D@std@@@std@@UEAAPEAXI@Z 0000000140004690 f i main.obj
 0001:000036e0       ??_G?$basic_istream@DU?$char_traits@D@std@@@std@@UEAAPEAXI@Z 00000001400046e0 f i main.obj
 0001:000036e0       ??_E?$basic_istream@DU?$char_traits@D@std@@@std@@UEAAPEAXI@Z 00000001400046e0 f i main.obj
 0001:00003730       ??_G?$basic_ostream@DU?$char_traits@D@std@@@std@@UEAAPEAXI@Z 0000000140004730 f i main.obj
 0001:00003730       ??_E?$basic_ostream@DU?$char_traits@D@std@@@std@@UEAAPEAXI@Z 0000000140004730 f i main.obj
 0001:00003780       ??_E?$basic_streambuf@DU?$char_traits@D@std@@@std@@UEAAPEAXI@Z 0000000140004780 f i main.obj
 0001:00003780       ??_G?$basic_streambuf@DU?$char_traits@D@std@@@std@@UEAAPEAXI@Z 0000000140004780 f i main.obj
 0001:000037c0       ??_G?$basic_stringbuf@DU?$char_traits@D@std@@V?$allocator@D@2@@std@@UEAAPEAXI@Z 00000001400047c0 f i main.obj
 0001:000037c0       ??_E?$basic_stringbuf@DU?$char_traits@D@std@@V?$allocator@D@2@@std@@UEAAPEAXI@Z 00000001400047c0 f i main.obj
 0001:00003800       ??_E?$basic_stringstream@DU?$char_traits@D@std@@V?$allocator@D@2@@std@@UEAAPEAXI@Z 0000000140004800 f i main.obj
 0001:00003800       ??_G?$basic_stringstream@DU?$char_traits@D@std@@V?$allocator@D@2@@std@@UEAAPEAXI@Z 0000000140004800 f i main.obj
 0001:00003860       ??_G?$ctype@D@std@@MEAAPEAXI@Z 0000000140004860 f i main.obj
 0001:00003860       ??_E?$ctype@D@std@@MEAAPEAXI@Z 0000000140004860 f i main.obj
 0001:000038a0       ??_E_Facet_base@std@@UEAAPEAXI@Z 00000001400048a0 f i main.obj
 0001:000038a0       ??_G_Facet_base@std@@UEAAPEAXI@Z 00000001400048a0 f i main.obj
 0001:000038e0       ??_G_Generic_error_category@std@@UEAAPEAXI@Z 00000001400048e0 f i main.obj
 0001:000038e0       ??_E_Generic_error_category@std@@UEAAPEAXI@Z 00000001400048e0 f i main.obj
 0001:00003920       ??_G_Iostream_error_category@std@@UEAAPEAXI@Z 0000000140004920 f i main.obj
 0001:00003920       ??_E_Iostream_error_category@std@@UEAAPEAXI@Z 0000000140004920 f i main.obj
 0001:00003960       ??_E_System_error@std@@UEAAPEAXI@Z 0000000140004960 f i main.obj
 0001:00003960       ??_G_System_error@std@@UEAAPEAXI@Z 0000000140004960 f i main.obj
 0001:000039a0       ??_Gruntime_error@std@@UEAAPEAXI@Z 00000001400049a0 f i main.obj
 0001:000039a0       ??_Gbad_cast@std@@UEAAPEAXI@Z 00000001400049a0 f i main.obj
 0001:000039a0       ??_Eruntime_error@std@@UEAAPEAXI@Z 00000001400049a0 f i main.obj
 0001:000039a0       ??_Ebad_cast@std@@UEAAPEAXI@Z 00000001400049a0 f i main.obj
 0001:000039e0       ??_Gctype_base@std@@UEAAPEAXI@Z 00000001400049e0 f i main.obj
 0001:000039e0       ??_Ectype_base@std@@UEAAPEAXI@Z 00000001400049e0 f i main.obj
 0001:00003a20       ??_Eerror_category@std@@UEAAPEAXI@Z 0000000140004a20 f i main.obj
 0001:00003a20       ??_Gerror_category@std@@UEAAPEAXI@Z 0000000140004a20 f i main.obj
 0001:00003a60       ??_Gexception@std@@UEAAPEAXI@Z 0000000140004a60 f i main.obj
 0001:00003a60       ??_Eexception@std@@UEAAPEAXI@Z 0000000140004a60 f i main.obj
 0001:00003aa0       ??_Gfacet@locale@std@@MEAAPEAXI@Z 0000000140004aa0 f i main.obj
 0001:00003aa0       ??_Efacet@locale@std@@MEAAPEAXI@Z 0000000140004aa0 f i main.obj
 0001:00003ae0       ??_Efailure@ios_base@std@@UEAAPEAXI@Z 0000000140004ae0 f i main.obj
 0001:00003ae0       ??_Gfailure@ios_base@std@@UEAAPEAXI@Z 0000000140004ae0 f i main.obj
 0001:00003b20       ??_Gios_base@std@@UEAAPEAXI@Z 0000000140004b20 f i main.obj
 0001:00003b20       ??_Eios_base@std@@UEAAPEAXI@Z 0000000140004b20 f i main.obj
 0001:00003b60       ??_Glocale@std@@QEAAPEAXI@Z 0000000140004b60 f i main.obj
 0001:00003ba0       ??_Esystem_error@std@@UEAAPEAXI@Z 0000000140004ba0 f i main.obj
 0001:00003ba0       ??_Gsystem_error@std@@UEAAPEAXI@Z 0000000140004ba0 f i main.obj
 0001:00003be0       ??_H@YAXPEAX_K1P6APEAX0@Z@Z 0000000140004be0 f i main.obj
 0001:00003c40       ?_Adjust_manually_vector_aligned@std@@YAXAEAPEAXAEA_K@Z 0000000140004c40 f i main.obj
 0001:00003cd0       ?_Allocate@_Default_allocate_traits@std@@SAPEAX_K@Z 0000000140004cd0 f i main.obj
 0001:00003cf0       ?_Assign_rv_contents_with_alloc_always_equal@?$basic_string@DU?$char_traits@D@std@@V?$allocator@D@2@@std@@QEAAX$$QEAV12@U?$integral_constant@_N$00@2@@Z 0000000140004cf0 f i main.obj
 0001:00003d70       ?_Calculate_growth@?$basic_string@DU?$char_traits@D@std@@V?$allocator@D@2@@std@@QEBA_K_K@Z 0000000140004d70 f i main.obj
 0001:00003e30       ?_Construct_lv_contents@?$basic_string@DU?$char_traits@D@std@@V?$allocator@D@2@@std@@QEAAXAEBV12@@Z 0000000140004e30 f i main.obj
 0001:00003f90       ?_Decref@facet@locale@std@@UEAAPEAV_Facet_base@3@XZ 0000000140004f90 f i main.obj
 0001:00003fc0       ?_Get_data@?$_String_alloc@U?$_String_base_types@DV?$allocator@D@std@@@std@@@std@@QEAAAEAV?$_String_val@U?$_Simple_types@D@std@@@2@XZ 0000000140004fc0 f i main.obj
 0001:00003fc0       ?_Get_data@?$_String_alloc@U?$_String_base_types@DV?$allocator@D@std@@@std@@@std@@QEBAAEBV?$_String_val@U?$_Simple_types@D@std@@@2@XZ 0000000140004fc0 f i main.obj
 0001:00003fc0       ?_Getal@?$_String_alloc@U?$_String_base_types@DV?$allocator@D@std@@@std@@@std@@QEAAAEAV?$allocator@D@2@XZ 0000000140004fc0 f i main.obj
 0001:00003fc0       ?_Getal@?$_String_alloc@U?$_String_base_types@DV?$allocator@D@std@@@std@@@std@@QEBAAEBV?$allocator@D@2@XZ 0000000140004fc0 f i main.obj
 0001:00003fe0       ?_Getcat@?$ctype@D@std@@SA_KPEAPEBVfacet@locale@2@PEBV42@@Z 0000000140004fe0 f i main.obj
 0001:000040e0       ?_Getctype@_Locinfo@std@@QEBA?AU_Ctypevec@@XZ 00000001400050e0 f i main.obj
 0001:00004140       ?_Getfacet@locale@std@@QEBAPEBVfacet@12@_K@Z 0000000140005140 f i main.obj
 0001:00004200       ?_Getstate@?$basic_stringbuf@DU?$char_traits@D@std@@V?$allocator@D@2@@std@@AEAAHH@Z 0000000140005200 f i main.obj
 0001:00004270       ?_Gnavail@?$basic_streambuf@DU?$char_traits@D@std@@@std@@IEBA_JXZ 0000000140005270 f i main.obj
 0001:000042b0       ?_Gninc@?$basic_streambuf@DU?$char_traits@D@std@@@std@@IEAAPEADXZ 00000001400052b0 f i main.obj
 0001:00004310       ?_Incref@facet@locale@std@@UEAAXXZ 0000000140005310 f i main.obj
 0001:00004330       ?_Init@?$basic_streambuf@DU?$char_traits@D@std@@@std@@IEAAXXZ 0000000140005330 f i main.obj
 0001:000043d0       ?_Init@?$basic_stringbuf@DU?$char_traits@D@std@@V?$allocator@D@2@@std@@IEAAXPEBD_KH@Z 00000001400053d0 f i main.obj
 0001:00004550       ?_Init@?$ctype@D@std@@IEAAXAEBV_Locinfo@2@@Z 0000000140005550 f i main.obj
 0001:00004590       ?_Init@ios_base@std@@IEAAXXZ 0000000140005590 f i main.obj
 0001:00004650       ?_Large_string_engaged@?$_String_val@U?$_Simple_types@D@std@@@std@@QEBA_NXZ 0000000140005650 f i main.obj
 0001:00004680       ?_Makestr@_System_error@std@@CA?AV?$basic_string@DU?$char_traits@D@std@@V?$allocator@D@2@@2@Verror_code@2@V32@@Z 0000000140005680 f i main.obj
 0001:00004760       ?_Myptr@?$_String_val@U?$_Simple_types@D@std@@@std@@QEAAPEADXZ 0000000140005760 f i main.obj
 0001:00004760       ?_Myptr@?$_String_val@U?$_Simple_types@D@std@@@std@@QEBAPEBDXZ 0000000140005760 f i main.obj
 0001:000047a0       ?_Orphan_all@?$_String_alloc@U?$_String_base_types@DV?$allocator@D@std@@@std@@@std@@QEAAXXZ 00000001400057a0 f i main.obj
 0001:000047c0       ?_Pnavail@?$basic_streambuf@DU?$char_traits@D@std@@@std@@IEBA_JXZ 00000001400057c0 f i main.obj
 0001:00004800       ?_Pninc@?$basic_streambuf@DU?$char_traits@D@std@@@std@@IEAAPEADXZ 0000000140005800 f i main.obj
 0001:00004860       ?_Tidy@?$_Yarn@_W@std@@AEAAXXZ 0000000140005860 f i main.obj
 0001:00004860       ?_Tidy@?$_Yarn@D@std@@AEAAXXZ 0000000140005860 f i main.obj
 0001:000048a0       ?_Tidy@?$basic_stringbuf@DU?$char_traits@D@std@@V?$allocator@D@2@@std@@IEAAXXZ 00000001400058a0 f i main.obj
 0001:00004980       ?_Tidy@?$ctype@D@std@@IEAAXXZ 0000000140005980 f i main.obj
 0001:000049e0       ?_Tidy_deallocate@?$basic_string@DU?$char_traits@D@std@@V?$allocator@D@2@@std@@QEAAXXZ 00000001400059e0 f i main.obj
 0001:00004ab0       ?_Tidy_init@?$basic_string@DU?$char_traits@D@std@@V?$allocator@D@2@@std@@QEAAXXZ 0000000140005ab0 f i main.obj
 0001:00004b10       ?_Xlen@?$basic_string@DU?$char_traits@D@std@@V?$allocator@D@2@@std@@SAXXZ 0000000140005b10 f i main.obj
 0001:00004b30       ?allocate@?$allocator@D@std@@QEAAPEAD_K@Z 0000000140005b30 f i main.obj
 0001:00004b60       ?append@?$basic_string@DU?$char_traits@D@std@@V?$allocator@D@2@@std@@QEAAAEAV12@AEBV12@@Z 0000000140005b60 f i main.obj
 0001:00004bb0       ?append@?$basic_string@DU?$char_traits@D@std@@V?$allocator@D@2@@std@@QEAAAEAV12@QEBD@Z 0000000140005bb0 f i main.obj
 0001:00004bf0       ?append@?$basic_string@DU?$char_traits@D@std@@V?$allocator@D@2@@std@@QEAAAEAV12@QEBD_K@Z 0000000140005bf0 f i main.obj
 0001:00004d00       ?assign@?$basic_string@DU?$char_traits@D@std@@V?$allocator@D@2@@std@@QEAAAEAV12@QEBD@Z 0000000140005d00 f i main.obj
 0001:00004d40       ?assign@?$basic_string@DU?$char_traits@D@std@@V?$allocator@D@2@@std@@QEAAAEAV12@QEBD_K@Z 0000000140005d40 f i main.obj
 0001:00004e00       ?assign@?$char_traits@D@std@@SAXAEADAEBD@Z 0000000140005e00 f i main.obj
 0001:00004e20       ?c_str@?$_Yarn@D@std@@QEBAPEBDXZ 0000000140005e20 f i main.obj
 0001:00004e60       ?c_str@?$basic_string@DU?$char_traits@D@std@@V?$allocator@D@2@@std@@QEBAPEBDXZ 0000000140005e60 f i main.obj
 0001:00004e90       ?c_str@locale@std@@QEBAPEBDXZ 0000000140005e90 f i main.obj
 0001:00004ee0       ?category@error_condition@std@@QEBAAEBVerror_category@2@XZ 0000000140005ee0 f i main.obj
 0001:00004ee0       ?category@error_code@std@@QEBAAEBVerror_category@2@XZ 0000000140005ee0 f i main.obj
 0001:00004ef0       ?clear@?$basic_ios@DU?$char_traits@D@std@@@std@@QEAAXH_N@Z 0000000140005ef0 f i main.obj
 0001:00004f40       ?clear@ios_base@std@@QEAAXH@Z 0000000140005f40 f i main.obj
 0001:00004f70       ?clear@ios_base@std@@QEAAXH_N@Z 0000000140005f70 f i main.obj
 0001:000050d0       ?copy@?$char_traits@D@std@@SAPEADQEADQEBD_K@Z 00000001400060d0 f i main.obj
 0001:00005100       ?deallocate@?$allocator@D@std@@QEAAXQEAD_K@Z 0000000140006100 f i main.obj
 0001:00005130       ?default_error_condition@error_category@std@@UEBA?AVerror_condition@2@H@Z 0000000140006130 f i main.obj
 0001:00005160       ?do_narrow@?$ctype@D@std@@MEBADDD@Z 0000000140006160 f i main.obj
 0001:00005180       ?do_narrow@?$ctype@D@std@@MEBAPEBDPEBD0DPEAD@Z 0000000140006180 f i main.obj
 0001:000051c0       ?do_tolower@?$ctype@D@std@@MEBADD@Z 00000001400061c0 f i main.obj
 0001:000051f0       ?do_tolower@?$ctype@D@std@@MEBAPEBDPEADPEBD@Z 00000001400061f0 f i main.obj
 0001:00005250       ?do_toupper@?$ctype@D@std@@MEBADD@Z 0000000140006250 f i main.obj
 0001:00005280       ?do_toupper@?$ctype@D@std@@MEBAPEBDPEADPEBD@Z 0000000140006280 f i main.obj
 0001:000052e0       ?do_widen@?$ctype@D@std@@MEBADD@Z 00000001400062e0 f i main.obj
 0001:000052f0       ?do_widen@?$ctype@D@std@@MEBAPEBDPEBD0PEAD@Z 00000001400062f0 f i main.obj
 0001:00005330       ?eback@?$basic_streambuf@DU?$char_traits@D@std@@@std@@IEBAPEADXZ 0000000140006330 f i main.obj
 0001:00005350       ?egptr@?$basic_streambuf@DU?$char_traits@D@std@@@std@@IEBAPEADXZ 0000000140006350 f i main.obj
 0001:00005380       ?empty@?$basic_string@DU?$char_traits@D@std@@V?$allocator@D@2@@std@@QEBA_NXZ 0000000140006380 f i main.obj
 0001:000053c0       ?eof@?$char_traits@D@std@@SAHXZ 00000001400063c0 f i main.obj
 0001:000053d0       ?epptr@?$basic_streambuf@DU?$char_traits@D@std@@@std@@IEBAPEADXZ 00000001400063d0 f i main.obj
 0001:00005400       ?eq@?$char_traits@D@std@@SA_NAEBD0@Z 0000000140006400 f i main.obj
 0001:00005440       ?eq_int_type@?$char_traits@D@std@@SA_NAEBH0@Z 0000000140006440 f i main.obj
 0001:00005480       ?equivalent@error_category@std@@UEBA_NAEBVerror_code@2@H@Z 0000000140006480 f i main.obj
 0001:000054e0       ?equivalent@error_category@std@@UEBA_NHAEBVerror_condition@2@@Z 00000001400064e0 f i main.obj
 0001:00005520       ?gbump@?$basic_streambuf@DU?$char_traits@D@std@@@std@@IEAAXH@Z 0000000140006520 f i main.obj
 0001:00005570       ?getloc@ios_base@std@@QEBA?AVlocale@2@XZ 0000000140006570 f i main.obj
 0001:000055b0       ?gptr@?$basic_streambuf@DU?$char_traits@D@std@@@std@@IEBAPEADXZ 00000001400065b0 f i main.obj
 0001:000055d0       ?init@?$basic_ios@DU?$char_traits@D@std@@@std@@IEAAXPEAV?$basic_streambuf@DU?$char_traits@D@std@@@2@_N@Z 00000001400065d0 f i main.obj
 0001:00005660       ?iostream_category@std@@YAAEBVerror_category@1@XZ 0000000140006660 f i main.obj
 0001:00005680       ?length@?$char_traits@D@std@@SA_KQEBD@Z 0000000140006680 f i main.obj
 0001:000056c0       ?make_error_code@std@@YA?AVerror_code@1@W4io_errc@1@@Z 00000001400066c0 f i main.obj
 0001:000056f0       ?max@?$numeric_limits@_J@std@@SA_JXZ 00000001400066f0 f i main.obj
 0001:00005700       ?max_size@?$_Default_allocator_traits@V?$allocator@D@std@@@std@@SA_KAEBV?$allocator@D@2@@Z 0000000140006700 f i main.obj
 0001:00005710       ?max_size@?$basic_string@DU?$char_traits@D@std@@V?$allocator@D@2@@std@@QEBA_KXZ 0000000140006710 f i main.obj
 0001:00005780       ?message@_Generic_error_category@std@@UEBA?AV?$basic_string@DU?$char_traits@D@std@@V?$allocator@D@2@@2@H@Z 0000000140006780 f i main.obj
 0001:000057d0       ?message@_Iostream_error_category@std@@UEBA?AV?$basic_string@DU?$char_traits@D@std@@V?$allocator@D@2@@2@H@Z 00000001400067d0 f i main.obj
 0001:00005840       ?message@error_code@std@@QEBA?AV?$basic_string@DU?$char_traits@D@std@@V?$allocator@D@2@@2@XZ 0000000140006840 f i main.obj
 0001:000058b0       ?move@?$char_traits@D@std@@SAPEADQEADQEBD_K@Z 00000001400068b0 f i main.obj
 0001:000058e0       ?name@_Generic_error_category@std@@UEBAPEBDXZ 00000001400068e0 f i main.obj
 0001:000058f0       ?name@_Iostream_error_category@std@@UEBAPEBDXZ 00000001400068f0 f i main.obj
 0001:00005900       ?not_eof@?$char_traits@D@std@@SAHAEBH@Z 0000000140006900 f i main.obj
 0001:00005950       ?overflow@?$basic_streambuf@DU?$char_traits@D@std@@@std@@MEAAHH@Z 0000000140006950 f i main.obj
 0001:00005950       ?pbackfail@?$basic_streambuf@DU?$char_traits@D@std@@@std@@MEAAHH@Z 0000000140006950 f i main.obj
 0001:00005970       ?overflow@?$basic_stringbuf@DU?$char_traits@D@std@@V?$allocator@D@2@@std@@MEAAHH@Z 0000000140006970 f i main.obj
 0001:00005e60       ?pbackfail@?$basic_stringbuf@DU?$char_traits@D@std@@V?$allocator@D@2@@std@@MEAAHH@Z 0000000140006e60 f i main.obj
 0001:00005f70       ?pbase@?$basic_streambuf@DU?$char_traits@D@std@@@std@@IEBAPEADXZ 0000000140006f70 f i main.obj
 0001:00005f90       ?pbump@?$basic_streambuf@DU?$char_traits@D@std@@@std@@IEAAXH@Z 0000000140006f90 f i main.obj
 0001:00005fe0       ?pointer_to@?$pointer_traits@PEAD@std@@SAPEADAEAD@Z 0000000140006fe0 f i main.obj
 0001:00006000       ?pptr@?$basic_streambuf@DU?$char_traits@D@std@@@std@@IEBAPEADXZ 0000000140007000 f i main.obj
 0001:00006020       ?rdstate@ios_base@std@@QEBAHXZ 0000000140007020 f i main.obj
 0001:00006030       ?seekoff@?$basic_streambuf@DU?$char_traits@D@std@@@std@@MEAA?AV?$fpos@U_Mbstatet@@@2@_JHH@Z 0000000140007030 f i main.obj
 0001:00006030       ?seekpos@?$basic_streambuf@DU?$char_traits@D@std@@@std@@MEAA?AV?$fpos@U_Mbstatet@@@2@V32@H@Z 0000000140007030 f i main.obj
 0001:00006070       ?seekoff@?$basic_stringbuf@DU?$char_traits@D@std@@V?$allocator@D@2@@std@@MEAA?AV?$fpos@U_Mbstatet@@@2@_JHH@Z 0000000140007070 f i main.obj
 0001:00006390       ?seekpos@?$basic_stringbuf@DU?$char_traits@D@std@@V?$allocator@D@2@@std@@MEAA?AV?$fpos@U_Mbstatet@@@2@V32@H@Z 0000000140007390 f i main.obj
 0001:000065b0       ?select_on_container_copy_construction@?$_Default_allocator_traits@V?$allocator@D@std@@@std@@SA?AV?$allocator@D@2@AEBV32@@Z 00000001400075b0 f i main.obj
 0001:000065c0       ?setbuf@?$basic_streambuf@DU?$char_traits@D@std@@@std@@MEAAPEAV12@PEAD_J@Z 00000001400075c0 f i main.obj
 0001:000065e0       ?setg@?$basic_streambuf@DU?$char_traits@D@std@@@std@@IEAAXPEAD00@Z 00000001400075e0 f i main.obj
 0001:00006640       ?setp@?$basic_streambuf@DU?$char_traits@D@std@@@std@@IEAAXPEAD00@Z 0000000140007640 f i main.obj
 0001:000066a0       ?setp@?$basic_streambuf@DU?$char_traits@D@std@@@std@@IEAAXPEAD0@Z 00000001400076a0 f i main.obj
 0001:000066f0       ?setstate@?$basic_ios@DU?$char_traits@D@std@@@std@@QEAAXH_N@Z 00000001400076f0 f i main.obj
 0001:00006730       ?showmanyc@?$basic_streambuf@DU?$char_traits@D@std@@@std@@MEAA_JXZ 0000000140007730 f i main.obj
 0001:00006730       ?sync@?$basic_streambuf@DU?$char_traits@D@std@@@std@@MEAAHXZ 0000000140007730 f i main.obj
 0001:00006740       ?size@?$basic_string@DU?$char_traits@D@std@@V?$allocator@D@2@@std@@QEBA_KXZ 0000000140007740 f i main.obj
 0001:00006760       ?to_char_type@?$char_traits@D@std@@SADAEBH@Z 0000000140007760 f i main.obj
 0001:00006760       ?to_int_type@?$char_traits@D@std@@SAHAEBD@Z 0000000140007760 f i main.obj
 0001:00006770       ?uflow@?$basic_streambuf@DU?$char_traits@D@std@@@std@@MEAAHXZ 0000000140007770 f i main.obj
 0001:000067e0       ?underflow@?$basic_streambuf@DU?$char_traits@D@std@@@std@@MEAAHXZ 00000001400077e0 f i main.obj
 0001:00006800       ?underflow@?$basic_stringbuf@DU?$char_traits@D@std@@V?$allocator@D@2@@std@@MEAAHXZ 0000000140007800 f i main.obj
 0001:00006940       ?value@error_code@std@@QEBAHXZ 0000000140007940 f i main.obj
 0001:00006940       ?value@error_condition@std@@QEBAHXZ 0000000140007940 f i main.obj
 0001:00006950       ?what@exception@std@@UEBAPEBDXZ 0000000140007950 f i main.obj
 0001:00006990       ?widen@?$basic_ios@DU?$char_traits@D@std@@@std@@QEBADD@Z 0000000140007990 f i main.obj
 0001:00006a00       ?widen@?$ctype@D@std@@QEBADD@Z 0000000140007a00 f i main.obj
 0001:00006a30       ?xsgetn@?$basic_streambuf@DU?$char_traits@D@std@@@std@@MEAA_JPEAD_J@Z 0000000140007a30 f i main.obj
 0001:00006b80       ?xsputn@?$basic_streambuf@DU?$char_traits@D@std@@@std@@MEAA_JPEBD_J@Z 0000000140007b80 f i main.obj
 0001:00006cd0       __local_stdio_printf_options 0000000140007cd0 f i main.obj
 0001:00006ce0       _vfprintf_s_l              0000000140007ce0 f i main.obj
 0001:00006d30       printf_s                   0000000140007d30 f i main.obj
 0001:00006d8c       SDL_GetError               0000000140007d8c f   SDL2:SDL2.dll
 0001:00006d92       SDL_RWFromFile             0000000140007d92 f   SDL2:SDL2.dll
 0001:00006d98       SDL_MapRGB                 0000000140007d98 f   SDL2:SDL2.dll
 0001:00006d9e       SDL_FreeSurface            0000000140007d9e f   SDL2:SDL2.dll
 0001:00006da4       SDL_SetColorKey            0000000140007da4 f   SDL2:SDL2.dll
 0001:00006daa       SDL_CreateWindow           0000000140007daa f   SDL2:SDL2.dll
 0001:00006db0       SDL_DestroyWindow          0000000140007db0 f   SDL2:SDL2.dll
 0001:00006db6       SDL_GetKeyboardState       0000000140007db6 f   SDL2:SDL2.dll
 0001:00006dbc       SDL_GetMouseState          0000000140007dbc f   SDL2:SDL2.dll
 0001:00006dc2       SDL_PollEvent              0000000140007dc2 f   SDL2:SDL2.dll
 0001:00006dc8       SDL_CreateRenderer         0000000140007dc8 f   SDL2:SDL2.dll
 0001:00006dce       SDL_CreateTextureFromSurface 0000000140007dce f   SDL2:SDL2.dll
 0001:00006dd4       SDL_SetTextureColorMod     0000000140007dd4 f   SDL2:SDL2.dll
 0001:00006dda       SDL_SetTextureAlphaMod     0000000140007dda f   SDL2:SDL2.dll
 0001:00006de0       SDL_SetTextureBlendMode    0000000140007de0 f   SDL2:SDL2.dll
 0001:00006de6       SDL_SetRenderDrawColor     0000000140007de6 f   SDL2:SDL2.dll
 0001:00006dec       SDL_RenderClear            0000000140007dec f   SDL2:SDL2.dll
 0001:00006df2       SDL_RenderCopyEx           0000000140007df2 f   SDL2:SDL2.dll
 0001:00006df8       SDL_RenderPresent          0000000140007df8 f   SDL2:SDL2.dll
 0001:00006dfe       SDL_DestroyTexture         0000000140007dfe f   SDL2:SDL2.dll
 0001:00006e04       SDL_DestroyRenderer        0000000140007e04 f   SDL2:SDL2.dll
 0001:00006e0a       SDL_GetTicks               0000000140007e0a f   SDL2:SDL2.dll
 0001:00006e10       SDL_Init                   0000000140007e10 f   SDL2:SDL2.dll
 0001:00006e16       SDL_Quit                   0000000140007e16 f   SDL2:SDL2.dll
 0001:00006e1c       SDL_GetWindowWMInfo        0000000140007e1c f   SDL2:SDL2.dll
 0001:00006e22       IMG_Init                   0000000140007e22 f   SDL2_image:SDL2_image.dll
 0001:00006e28       IMG_Quit                   0000000140007e28 f   SDL2_image:SDL2_image.dll
 0001:00006e2e       IMG_Load                   0000000140007e2e f   SDL2_image:SDL2_image.dll
 0001:00006e34       IMG_LoadTexture            0000000140007e34 f   SDL2_image:SDL2_image.dll
 0001:00006e3a       TTF_Init                   0000000140007e3a f   SDL2_ttf:SDL2_ttf.dll
 0001:00006e40       TTF_OpenFont               0000000140007e40 f   SDL2_ttf:SDL2_ttf.dll
 0001:00006e46       TTF_RenderText_Solid       0000000140007e46 f   SDL2_ttf:SDL2_ttf.dll
 0001:00006e4c       TTF_CloseFont              0000000140007e4c f   SDL2_ttf:SDL2_ttf.dll
 0001:00006e52       TTF_Quit                   0000000140007e52 f   SDL2_ttf:SDL2_ttf.dll
 0001:00006e58       Mix_Quit                   0000000140007e58 f   SDL2_mixer:SDL2_mixer.dll
 0001:00006e5e       Mix_OpenAudio              0000000140007e5e f   SDL2_mixer:SDL2_mixer.dll
 0001:00006e64       Mix_LoadWAV_RW             0000000140007e64 f   SDL2_mixer:SDL2_mixer.dll
 0001:00006e6a       Mix_FreeChunk              0000000140007e6a f   SDL2_mixer:SDL2_mixer.dll
 0001:00006e70       Mix_FreeMusic              0000000140007e70 f   SDL2_mixer:SDL2_mixer.dll
 0001:00006e76       Mix_PlayChannelTimed       0000000140007e76 f   SDL2_mixer:SDL2_mixer.dll
 0001:00006e7c       ??0_Init_locks@std@@QEAA@XZ 0000000140007e7c f   libcpmt:xlock.obj
 0001:00006ec8       ??0_Lockit@std@@QEAA@H@Z   0000000140007ec8 f   libcpmt:xlock.obj
 0001:00006f04       ??1_Init_locks@std@@QEAA@XZ 0000000140007f04 f   libcpmt:xlock.obj
 0001:00006f48       ??1_Lockit@std@@QEAA@XZ    0000000140007f48 f   libcpmt:xlock.obj
 0001:00006f7c       ??0bad_alloc@std@@QEAA@AEBV01@@Z 0000000140007f7c f i libcpmt:xthrow.obj
 0001:00006fbc       ??0bad_alloc@std@@QEAA@XZ  0000000140007fbc f i libcpmt:xthrow.obj
 0001:00006fdc       ??0length_error@std@@QEAA@AEBV01@@Z 0000000140007fdc f i libcpmt:xthrow.obj
 0001:0000701c       ??0length_error@std@@QEAA@PEBD@Z 000000014000801c f i libcpmt:xthrow.obj
 0001:00007068       ??0logic_error@std@@QEAA@AEBV01@@Z 0000000140008068 f i libcpmt:xthrow.obj
 0001:000070a8       ??1bad_exception@std@@UEAA@XZ 00000001400080a8 f i libvcruntime:frame.obj
 0001:000070a8       ??1bad_alloc@std@@UEAA@XZ  00000001400080a8 f i libcpmt:xthrow.obj
 0001:000070a8       ??1length_error@std@@UEAA@XZ 00000001400080a8 f i libcpmt:xthrow.obj
 0001:000070a8       ??1bad_array_new_length@std@@UEAA@XZ 00000001400080a8 f i LIBCMT:throw_bad_alloc.obj
 0001:000070bc       ??_Gbad_exception@std@@UEAAPEAXI@Z 00000001400080bc f i libvcruntime:frame.obj
 0001:000070bc       ??_Elogic_error@std@@UEAAPEAXI@Z 00000001400080bc f i libcpmt:xthrow.obj
 0001:000070bc       ??_Gbad_array_new_length@std@@UEAAPEAXI@Z 00000001400080bc f i LIBCMT:throw_bad_alloc.obj
 0001:000070bc       ??_Gbad_alloc@std@@UEAAPEAXI@Z 00000001400080bc f i libcpmt:xthrow.obj
 0001:000070bc       ??_Ebad_exception@std@@UEAAPEAXI@Z 00000001400080bc f i libvcruntime:frame.obj
 0001:000070bc       ??_Glogic_error@std@@UEAAPEAXI@Z 00000001400080bc f i libcpmt:xthrow.obj
 0001:000070bc       ??_Glength_error@std@@UEAAPEAXI@Z 00000001400080bc f i libcpmt:xthrow.obj
 0001:000070bc       ??_Ebad_array_new_length@std@@UEAAPEAXI@Z 00000001400080bc f i LIBCMT:throw_bad_alloc.obj
 0001:000070bc       ??_Elength_error@std@@UEAAPEAXI@Z 00000001400080bc f i libcpmt:xthrow.obj
 0001:000070bc       ??_Ebad_alloc@std@@UEAAPEAXI@Z 00000001400080bc f i libcpmt:xthrow.obj
 0001:00007100       ?_Xlength_error@std@@YAXPEBD@Z 0000000140008100 f   libcpmt:xthrow.obj
 0001:00007124       _Getctype                  0000000140008124 f   libcpmt:_tolower.obj
 0001:000071ec       _Tolower                   00000001400081ec f   libcpmt:_tolower.obj
 0001:0000731c       _Toupper                   000000014000831c f   libcpmt:_toupper.obj
 0001:0000745c       ??4?$_Yarn@D@std@@QEAAAEAV01@PEBD@Z 000000014000845c f i libcpmt:locale0.obj
 0001:000074d4       ??_G_Fac_node@std@@QEAAPEAXI@Z 00000001400084d4 f i libcpmt:locale0.obj
 0001:00007560       ??_E_Locimp@locale@std@@MEAAPEAXI@Z 0000000140008560 f i libcpmt:locale0.obj
 0001:00007560       ??_G_Locimp@locale@std@@MEAAPEAXI@Z 0000000140008560 f i libcpmt:locale0.obj
 0001:000075cc       ?_Facet_Register@std@@YAXPEAV_Facet_base@1@@Z 00000001400085cc f   libcpmt:locale0.obj
 0001:00007604       ?_Getgloballocale@locale@std@@CAPEAV_Locimp@12@XZ 0000000140008604 f   libcpmt:locale0.obj
 0001:0000760c       ?_Init@locale@std@@CAPEAV_Locimp@12@_N@Z 000000014000860c f   libcpmt:locale0.obj
 0001:000076e4       ?_Locimp_dtor@_Locimp@locale@std@@CAXPEAV123@@Z 00000001400086e4 f   libcpmt:locale0.obj
 0001:0000778c       ?_Locinfo_ctor@_Locinfo@std@@SAXPEAV12@PEBD@Z 000000014000878c f   libcpmt:locale0.obj
 0001:000077f8       ?_Locinfo_dtor@_Locinfo@std@@SAXPEAV12@@Z 00000001400087f8 f   libcpmt:locale0.obj
 0001:00007814       ?_New_Locimp@_Locimp@locale@std@@CAPEAV123@_N@Z 0000000140008814 f   libcpmt:locale0.obj
 0001:00007884       _Deletegloballocale        0000000140008884 f   libcpmt:locale0.obj
 0001:0000790c       ?_Execute_once@std@@YAHAEAUonce_flag@1@P6AHPEAX1PEAPEAX@Z1@Z 000000014000890c f   libcpmt:xonce.obj
 0001:00007914       ?_Syserror_map@std@@YAPEBDH@Z 0000000140008914 f   libcpmt:syserror.obj
 0001:0000793c       ?_Addstd@ios_base@std@@SAXPEAV12@@Z 000000014000893c f   libcpmt:ios.obj
 0001:000079b4       ?_Ios_base_dtor@ios_base@std@@CAXPEAV12@@Z 00000001400089b4 f   libcpmt:ios.obj
 0001:000079f8       ?_Tidy@ios_base@std@@AEAAXXZ 00000001400089f8 f i libcpmt:ios.obj
 0001:00007a88       _Mtxdst                    0000000140008a88 f   libcpmt:xmtx.obj
 0001:00007a90       _Mtxinit                   0000000140008a90 f   libcpmt:xmtx.obj
 0001:00007aa0       _Mtxlock                   0000000140008aa0 f   libcpmt:xmtx.obj
 0001:00007aa8       _Mtxunlock                 0000000140008aa8 f   libcpmt:xmtx.obj
 0001:00007ab0       __crtLCMapStringA          0000000140008ab0 f   libcpmt:StlLCMapStringA.obj
 0001:00007d64       ?_Atexit@@YAXP6AXXZ@Z      0000000140008d64 f   libcpmt:iosptrs.obj
 0001:00008274       __crtInitOnceExecuteOnce   0000000140009274 f   libcpmt:winapisupp.obj
 0001:00008350       __crtInitializeCriticalSectionEx 0000000140009350 f   libcpmt:winapisupp.obj
 0001:000083b0       GetTableIndexFromLocaleName 00000001400093b0 f   libcpmt:winapinls.obj
 0001:00008440       __crtDownlevelLocaleNameToLCID 0000000140009440 f   libcpmt:winapinls.obj
 0001:00008474       __crtLCMapStringEx         0000000140009474 f   libcpmt:winapinls.obj
 0001:00008530       __wcsnicmp_ascii           0000000140009530 f   libcpmt:winapinls.obj
 0001:00008598       ??2@YAPEAX_K@Z             0000000140009598 f   LIBCMT:new_scalar.obj
 0001:000085d4       ??3@YAXPEAX_K@Z            00000001400095d4 f   LIBCMT:delete_scalar_size.obj
 0001:000085d4       ??_V@YAXPEAX@Z             00000001400095d4 f   LIBCMT:delete_array.obj
 0001:000085dc       ??_U@YAPEAX_K@Z            00000001400095dc f   LIBCMT:new_array.obj
 0001:000085e4       __scrt_acquire_startup_lock 00000001400095e4 f   LIBCMT:utility.obj
 0001:00008620       __scrt_initialize_crt      0000000140009620 f   LIBCMT:utility.obj
 0001:0000866c       __scrt_initialize_onexit_tables 000000014000966c f   LIBCMT:utility.obj
 0001:0000874c       __scrt_is_nonwritable_in_current_image 000000014000974c f   LIBCMT:utility.obj
 0001:000087e8       __scrt_release_startup_lock 00000001400097e8 f   LIBCMT:utility.obj
 0001:0000880c       __scrt_uninitialize_crt    000000014000980c f   LIBCMT:utility.obj
 0001:00008838       _onexit                    0000000140009838 f   LIBCMT:utility.obj
 0001:00008888       atexit                     0000000140009888 f   LIBCMT:utility.obj
 0001:000088a0       __GSHandlerCheck           00000001400098a0 f   LIBCMT:_gshandler_.obj
 0001:000088c0       __GSHandlerCheckCommon     00000001400098c0 f   LIBCMT:_gshandler_.obj
 0001:0000891c       __GSHandlerCheck_EH        000000014000991c f   LIBCMT:gshandlereh.obj
 0001:000089b0       __security_check_cookie    00000001400099b0 f   LIBCMT:_amdsecgs_.obj
 0001:000089d4       ??_Gtype_info@@UEAAPEAXI@Z 00000001400099d4 f i LIBCMT:std_type_info_static.obj
 0001:000089d4       ??_Etype_info@@UEAAPEAXI@Z 00000001400099d4 f i LIBCMT:std_type_info_static.obj
 0001:00008c60       WinMainCRTStartup          0000000140009c60 f   LIBCMT:exe_winmain.obj
 0001:00008c74       _guard_check_icall         0000000140009c74 f i LIBCMT:checkcfg.obj
 0001:00008c90       _alloca_probe              0000000140009c90 f   LIBCMT:_chkstk_.obj
 0001:00008c90       __chkstk                   0000000140009c90 f   LIBCMT:_chkstk_.obj
 0001:00008ce4       ??0bad_array_new_length@std@@QEAA@AEBV01@@Z 0000000140009ce4 f i LIBCMT:throw_bad_alloc.obj
 0001:00008d24       ??0bad_array_new_length@std@@QEAA@XZ 0000000140009d24 f i LIBCMT:throw_bad_alloc.obj
 0001:00008d44       ?__scrt_throw_std_bad_alloc@@YAXXZ 0000000140009d44 f   LIBCMT:throw_bad_alloc.obj
 0001:00008d64       ?__scrt_throw_std_bad_array_new_length@@YAXXZ 0000000140009d64 f   LIBCMT:throw_bad_alloc.obj
 0001:00008d84       ??3@YAXPEAX@Z              0000000140009d84 f   LIBCMT:delete_scalar.obj
 0001:00008d8c       __isa_available_init       0000000140009d8c f   LIBCMT:_cpu_disp_.obj
 0001:00008f48       _get_startup_argv_mode     0000000140009f48 f   LIBCMT:argv_mode.obj
 0001:00008f50       __scrt_is_ucrt_dll_in_use  0000000140009f50 f   LIBCMT:ucrt_detection.obj
 0001:00008f5c       __crt_debugger_hook        0000000140009f5c f   LIBCMT:utility_desktop.obj
 0001:00008f64       __scrt_fastfail            0000000140009f64 f   LIBCMT:utility_desktop.obj
 0001:000090b0       __scrt_get_show_window_mode 000000014000a0b0 f   LIBCMT:utility_desktop.obj
 0001:000090ec       _get_startup_new_mode      000000014000a0ec f   LIBCMT:new_mode.obj
 0001:000090ec       _get_startup_thread_locale_mode 000000014000a0ec f   LIBCMT:thread_locale.obj
 0001:000090ec       _get_startup_commit_mode   000000014000a0ec f   LIBCMT:commit_mode.obj
 0001:000090ec       _matherr                   000000014000a0ec f   LIBCMT:matherr.obj
 0001:000090ec       __scrt_initialize_winrt    000000014000a0ec f   LIBCMT:utility_desktop.obj
 0001:000090f0       __scrt_is_managed_app      000000014000a0f0 f   LIBCMT:utility_desktop.obj
 0001:00009144       __scrt_set_unhandled_exception_filter 000000014000a144 f   LIBCMT:utility_desktop.obj
 0001:00009154       __scrt_unhandled_exception_filter 000000014000a154 f   LIBCMT:utility_desktop.obj
 0001:0000918c       __raise_securityfailure    000000014000a18c f   LIBCMT:gs_report.obj
 0001:000091c0       __report_gsfailure         000000014000a1c0 f   LIBCMT:gs_report.obj
 0001:00009294       __report_rangecheckfailure 000000014000a294 f   LIBCMT:gs_report.obj
 0001:000092a8       __report_securityfailure   000000014000a2a8 f   LIBCMT:gs_report.obj
 0001:00009428       __security_init_cookie     000000014000a428 f   LIBCMT:gs_support.obj
 0001:000094d8       _get_startup_file_mode     000000014000a4d8 f   LIBCMT:file_mode.obj
 0001:000094e0       ?__scrt_initialize_type_info@@YAXXZ 000000014000a4e0 f   LIBCMT:tncleanup.obj
 0001:000094f0       _should_initialize_environment 000000014000a4f0 f   LIBCMT:env_mode.obj
 0001:000094f0       __acrt_uninitialize_command_line 000000014000a4f0 f   libucrt:argv_data.obj
 0001:000094f4       __local_stdio_scanf_options 000000014000a4f4 f i LIBCMT:default_local_stdio_options.obj
 0001:000094fc       __scrt_initialize_default_local_stdio_options 000000014000a4fc f   LIBCMT:default_local_stdio_options.obj
 0001:00009518       __scrt_is_user_matherr_present 000000014000a518 f   LIBCMT:matherr_detection.obj
 0001:00009524       __scrt_get_dyn_tls_init_callback 000000014000a524 f   LIBCMT:dyn_tls_init.obj
 0001:0000952c       __scrt_get_dyn_tls_dtor_callback 000000014000a52c f   LIBCMT:dyn_tls_dtor.obj
 0001:00009534       _RTC_Initialize            000000014000a534 f   LIBCMT:_initsect_.obj
 0001:00009580       _RTC_Terminate             000000014000a580 f   LIBCMT:_initsect_.obj
 0001:000095d0       IsProcessorFeaturePresent  000000014000a5d0 f   kernel32:KERNEL32.dll
 0001:000095d8       _purecall                  000000014000a5d8 f   libvcruntime:purevirt.obj
 0001:00009620       memmove                    000000014000a620 f   libvcruntime:memcpy.obj
 0001:00009620       memcpy                     000000014000a620 f   libvcruntime:memcpy.obj
 0001:00009a68       __std_exception_copy       000000014000aa68 f   libvcruntime:std_exception.obj
 0001:00009af8       __std_exception_destroy    000000014000aaf8 f   libvcruntime:std_exception.obj
 0001:00009b20       _CxxThrowException         000000014000ab20 f   libvcruntime:throw.obj
 0001:00009bf8       ?_ExecutionInCatch@@YAHPEAU_xDISPATCHER_CONTEXT@@PEBU_s_FuncInfo@@@Z 000000014000abf8 f   libvcruntime:risctrnsctrl.obj
 0001:00009c6c       ?_GetEstablisherFrame@@YAPEA_KPEA_KPEAU_xDISPATCHER_CONTEXT@@PEBU_s_FuncInfo@@0@Z 000000014000ac6c f   libvcruntime:risctrnsctrl.obj
 0001:00009d38       ?_GetRangeOfTrysToCheck@@YAPEBU_s_TryBlockMapEntry@@PEA_KPEBU_s_FuncInfo@@HHPEAI2PEAU_xDISPATCHER_CONTEXT@@@Z 000000014000ad38 f   libvcruntime:risctrnsctrl.obj
 0001:00009e64       ?__FrameUnwindToEmptyState@@YAXPEA_KPEAU_xDISPATCHER_CONTEXT@@PEBU_s_FuncInfo@@@Z 000000014000ae64 f   libvcruntime:risctrnsctrl.obj
 0001:00009ef8       _CallSETranslator          000000014000aef8 f   libvcruntime:risctrnsctrl.obj
 0001:00009f50       _CreateFrameInfo           000000014000af50 f   libvcruntime:risctrnsctrl.obj
 0001:00009f8c       _FindAndUnlinkFrame        000000014000af8c f   libvcruntime:risctrnsctrl.obj
 0001:00009fe8       _GetImageBase              000000014000afe8 f   libvcruntime:risctrnsctrl.obj
 0001:00009ffc       _GetThrowImageBase         000000014000affc f   libvcruntime:risctrnsctrl.obj
 0001:0000a010       _SetImageBase              000000014000b010 f   libvcruntime:risctrnsctrl.obj
 0001:0000a028       _SetThrowImageBase         000000014000b028 f   libvcruntime:risctrnsctrl.obj
 0001:0000a040       _UnwindNestedFrames        000000014000b040 f   libvcruntime:risctrnsctrl.obj
 0001:0000a164       __CxxFrameHandler3         000000014000b164 f   libvcruntime:risctrnsctrl.obj
 0001:0000a1e4       __DestructExceptionObject  000000014000b1e4 f   libvcruntime:ehhelpers.obj
 0001:0000a268       ?_CallMemberFunction0@@YAXQEAX0@Z 000000014000b268 f i libvcruntime:ehhelpers.obj
 0001:0000a26c       _IsExceptionObjectToBeDestroyed 000000014000b26c f   libvcruntime:ehhelpers.obj
 0001:0000a29c       __AdjustPointer            000000014000b29c f   libvcruntime:ehhelpers.obj
 0001:0000a2c0       __FrameUnwindFilter        000000014000b2c0 f   libvcruntime:ehhelpers.obj
 0001:0000a30c       __std_terminate            000000014000b30c f   libvcruntime:ehhelpers.obj
 0001:0000a330       memset                     000000014000b330 f   libvcruntime:memset.obj
 0001:0000a4f0       memchr                     000000014000b4f0 f   libvcruntime:memchr.obj
 0001:0000a570       memcmp                     000000014000b570 f   libvcruntime:memcmp.obj
 0001:0000a638       __vcrt_initialize          000000014000b638 f   libvcruntime:initialization.obj
 0001:0000a66c       __vcrt_uninitialize        000000014000b66c f   libvcruntime:initialization.obj
 0001:0000a68c       __C_specific_handler       000000014000b68c f   libvcruntime:_riscchandler_.obj
 0001:0000a898       __std_type_info_compare    000000014000b898 f   libvcruntime:std_type_info.obj
 0001:0000a8c0       __vcrt_initialize_pure_virtual_call_handler 000000014000b8c0 f   libvcruntime:purevirt_data.obj
 0001:0000a8e4       __vcrt_freefls             000000014000b8e4 f   libvcruntime:per_thread_data.obj
 0001:0000a904       __vcrt_getptd              000000014000b904 f   libvcruntime:per_thread_data.obj
 0001:0000a920       __vcrt_getptd_noexit       000000014000b920 f   libvcruntime:per_thread_data.obj
 0001:0000a9d8       __vcrt_initialize_ptd      000000014000b9d8 f   libvcruntime:per_thread_data.obj
 0001:0000aa2c       __vcrt_uninitialize_ptd    000000014000ba2c f   libvcruntime:per_thread_data.obj
 0001:0000aa50       ?__GetCurrentState@@YAHPEA_KPEAU_xDISPATCHER_CONTEXT@@PEBU_s_FuncInfo@@@Z 000000014000ba50 f   libvcruntime:riscehstate.obj
 0001:0000aa78       ?__GetUnwindTryBlock@@YAHPEA_KPEAU_xDISPATCHER_CONTEXT@@PEBU_s_FuncInfo@@@Z 000000014000ba78 f   libvcruntime:riscehstate.obj
 0001:0000aaa4       ?__SetState@@YAXPEA_KPEAU_xDISPATCHER_CONTEXT@@PEBU_s_FuncInfo@@H@Z 000000014000baa4 f   libvcruntime:riscehstate.obj
 0001:0000aab0       ?__SetUnwindTryBlock@@YAXPEA_KPEAU_xDISPATCHER_CONTEXT@@PEBU_s_FuncInfo@@H@Z 000000014000bab0 f   libvcruntime:riscehstate.obj
 0001:0000aaec       ?__StateFromControlPc@@YAHPEBU_s_FuncInfo@@PEAU_xDISPATCHER_CONTEXT@@@Z 000000014000baec f   libvcruntime:riscehstate.obj
 0001:0000aaf4       ?__StateFromIp@@YAHPEBU_s_FuncInfo@@PEAU_xDISPATCHER_CONTEXT@@_K@Z 000000014000baf4 f   libvcruntime:riscehstate.obj
 0001:0000ab60       ??0bad_exception@std@@QEAA@AEBV01@@Z 000000014000bb60 f i libvcruntime:frame.obj
 0001:0000aba0       ??0bad_exception@std@@QEAA@XZ 000000014000bba0 f i libvcruntime:frame.obj
 0001:0000b508       ?_CallMemberFunction1@@YAXQEAX00@Z 000000014000c508 f i libvcruntime:frame.obj
 0001:0000b514       ?_CallMemberFunction2@@YAXQEAX00H@Z 000000014000c514 f i libvcruntime:frame.obj
 0001:0000b524       __BuildCatchObject         000000014000c524 f   libvcruntime:frame.obj
 0001:0000b5e8       __BuildCatchObjectHelper   000000014000c5e8 f   libvcruntime:frame.obj
 0001:0000b7ec       __CxxCallCatchBlock        000000014000c7ec f   libvcruntime:frame.obj
 0001:0000b9d8       __FrameUnwindToState       000000014000c9d8 f   libvcruntime:frame.obj
 0001:0000bb6c       __InternalCxxFrameHandler  000000014000cb6c f   libvcruntime:frame.obj
 0001:0000bdbc       __TypeMatch                000000014000cdbc f   libvcruntime:frame.obj
 0001:0000bf00       __vcrt_initialize_locks    000000014000cf00 f   libvcruntime:locks.obj
 0001:0000bf48       __vcrt_uninitialize_locks  000000014000cf48 f   libvcruntime:locks.obj
 0001:0000c158       __vcrt_FlsAlloc            000000014000d158 f   libvcruntime:winapi_downlevel.obj
 0001:0000c1ac       __vcrt_FlsFree             000000014000d1ac f   libvcruntime:winapi_downlevel.obj
 0001:0000c200       __vcrt_FlsGetValue         000000014000d200 f   libvcruntime:winapi_downlevel.obj
 0001:0000c254       __vcrt_FlsSetValue         000000014000d254 f   libvcruntime:winapi_downlevel.obj
 0001:0000c2bc       __vcrt_InitializeCriticalSectionEx 000000014000d2bc f   libvcruntime:winapi_downlevel.obj
 0001:0000c334       __vcrt_initialize_winapi_thunks 000000014000d334 f   libvcruntime:winapi_downlevel.obj
 0001:0000c378       __vcrt_uninitialize_winapi_thunks 000000014000d378 f   libvcruntime:winapi_downlevel.obj
 0001:0000c3d0       _local_unwind              000000014000d3d0 f   libvcruntime:_jmpuwind_.obj
 0001:0000c400       _NLG_Notify                000000014000d400 f   libvcruntime:_jmpuwind_.obj
 0001:0000c420       __NLG_Dispatch2            000000014000d420 f   libvcruntime:_jmpuwind_.obj
 0001:0000c430       __NLG_Return2              000000014000d430 f   libvcruntime:_jmpuwind_.obj
 0001:0000c434       __except_validate_context_record 000000014000d434 f   libvcruntime:jbcxrval.obj
 0001:0000c480       _CallSettingFrame          000000014000d480 f   libvcruntime:handlers.obj
 0001:0000c4c0       __acrt_call_reportfault    000000014000d4c0 f   libucrt:invalid_parameter.obj
 0001:0000c61c       __acrt_initialize_invalid_parameter_handler 000000014000d61c f   libucrt:invalid_parameter.obj
 0001:0000c624       _invalid_parameter         000000014000d624 f   libucrt:invalid_parameter.obj
 0001:0000c6d4       _invalid_parameter_noinfo  000000014000d6d4 f   libucrt:invalid_parameter.obj
 0001:0000c6f4       _invalid_parameter_noinfo_noreturn 000000014000d6f4 f   libucrt:invalid_parameter.obj
 0001:0000c724       _invoke_watson             000000014000d724 f   libucrt:invalid_parameter.obj
 0001:0000c76c       free                       000000014000d76c f   libucrt:free.obj
 0001:0000c780       __acrt_initialize_stdio    000000014000d780 f   libucrt:_file.obj
 0001:0000c8a0       __acrt_iob_func            000000014000d8a0 f   libucrt:_file.obj
 0001:0000c8b4       __acrt_uninitialize_stdio  000000014000d8b4 f   libucrt:_file.obj
 0001:0000c910       _lock_file                 000000014000d910 f   libucrt:_file.obj
 0001:0000c91c       _unlock_file               000000014000d91c f   libucrt:_file.obj
 0001:0000c968       ??$ensure_buffer_is_big_enough@D@formatting_buffer@__crt_stdio_output@@QEAA_N_K@Z 000000014000d968 f i libucrt:output.obj
 0001:0000ca10       ??$type_case_integer_parse_into_buffer@I@?$output_processor@DV?$stream_output_adapter@D@__crt_stdio_output@@V?$format_validation_base@DV?$stream_output_adapter@D@__crt_stdio_output@@@2@@__crt_stdio_output@@AEAAXII_N@Z 000000014000da10 f i libucrt:output.obj
 0001:0000ca98       ??$type_case_integer_parse_into_buffer@_K@?$output_processor@DV?$stream_output_adapter@D@__crt_stdio_output@@V?$format_validation_base@DV?$stream_output_adapter@D@__crt_stdio_output@@@2@@__crt_stdio_output@@AEAAX_KI_N@Z 000000014000da98 f i libucrt:output.obj
 0001:0000cb28       ??$write_multiple_characters@V?$stream_output_adapter@D@__crt_stdio_output@@D@__crt_stdio_output@@YAXAEBV?$stream_output_adapter@D@0@DHQEAH@Z 000000014000db28 f i libucrt:output.obj
 0001:0000cbac       ??0_LocaleUpdate@@QEAA@QEAU__crt_locale_pointers@@@Z 000000014000dbac f i libucrt:output.obj
 0001:0000cd6c       ?force_decimal_point@__crt_stdio_output@@YAXPEADQEAU__crt_locale_pointers@@@Z 000000014000dd6c f i libucrt:output.obj
 0001:0000cddc       ?parse_int_from_format_string@?$output_processor@DV?$stream_output_adapter@D@__crt_stdio_output@@V?$format_validation_base@DV?$stream_output_adapter@D@__crt_stdio_output@@@2@@__crt_stdio_output@@AEAA_NQEAH@Z 000000014000dddc f i libucrt:output.obj
 0001:0000ce80       ?process@?$output_processor@DV?$stream_output_adapter@D@__crt_stdio_output@@V?$format_validation_base@DV?$stream_output_adapter@D@__crt_stdio_output@@@2@@__crt_stdio_output@@QEAAHXZ 000000014000de80 f i libucrt:output.obj
 0001:0000d0ac       ?state_case_normal@?$output_processor@DV?$stream_output_adapter@D@__crt_stdio_output@@V?$format_validation_base@DV?$stream_output_adapter@D@__crt_stdio_output@@@2@@__crt_stdio_output@@AEAA_NXZ 000000014000e0ac f i libucrt:output.obj
 0001:0000d11c       ?state_case_normal_tchar@?$output_processor@DV?$stream_output_adapter@D@__crt_stdio_output@@V?$format_validation_base@DV?$stream_output_adapter@D@__crt_stdio_output@@@2@@__crt_stdio_output@@AEAA_ND@Z 000000014000e11c f i libucrt:output.obj
 0001:0000d1b8       ?state_case_size@?$output_processor@DV?$stream_output_adapter@D@__crt_stdio_output@@V?$format_validation_base@DV?$stream_output_adapter@D@__crt_stdio_output@@@2@@__crt_stdio_output@@AEAA_NXZ 000000014000e1b8 f i libucrt:output.obj
 0001:0000d334       ?state_case_type@?$output_processor@DV?$stream_output_adapter@D@__crt_stdio_output@@V?$format_validation_base@DV?$stream_output_adapter@D@__crt_stdio_output@@@2@@__crt_stdio_output@@AEAA_NXZ 000000014000e334 f i libucrt:output.obj
 0001:0000d5cc       ?type_case_Z@?$output_processor@DV?$stream_output_adapter@D@__crt_stdio_output@@V?$format_validation_base@DV?$stream_output_adapter@D@__crt_stdio_output@@@2@@__crt_stdio_output@@AEAA_NXZ 000000014000e5cc f i libucrt:output.obj
 0001:0000d64c       ?type_case_a@?$output_processor@DV?$stream_output_adapter@D@__crt_stdio_output@@V?$format_validation_base@DV?$stream_output_adapter@D@__crt_stdio_output@@@2@@__crt_stdio_output@@AEAA_NXZ 000000014000e64c f i libucrt:output.obj
 0001:0000d864       ?type_case_c_tchar@?$output_processor@DV?$stream_output_adapter@D@__crt_stdio_output@@V?$format_validation_base@DV?$stream_output_adapter@D@__crt_stdio_output@@@2@@__crt_stdio_output@@AEAA_ND@Z 000000014000e864 f i libucrt:output.obj
 0001:0000d930       ?type_case_integer@?$output_processor@DV?$stream_output_adapter@D@__crt_stdio_output@@V?$format_validation_base@DV?$stream_output_adapter@D@__crt_stdio_output@@@2@@__crt_stdio_output@@AEAA_NI_N@Z 000000014000e930 f i libucrt:output.obj
 0001:0000daf4       ?type_case_n@?$output_processor@DV?$stream_output_adapter@D@__crt_stdio_output@@V?$format_validation_base@DV?$stream_output_adapter@D@__crt_stdio_output@@@2@@__crt_stdio_output@@AEAA_NXZ 000000014000eaf4 f i libucrt:output.obj
 0001:0000dbd0       ?type_case_s@?$output_processor@DV?$stream_output_adapter@D@__crt_stdio_output@@V?$format_validation_base@DV?$stream_output_adapter@D@__crt_stdio_output@@@2@@__crt_stdio_output@@AEAA_NXZ 000000014000ebd0 f i libucrt:output.obj
 0001:0000dc6c       ?validate_stream_is_ansi_if_required@?$__acrt_stdio_char_traits@D@@SA_NQEAU_iobuf@@@Z 000000014000ec6c f i libucrt:output.obj
 0001:0000dcf8       ?write_stored_string_tchar@?$output_processor@DV?$stream_output_adapter@D@__crt_stdio_output@@V?$format_validation_base@DV?$stream_output_adapter@D@__crt_stdio_output@@@2@@__crt_stdio_output@@AEAA_ND@Z 000000014000ecf8 f i libucrt:output.obj
 0001:0000de1c       ?write_string_impl@?$output_adapter_common@DV?$stream_output_adapter@D@__crt_stdio_output@@@__crt_stdio_output@@IEBAXQEBDHQEAHAEAV__crt_deferred_errno_cache@@@Z 000000014000ee1c f i libucrt:output.obj
 0001:0000df14       __stdio_common_vfprintf_s  000000014000ef14 f   libucrt:output.obj
 0001:0000dfa0       terminate                  000000014000efa0 f   libucrt:terminate.obj
 0001:0000dfc0       __acrt_initialize_locks    000000014000efc0 f   libucrt:locks.obj
 0001:0000e008       __acrt_lock                000000014000f008 f   libucrt:locks.obj
 0001:0000e024       __acrt_uninitialize_locks  000000014000f024 f   libucrt:locks.obj
 0001:0000e05c       __acrt_unlock              000000014000f05c f   libucrt:locks.obj
 0001:0000e078       _lock_locales              000000014000f078 f   libucrt:locks.obj
 0001:0000e094       _unlock_locales            000000014000f094 f   libucrt:locks.obj
 0001:0000e0a4       _calloc_base               000000014000f0a4 f   libucrt:calloc_base.obj
 0001:0000e11c       __pctype_func              000000014000f11c f   libucrt:ctype.obj
 0001:0000e14c       isdigit                    000000014000f14c f i libucrt:_ctype.obj
 0001:0000e1c0       islower                    000000014000f1c0 f i libucrt:_ctype.obj
 0001:0000e234       isupper                    000000014000f234 f i libucrt:_ctype.obj
 0001:0000e2a8       _wcsdup                    000000014000f2a8 f   libucrt:wcsdup.obj
 0001:0000e32c       ___lc_codepage_func        000000014000f32c f   libucrt:initctype.obj
 0001:0000e35c       ___lc_locale_name_func     000000014000f35c f   libucrt:initctype.obj
 0001:0000e390       __acrt_locale_initialize_ctype 000000014000f390 f   libucrt:initctype.obj
 0001:0000e97c       malloc                     000000014000f97c f   libucrt:malloc.obj
 0001:0000ec8c       setlocale                  000000014000fc8c f   libucrt:setlocale.obj
 0001:0000ecd8       __strncnt                  000000014000fcd8 f   libucrt:strncnt.obj
 0001:0000ecf0       _free_base                 000000014000fcf0 f   libucrt:free_base.obj
 0001:0000ed30       _malloc_base               000000014000fd30 f   libucrt:malloc_base.obj
 0001:0000ed90       abort                      000000014000fd90 f   libucrt:abort.obj
 0001:0000ede8       _realloc_base              000000014000fde8 f   libucrt:realloc_base.obj
 0001:0000ee64       __acrt_errno_from_os_error 000000014000fe64 f   libucrt:errno.obj
 0001:0000eeac       __acrt_errno_map_os_error  000000014000feac f   libucrt:errno.obj
 0001:0000eefc       __doserrno                 000000014000fefc f   libucrt:errno.obj
 0001:0000ef1c       _errno                     000000014000ff1c f   libucrt:errno.obj
 0001:0000ef40       ?divide@__crt_strtox@@YA_KAEAUbig_integer@1@AEBU21@@Z 000000014000ff40 f i libucrt:strtod.obj
 0001:0000f460       pow                        0000000140010460 f   libucrt:pow.obj
 0001:00010b00       powf                       0000000140011b00 f   libucrt:powf.obj
 0001:000119c8       wcscpy_s                   00000001400129c8 f   libucrt:wcscpy_s.obj
 0001:00011a30       strnlen                    0000000140012a30 f   libucrt:strnlen.obj
 0001:00011b74       wcsnlen                    0000000140012b74 f   libucrt:strnlen.obj
 0001:00011db4       _ismbblead                 0000000140012db4 f   libucrt:ismbbyte.obj
 0001:00011e0c       _tolower_l                 0000000140012e0c f   libucrt:tolower_toupper.obj
 0001:00011f4c       tolower                    0000000140012f4c f   libucrt:tolower_toupper.obj
 0001:00011f78       __acrt_initialize_new_handler 0000000140012f78 f   libucrt:new_handler.obj
 0001:00011f80       _callnewh                  0000000140012f80 f   libucrt:new_handler.obj
 0001:00011fb0       _query_new_handler         0000000140012fb0 f   libucrt:new_handler.obj
 0001:00011fe4       _seh_filter_exe            0000000140012fe4 f   libucrt:exception_filter.obj
 0001:000123f0       __acrt_initialize_thread_local_exit_callback 00000001400133f0 f   libucrt:exit.obj
 0001:000123f8       _c_exit                    00000001400133f8 f   libucrt:exit.obj
 0001:00012408       _cexit                     0000000140013408 f   libucrt:exit.obj
 0001:00012418       _exit                      0000000140013418 f   libucrt:exit.obj
 0001:00012424       _register_thread_local_exe_atexit_callback 0000000140013424 f   libucrt:exit.obj
 0001:00012468       exit                       0000000140013468 f   libucrt:exit.obj
 0001:00012630       __acrt_allocate_buffer_for_argv 0000000140013630 f   libucrt:argv_parsing.obj
 0001:00012690       _configure_narrow_argv     0000000140013690 f   libucrt:argv_parsing.obj
 0001:00012a0c       __dcrt_uninitialize_environments_nolock 0000000140013a0c f   libucrt:environment_initialization.obj
 0001:00012a44       _initialize_narrow_environment 0000000140013a44 f   libucrt:environment_initialization.obj
 0001:00012dd4       _crt_atexit                0000000140013dd4 f   libucrt:onexit.obj
 0001:00012de4       _execute_onexit_table      0000000140013de4 f   libucrt:onexit.obj
 0001:00012e20       _initialize_onexit_table   0000000140013e20 f   libucrt:onexit.obj
 0001:00012e60       _register_onexit_function  0000000140013e60 f   libucrt:onexit.obj
 0001:00012fe8       __acrt_initialize          0000000140013fe8 f   libucrt:initialization.obj
 0001:00012ffc       __acrt_uninitialize        0000000140013ffc f   libucrt:initialization.obj
 0001:00013034       _query_app_type            0000000140014034 f   libucrt:report_runtime_error.obj
 0001:0001303c       _set_app_type              000000014001403c f   libucrt:report_runtime_error.obj
 0001:00013044       __acrt_has_user_matherr    0000000140014044 f   libucrt:matherr.obj
 0001:00013064       __acrt_initialize_user_matherr 0000000140014064 f   libucrt:matherr.obj
 0001:0001306c       __acrt_invoke_user_matherr 000000014001406c f   libucrt:matherr.obj
 0001:0001309c       __setusermatherr           000000014001409c f   libucrt:matherr.obj
 0001:000130c4       _get_narrow_winmain_command_line 00000001400140c4 f   libucrt:argv_winmain.obj
 0001:00013134       _initterm                  0000000140014134 f   libucrt:initterm.obj
 0001:00013198       _initterm_e                0000000140014198 f   libucrt:initterm.obj
 0001:000131d8       _set_fmode                 00000001400141d8 f   libucrt:setmode.obj
 0001:00013480       __acrt_copy_locale_name    0000000140014480 f   libucrt:wsetlocale.obj
 0001:00013504       __acrt_set_locale_changed  0000000140014504 f   libucrt:wsetlocale.obj
 0001:00013510       __acrt_uninitialize_locale 0000000140014510 f   libucrt:wsetlocale.obj
 0001:00013540       __lc_lctowcs               0000000140014540 f   libucrt:wsetlocale.obj
 0001:000135e4       __lc_wcstolc               00000001400145e4 f   libucrt:wsetlocale.obj
 0001:0001379c       _configthreadlocale        000000014001479c f   libucrt:wsetlocale.obj
 0001:000138c8       _expandlocale              00000001400148c8 f   libucrt:wsetlocale.obj
 0001:00013cc4       _wcscats                   0000000140014cc4 f   libucrt:wsetlocale.obj
 0001:00013d2c       _wsetlocale                0000000140014d2c f   libucrt:wsetlocale.obj
 0001:0001457c       _query_new_mode            000000014001557c f   libucrt:new_mode.obj
 0001:00014584       _set_new_mode              0000000140015584 f   libucrt:new_mode.obj
 0001:000145b0       __p__commode               00000001400155b0 f   libucrt:ncommode.obj
 0001:000145b8       strcpy_s                   00000001400155b8 f   libucrt:strcpy_s.obj
 0001:00014618       wcsncmp                    0000000140015618 f   libucrt:wcsncmp.obj
 0001:00014644       ??$parse_integer@KV?$c_string_character_source@D@__crt_strtox@@@__crt_strtox@@YAKQEAU__crt_locale_pointers@@V?$c_string_character_source@D@0@H_N@Z 0000000140015644 f i libucrt:atox.obj
 0001:00014960       ??$parse_integer@KV?$c_string_character_source@_W@__crt_strtox@@@__crt_strtox@@YAKQEAU__crt_locale_pointers@@V?$c_string_character_source@_W@0@H_N@Z 0000000140015960 f i libucrt:atox.obj
 0001:00015024       _wtol                      0000000140016024 f   libucrt:atox.obj
 0001:00015060       strncmp                    0000000140016060 f   libucrt:strncmp.obj
 0001:00015458       __acrt_getptd              0000000140016458 f   libucrt:per_thread_data.obj
 0001:00015524       __acrt_getptd_head         0000000140016524 f   libucrt:per_thread_data.obj
 0001:000155cc       __acrt_getptd_noexit       00000001400165cc f   libucrt:per_thread_data.obj
 0001:0001569c       __acrt_initialize_ptd      000000014001669c f   libucrt:per_thread_data.obj
 0001:000156d8       __acrt_uninitialize_ptd    00000001400166d8 f   libucrt:per_thread_data.obj
 0001:00015994       __acrt_AppPolicyGetProcessTerminationMethodInternal 0000000140016994 f   libucrt:winapi_thunks.obj
 0001:000159e4       __acrt_EnumSystemLocalesEx 00000001400169e4 f   libucrt:winapi_thunks.obj
 0001:00015a7c       __acrt_FlsAlloc            0000000140016a7c f   libucrt:winapi_thunks.obj
 0001:00015ac4       __acrt_FlsFree             0000000140016ac4 f   libucrt:winapi_thunks.obj
 0001:00015b0c       __acrt_FlsGetValue         0000000140016b0c f   libucrt:winapi_thunks.obj
 0001:00015b54       __acrt_FlsSetValue         0000000140016b54 f   libucrt:winapi_thunks.obj
 0001:00015ba8       __acrt_GetLocaleInfoEx     0000000140016ba8 f   libucrt:winapi_thunks.obj
 0001:00015c2c       __acrt_GetUserDefaultLocaleName 0000000140016c2c f   libucrt:winapi_thunks.obj
 0001:00015c90       __acrt_InitializeCriticalSectionEx 0000000140016c90 f   libucrt:winapi_thunks.obj
 0001:00015cf4       __acrt_IsValidLocaleName   0000000140016cf4 f   libucrt:winapi_thunks.obj
 0001:00015d4c       __acrt_LCIDToLocaleName    0000000140016d4c f   libucrt:winapi_thunks.obj
 0001:00015dbc       __acrt_LCMapStringEx       0000000140016dbc f   libucrt:winapi_thunks.obj
 0001:00015e98       __acrt_LocaleNameToLCID    0000000140016e98 f   libucrt:winapi_thunks.obj
 0001:00015ee8       __acrt_can_use_vista_locale_apis 0000000140016ee8 f   libucrt:winapi_thunks.obj
 0001:00015f18       __acrt_eagerly_load_locale_apis 0000000140016f18 f   libucrt:winapi_thunks.obj
 0001:00016074       __acrt_initialize_winapi_thunks 0000000140017074 f   libucrt:winapi_thunks.obj
 0001:000160bc       __acrt_uninitialize_winapi_thunks 00000001400170bc f   libucrt:winapi_thunks.obj
 0001:00016100       _fcloseall                 0000000140017100 f   libucrt:closeall.obj
 0001:00016398       __acrt_stdio_flush_nolock  0000000140017398 f   libucrt:fflush.obj
 0001:00016414       _fflush_nolock             0000000140017414 f   libucrt:fflush.obj
 0001:00016460       _flushall                  0000000140017460 f   libucrt:fflush.obj
 0001:00016468       __acrt_stdio_free_buffer_nolock 0000000140017468 f   libucrt:_freebuf.obj
 0001:00016690       __acrt_initialize_lowio    0000000140017690 f   libucrt:ioinit.obj
 0001:000166cc       __acrt_uninitialize_lowio  00000001400176cc f   libucrt:ioinit.obj
 0001:0001670c       strtol                     000000014001770c f   libucrt:strtox.obj
 0001:00016738       _mbtowc_l                  0000000140017738 f   libucrt:mbtowc.obj
 0001:00016880       mbtowc                     0000000140017880 f   libucrt:mbtowc.obj
 0001:00016888       _wctomb_s_l                0000000140017888 f   libucrt:wctomb.obj
 0001:00016a0c       wctomb_s                   0000000140017a0c f   libucrt:wctomb.obj
 0001:00016a20       __acrt_update_locale_info  0000000140017a20 f   libucrt:locale_update.obj
 0001:00016a54       __acrt_update_multibyte_info 0000000140017a54 f   libucrt:locale_update.obj
 0001:00017444       __acrt_fp_format           0000000140018444 f   libucrt:cvt.obj
 0001:000176cc       _fileno                    00000001400186cc f   libucrt:fileno.obj
 0001:000176f4       _fputc_nolock              00000001400186f4 f   libucrt:fputc.obj
 0001:0001770c       _get_printf_count_output   000000014001870c f   libucrt:printf_count_output.obj
 0001:00017724       __acrt_stdio_begin_temporary_buffering_nolock 0000000140018724 f   libucrt:_sftbuf.obj
 0001:000177f4       __acrt_stdio_end_temporary_buffering_nolock 00000001400187f4 f   libucrt:_sftbuf.obj
 0001:00017830       __acrt_initialize_heap     0000000140018830 f   libucrt:heap_handle.obj
 0001:0001784c       __acrt_uninitialize_heap   000000014001884c f   libucrt:heap_handle.obj
 0001:00017858       _isctype_l                 0000000140018858 f   libucrt:isctype.obj
 0001:00017ae4       __acrt_GetLocaleInfoA      0000000140018ae4 f   libucrt:getlocaleinfoa.obj
 0001:00017cac       __acrt_GetStringTypeA      0000000140018cac f   libucrt:getstringtypea.obj
 0001:00018154       __acrt_LCMapStringA        0000000140019154 f   libucrt:lcmapstringa.obj
 0001:000183c8       _mbstowcs_s_l              00000001400193c8 f   libucrt:mbstowcs.obj
 0001:000184fc       mbstowcs_s                 00000001400194fc f   libucrt:mbstowcs.obj
 0001:0001884c       _wcstombs_s_l              000000014001984c f   libucrt:wcstombs.obj
 0001:00018980       __acrt_get_sigabrt_handler 0000000140019980 f   libucrt:signal.obj
 0001:000189b0       __acrt_initialize_signal_handlers 00000001400199b0 f   libucrt:signal.obj
 0001:000189d0       raise                      00000001400199d0 f   libucrt:signal.obj
 0001:00018c44       iswctype                   0000000140019c44 f   libucrt:iswctype.obj
 0001:00018cb4       _raise_exc                 0000000140019cb4 f   libucrt:fpexcept.obj
 0001:00018cdc       _raise_exc_ex              0000000140019cdc f   libucrt:fpexcept.obj
 0001:00018fe4       _raise_excf                0000000140019fe4 f   libucrt:fpexcept.obj
 0001:00019010       _set_errno_from_matherr    000000014001a010 f   libucrt:fpexcept.obj
 0001:00019040       _clrfp                     000000014001a040 f   libucrt:fpctrl.obj
 0001:00019060       _ctrlfp                    000000014001a060 f   libucrt:fpctrl.obj
 0001:000190dc       _set_statfp                000000014001a0dc f   libucrt:fpctrl.obj
 0001:000190fc       _statfp                    000000014001a0fc f   libucrt:fpctrl.obj
 0001:00019110       __acrt_initialize_fma3     000000014001a110 f   libucrt:fma3_available.obj
 0001:00019180       _pow_special               000000014001a180 f   libucrt:pow_special.obj
 0001:000192a4       _powf_special              000000014001a2a4 f   libucrt:pow_special.obj
 0001:00019430       _wcsicmp                   000000014001a430 f   libucrt:wcsicmp.obj
 0001:000194b4       _wcsicmp_l                 000000014001a4b4 f   libucrt:wcsicmp.obj
 0001:000195a4       __acrt_initialize_timeset  000000014001a5a4 f   libucrt:timeset.obj
 0001:000195e8       _isleadbyte_l              000000014001a5e8 f i libucrt:_wctype.obj
 0001:00019628       __acrt_get_process_end_policy 000000014001a628 f   libucrt:win_policies.obj
[...]
 0004:00001a34       $pdata$__acrt_uninitialize_lowio 000000014003ca34     libucrt:ioinit.obj
 0004:00001a40       $pdata$?initialize_inherited_file_handles_nolock@@YAXXZ 000000014003ca40     libucrt:ioinit.obj
 0004:00001a4c       $pdata$?initialize_stdio_handles_nolock@@YAXXZ 000000014003ca4c     libucrt:ioinit.obj
 0004:00001a58       $pdata$strtol              000000014003ca58     libucrt:strtox.obj
 0004:00001a64       $pdata$_mbtowc_l           000000014003ca64     libucrt:mbtowc.obj
 0004:00001a70       $pdata$wctomb_s            000000014003ca70     libucrt:wctomb.obj
 0004:00001a7c       $pdata$_wctomb_s_l         000000014003ca7c     libucrt:wctomb.obj
 0004:00001a88       $pdata$__acrt_update_locale_info 000000014003ca88     libucrt:locale_update.obj
 0004:00001a94       $pdata$__acrt_update_multibyte_info 000000014003ca94     libucrt:locale_update.obj
 0004:00001aa0       $pdata$__acrt_fp_format    000000014003caa0     libucrt:cvt.obj
 0004:00001aac       $pdata$?fp_format_nan_or_infinity@@YAHW4__acrt_fp_class@@_NPEAD_K1@Z 000000014003caac     libucrt:cvt.obj
 0004:00001ab8       $pdata$?fp_format_e_internal@@YAHQEAD_KH_NIQEAU_strflt@@2QEAU__crt_locale_pointers@@@Z 000000014003cab8     libucrt:cvt.obj
 0004:00001ac4       $pdata$?fp_format_e@@YAHQEBNQEAD_K12H_NIQEAU__crt_locale_pointers@@@Z 000000014003cac4     libucrt:cvt.obj
 0004:00001ad0       $pdata$?fp_format_a@@YAHQEBNPEAD_KQEAD2H_NIQEAU__crt_locale_pointers@@@Z 000000014003cad0     libucrt:cvt.obj
 0004:00001adc       $pdata$?fp_format_f_internal@@YAHQEAD_KHQEAU_strflt@@_NQEAU__crt_locale_pointers@@@Z 000000014003cadc     libucrt:cvt.obj
 0004:00001ae8       $pdata$?fp_format_g@@YAHQEBNQEAD_K12H_NIQEAU__crt_locale_pointers@@@Z 000000014003cae8     libucrt:cvt.obj
 0004:00001af4       $pdata$_fileno             000000014003caf4     libucrt:fileno.obj
 0004:00001b00       $pdata$__acrt_stdio_begin_temporary_buffering_nolock 000000014003cb00     libucrt:_sftbuf.obj
 0004:00001b0c       $pdata$__acrt_stdio_end_temporary_buffering_nolock 000000014003cb0c     libucrt:_sftbuf.obj
 0004:00001b18       $pdata$__acrt_initialize_heap 000000014003cb18     libucrt:heap_handle.obj
 0004:00001b24       $pdata$_isctype_l          000000014003cb24     libucrt:isctype.obj
 0004:00001b30       $pdata$__acrt_GetLocaleInfoA 000000014003cb30     libucrt:getlocaleinfoa.obj
 0004:00001b3c       $pdata$?InternalGetLocaleInfoA@@YAHQEAU__crt_locale_pointers@@QEB_WKQEADH@Z 000000014003cb3c     libucrt:getlocaleinfoa.obj
 0004:00001b48       $pdata$__acrt_GetStringTypeA 000000014003cb48     libucrt:getstringtypea.obj
 0004:00001b54       $pdata$__acrt_LCMapStringA 000000014003cb54     libucrt:lcmapstringa.obj
 0004:00001b60       $pdata$?__acrt_LCMapStringA_stat@@YAHPEAU__crt_locale_pointers@@PEB_WKPEBDHPEADHHH@Z 000000014003cb60     libucrt:lcmapstringa.obj
 0004:00001b6c       $pdata$mbstowcs_s          000000014003cb6c     libucrt:mbstowcs.obj
 0004:00001b78       $pdata$_mbstowcs_s_l       000000014003cb78     libucrt:mbstowcs.obj
 0004:00001b84       $pdata$?_mbstowcs_l_helper@@YA_KPEA_WPEBD_KPEAU__crt_locale_pointers@@@Z 000000014003cb84     libucrt:mbstowcs.obj
 0004:00001b90       $pdata$_wcstombs_s_l       000000014003cb90     libucrt:wcstombs.obj
 0004:00001b9c       $pdata$?_wcstombs_l_helper@@YA_KPEADPEB_W_KPEAU__crt_locale_pointers@@@Z 000000014003cb9c     libucrt:wcstombs.obj
 0004:00001ba8       $pdata$__acrt_get_sigabrt_handler 000000014003cba8     libucrt:signal.obj
 0004:00001bb4       $pdata$raise               000000014003cbb4     libucrt:signal.obj
 0004:00001bc0       $pdata$raise$fin$0         000000014003cbc0     libucrt:signal.obj
 0004:00001bcc       $pdata$??$?RV<lambda_450d765d439847d4c735a33c368b5fc0>@@AEAV<lambda_44731a7d0e6d81c3e6aa82d741081786>@@V<lambda_601a2a7da3b7a96e9554ac7215c4b07c>@@@?$__crt_seh_guarded_call@P6AXH@Z@@QEAAP6AXH@Z$$QEAV<lambda_450d765d439847d4c735a33c368b5fc0>@@AEAV<lambda_44731a7d0e6d81c3e6aa82d741081786>@@$$QEAV<lambda_601a2a7da3b7a96e9554ac7215c4b07c>@@@Z 000000014003cbcc     libucrt:signal.obj
 0004:00001bd8       $pdata$iswctype            000000014003cbd8     libucrt:iswctype.obj
 0004:00001be4       $pdata$_set_errno_from_matherr 000000014003cbe4     libucrt:fpexcept.obj
 0004:00001bf0       $pdata$_raise_excf         000000014003cbf0     libucrt:fpexcept.obj
 0004:00001bfc       $pdata$_raise_exc          000000014003cbfc     libucrt:fpexcept.obj
 0004:00001c08       $pdata$_raise_exc_ex       000000014003cc08     libucrt:fpexcept.obj
 0004:00001c14       $pdata$_clrfp              000000014003cc14     libucrt:fpctrl.obj
 0004:00001c20       $pdata$_ctrlfp             000000014003cc20     libucrt:fpctrl.obj
 0004:00001c2c       $pdata$_ctrlfp$filt$0      000000014003cc2c     libucrt:fpctrl.obj
 0004:00001c38       $pdata$_statfp             000000014003cc38     libucrt:fpctrl.obj
 0004:00001c44       $pdata$_set_statfp         000000014003cc44     libucrt:fpctrl.obj
 0004:00001c50       $pdata$__acrt_initialize_fma3 000000014003cc50     libucrt:fma3_available.obj
 0004:00001c5c       $pdata$_powf_special       000000014003cc5c     libucrt:pow_special.obj
 0004:00001c68       $pdata$_pow_special        000000014003cc68     libucrt:pow_special.obj
 0004:00001c74       $pdata$_wcsicmp            000000014003cc74     libucrt:wcsicmp.obj
 0004:00001c80       $pdata$_wcsicmp_l          000000014003cc80     libucrt:wcsicmp.obj
 0004:00001c8c       $pdata$_isleadbyte_l       000000014003cc8c     libucrt:_wctype.obj
 0004:00001c98       $pdata$__acrt_get_process_end_policy 000000014003cc98     libucrt:win_policies.obj
 0004:00001ca4       $pdata$??$common_expand_argv_wildcards@D@@YAHQEAPEADQEAPEAPEAD@Z 000000014003cca4     libucrt:argv_wildcards.obj
 0004:00001cb0       $pdata$??$copy_and_add_argument_to_buffer@D@@YAHQEBD0_KAEAV?$argument_list@D@?A0x5f5c8891@@@Z 000000014003ccb0     libucrt:argv_wildcards.obj
 0004:00001cbc       $pdata$??$expand_argument_wildcards@D@@YAHQEAD0AEAV?$argument_list@D@?A0x5f5c8891@@@Z 000000014003ccbc     libucrt:argv_wildcards.obj
 0004:00001cc8       $pdata$__acrt_update_thread_multibyte_data 000000014003ccc8     libucrt:mbctype.obj
 0004:00001cd4       $pdata$__acrt_initialize_multibyte 000000014003ccd4     libucrt:mbctype.obj
 0004:00001ce0       $pdata$_setmbcp_nolock     000000014003cce0     libucrt:mbctype.obj
 0004:00001cec       $pdata$?getSystemCP@@YAHH@Z 000000014003ccec     libucrt:mbctype.obj
 0004:00001cf8       $pdata$?setSBCS@@YAXPEAU__crt_multibyte_data@@@Z 000000014003ccf8     libucrt:mbctype.obj
 0004:00001d04       $pdata$?update_thread_multibyte_data_internal@@YAPEAU__crt_multibyte_data@@QEAU__acrt_ptd@@QEAPEAU1@@Z 000000014003cd04     libucrt:mbctype.obj
 0004:00001d10       $pdata$?fin$0@?0??update_thread_multibyte_data_internal@@YAPEAU__crt_multibyte_data@@QEAU__acrt_ptd@@QEAPEAU1@@Z@4HA 000000014003cd10     libucrt:mbctype.obj
 0004:00001d1c       $pdata$?setmbcp_internal@@YAHH_NQEAU__acrt_ptd@@QEAPEAU__crt_multibyte_data@@@Z 000000014003cd1c     libucrt:mbctype.obj
 0004:00001d28       $pdata$?setSBUpLow@@YAXPEAU__crt_multibyte_data@@@Z 000000014003cd28     libucrt:mbctype.obj
 0004:00001d34       $pdata$??$?RV<lambda_efdfa57d1f175319df784efa44bb7b81>@@AEAV<lambda_5f0a4c1567f8adc6734073e5d1e1b35c>@@V<lambda_2e8a7d3640ea6ccb4c2413664c2db6fd>@@@?$__crt_seh_guarded_call@X@@QEAAX$$QEAV<lambda_efdfa57d1f175319df784efa44bb7b81>@@AEAV<lambda_5f0a4c1567f8adc6734073e5d1e1b35c>@@$$QEAV<lambda_2e8a7d3640ea6ccb4c2413664c2db6fd>@@@Z 000000014003cd34     libucrt:mbctype.obj
 0004:00001d40       $pdata$__acrt_initialize_command_line 000000014003cd40     libucrt:argv_data.obj
 0004:00001d4c       $pdata$__dcrt_get_narrow_environment_from_os 000000014003cd4c     libucrt:get_environment_from_os.obj
 0004:00001d58       $pdata$_recalloc_base      000000014003cd58     libucrt:recalloc.obj
 0004:00001d64       $pdata$__acrt_execute_initializers 000000014003cd64     libucrt:shared_initialization.obj
 0004:00001d70       $pdata$__acrt_execute_uninitializers 000000014003cd70     libucrt:shared_initialization.obj
 0004:00001d7c       $pdata$wcscat_s            000000014003cd7c     libucrt:wcscat_s.obj
 0004:00001d88       $pdata$wcsncpy_s           000000014003cd88     libucrt:wcsncpy_s.obj
 0004:00001d94       $pdata$_get_osfhandle      000000014003cd94     libucrt:osfinfo.obj
 0004:00001da0       $pdata$_free_osfhnd        000000014003cda0     libucrt:osfinfo.obj
 0004:00001dac       $pdata$__acrt_lowio_create_handle_array 000000014003cdac     libucrt:osfinfo.obj
 0004:00001db8       $pdata$__acrt_lowio_destroy_handle_array 000000014003cdb8     libucrt:osfinfo.obj
 0004:00001dc4       $pdata$__acrt_lowio_ensure_fh_exists 000000014003cdc4     libucrt:osfinfo.obj
 0004:00001dd0       $pdata$__acrt_locale_initialize_monetary 000000014003cdd0     libucrt:initmon.obj
 0004:00001ddc       $pdata$__acrt_locale_free_monetary 000000014003cddc     libucrt:initmon.obj
 0004:00001de8       $pdata$__acrt_locale_initialize_numeric 000000014003cde8     libucrt:initnum.obj
 0004:00001df4       $pdata$__acrt_locale_free_numeric 000000014003cdf4     libucrt:initnum.obj
 0004:00001e00       $pdata$__acrt_locale_initialize_time 000000014003ce00     libucrt:inittime.obj
 0004:00001e0c       $pdata$__acrt_locale_free_time 000000014003ce0c     libucrt:inittime.obj
 0004:00001e18       $pdata$?initialize_lc_time@@YA_NQEAU__crt_lc_time_data@@QEAU__crt_locale_data@@@Z 000000014003ce18     libucrt:inittime.obj
 0004:00001e24       $pdata$?free_crt_array_internal@@YAXQEAPEBX_K@Z 000000014003ce24     libucrt:inittime.obj
 0004:00001e30       $pdata$__acrt_release_locale_ref 000000014003ce30     libucrt:locale_refcounting.obj
 0004:00001e3c       $pdata$__acrt_free_locale  000000014003ce3c     libucrt:locale_refcounting.obj
 0004:00001e48       $pdata$__acrt_locale_free_lc_time_if_unreferenced 000000014003ce48     libucrt:locale_refcounting.obj
 0004:00001e54       $pdata$__acrt_update_thread_locale_data 000000014003ce54     libucrt:locale_refcounting.obj
 0004:00001e60       $pdata$__acrt_update_thread_locale_data$fin$0 000000014003ce60     libucrt:locale_refcounting.obj
 0004:00001e6c       $pdata$_updatetlocinfoEx_nolock 000000014003ce6c     libucrt:locale_refcounting.obj
 0004:00001e78       $pdata$__acrt_get_qualified_locale 000000014003ce78     libucrt:get_qualified_locale.obj
 0004:00001e84       $pdata$TranslateName       000000014003ce84     libucrt:get_qualified_locale.obj
 0004:00001e90       $pdata$GetLocaleNameFromLangCountry 000000014003ce90     libucrt:get_qualified_locale.obj
 0004:00001e9c       $pdata$LangCountryEnumProcEx 000000014003ce9c     libucrt:get_qualified_locale.obj
 0004:00001ea8       $pdata$GetLocaleNameFromLanguage 000000014003cea8     libucrt:get_qualified_locale.obj
 0004:00001eb4       $pdata$LanguageEnumProcEx  000000014003ceb4     libucrt:get_qualified_locale.obj
 0004:00001ec0       $pdata$GetLocaleNameFromDefault 000000014003cec0     libucrt:get_qualified_locale.obj
 0004:00001ecc       $pdata$ProcessCodePage     000000014003cecc     libucrt:get_qualified_locale.obj
 0004:00001ed8       $pdata$TestDefaultCountry  000000014003ced8     libucrt:get_qualified_locale.obj
 0004:00001ee4       $pdata$__acrt_get_qualified_locale_downlevel 000000014003cee4     libucrt:getqloc_downlevel.obj
 0004:00001ef0       $pdata$TranslateName       000000014003cef0     libucrt:getqloc_downlevel.obj
 0004:00001efc       $pdata$GetLcidFromLangCountry 000000014003cefc     libucrt:getqloc_downlevel.obj
 0004:00001f08       $pdata$LangCountryEnumProc 000000014003cf08     libucrt:getqloc_downlevel.obj
 0004:00001f14       $pdata$GetLcidFromLanguage 000000014003cf14     libucrt:getqloc_downlevel.obj
 0004:00001f20       $pdata$LanguageEnumProc    000000014003cf20     libucrt:getqloc_downlevel.obj
 0004:00001f2c       $pdata$CountryEnumProc     000000014003cf2c     libucrt:getqloc_downlevel.obj
 0004:00001f38       $pdata$ProcessCodePage     000000014003cf38     libucrt:getqloc_downlevel.obj
 0004:00001f44       $pdata$TestDefaultLanguage 000000014003cf44     libucrt:getqloc_downlevel.obj
 0004:00001f50       $pdata$__acrt_DownlevelLocaleNameToLCID 000000014003cf50     libucrt:lcidtoname_downlevel.obj
 0004:00001f5c       $pdata$__acrt_DownlevelLCIDToLocaleName 000000014003cf5c     libucrt:lcidtoname_downlevel.obj
 0004:00001f68       $pdata$?GetTableIndexFromLocaleName@@YAHPEB_W@Z 000000014003cf68     libucrt:lcidtoname_downlevel.obj
 0004:00001f74       $pdata$fclose              000000014003cf74     libucrt:fclose.obj
 0004:00001f80       $pdata$fclose$fin$0        000000014003cf80     libucrt:fclose.obj
 0004:00001f8c       $pdata$_fclose_nolock      000000014003cf8c     libucrt:fclose.obj
 0004:00001f98       $pdata$_commit             000000014003cf98     libucrt:commit.obj
 0004:00001fa4       $pdata$??$?RV<lambda_a37b2b86f63e897a80ea819b0eb08c01>@@AEAV<lambda_38ce7e780aa69e748d6df282ebc68efe>@@V<lambda_99fb1378e971ab6e7edea83e3a7a83a2>@@@?$__crt_seh_guarded_call@H@@QEAAH$$QEAV<lambda_a37b2b86f63e897a80ea819b0eb08c01>@@AEAV<lambda_38ce7e780aa69e748d6df282ebc68efe>@@$$QEAV<lambda_99fb1378e971ab6e7edea83e3a7a83a2>@@@Z 000000014003cfa4     libucrt:commit.obj
 0004:00001fb0       $pdata$?fin$0@?0???$?RV<lambda_751a882b2c74d4b022dec766aa51a29a>@@AEAV<lambda_628dfdc04ba53c8bfc02c9951375f3f5>@@V<lambda_f6c7be5f7998530c34de24c7437d6b54>@@@?$__crt_seh_guarded_call@H@@QEAAH$$QEAV<lambda_751a882b2c74d4b022dec766aa51a29a>@@AEAV<lambda_628dfdc04ba53c8bfc02c9951375f3f5>@@$$QEAV<lambda_f6c7be5f7998530c34de24c7437d6b54>@@@Z@4HA 000000014003cfb0     libucrt:close.obj
 0004:00001fb0       $pdata$?fin$0@?0???$?RV<lambda_a37b2b86f63e897a80ea819b0eb08c01>@@AEAV<lambda_38ce7e780aa69e748d6df282ebc68efe>@@V<lambda_99fb1378e971ab6e7edea83e3a7a83a2>@@@?$__crt_seh_guarded_call@H@@QEAAH$$QEAV<lambda_a37b2b86f63e897a80ea819b0eb08c01>@@AEAV<lambda_38ce7e780aa69e748d6df282ebc68efe>@@$$QEAV<lambda_99fb1378e971ab6e7edea83e3a7a83a2>@@@Z@4HA 000000014003cfb0     libucrt:commit.obj
 0004:00001fbc       $pdata$_write              000000014003cfbc     libucrt:write.obj
 0004:00001fc8       $pdata$?fin$0@?0???$common_lseek@_J@@YA_JH_JH@Z@4HA 000000014003cfc8     libucrt:lseek.obj
 0004:00001fc8       $pdata$_write$fin$0        000000014003cfc8     libucrt:write.obj
 0004:00001fd4       $pdata$_write_nolock       000000014003cfd4     libucrt:write.obj
 0004:00001fe0       $pdata$?write_double_translated_ansi_nolock@@YA?AUwrite_result@?A0x17268360@@HQEBDI@Z 000000014003cfe0     libucrt:write.obj
 0004:00001fec       $pdata$?write_text_ansi_nolock@@YA?AUwrite_result@?A0x17268360@@HQEBDI@Z 000000014003cfec     libucrt:write.obj
 0004:00001ff8       $pdata$?write_text_utf16le_nolock@@YA?AUwrite_result@?A0x17268360@@HQEBDI@Z 000000014003cff8     libucrt:write.obj
 0004:00002004       $pdata$?write_text_utf8_nolock@@YA?AUwrite_result@?A0x17268360@@HQEBDI@Z 000000014003d004     libucrt:write.obj
 0004:00002010       $pdata$__acrt_fp_strflt_to_string 000000014003d010     libucrt:_fptostr.obj
 0004:0000201c       $pdata$__acrt_fltout       000000014003d01c     libucrt:cfout.obj
 0004:00002028       $pdata$__acrt_stdio_flush_and_write_narrow_nolock 000000014003d028     libucrt:_flsbuf.obj
 0004:00002034       $pdata$??$write_buffer_nolock@D@@YA_NDV__crt_stdio_stream@@@Z 000000014003d034     libucrt:_flsbuf.obj
 0004:00002040       $pdata$_isatty             000000014003d040     libucrt:isatty.obj
 0004:0000204c       $pdata$strncpy_s           000000014003d04c     libucrt:strncpy_s.obj
 0004:00002058       $pdata$__acrt_fenv_set_control 000000014003d058     libucrt:_fenvutils.obj
 0004:00002070       $pdata$_call_matherr       000000014003d070     libucrt:libm_error.obj
 0004:0000207c       $pdata$_exception_enabled  000000014003d07c     libucrt:libm_error.obj
 0004:00002088       $pdata$_handle_errorf      000000014003d088     libucrt:libm_error.obj
 0004:00002094       $pdata$_handle_error       000000014003d094     libucrt:libm_error.obj
 0004:000020a0       $pdata$_towlower_l         000000014003d0a0     libucrt:towlower.obj
 0004:000020ac       $pdata$qsort               000000014003d0ac     libucrt:qsort.obj
 0004:000020b8       $pdata$4$qsort             000000014003d0b8     libucrt:qsort.obj
 0004:000020c4       $pdata$5$qsort             000000014003d0c4     libucrt:qsort.obj
 0004:000020d0       $pdata$strpbrk             000000014003d0d0     libucrt:strpbrk.obj
 0004:000020dc       $pdata$fallbackMethod      000000014003d0dc     libucrt:strpbrk.obj
 0004:000020e8       $pdata$_mbsdec_l           000000014003d0e8     libucrt:mbsdec.obj
 0004:000020f4       $pdata$?initialize_multibyte@@YAHXZ 000000014003d0f4     libucrt:multibyte_initializer.obj
 0004:00002100       $pdata$_msize_base         000000014003d100     libucrt:msize.obj
 0004:0000210c       $pdata$_itow_s             000000014003d10c     libucrt:xtoa.obj
 0004:00002118       $pdata$??$common_xtox_s@K_W@@YAHKQEA_W_KI_N@Z 000000014003d118     libucrt:xtoa.obj
 0004:00002124       $pdata$??$common_xtox@K_W@@YAHKQEA_W_KI_N@Z 000000014003d124     libucrt:xtoa.obj
 0004:00002130       $pdata$_wcsnicmp           000000014003d130     libucrt:wcsnicmp.obj
 0004:0000213c       $pdata$_wcsnicmp_l         000000014003d13c     libucrt:wcsnicmp.obj
 0004:00002148       $pdata$_close              000000014003d148     libucrt:close.obj
 0004:00002154       $pdata$_close_nolock       000000014003d154     libucrt:close.obj
 0004:00002160       $pdata$??$?RV<lambda_751a882b2c74d4b022dec766aa51a29a>@@AEAV<lambda_628dfdc04ba53c8bfc02c9951375f3f5>@@V<lambda_f6c7be5f7998530c34de24c7437d6b54>@@@?$__crt_seh_guarded_call@H@@QEAAH$$QEAV<lambda_751a882b2c74d4b022dec766aa51a29a>@@AEAV<lambda_628dfdc04ba53c8bfc02c9951375f3f5>@@$$QEAV<lambda_f6c7be5f7998530c34de24c7437d6b54>@@@Z 000000014003d160     libucrt:close.obj
 0004:0000216c       $pdata$??$common_lseek@_J@@YA_JH_JH@Z 000000014003d16c     libucrt:lseek.obj
 0004:00002178       $pdata$??$common_lseek_nolock@_J@@YA_JH_JH@Z 000000014003d178     libucrt:lseek.obj
 0004:00002184       $pdata$_putwch_nolock      000000014003d184     libucrt:putwch.obj
 0004:00002190       $pdata$fegetenv            000000014003d190     libucrt:fegetenv.obj
 0004:0000219c       $pdata$fesetenv            000000014003d19c     libucrt:fesetenv.obj
 0004:000021a8       $pdata$feholdexcept        000000014003d1a8     libucrt:feholdexcept.obj
 0004:000021c0       $pdata$__acrt_stdio_allocate_buffer_nolock 000000014003d1c0     libucrt:_getbuf.obj
 0004:000021cc       $pdata$__acrt_LCMapStringW 000000014003d1cc     libucrt:lcmapstringw.obj
 0004:000021d8       $pdata$__dcrt_lowio_ensure_console_output_initialized 000000014003d1d8     libucrt:initcon.obj
 0004:000021e4       $pdata$__dcrt_write_console_w 000000014003d1e4     libucrt:initcon.obj
 0004:000021f0       $pdata$__dcrt_terminate_console_output 000000014003d1f0     libucrt:initcon.obj
 0004:000021fc       $pdata$_clearfp            000000014003d1fc     libucrt:ieee.obj
 0004:00002208       $pdata$_log_special_common 000000014003d208     libucrt:log_special.obj
 0004:00002214       $pdata$_log10_special      000000014003d214     libucrt:log_special.obj
 0004:00002220       $pdata$ParseCommandLine    000000014003d220     SDL2main:SDL_windows_main.obj
 0004:0000222c       $pdata$2$main_getcmdline   000000014003d22c     SDL2main:SDL_windows_main.obj
 0004:00002238       $pdata$0$main_getcmdline   000000014003d238     SDL2main:SDL_windows_main.obj
 0004:00002244       $pdata$main_getcmdline     000000014003d244     SDL2main:SDL_windows_main.obj
 0004:00002250       $pdata$_IsNonwritableInCurrentImage 000000014003d250     LIBCMT:pesect.obj
 0004:0000225c       $pdata$_IsNonwritableInCurrentImage$filt$0 000000014003d25c     LIBCMT:pesect.obj
 0004:00002268       $pdata$strrchr             000000014003d268     libvcruntime:strrchr.obj
 0004:00002274       $pdata$wcschr              000000014003d274     libvcruntime:wcschr.obj
