 main

 Timestamp is 5ad63ea3 (Tue Apr 17 20:36:19 2018)

 Preferred load address is 0000000140000000

 Start         Length     Name                   Class
 0001:00000000 000002c0H .text                   CODE
 0001:000002c0 000000c0H .text$di                CODE
 0001:00000380 00013af0H .text$mn                CODE
 0001:00013e70 000000e0H .text$mn$00             CODE
 0001:00013f50 000003c0H .text$x                 CODE
 0001:00014310 00000055H .text$yd                CODE
 0002:00000000 00000370H .idata$5                DATA
 0002:00000370 00000020H .00cfg                  DATA
 0002:00000390 00000008H .CRT$XCA                DATA
 0002:00000398 00000008H .CRT$XCAA               DATA
 0002:000003a0 00000020H .CRT$XCU                DATA
 0002:000003c0 00000008H .CRT$XCZ                DATA
 0002:000003c8 00000008H .CRT$XIA                DATA
 0002:000003d0 00000008H .CRT$XIAA               DATA
 0002:000003d8 00000008H .CRT$XIAC               DATA
 0002:000003e0 00000018H .CRT$XIC                DATA
 0002:000003f8 00000008H .CRT$XIZ                DATA
 0002:00000400 00000008H .CRT$XPA                DATA
 0002:00000408 00000010H .CRT$XPX                DATA
 0002:00000418 00000008H .CRT$XPXA               DATA
 0002:00000420 00000008H .CRT$XPZ                DATA
 0002:00000428 00000008H .CRT$XTA                DATA
 0002:00000430 00000010H .CRT$XTZ                DATA
 0002:00000438 00000000H .gfids$y                DATA
 0002:00000440 00008080H .rdata                  DATA
 0002:000084c0 0000037cH .rdata$r                DATA
 0002:0000883c 0000034cH .rdata$zzzdbg           DATA
 0002:00008b88 00000008H .rtc$IAA                DATA
 0002:00008b90 00000008H .rtc$IZZ                DATA
 0002:00008b98 00000008H .rtc$TAA                DATA
 0002:00008ba0 00000008H .rtc$TZZ                DATA
 0002:00008ba8 000010f0H .xdata                  DATA
 0002:00009c98 000001dcH .xdata$x                DATA
 0002:00009e74 00000000H .edata                  DATA
 0002:00009e74 00000050H .idata$2                DATA
 0002:00009ec4 00000014H .idata$3                DATA
 0002:00009ed8 00000370H .idata$4                DATA
 0002:0000a248 000007f6H .idata$6                DATA
 0003:00000000 00000930H .data                   DATA
 0003:00000930 00000120H .data$r                 DATA
 0003:00000a50 0000128cH .bss                    DATA
 0004:00000000 00001548H .pdata                  DATA

  Address         Publics by Value              Rva+Base               Lib:Object

 0000:00000000       __dynamic_value_reloc_table 0000000000000000     <absolute>
 0000:00000000       __guard_iat_count          0000000000000000     <absolute>
 0000:00000000       __hybrid_code_map          0000000000000000     <absolute>
 0000:00000000       __hybrid_code_map_count    0000000000000000     <absolute>
 0000:00000000       __guard_iat_table          0000000000000000     <absolute>
 0000:00000000       __hybrid_auxiliary_iat     0000000000000000     <absolute>
 0000:00000000       __guard_longjmp_table      0000000000000000     <absolute>
 0000:00000000       __guard_longjmp_count      0000000000000000     <absolute>
 0000:00000000       __guard_fids_count         0000000000000000     <absolute>
 0000:00000000       __enclave_config           0000000000000000     <absolute>
 0000:00000000       ___safe_se_handler_table   0000000000000000     <absolute>
 0000:00000000       ___safe_se_handler_count   0000000000000000     <absolute>
 0000:00000000       __guard_fids_table         0000000000000000     <absolute>
 0000:00000100       __guard_flags              0000000000000100     <absolute>
 0000:00000000       __ImageBase                0000000140000000     <linker-defined>
 0001:000002b0       main                       00000001400012b0 f   SDL2main:SDL_windows_main.obj
 0001:00000380       SDL_main                   0000000140001380 f   main.obj
 0001:00000540       ??0LTexture@@QEAA@XZ       0000000140001540 f   main.obj
 0001:00000580       ??1LTexture@@QEAA@XZ       0000000140001580 f   main.obj
 0001:000005b0       ?loadFromFile@LTexture@@QEAA_NV?$basic_string@DU?$char_traits@D@std@@V?$allocator@D@2@@std@@@Z 00000001400015b0 f   main.obj
 0001:00000710       ?loadFromRenderedText@LTexture@@QEAA_NV?$basic_string@DU?$char_traits@D@std@@V?$allocator@D@2@@std@@USDL_Color@@@Z 0000000140001710 f   main.obj
 0001:00000820       ?free@LTexture@@QEAAXXZ    0000000140001820 f   main.obj
 0001:00000870       ?setColor@LTexture@@QEAAXEEE@Z 0000000140001870 f   main.obj
 0001:000008b0       ?setBlendMode@LTexture@@QEAAXW4SDL_BlendMode@@@Z 00000001400018b0 f   main.obj
 0001:000008e0       ?setAlpha@LTexture@@QEAAXE@Z 00000001400018e0 f   main.obj
 0001:00000910       ?render@LTexture@@QEAAXHHPEAUSDL_Rect@@NPEAUSDL_Point@@W4SDL_RendererFlip@@@Z 0000000140001910 f   main.obj
 0001:000009f0       ?getWidth@LTexture@@QEAAHXZ 00000001400019f0 f   main.obj
 0001:00000a10       ?getHeight@LTexture@@QEAAHXZ 0000000140001a10 f   main.obj
 0001:00000a30       ??0LButton@@QEAA@XZ        0000000140001a30 f   main.obj
 0001:00000a70       ?setPosition@LButton@@QEAAXHH@Z 0000000140001a70 f   main.obj
 0001:00000aa0       ?handleEvent@LButton@@QEAAXPEATSDL_Event@@@Z 0000000140001aa0 f   main.obj
 0001:00000bc0       ?render@LButton@@QEAAXXZ   0000000140001bc0 f   main.obj
 0001:00000c30       ?init@@YA_NXZ              0000000140001c30 f   main.obj
 0001:00000d50       ?loadMedia@@YA_NXZ         0000000140001d50 f   main.obj
 0001:000010a0       ?close@@YAXXZ              00000001400020a0 f   main.obj
 0001:00001130       ?loadTexture@@YAPEAUSDL_Texture@@V?$basic_string@DU?$char_traits@D@std@@V?$allocator@D@2@@std@@@Z 0000000140002130 f   main.obj
 0001:00001180       ??$?0$$V@?$_Compressed_pair@V?$allocator@D@std@@V?$_String_val@U?$_Simple_types@D@std@@@2@$00@std@@QEAA@U_Zero_then_variadic_args_t@1@@Z 0000000140002180 f i main.obj
 0001:000011b0       ??$_Allocate@$0BA@U_Default_allocate_traits@std@@$0A@@std@@YAPEAX_K@Z 00000001400021b0 f i main.obj
 0001:000011f0       ??$_Allocate_manually_vector_aligned@U_Default_allocate_traits@std@@@std@@YAPEAX_K@Z 00000001400021f0 f i main.obj
 0001:00001270       ??$_Convert_size@_K@std@@YA_K_K@Z 0000000140002270 f i main.obj
 0001:00001270       ??$forward@AEBQEAD@std@@YAAEBQEADAEBQEAD@Z 0000000140002270 f i main.obj
 0001:00001270       ??0_Bxty@?$_String_val@U?$_Simple_types@D@std@@@std@@QEAA@XZ 0000000140002270 f i main.obj
 0001:00001270       ??$addressof@PEAD@std@@YAPEAPEADAEAPEAD@Z 0000000140002270 f i main.obj
 0001:00001270       ??0?$allocator@D@std@@QEAA@XZ 0000000140002270 f i main.obj
 0001:00001270       ?_Get_second@?$_Compressed_pair@V?$allocator@D@std@@V?$_String_val@U?$_Simple_types@D@std@@@2@$00@std@@QEBAAEBV?$_String_val@U?$_Simple_types@D@std@@@2@XZ 0000000140002270 f i main.obj
 0001:00001270       ?_Get_second@?$_Compressed_pair@V?$allocator@D@std@@V?$_String_val@U?$_Simple_types@D@std@@@2@$00@std@@QEAAAEAV?$_String_val@U?$_Simple_types@D@std@@@2@XZ 0000000140002270 f i main.obj
 0001:00001270       ??$_Unfancy@D@std@@YAPEADPEAD@Z 0000000140002270 f i main.obj
 0001:00001270       ?_Get_first@?$_Compressed_pair@V?$allocator@D@std@@V?$_String_val@U?$_Simple_types@D@std@@@2@$00@std@@QEBAAEBV?$allocator@D@2@XZ 0000000140002270 f i main.obj
 0001:00001270       ?_Get_first@?$_Compressed_pair@V?$allocator@D@std@@V?$_String_val@U?$_Simple_types@D@std@@@2@$00@std@@QEAAAEAV?$allocator@D@2@XZ 0000000140002270 f i main.obj
 0001:00001270       ??$_Get_size_of_n@$00@std@@YA_K_K@Z 0000000140002270 f i main.obj
 0001:00001280       ??$_Deallocate@$0BA@$0A@@std@@YAXPEAX_K@Z 0000000140002280 f i main.obj
 0001:000012c0       ??$_Max_value@_K@std@@YAAEB_KAEB_K0@Z 00000001400022c0 f i main.obj
 0001:00001310       ??$_Min_value@_K@std@@YAAEB_KAEB_K0@Z 0000000140002310 f i main.obj
 0001:00001490       _initialize_invalid_parameter_handler 0000000140002490 f i LIBCMT:invalid_parameter_handler.obj
 0001:00001490       _initialize_denormal_control 0000000140002490 f i LIBCMT:denormal_control.obj
 0001:00001490       _guard_check_icall_nop     0000000140002490 f i LIBCMT:guard_support.obj
 0001:00001490       ??$__vcrt_va_start_verify_argument_type@QEBD@@YAXXZ 0000000140002490 f i main.obj
 0001:000014a0       ??$construct@PEADAEBQEAD@?$_Default_allocator_traits@V?$allocator@D@std@@@std@@SAXAEAV?$allocator@D@1@QEAPEADAEBQEAD@Z 00000001400024a0 f i main.obj
 0001:000014f0       ??$destroy@PEAD@?$_Default_allocator_traits@V?$allocator@D@std@@@std@@SAXAEAV?$allocator@D@1@QEAPEAD@Z 00000001400024f0 f i main.obj
 0001:00001500       ??0?$_String_alloc@U?$_String_base_types@DV?$allocator@D@std@@@std@@@std@@QEAA@XZ 0000000140002500 f i main.obj
 0001:00001530       ??0?$_String_val@U?$_Simple_types@D@std@@@std@@QEAA@XZ 0000000140002530 f i main.obj
 0001:00001570       ??0?$basic_string@DU?$char_traits@D@std@@V?$allocator@D@2@@std@@QEAA@QEBD@Z 0000000140002570 f i main.obj
 0001:000015c0       ??1?$_Compressed_pair@V?$allocator@D@std@@V?$_String_val@U?$_Simple_types@D@std@@@2@$00@std@@QEAA@XZ 00000001400025c0 f i main.obj
 0001:000015e0       ??1?$_String_alloc@U?$_String_base_types@DV?$allocator@D@std@@@std@@@std@@QEAA@XZ 00000001400025e0 f i main.obj
 0001:00001600       ??1?$_String_val@U?$_Simple_types@D@std@@@std@@QEAA@XZ 0000000140002600 f i main.obj
 0001:00001620       ??1?$basic_string@DU?$char_traits@D@std@@V?$allocator@D@2@@std@@QEAA@XZ 0000000140002620 f i main.obj
 0001:00001650       ?_Orphan_all@_Container_base0@std@@QEAAXXZ 0000000140002650 f i main.obj
 0001:00001650       ??1_Bxty@?$_String_val@U?$_Simple_types@D@std@@@std@@QEAA@XZ 0000000140002650 f i main.obj
 0001:00001660       ??2@YAPEAX_KPEAX@Z         0000000140002660 f i main.obj
 0001:000016d0       ??_H@YAXPEAX_K1P6APEAX0@Z@Z 00000001400026d0 f i main.obj
 0001:00001730       ?_Adjust_manually_vector_aligned@std@@YAXAEAPEAXAEA_K@Z 0000000140002730 f i main.obj
 0001:000017c0       ?_Allocate@_Default_allocate_traits@std@@SAPEAX_K@Z 00000001400027c0 f i main.obj
 0001:000017e0       ?_Calculate_growth@?$basic_string@DU?$char_traits@D@std@@V?$allocator@D@2@@std@@QEBA_K_K@Z 00000001400027e0 f i main.obj
 0001:000018a0       ?_Getal@?$_String_alloc@U?$_String_base_types@DV?$allocator@D@std@@@std@@@std@@QEAAAEAV?$allocator@D@2@XZ 00000001400028a0 f i main.obj
 0001:000018a0       ?_Get_data@?$_String_alloc@U?$_String_base_types@DV?$allocator@D@std@@@std@@@std@@QEAAAEAV?$_String_val@U?$_Simple_types@D@std@@@2@XZ 00000001400028a0 f i main.obj
 0001:000018a0       ?_Get_data@?$_String_alloc@U?$_String_base_types@DV?$allocator@D@std@@@std@@@std@@QEBAAEBV?$_String_val@U?$_Simple_types@D@std@@@2@XZ 00000001400028a0 f i main.obj
 0001:000018a0       ?_Getal@?$_String_alloc@U?$_String_base_types@DV?$allocator@D@std@@@std@@@std@@QEBAAEBV?$allocator@D@2@XZ 00000001400028a0 f i main.obj
 0001:000018c0       ?_Large_string_engaged@?$_String_val@U?$_Simple_types@D@std@@@std@@QEBA_NXZ 00000001400028c0 f i main.obj
 0001:000018f0       ?_Myptr@?$_String_val@U?$_Simple_types@D@std@@@std@@QEAAPEADXZ 00000001400028f0 f i main.obj
 0001:000018f0       ?_Myptr@?$_String_val@U?$_Simple_types@D@std@@@std@@QEBAPEBDXZ 00000001400028f0 f i main.obj
 0001:00001930       ?_Orphan_all@?$_String_alloc@U?$_String_base_types@DV?$allocator@D@std@@@std@@@std@@QEAAXXZ 0000000140002930 f i main.obj
 0001:00001950       ?_Tidy_deallocate@?$basic_string@DU?$char_traits@D@std@@V?$allocator@D@2@@std@@QEAAXXZ 0000000140002950 f i main.obj
 0001:00001a20       ?_Tidy_init@?$basic_string@DU?$char_traits@D@std@@V?$allocator@D@2@@std@@QEAAXXZ 0000000140002a20 f i main.obj
 0001:00001a80       ?_Xlen@?$basic_string@DU?$char_traits@D@std@@V?$allocator@D@2@@std@@SAXXZ 0000000140002a80 f i main.obj
 0001:00001aa0       ?allocate@?$allocator@D@std@@QEAAPEAD_K@Z 0000000140002aa0 f i main.obj
 0001:00001ad0       ?assign@?$basic_string@DU?$char_traits@D@std@@V?$allocator@D@2@@std@@QEAAAEAV12@QEBD@Z 0000000140002ad0 f i main.obj
 0001:00001b10       ?assign@?$basic_string@DU?$char_traits@D@std@@V?$allocator@D@2@@std@@QEAAAEAV12@QEBD_K@Z 0000000140002b10 f i main.obj
 0001:00001bd0       ?assign@?$char_traits@D@std@@SAXAEADAEBD@Z 0000000140002bd0 f i main.obj
 0001:00001bf0       ?c_str@?$basic_string@DU?$char_traits@D@std@@V?$allocator@D@2@@std@@QEBAPEBDXZ 0000000140002bf0 f i main.obj
 0001:00001c20       ?copy@?$char_traits@D@std@@SAPEADQEADQEBD_K@Z 0000000140002c20 f i main.obj
 0001:00001c50       ?deallocate@?$allocator@D@std@@QEAAXQEAD_K@Z 0000000140002c50 f i main.obj
 0001:00001c80       ?length@?$char_traits@D@std@@SA_KQEBD@Z 0000000140002c80 f i main.obj
 0001:00001cc0       ?max@?$numeric_limits@_J@std@@SA_JXZ 0000000140002cc0 f i main.obj
 0001:00001cd0       ?max_size@?$_Default_allocator_traits@V?$allocator@D@std@@@std@@SA_KAEBV?$allocator@D@2@@Z 0000000140002cd0 f i main.obj
 0001:00001ce0       ?max_size@?$basic_string@DU?$char_traits@D@std@@V?$allocator@D@2@@std@@QEBA_KXZ 0000000140002ce0 f i main.obj
 0001:00001d50       ?move@?$char_traits@D@std@@SAPEADQEADQEBD_K@Z 0000000140002d50 f i main.obj
 0001:00001d80       __local_stdio_printf_options 0000000140002d80 f i main.obj
 0001:00001d90       _vfprintf_s_l              0000000140002d90 f i main.obj
 0001:00001de0       printf_s                   0000000140002de0 f i main.obj
 0001:00001e3c       SDL_GetError               0000000140002e3c f   SDL2:SDL2.dll
 0001:00001e42       SDL_MapRGB                 0000000140002e42 f   SDL2:SDL2.dll
 0001:00001e48       SDL_FreeSurface            0000000140002e48 f   SDL2:SDL2.dll
 0001:00001e4e       SDL_SetColorKey            0000000140002e4e f   SDL2:SDL2.dll
 0001:00001e54       SDL_CreateWindow           0000000140002e54 f   SDL2:SDL2.dll
 0001:00001e5a       SDL_DestroyWindow          0000000140002e5a f   SDL2:SDL2.dll
 0001:00001e60       SDL_GetKeyboardState       0000000140002e60 f   SDL2:SDL2.dll
 0001:00001e66       SDL_GetMouseState          0000000140002e66 f   SDL2:SDL2.dll
 0001:00001e6c       SDL_PollEvent              0000000140002e6c f   SDL2:SDL2.dll
 0001:00001e72       SDL_CreateRenderer         0000000140002e72 f   SDL2:SDL2.dll
 0001:00001e78       SDL_CreateTextureFromSurface 0000000140002e78 f   SDL2:SDL2.dll
 0001:00001e7e       SDL_SetTextureColorMod     0000000140002e7e f   SDL2:SDL2.dll
 0001:00001e84       SDL_SetTextureAlphaMod     0000000140002e84 f   SDL2:SDL2.dll
 0001:00001e8a       SDL_SetTextureBlendMode    0000000140002e8a f   SDL2:SDL2.dll
 0001:00001e90       SDL_SetRenderDrawColor     0000000140002e90 f   SDL2:SDL2.dll
 0001:00001e96       SDL_RenderClear            0000000140002e96 f   SDL2:SDL2.dll
 0001:00001e9c       SDL_RenderCopyEx           0000000140002e9c f   SDL2:SDL2.dll
 0001:00001ea2       SDL_RenderPresent          0000000140002ea2 f   SDL2:SDL2.dll
 0001:00001ea8       SDL_DestroyTexture         0000000140002ea8 f   SDL2:SDL2.dll
 0001:00001eae       SDL_DestroyRenderer        0000000140002eae f   SDL2:SDL2.dll
 0001:00001eb4       SDL_Init                   0000000140002eb4 f   SDL2:SDL2.dll
 0001:00001eba       SDL_Quit                   0000000140002eba f   SDL2:SDL2.dll
 0001:00001ec0       IMG_Init                   0000000140002ec0 f   SDL2_image:SDL2_image.dll
 0001:00001ec6       IMG_Quit                   0000000140002ec6 f   SDL2_image:SDL2_image.dll
 0001:00001ecc       IMG_Load                   0000000140002ecc f   SDL2_image:SDL2_image.dll
 0001:00001ed2       IMG_LoadTexture            0000000140002ed2 f   SDL2_image:SDL2_image.dll
 0001:00001ed8       TTF_Init                   0000000140002ed8 f   SDL2_ttf:SDL2_ttf.dll
 0001:00001ede       TTF_OpenFont               0000000140002ede f   SDL2_ttf:SDL2_ttf.dll
 0001:00001ee4       TTF_RenderText_Solid       0000000140002ee4 f   SDL2_ttf:SDL2_ttf.dll
 0001:00001eea       TTF_CloseFont              0000000140002eea f   SDL2_ttf:SDL2_ttf.dll
 0001:00001ef0       TTF_Quit                   0000000140002ef0 f   SDL2_ttf:SDL2_ttf.dll
 0001:00001ef8       ??0bad_alloc@std@@QEAA@AEBV01@@Z 0000000140002ef8 f i libcpmt:xthrow.obj
 0001:00001f38       ??0bad_alloc@std@@QEAA@XZ  0000000140002f38 f i libcpmt:xthrow.obj
 0001:00001f58       ??0exception@std@@QEAA@AEBV01@@Z 0000000140002f58 f i libcpmt:xthrow.obj
 0001:00001f90       ??0length_error@std@@QEAA@AEBV01@@Z 0000000140002f90 f i libcpmt:xthrow.obj
 0001:00001fd0       ??0length_error@std@@QEAA@PEBD@Z 0000000140002fd0 f i libcpmt:xthrow.obj
 0001:0000201c       ??0logic_error@std@@QEAA@AEBV01@@Z 000000014000301c f i libcpmt:xthrow.obj
 0001:0000205c       ??1bad_alloc@std@@UEAA@XZ  000000014000305c f i libcpmt:xthrow.obj
 0001:0000205c       ??1bad_array_new_length@std@@UEAA@XZ 000000014000305c f i LIBCMT:throw_bad_alloc.obj
 0001:0000205c       ??1length_error@std@@UEAA@XZ 000000014000305c f i libcpmt:xthrow.obj
 0001:0000205c       ??1bad_exception@std@@UEAA@XZ 000000014000305c f i libvcruntime:frame.obj
 0001:00002070       ??_Ebad_alloc@std@@UEAAPEAXI@Z 0000000140003070 f i libcpmt:xthrow.obj
 0001:00002070       ??_Gbad_exception@std@@UEAAPEAXI@Z 0000000140003070 f i libvcruntime:frame.obj
 0001:00002070       ??_Gbad_array_new_length@std@@UEAAPEAXI@Z 0000000140003070 f i LIBCMT:throw_bad_alloc.obj
 0001:00002070       ??_Ebad_exception@std@@UEAAPEAXI@Z 0000000140003070 f i libvcruntime:frame.obj
 0001:00002070       ??_Elength_error@std@@UEAAPEAXI@Z 0000000140003070 f i libcpmt:xthrow.obj
 0001:00002070       ??_Glogic_error@std@@UEAAPEAXI@Z 0000000140003070 f i libcpmt:xthrow.obj
 0001:00002070       ??_Gbad_alloc@std@@UEAAPEAXI@Z 0000000140003070 f i libcpmt:xthrow.obj
 0001:00002070       ??_Eexception@std@@UEAAPEAXI@Z 0000000140003070 f i libcpmt:xthrow.obj
 0001:00002070       ??_Ebad_array_new_length@std@@UEAAPEAXI@Z 0000000140003070 f i LIBCMT:throw_bad_alloc.obj
 0001:00002070       ??_Gexception@std@@UEAAPEAXI@Z 0000000140003070 f i libcpmt:xthrow.obj
 0001:00002070       ??_Glength_error@std@@UEAAPEAXI@Z 0000000140003070 f i libcpmt:xthrow.obj
 0001:00002070       ??_Elogic_error@std@@UEAAPEAXI@Z 0000000140003070 f i libcpmt:xthrow.obj
 0001:000020b4       ?_Xlength_error@std@@YAXPEBD@Z 00000001400030b4 f   libcpmt:xthrow.obj
 0001:000020d8       ?what@exception@std@@UEBAPEBDXZ 00000001400030d8 f i libcpmt:xthrow.obj
 0001:000020ec       ??2@YAPEAX_K@Z             00000001400030ec f   LIBCMT:new_scalar.obj
 0001:00002128       ??3@YAXPEAX_K@Z            0000000140003128 f   LIBCMT:delete_scalar_size.obj
 0001:00002130       __scrt_acquire_startup_lock 0000000140003130 f   LIBCMT:utility.obj
 0001:0000216c       __scrt_initialize_crt      000000014000316c f   LIBCMT:utility.obj
 0001:000021b8       __scrt_initialize_onexit_tables 00000001400031b8 f   LIBCMT:utility.obj
 0001:00002298       __scrt_is_nonwritable_in_current_image 0000000140003298 f   LIBCMT:utility.obj
 0001:00002334       __scrt_release_startup_lock 0000000140003334 f   LIBCMT:utility.obj
 0001:00002358       __scrt_uninitialize_crt    0000000140003358 f   LIBCMT:utility.obj
 0001:00002384       _onexit                    0000000140003384 f   LIBCMT:utility.obj
 0001:000023d4       atexit                     00000001400033d4 f   LIBCMT:utility.obj
 0001:000023ec       __GSHandlerCheck           00000001400033ec f   LIBCMT:_gshandler_.obj
 0001:0000240c       __GSHandlerCheckCommon     000000014000340c f   LIBCMT:_gshandler_.obj
 0001:00002480       __security_check_cookie    0000000140003480 f   LIBCMT:_amdsecgs_.obj
 0001:0000270c       mainCRTStartup             000000014000370c f   LIBCMT:exe_main.obj
 0001:00002720       ??_Etype_info@@UEAAPEAXI@Z 0000000140003720 f i LIBCMT:std_type_info_static.obj
 0001:00002720       ??_Gtype_info@@UEAAPEAXI@Z 0000000140003720 f i LIBCMT:std_type_info_static.obj
 0001:0000274c       ??0bad_array_new_length@std@@QEAA@AEBV01@@Z 000000014000374c f i LIBCMT:throw_bad_alloc.obj
 0001:0000278c       ??0bad_array_new_length@std@@QEAA@XZ 000000014000378c f i LIBCMT:throw_bad_alloc.obj
 0001:000027ac       ?__scrt_throw_std_bad_alloc@@YAXXZ 00000001400037ac f   LIBCMT:throw_bad_alloc.obj
 0001:000027cc       ?__scrt_throw_std_bad_array_new_length@@YAXXZ 00000001400037cc f   LIBCMT:throw_bad_alloc.obj
 0001:000027ec       ??3@YAXPEAX@Z              00000001400037ec f   LIBCMT:delete_scalar.obj
 0001:000027f4       __isa_available_init       00000001400037f4 f   LIBCMT:_cpu_disp_.obj
 0001:000029b0       _get_startup_argv_mode     00000001400039b0 f   LIBCMT:argv_mode.obj
 0001:000029b8       __scrt_is_ucrt_dll_in_use  00000001400039b8 f   LIBCMT:ucrt_detection.obj
 0001:000029c4       __crt_debugger_hook        00000001400039c4 f   LIBCMT:utility_desktop.obj
 0001:000029cc       __scrt_fastfail            00000001400039cc f   LIBCMT:utility_desktop.obj
 0001:00002b18       _get_startup_commit_mode   0000000140003b18 f   LIBCMT:commit_mode.obj
 0001:00002b18       _get_startup_new_mode      0000000140003b18 f   LIBCMT:new_mode.obj
 0001:00002b18       _matherr                   0000000140003b18 f   LIBCMT:matherr.obj
 0001:00002b18       __scrt_initialize_winrt    0000000140003b18 f   LIBCMT:utility_desktop.obj
 0001:00002b18       _get_startup_thread_locale_mode 0000000140003b18 f   LIBCMT:thread_locale.obj
 0001:00002b1c       __scrt_is_managed_app      0000000140003b1c f   LIBCMT:utility_desktop.obj
 0001:00002b70       __scrt_set_unhandled_exception_filter 0000000140003b70 f   LIBCMT:utility_desktop.obj
 0001:00002b80       __scrt_unhandled_exception_filter 0000000140003b80 f   LIBCMT:utility_desktop.obj
 0001:00002bb8       _guard_check_icall         0000000140003bb8 f i LIBCMT:checkcfg.obj
 0001:00002bc0       __raise_securityfailure    0000000140003bc0 f   LIBCMT:gs_report.obj
 0001:00002bf4       __report_gsfailure         0000000140003bf4 f   LIBCMT:gs_report.obj
 0001:00002cc8       __report_rangecheckfailure 0000000140003cc8 f   LIBCMT:gs_report.obj
 0001:00002cdc       __report_securityfailure   0000000140003cdc f   LIBCMT:gs_report.obj
 0001:00002e5c       __security_init_cookie     0000000140003e5c f   LIBCMT:gs_support.obj
 0001:00002f0c       _get_startup_file_mode     0000000140003f0c f   LIBCMT:file_mode.obj
 0001:00002f14       ?__scrt_initialize_type_info@@YAXXZ 0000000140003f14 f   LIBCMT:tncleanup.obj
 0001:00002f24       _should_initialize_environment 0000000140003f24 f   LIBCMT:env_mode.obj
 0001:00002f24       __acrt_uninitialize_command_line 0000000140003f24 f   libucrt:argv_data.obj
 0001:00002f28       __local_stdio_scanf_options 0000000140003f28 f i LIBCMT:default_local_stdio_options.obj
 0001:00002f30       __scrt_initialize_default_local_stdio_options 0000000140003f30 f   LIBCMT:default_local_stdio_options.obj
 0001:00002f4c       __scrt_is_user_matherr_present 0000000140003f4c f   LIBCMT:matherr_detection.obj
 0001:00002f58       __scrt_get_dyn_tls_init_callback 0000000140003f58 f   LIBCMT:dyn_tls_init.obj
 0001:00002f60       __scrt_get_dyn_tls_dtor_callback 0000000140003f60 f   LIBCMT:dyn_tls_dtor.obj
 0001:00002f68       _RTC_Initialize            0000000140003f68 f   LIBCMT:_initsect_.obj
 0001:00002fb4       _RTC_Terminate             0000000140003fb4 f   LIBCMT:_initsect_.obj
 0001:00003000       IsProcessorFeaturePresent  0000000140004000 f   kernel32:KERNEL32.dll
 0001:00003020       memcpy                     0000000140004020 f   libvcruntime:memcpy.obj
 0001:00003020       memmove                    0000000140004020 f   libvcruntime:memcpy.obj
 0001:00003468       ?_ExecutionInCatch@@YAHPEAU_xDISPATCHER_CONTEXT@@PEBU_s_FuncInfo@@@Z 0000000140004468 f   libvcruntime:risctrnsctrl.obj
 0001:000034dc       ?_GetEstablisherFrame@@YAPEA_KPEA_KPEAU_xDISPATCHER_CONTEXT@@PEBU_s_FuncInfo@@0@Z 00000001400044dc f   libvcruntime:risctrnsctrl.obj
 0001:000035a8       ?_GetRangeOfTrysToCheck@@YAPEBU_s_TryBlockMapEntry@@PEA_KPEBU_s_FuncInfo@@HHPEAI2PEAU_xDISPATCHER_CONTEXT@@@Z 00000001400045a8 f   libvcruntime:risctrnsctrl.obj
 0001:000036d4       ?__FrameUnwindToEmptyState@@YAXPEA_KPEAU_xDISPATCHER_CONTEXT@@PEBU_s_FuncInfo@@@Z 00000001400046d4 f   libvcruntime:risctrnsctrl.obj
 0001:00003768       _CallSETranslator          0000000140004768 f   libvcruntime:risctrnsctrl.obj
 0001:000037c0       _CreateFrameInfo           00000001400047c0 f   libvcruntime:risctrnsctrl.obj
 0001:000037fc       _FindAndUnlinkFrame        00000001400047fc f   libvcruntime:risctrnsctrl.obj
 0001:00003858       _GetImageBase              0000000140004858 f   libvcruntime:risctrnsctrl.obj
 0001:0000386c       _GetThrowImageBase         000000014000486c f   libvcruntime:risctrnsctrl.obj
 0001:00003880       _SetImageBase              0000000140004880 f   libvcruntime:risctrnsctrl.obj
 0001:00003898       _SetThrowImageBase         0000000140004898 f   libvcruntime:risctrnsctrl.obj
 0001:000038b0       _UnwindNestedFrames        00000001400048b0 f   libvcruntime:risctrnsctrl.obj
 0001:000039d4       __CxxFrameHandler3         00000001400049d4 f   libvcruntime:risctrnsctrl.obj
 0001:00003a54       __std_exception_copy       0000000140004a54 f   libvcruntime:std_exception.obj
 0001:00003ae4       __std_exception_destroy    0000000140004ae4 f   libvcruntime:std_exception.obj
 0001:00003b0c       _CxxThrowException         0000000140004b0c f   libvcruntime:throw.obj
 0001:00003be4       __vcrt_initialize          0000000140004be4 f   libvcruntime:initialization.obj
 0001:00003c18       __vcrt_uninitialize        0000000140004c18 f   libvcruntime:initialization.obj
 0001:00003c38       __C_specific_handler       0000000140004c38 f   libvcruntime:_riscchandler_.obj
 0001:00003e60       memset                     0000000140004e60 f   libvcruntime:memset.obj
 0001:00004010       __std_type_info_compare    0000000140005010 f   libvcruntime:std_type_info.obj
 0001:00004038       __vcrt_freefls             0000000140005038 f   libvcruntime:per_thread_data.obj
 0001:00004058       __vcrt_getptd              0000000140005058 f   libvcruntime:per_thread_data.obj
 0001:00004074       __vcrt_getptd_noexit       0000000140005074 f   libvcruntime:per_thread_data.obj
 0001:0000412c       __vcrt_initialize_ptd      000000014000512c f   libvcruntime:per_thread_data.obj
 0001:00004180       __vcrt_uninitialize_ptd    0000000140005180 f   libvcruntime:per_thread_data.obj
 0001:000041a4       ?__GetCurrentState@@YAHPEA_KPEAU_xDISPATCHER_CONTEXT@@PEBU_s_FuncInfo@@@Z 00000001400051a4 f   libvcruntime:riscehstate.obj
 0001:000041cc       ?__GetUnwindTryBlock@@YAHPEA_KPEAU_xDISPATCHER_CONTEXT@@PEBU_s_FuncInfo@@@Z 00000001400051cc f   libvcruntime:riscehstate.obj
 0001:000041f8       ?__SetState@@YAXPEA_KPEAU_xDISPATCHER_CONTEXT@@PEBU_s_FuncInfo@@H@Z 00000001400051f8 f   libvcruntime:riscehstate.obj
 0001:00004204       ?__SetUnwindTryBlock@@YAXPEA_KPEAU_xDISPATCHER_CONTEXT@@PEBU_s_FuncInfo@@H@Z 0000000140005204 f   libvcruntime:riscehstate.obj
 0001:00004240       ?__StateFromControlPc@@YAHPEBU_s_FuncInfo@@PEAU_xDISPATCHER_CONTEXT@@@Z 0000000140005240 f   libvcruntime:riscehstate.obj
 0001:00004248       ?__StateFromIp@@YAHPEBU_s_FuncInfo@@PEAU_xDISPATCHER_CONTEXT@@_K@Z 0000000140005248 f   libvcruntime:riscehstate.obj
 0001:000042b4       ??0bad_exception@std@@QEAA@AEBV01@@Z 00000001400052b4 f i libvcruntime:frame.obj
 0001:000042f4       ??0bad_exception@std@@QEAA@XZ 00000001400052f4 f i libvcruntime:frame.obj
 0001:00004c5c       ?_CallMemberFunction1@@YAXQEAX00@Z 0000000140005c5c f i libvcruntime:frame.obj
 0001:00004c68       ?_CallMemberFunction2@@YAXQEAX00H@Z 0000000140005c68 f i libvcruntime:frame.obj
 0001:00004c78       __BuildCatchObject         0000000140005c78 f   libvcruntime:frame.obj
 0001:00004d3c       __BuildCatchObjectHelper   0000000140005d3c f   libvcruntime:frame.obj
 0001:00004f40       __CxxCallCatchBlock        0000000140005f40 f   libvcruntime:frame.obj
 0001:0000512c       __FrameUnwindToState       000000014000612c f   libvcruntime:frame.obj
 0001:000052c0       __InternalCxxFrameHandler  00000001400062c0 f   libvcruntime:frame.obj
 0001:00005510       __TypeMatch                0000000140006510 f   libvcruntime:frame.obj
 0001:00005654       __vcrt_initialize_locks    0000000140006654 f   libvcruntime:locks.obj
 0001:0000569c       __vcrt_uninitialize_locks  000000014000669c f   libvcruntime:locks.obj
 0001:000058ac       __vcrt_FlsAlloc            00000001400068ac f   libvcruntime:winapi_downlevel.obj
 0001:00005900       __vcrt_FlsFree             0000000140006900 f   libvcruntime:winapi_downlevel.obj
 0001:00005954       __vcrt_FlsGetValue         0000000140006954 f   libvcruntime:winapi_downlevel.obj
 0001:000059a8       __vcrt_FlsSetValue         00000001400069a8 f   libvcruntime:winapi_downlevel.obj
 0001:00005a10       __vcrt_InitializeCriticalSectionEx 0000000140006a10 f   libvcruntime:winapi_downlevel.obj
 0001:00005a88       __vcrt_initialize_winapi_thunks 0000000140006a88 f   libvcruntime:winapi_downlevel.obj
 0001:00005acc       __vcrt_uninitialize_winapi_thunks 0000000140006acc f   libvcruntime:winapi_downlevel.obj
 0001:00005b0c       __vcrt_initialize_pure_virtual_call_handler 0000000140006b0c f   libvcruntime:purevirt_data.obj
 0001:00005b40       _local_unwind              0000000140006b40 f   libvcruntime:_jmpuwind_.obj
 0001:00005b70       _NLG_Notify                0000000140006b70 f   libvcruntime:_jmpuwind_.obj
 0001:00005b90       __NLG_Dispatch2            0000000140006b90 f   libvcruntime:_jmpuwind_.obj
 0001:00005ba0       __NLG_Return2              0000000140006ba0 f   libvcruntime:_jmpuwind_.obj
 0001:00005ba4       __except_validate_context_record 0000000140006ba4 f   libvcruntime:jbcxrval.obj
 0001:00005bf0       _CallSettingFrame          0000000140006bf0 f   libvcruntime:handlers.obj
 0001:00005c30       __DestructExceptionObject  0000000140006c30 f   libvcruntime:ehhelpers.obj
 0001:00005cb4       ?_CallMemberFunction0@@YAXQEAX0@Z 0000000140006cb4 f i libvcruntime:ehhelpers.obj
 0001:00005cb8       _IsExceptionObjectToBeDestroyed 0000000140006cb8 f   libvcruntime:ehhelpers.obj
 0001:00005ce8       __AdjustPointer            0000000140006ce8 f   libvcruntime:ehhelpers.obj
 0001:00005d0c       __FrameUnwindFilter        0000000140006d0c f   libvcruntime:ehhelpers.obj
 0001:00005d58       __acrt_call_reportfault    0000000140006d58 f   libucrt:invalid_parameter.obj
 0001:00005eb4       __acrt_initialize_invalid_parameter_handler 0000000140006eb4 f   libucrt:invalid_parameter.obj
 0001:00005ebc       _invalid_parameter         0000000140006ebc f   libucrt:invalid_parameter.obj
 0001:00005f6c       _invalid_parameter_noinfo  0000000140006f6c f   libucrt:invalid_parameter.obj
 0001:00005f8c       _invalid_parameter_noinfo_noreturn 0000000140006f8c f   libucrt:invalid_parameter.obj
 0001:00005fbc       _invoke_watson             0000000140006fbc f   libucrt:invalid_parameter.obj
 0001:00006004       __acrt_initialize_stdio    0000000140007004 f   libucrt:_file.obj
 0001:00006124       __acrt_iob_func            0000000140007124 f   libucrt:_file.obj
 0001:00006138       __acrt_uninitialize_stdio  0000000140007138 f   libucrt:_file.obj
 0001:00006194       _lock_file                 0000000140007194 f   libucrt:_file.obj
 0001:000061a0       _unlock_file               00000001400071a0 f   libucrt:_file.obj
 0001:000061ec       ??$ensure_buffer_is_big_enough@D@formatting_buffer@__crt_stdio_output@@QEAA_N_K@Z 00000001400071ec f i libucrt:output.obj
 0001:00006294       ??$type_case_integer_parse_into_buffer@I@?$output_processor@DV?$stream_output_adapter@D@__crt_stdio_output@@V?$format_validation_base@DV?$stream_output_adapter@D@__crt_stdio_output@@@2@@__crt_stdio_output@@AEAAXII_N@Z 0000000140007294 f i libucrt:output.obj
 0001:0000631c       ??$type_case_integer_parse_into_buffer@_K@?$output_processor@DV?$stream_output_adapter@D@__crt_stdio_output@@V?$format_validation_base@DV?$stream_output_adapter@D@__crt_stdio_output@@@2@@__crt_stdio_output@@AEAAX_KI_N@Z 000000014000731c f i libucrt:output.obj
 0001:000063ac       ??$write_multiple_characters@V?$stream_output_adapter@D@__crt_stdio_output@@D@__crt_stdio_output@@YAXAEBV?$stream_output_adapter@D@0@DHQEAH@Z 00000001400073ac f i libucrt:output.obj
 0001:00006430       ??0_LocaleUpdate@@QEAA@QEAU__crt_locale_pointers@@@Z 0000000140007430 f i libucrt:output.obj
 0001:000065f0       ?force_decimal_point@__crt_stdio_output@@YAXPEADQEAU__crt_locale_pointers@@@Z 00000001400075f0 f i libucrt:output.obj
 0001:00006660       ?parse_int_from_format_string@?$output_processor@DV?$stream_output_adapter@D@__crt_stdio_output@@V?$format_validation_base@DV?$stream_output_adapter@D@__crt_stdio_output@@@2@@__crt_stdio_output@@AEAA_NQEAH@Z 0000000140007660 f i libucrt:output.obj
 0001:00006704       ?process@?$output_processor@DV?$stream_output_adapter@D@__crt_stdio_output@@V?$format_validation_base@DV?$stream_output_adapter@D@__crt_stdio_output@@@2@@__crt_stdio_output@@QEAAHXZ 0000000140007704 f i libucrt:output.obj
 0001:00006930       ?state_case_normal@?$output_processor@DV?$stream_output_adapter@D@__crt_stdio_output@@V?$format_validation_base@DV?$stream_output_adapter@D@__crt_stdio_output@@@2@@__crt_stdio_output@@AEAA_NXZ 0000000140007930 f i libucrt:output.obj
 0001:000069a0       ?state_case_normal_tchar@?$output_processor@DV?$stream_output_adapter@D@__crt_stdio_output@@V?$format_validation_base@DV?$stream_output_adapter@D@__crt_stdio_output@@@2@@__crt_stdio_output@@AEAA_ND@Z 00000001400079a0 f i libucrt:output.obj
 0001:00006a3c       ?state_case_size@?$output_processor@DV?$stream_output_adapter@D@__crt_stdio_output@@V?$format_validation_base@DV?$stream_output_adapter@D@__crt_stdio_output@@@2@@__crt_stdio_output@@AEAA_NXZ 0000000140007a3c f i libucrt:output.obj
 0001:00006bb8       ?state_case_type@?$output_processor@DV?$stream_output_adapter@D@__crt_stdio_output@@V?$format_validation_base@DV?$stream_output_adapter@D@__crt_stdio_output@@@2@@__crt_stdio_output@@AEAA_NXZ 0000000140007bb8 f i libucrt:output.obj
 0001:00006e50       ?type_case_Z@?$output_processor@DV?$stream_output_adapter@D@__crt_stdio_output@@V?$format_validation_base@DV?$stream_output_adapter@D@__crt_stdio_output@@@2@@__crt_stdio_output@@AEAA_NXZ 0000000140007e50 f i libucrt:output.obj
 0001:00006ed0       ?type_case_a@?$output_processor@DV?$stream_output_adapter@D@__crt_stdio_output@@V?$format_validation_base@DV?$stream_output_adapter@D@__crt_stdio_output@@@2@@__crt_stdio_output@@AEAA_NXZ 0000000140007ed0 f i libucrt:output.obj
 0001:000070e8       ?type_case_c_tchar@?$output_processor@DV?$stream_output_adapter@D@__crt_stdio_output@@V?$format_validation_base@DV?$stream_output_adapter@D@__crt_stdio_output@@@2@@__crt_stdio_output@@AEAA_ND@Z 00000001400080e8 f i libucrt:output.obj
 0001:000071b4       ?type_case_integer@?$output_processor@DV?$stream_output_adapter@D@__crt_stdio_output@@V?$format_validation_base@DV?$stream_output_adapter@D@__crt_stdio_output@@@2@@__crt_stdio_output@@AEAA_NI_N@Z 00000001400081b4 f i libucrt:output.obj
 0001:00007378       ?type_case_n@?$output_processor@DV?$stream_output_adapter@D@__crt_stdio_output@@V?$format_validation_base@DV?$stream_output_adapter@D@__crt_stdio_output@@@2@@__crt_stdio_output@@AEAA_NXZ 0000000140008378 f i libucrt:output.obj
 0001:00007454       ?type_case_s@?$output_processor@DV?$stream_output_adapter@D@__crt_stdio_output@@V?$format_validation_base@DV?$stream_output_adapter@D@__crt_stdio_output@@@2@@__crt_stdio_output@@AEAA_NXZ 0000000140008454 f i libucrt:output.obj
 0001:000074f0       ?validate_stream_is_ansi_if_required@?$__acrt_stdio_char_traits@D@@SA_NQEAU_iobuf@@@Z 00000001400084f0 f i libucrt:output.obj
 0001:0000757c       ?write_stored_string_tchar@?$output_processor@DV?$stream_output_adapter@D@__crt_stdio_output@@V?$format_validation_base@DV?$stream_output_adapter@D@__crt_stdio_output@@@2@@__crt_stdio_output@@AEAA_ND@Z 000000014000857c f i libucrt:output.obj
 0001:000076a0       ?write_string_impl@?$output_adapter_common@DV?$stream_output_adapter@D@__crt_stdio_output@@@__crt_stdio_output@@IEBAXQEBDHQEAHAEAV__crt_deferred_errno_cache@@@Z 00000001400086a0 f i libucrt:output.obj
 0001:00007798       __stdio_common_vfprintf_s  0000000140008798 f   libucrt:output.obj
 0001:00007824       __acrt_initialize_new_handler 0000000140008824 f   libucrt:new_handler.obj
 0001:0000782c       _callnewh                  000000014000882c f   libucrt:new_handler.obj
 0001:0000785c       _query_new_handler         000000014000885c f   libucrt:new_handler.obj
 0001:00007890       malloc                     0000000140008890 f   libucrt:malloc.obj
 0001:00007898       _seh_filter_exe            0000000140008898 f   libucrt:exception_filter.obj
 0001:00007ca4       __acrt_initialize_thread_local_exit_callback 0000000140008ca4 f   libucrt:exit.obj
 0001:00007cac       _c_exit                    0000000140008cac f   libucrt:exit.obj
 0001:00007cbc       _cexit                     0000000140008cbc f   libucrt:exit.obj
 0001:00007ccc       _exit                      0000000140008ccc f   libucrt:exit.obj
 0001:00007cd8       _register_thread_local_exe_atexit_callback 0000000140008cd8 f   libucrt:exit.obj
 0001:00007d1c       exit                       0000000140008d1c f   libucrt:exit.obj
 0001:00007ee4       __acrt_allocate_buffer_for_argv 0000000140008ee4 f   libucrt:argv_parsing.obj
 0001:00007f44       _configure_narrow_argv     0000000140008f44 f   libucrt:argv_parsing.obj
 0001:00008394       __dcrt_get_or_create_narrow_environment_nolock 0000000140009394 f   libucrt:environment_initialization.obj
 0001:000083d0       __dcrt_uninitialize_environments_nolock 00000001400093d0 f   libucrt:environment_initialization.obj
 0001:00008408       _get_initial_narrow_environment 0000000140009408 f   libucrt:environment_initialization.obj
 0001:00008458       _initialize_narrow_environment 0000000140009458 f   libucrt:environment_initialization.obj
 0001:000087e8       _crt_atexit                00000001400097e8 f   libucrt:onexit.obj
 0001:000087f8       _execute_onexit_table      00000001400097f8 f   libucrt:onexit.obj
 0001:00008834       _initialize_onexit_table   0000000140009834 f   libucrt:onexit.obj
 0001:00008874       _register_onexit_function  0000000140009874 f   libucrt:onexit.obj
 0001:000089fc       __acrt_initialize          00000001400099fc f   libucrt:initialization.obj
 0001:00008a10       __acrt_uninitialize        0000000140009a10 f   libucrt:initialization.obj
 0001:00008a48       _query_app_type            0000000140009a48 f   libucrt:report_runtime_error.obj
 0001:00008a50       _set_app_type              0000000140009a50 f   libucrt:report_runtime_error.obj
 0001:00008a58       __acrt_has_user_matherr    0000000140009a58 f   libucrt:matherr.obj
 0001:00008a78       __acrt_initialize_user_matherr 0000000140009a78 f   libucrt:matherr.obj
 0001:00008a80       __acrt_invoke_user_matherr 0000000140009a80 f   libucrt:matherr.obj
 0001:00008ab0       __setusermatherr           0000000140009ab0 f   libucrt:matherr.obj
 0001:00008ad8       _initterm                  0000000140009ad8 f   libucrt:initterm.obj
 0001:00008b3c       _initterm_e                0000000140009b3c f   libucrt:initterm.obj
 0001:00008b7c       _set_fmode                 0000000140009b7c f   libucrt:setmode.obj
 0001:00008bbc       __acrt_initialize_command_line 0000000140009bbc f   libucrt:argv_data.obj
 0001:00008be4       __p___argc                 0000000140009be4 f   libucrt:argv_data.obj
 0001:00008bec       __p___argv                 0000000140009bec f   libucrt:argv_data.obj
 0001:00008c64       __acrt_set_locale_changed  0000000140009c64 f   libucrt:wsetlocale.obj
 0001:00008c70       __acrt_uninitialize_locale 0000000140009c70 f   libucrt:wsetlocale.obj
 0001:00008ca0       _configthreadlocale        0000000140009ca0 f   libucrt:wsetlocale.obj
 0001:00008d0c       _query_new_mode            0000000140009d0c f   libucrt:new_mode.obj
 0001:00008d14       _set_new_mode              0000000140009d14 f   libucrt:new_mode.obj
 0001:00008d40       __p__commode               0000000140009d40 f   libucrt:ncommode.obj
 0001:00008d48       free                       0000000140009d48 f   libucrt:free.obj
 0001:00008d5c       terminate                  0000000140009d5c f   libucrt:terminate.obj
 0001:00008d7c       strcpy_s                   0000000140009d7c f   libucrt:strcpy_s.obj
 0001:00008ddc       _free_base                 0000000140009ddc f   libucrt:free_base.obj
 0001:00008e1c       _malloc_base               0000000140009e1c f   libucrt:malloc_base.obj
 0001:00008e7c       abort                      0000000140009e7c f   libucrt:abort.obj
 0001:00008ed4       _calloc_base               0000000140009ed4 f   libucrt:calloc_base.obj
 0001:00008f4c       wcsncmp                    0000000140009f4c f   libucrt:wcsncmp.obj
 0001:00008f78       ??$parse_integer@KV?$c_string_character_source@D@__crt_strtox@@@__crt_strtox@@YAKQEAU__crt_locale_pointers@@V?$c_string_character_source@D@0@H_N@Z 0000000140009f78 f i libucrt:atox.obj
 0001:000092b0       strncmp                    000000014000a2b0 f   libucrt:strncmp.obj
 0001:000096a8       __acrt_getptd              000000014000a6a8 f   libucrt:per_thread_data.obj
 0001:00009774       __acrt_getptd_head         000000014000a774 f   libucrt:per_thread_data.obj
 0001:0000981c       __acrt_getptd_noexit       000000014000a81c f   libucrt:per_thread_data.obj
 0001:000098ec       __acrt_initialize_ptd      000000014000a8ec f   libucrt:per_thread_data.obj
 0001:00009928       __acrt_uninitialize_ptd    000000014000a928 f   libucrt:per_thread_data.obj
 0001:0000994c       __acrt_errno_from_os_error 000000014000a94c f   libucrt:errno.obj
 0001:00009994       __acrt_errno_map_os_error  000000014000a994 f   libucrt:errno.obj
 0001:000099e4       __doserrno                 000000014000a9e4 f   libucrt:errno.obj
 0001:00009a04       _errno                     000000014000aa04 f   libucrt:errno.obj
 0001:00009bfc       __acrt_AppPolicyGetProcessTerminationMethodInternal 000000014000abfc f   libucrt:winapi_thunks.obj
 0001:00009c4c       __acrt_CompareStringEx     000000014000ac4c f   libucrt:winapi_thunks.obj
 0001:00009d28       __acrt_FlsAlloc            000000014000ad28 f   libucrt:winapi_thunks.obj
 0001:00009d70       __acrt_FlsFree             000000014000ad70 f   libucrt:winapi_thunks.obj
 0001:00009db8       __acrt_FlsGetValue         000000014000adb8 f   libucrt:winapi_thunks.obj
 0001:00009e00       __acrt_FlsSetValue         000000014000ae00 f   libucrt:winapi_thunks.obj
 0001:00009e54       __acrt_InitializeCriticalSectionEx 000000014000ae54 f   libucrt:winapi_thunks.obj
 0001:00009eb8       __acrt_LCMapStringEx       000000014000aeb8 f   libucrt:winapi_thunks.obj
 0001:00009f94       __acrt_LocaleNameToLCID    000000014000af94 f   libucrt:winapi_thunks.obj
 0001:00009fe4       __acrt_initialize_winapi_thunks 000000014000afe4 f   libucrt:winapi_thunks.obj
 0001:0000a02c       __acrt_uninitialize_winapi_thunks 000000014000b02c f   libucrt:winapi_thunks.obj
 0001:0000a070       _fcloseall                 000000014000b070 f   libucrt:closeall.obj
 0001:0000a308       __acrt_stdio_flush_nolock  000000014000b308 f   libucrt:fflush.obj
 0001:0000a384       _fflush_nolock             000000014000b384 f   libucrt:fflush.obj
 0001:0000a3d0       _flushall                  000000014000b3d0 f   libucrt:fflush.obj
 0001:0000a3d8       __acrt_stdio_free_buffer_nolock 000000014000b3d8 f   libucrt:_freebuf.obj
 0001:0000a600       __acrt_initialize_lowio    000000014000b600 f   libucrt:ioinit.obj
 0001:0000a63c       __acrt_uninitialize_lowio  000000014000b63c f   libucrt:ioinit.obj
 0001:0000a67c       isdigit                    000000014000b67c f i libucrt:_ctype.obj
 0001:0000a734       _tolower_l                 000000014000b734 f   libucrt:tolower_toupper.obj
 0001:0000a874       tolower                    000000014000b874 f   libucrt:tolower_toupper.obj
 0001:0000a8a0       strtol                     000000014000b8a0 f   libucrt:strtox.obj
 0001:0000a8cc       _mbtowc_l                  000000014000b8cc f   libucrt:mbtowc.obj
 0001:0000aa14       mbtowc                     000000014000ba14 f   libucrt:mbtowc.obj
 0001:0000aa1c       _wctomb_s_l                000000014000ba1c f   libucrt:wctomb.obj
 0001:0000aba0       wctomb_s                   000000014000bba0 f   libucrt:wctomb.obj
 0001:0000abb4       strnlen                    000000014000bbb4 f   libucrt:strnlen.obj
 0001:0000acf8       wcsnlen                    000000014000bcf8 f   libucrt:strnlen.obj
 0001:0000aec0       __acrt_update_locale_info  000000014000bec0 f   libucrt:locale_update.obj
 0001:0000aef4       __acrt_update_multibyte_info 000000014000bef4 f   libucrt:locale_update.obj
 0001:0000b8e4       __acrt_fp_format           000000014000c8e4 f   libucrt:cvt.obj
 0001:0000bb6c       _fileno                    000000014000cb6c f   libucrt:fileno.obj
 0001:0000bb94       _fputc_nolock              000000014000cb94 f   libucrt:fputc.obj
 0001:0000bbac       _get_printf_count_output   000000014000cbac f   libucrt:printf_count_output.obj
 0001:0000bbc4       __acrt_stdio_begin_temporary_buffering_nolock 000000014000cbc4 f   libucrt:_sftbuf.obj
 0001:0000bc94       __acrt_stdio_end_temporary_buffering_nolock 000000014000cc94 f   libucrt:_sftbuf.obj
 0001:0000bcd0       __acrt_initialize_locks    000000014000ccd0 f   libucrt:locks.obj
 0001:0000bd18       __acrt_lock                000000014000cd18 f   libucrt:locks.obj
 0001:0000bd34       __acrt_uninitialize_locks  000000014000cd34 f   libucrt:locks.obj
 0001:0000bd6c       __acrt_unlock              000000014000cd6c f   libucrt:locks.obj
 0001:0000bd88       __acrt_get_process_end_policy 000000014000cd88 f   libucrt:win_policies.obj
 0001:0000c328       __acrt_expand_narrow_argv_wildcards 000000014000d328 f   libucrt:argv_wildcards.obj
 0001:0000ca70       __acrt_initialize_multibyte 000000014000da70 f   libucrt:mbctype.obj
 0001:0000cad0       __acrt_update_thread_multibyte_data 000000014000dad0 f   libucrt:mbctype.obj
 0001:0000caec       _setmbcp_nolock            000000014000daec f   libucrt:mbctype.obj
 0001:0000ce24       _ismbblead                 000000014000de24 f   libucrt:ismbbyte.obj
 0001:0000ce38       __dcrt_get_narrow_environment_from_os 000000014000de38 f   libucrt:get_environment_from_os.obj
 0001:0000d348       __dcrt_set_variable_in_narrow_environment_nolock 000000014000e348 f   libucrt:setenv.obj
 0001:0000d350       _recalloc                  000000014000e350 f   libucrt:recalloc.obj
 0001:0000d358       _recalloc_base             000000014000e358 f   libucrt:recalloc.obj
 0001:0000d3f0       __acrt_initialize_heap     000000014000e3f0 f   libucrt:heap_handle.obj
 0001:0000d40c       __acrt_uninitialize_heap   000000014000e40c f   libucrt:heap_handle.obj
 0001:0000d418       __acrt_execute_initializers 000000014000e418 f   libucrt:shared_initialization.obj
 0001:0000d498       __acrt_execute_uninitializers 000000014000e498 f   libucrt:shared_initialization.obj
 0001:0000d51c       __acrt_get_sigabrt_handler 000000014000e51c f   libucrt:signal.obj
 0001:0000d54c       __acrt_initialize_signal_handlers 000000014000e54c f   libucrt:signal.obj
 0001:0000d56c       raise                      000000014000e56c f   libucrt:signal.obj
 0001:0000d7e0       __acrt_lowio_create_handle_array 000000014000e7e0 f   libucrt:osfinfo.obj
 0001:0000d878       __acrt_lowio_destroy_handle_array 000000014000e878 f   libucrt:osfinfo.obj
 0001:0000d8c8       __acrt_lowio_ensure_fh_exists 000000014000e8c8 f   libucrt:osfinfo.obj
 0001:0000d970       __acrt_lowio_lock_fh       000000014000e970 f   libucrt:osfinfo.obj
 0001:0000d994       __acrt_lowio_unlock_fh     000000014000e994 f   libucrt:osfinfo.obj
 0001:0000d9b8       _free_osfhnd               000000014000e9b8 f   libucrt:osfinfo.obj
 0001:0000da74       _get_osfhandle             000000014000ea74 f   libucrt:osfinfo.obj
 0001:0000daec       __acrt_locale_free_monetary 000000014000eaec f   libucrt:initmon.obj
 0001:0000dbf8       __acrt_locale_free_numeric 000000014000ebf8 f   libucrt:initnum.obj
 0001:0000dcb8       __acrt_locale_free_time    000000014000ecb8 f   libucrt:inittime.obj
 0001:0000ddc0       __pctype_func              000000014000edc0 f   libucrt:ctype.obj
 0001:0000ddf0       __acrt_GetStringTypeA      000000014000edf0 f   libucrt:getstringtypea.obj
 0001:0000df80       __acrt_add_locale_ref      000000014000ef80 f   libucrt:locale_refcounting.obj
 0001:0000e00c       __acrt_free_locale         000000014000f00c f   libucrt:locale_refcounting.obj
 0001:0000e184       __acrt_locale_add_lc_time_reference 000000014000f184 f   libucrt:locale_refcounting.obj
 0001:0000e1ac       __acrt_locale_free_lc_time_if_unreferenced 000000014000f1ac f   libucrt:locale_refcounting.obj
 0001:0000e1e4       __acrt_locale_release_lc_time_reference 000000014000f1e4 f   libucrt:locale_refcounting.obj
 0001:0000e20c       __acrt_release_locale_ref  000000014000f20c f   libucrt:locale_refcounting.obj
 0001:0000e2b4       __acrt_update_thread_locale_data 000000014000f2b4 f   libucrt:locale_refcounting.obj
 0001:0000e324       _updatetlocinfoEx_nolock   000000014000f324 f   libucrt:locale_refcounting.obj
 0001:0000e38c       _isctype_l                 000000014000f38c f   libucrt:isctype.obj
 0001:0000e568       __acrt_DownlevelLocaleNameToLCID 000000014000f568 f   libucrt:lcidtoname_downlevel.obj
 0001:0000e59c       _fclose_nolock             000000014000f59c f   libucrt:fclose.obj
 0001:0000e620       fclose                     000000014000f620 f   libucrt:fclose.obj
 0001:0000e710       _commit                    000000014000f710 f   libucrt:commit.obj
 0001:0000ed5c       _write                     000000014000fd5c f   libucrt:write.obj
 0001:0000ee48       _write_nolock              000000014000fe48 f   libucrt:write.obj
 0001:0000f18c       _isleadbyte_l              000000014001018c f i libucrt:_wctype.obj
 0001:0000f4e4       __acrt_LCMapStringA        00000001400104e4 f   libucrt:lcmapstringa.obj
 0001:0000f57c       __acrt_MultiByteToWideChar 000000014001057c f   libucrt:multibytetowidechar.obj
 0001:0000f584       __acrt_WideCharToMultiByte 0000000140010584 f   libucrt:widechartomultibyte.obj
 0001:0000f58c       __acrt_fp_strflt_to_string 000000014001058c f   libucrt:_fptostr.obj
 0001:0000f650       ?divide@__crt_strtox@@YA_KAEAUbig_integer@1@AEBU21@@Z 0000000140010650 f i libucrt:cfout.obj
 0001:0000fae4       __acrt_fltout              0000000140010ae4 f   libucrt:cfout.obj
 0001:00010fa0       __acrt_stdio_flush_and_write_narrow_nolock 0000000140011fa0 f   libucrt:_flsbuf.obj
 0001:00011088       _isatty                    0000000140012088 f   libucrt:isatty.obj
 0001:000110f0       qsort                      00000001400120f0 f   libucrt:qsort.obj
 0001:000114a0       strncpy_s                  00000001400124a0 f   libucrt:strncpy_s.obj
 0001:00011620       strpbrk                    0000000140012620 f   libucrt:strpbrk.obj
 0001:00011a00       _mbsdec                    0000000140012a00 f   libucrt:mbsdec.obj
 0001:00011a08       _mbsdec_l                  0000000140012a08 f   libucrt:mbsdec.obj
 0001:00011ab0       _strnicoll                 0000000140012ab0 f   libucrt:strnicol.obj
 0001:00011ac8       _strnicoll_l               0000000140012ac8 f   libucrt:strnicol.obj
 0001:00011bc8       _msize                     0000000140012bc8 f   libucrt:msize.obj
 0001:00011bd0       _msize_base                0000000140012bd0 f   libucrt:msize.obj
 0001:00011c0c       _realloc_base              0000000140012c0c f   libucrt:realloc_base.obj
 0001:00011cfc       _close                     0000000140012cfc f   libucrt:close.obj
 0001:00011da0       _close_nolock              0000000140012da0 f   libucrt:close.obj
 0001:00011e5c       ?__acrt_stdio_free_stream@@YAXV__crt_stdio_stream@@@Z 0000000140012e5c f   libucrt:stream.obj
 0001:00012004       _lseeki64                  0000000140013004 f   libucrt:lseek.obj
 0001:0001200c       _lseeki64_nolock           000000014001300c f   libucrt:lseek.obj
 0001:00012014       _putwch_nolock             0000000140013014 f   libucrt:putwch.obj
 0001:00012050       __strncnt                  0000000140013050 f   libucrt:strncnt.obj
 0001:00012068       fegetenv                   0000000140013068 f   libucrt:fegetenv.obj
 0001:00012088       fesetenv                   0000000140013088 f   libucrt:fesetenv.obj
 0001:000120d8       feholdexcept               00000001400130d8 f   libucrt:feholdexcept.obj
 0001:00012128       ceil                       0000000140013128 f   libucrt:ceil.obj
 0001:000121f0       log10                      00000001400131f0 f   libucrt:log10.obj
 0001:0001279c       __acrt_stdio_allocate_buffer_nolock 000000014001379c f   libucrt:_getbuf.obj
 0001:00012800       __ascii_strnicmp           0000000140013800 f   libucrt:strnicmp.obj
 0001:0001285c       _strnicmp                  000000014001385c f   libucrt:strnicmp.obj
 0001:000128ac       _strnicmp_l                00000001400138ac f   libucrt:strnicmp.obj
 0001:00012cd8       __acrt_CompareStringA      0000000140013cd8 f   libucrt:comparestringa.obj
 0001:00012d64       __dcrt_lowio_ensure_console_output_initialized 0000000140013d64 f   libucrt:initcon.obj
 0001:00012db8       __dcrt_terminate_console_output 0000000140013db8 f   libucrt:initcon.obj
 0001:00012dd4       __dcrt_write_console_w     0000000140013dd4 f   libucrt:initcon.obj
 0001:00012e94       __acrt_fenv_get_control    0000000140013e94 f   libucrt:_fenvutils.obj
 0001:00012f94       __acrt_fenv_get_status     0000000140013f94 f   libucrt:_fenvutils.obj
 0001:00012fec       __acrt_fenv_set_control    0000000140013fec f   libucrt:_fenvutils.obj
 0001:00013134       __acrt_fenv_set_status     0000000140014134 f   libucrt:_fenvutils.obj
 0001:000131b8       _clearfp                   00000001400141b8 f   libucrt:ieee.obj
 0001:0001334c       _handle_error              000000014001434c f   libucrt:libm_error.obj
 0001:00013474       _handle_nan                0000000140014474 f   libucrt:libm_error.obj
 0001:00013490       __acrt_initialize_fma3     0000000140014490 f   libucrt:fma3_available.obj
 0001:00013500       _log10_special             0000000140014500 f   libucrt:log_special.obj
 0001:000135d0       _get_fpsr                  00000001400145d0 f   libucrt:fpsr.obj
 0001:000135e0       _set_fpsr                  00000001400145e0 f   libucrt:fpsr.obj
 0001:000135ea       _fclrf                     00000001400145ea f   libucrt:fpsr.obj
 0001:000135fe       _frnd                      00000001400145fe f   libucrt:fpsr.obj
 0001:00013620       _raise_exc                 0000000140014620 f   libucrt:fpexcept.obj
 0001:00013648       _raise_exc_ex              0000000140014648 f   libucrt:fpexcept.obj
 0001:00013950       _set_errno_from_matherr    0000000140014950 f   libucrt:fpexcept.obj
 0001:00013980       _clrfp                     0000000140014980 f   libucrt:fpctrl.obj
 0001:000139a0       _ctrlfp                    00000001400149a0 f   libucrt:fpctrl.obj
 0001:00013a1c       _set_statfp                0000000140014a1c f   libucrt:fpctrl.obj
 0001:00013a3c       _statfp                    0000000140014a3c f   libucrt:fpctrl.obj
 0001:00013a50       _FindPESection             0000000140014a50 f   LIBCMT:pesect.obj
 0001:00013aa0       _IsNonwritableInCurrentImage 0000000140014aa0 f   LIBCMT:pesect.obj
 0001:00013af0       _ValidateImageBase         0000000140014af0 f   LIBCMT:pesect.obj
 0001:00013b30       __chkstk                   0000000140014b30 f   LIBCMT:_chkstk_.obj
 0001:00013b30       _alloca_probe              0000000140014b30 f   LIBCMT:_chkstk_.obj
 0001:00013b81       RtlUnwindEx                0000000140014b81 f   kernel32:KERNEL32.dll
 0001:00013ba0       memcmp                     0000000140014ba0 f   libvcruntime:memcmp.obj
 0001:00013c68       strrchr                    0000000140014c68 f   libvcruntime:strrchr.obj
 0001:00013db4       strchr                     0000000140014db4 f   libvcruntime:strchr.obj
 0001:00013e3d       SDL_ShowSimpleMessageBox   0000000140014e3d f   SDL2:SDL2.dll
 0001:00013e43       SDL_SetMainReady           0000000140014e43 f   SDL2:SDL2.dll
 0001:00013e49       SDL_free                   0000000140014e49 f   SDL2:SDL2.dll
 0001:00013e4f       SDL_malloc                 0000000140014e4f f   SDL2:SDL2.dll
 0001:00013e55       SDL_iconv_string           0000000140014e55 f   SDL2:SDL2.dll
 0001:00013e5b       SDL_wcslen                 0000000140014e5b f   SDL2:SDL2.dll
 0001:00013e80       _guard_dispatch_icall_nop  0000000140014e80 f   LIBCMT:_guard_dispatch_.obj
 0001:00013ea0       __guard_ss_verify_failure  0000000140014ea0 f   LIBCMT:_rfgfailure_.obj
 0001:00013eab       __guard_ss_verify_failure_rcx 0000000140014eab     LIBCMT:_rfgfailure_.obj
 0001:00013eb1       __guard_ss_verify_failure_rdx 0000000140014eb1     LIBCMT:_rfgfailure_.obj
 0001:00013eb7       __guard_ss_verify_failure_r8 0000000140014eb7     LIBCMT:_rfgfailure_.obj
 0001:00013ebd       __guard_ss_verify_failure_r9 0000000140014ebd     LIBCMT:_rfgfailure_.obj
 0001:00013ec3       __guard_ss_verify_failure_r10 0000000140014ec3     LIBCMT:_rfgfailure_.obj
 0001:00013ed0       __guard_ss_verify_failure_default 0000000140014ed0 f   LIBCMT:_rfgfailure_.obj
 0001:00013f30       __guard_ss_verify_sp       0000000140014f30 f   LIBCMT:_rfgfailure_.obj
 0001:00013f40       __guard_ss_verify_sp_default 0000000140014f40 f   LIBCMT:_rfgfailure_.obj
 0002:00000000       __imp_TlsAlloc             0000000140016000     kernel32:KERNEL32.dll
 0002:00000008       __imp_FlushFileBuffers     0000000140016008     kernel32:KERNEL32.dll
 0002:00000010       __imp_GetStringTypeW       0000000140016010     kernel32:KERNEL32.dll
 0002:00000018       __imp_SetStdHandle         0000000140016018     kernel32:KERNEL32.dll
 0002:00000020       __imp_GetProcessHeap       0000000140016020     kernel32:KERNEL32.dll
 0002:00000028       __imp_SetEnvironmentVariableA 0000000140016028     kernel32:KERNEL32.dll
 0002:00000030       __imp_FreeEnvironmentStringsW 0000000140016030     kernel32:KERNEL32.dll
 0002:00000038       __imp_GetEnvironmentStringsW 0000000140016038     kernel32:KERNEL32.dll
 0002:00000040       __imp_GetCPInfo            0000000140016040     kernel32:KERNEL32.dll
 0002:00000048       __imp_GetOEMCP             0000000140016048     kernel32:KERNEL32.dll
 0002:00000050       __imp_IsValidCodePage      0000000140016050     kernel32:KERNEL32.dll
 0002:00000058       __imp_FindNextFileA        0000000140016058     kernel32:KERNEL32.dll
 0002:00000060       __imp_FindFirstFileExA     0000000140016060     kernel32:KERNEL32.dll
 0002:00000068       __imp_FindClose            0000000140016068     kernel32:KERNEL32.dll
 0002:00000070       __imp_GetFileType          0000000140016070     kernel32:KERNEL32.dll
 0002:00000078       __imp_LCMapStringW         0000000140016078     kernel32:KERNEL32.dll
 0002:00000080       __imp_CompareStringW       0000000140016080     kernel32:KERNEL32.dll
 0002:00000088       __imp_WriteConsoleW        0000000140016088     kernel32:KERNEL32.dll
 0002:00000090       __imp_CreateFileW          0000000140016090     kernel32:KERNEL32.dll
 0002:00000098       __imp_SetFilePointerEx     0000000140016098     kernel32:KERNEL32.dll
 0002:000000a0       __imp_CloseHandle          00000001400160a0     kernel32:KERNEL32.dll
 0002:000000a8       __imp_HeapReAlloc          00000001400160a8     kernel32:KERNEL32.dll
 0002:000000b0       __imp_HeapSize             00000001400160b0     kernel32:KERNEL32.dll
 0002:000000b8       __imp_GetConsoleMode       00000001400160b8     kernel32:KERNEL32.dll
 0002:000000c0       __imp_RtlCaptureContext    00000001400160c0     kernel32:KERNEL32.dll
 0002:000000c8       __imp_RtlLookupFunctionEntry 00000001400160c8     kernel32:KERNEL32.dll
 0002:000000d0       __imp_RtlVirtualUnwind     00000001400160d0     kernel32:KERNEL32.dll
 0002:000000d8       __imp_IsDebuggerPresent    00000001400160d8     kernel32:KERNEL32.dll
 0002:000000e0       __imp_UnhandledExceptionFilter 00000001400160e0     kernel32:KERNEL32.dll
 0002:000000e8       __imp_SetUnhandledExceptionFilter 00000001400160e8     kernel32:KERNEL32.dll
 0002:000000f0       __imp_GetStartupInfoW      00000001400160f0     kernel32:KERNEL32.dll
 0002:000000f8       __imp_IsProcessorFeaturePresent 00000001400160f8     kernel32:KERNEL32.dll
 0002:00000100       __imp_GetModuleHandleW     0000000140016100     kernel32:KERNEL32.dll
 0002:00000108       __imp_GetCurrentProcess    0000000140016108     kernel32:KERNEL32.dll
 0002:00000110       __imp_TerminateProcess     0000000140016110     kernel32:KERNEL32.dll
 0002:00000118       __imp_QueryPerformanceCounter 0000000140016118     kernel32:KERNEL32.dll
 0002:00000120       __imp_GetCurrentProcessId  0000000140016120     kernel32:KERNEL32.dll
 0002:00000128       __imp_GetCurrentThreadId   0000000140016128     kernel32:KERNEL32.dll
 0002:00000130       __imp_GetSystemTimeAsFileTime 0000000140016130     kernel32:KERNEL32.dll
 0002:00000138       __imp_InitializeSListHead  0000000140016138     kernel32:KERNEL32.dll
 0002:00000140       __imp_RtlUnwindEx          0000000140016140     kernel32:KERNEL32.dll
 0002:00000148       __imp_RtlPcToFileHeader    0000000140016148     kernel32:KERNEL32.dll
 0002:00000150       __imp_RaiseException       0000000140016150     kernel32:KERNEL32.dll
 0002:00000158       __imp_GetLastError         0000000140016158     kernel32:KERNEL32.dll
 0002:00000160       __imp_SetLastError         0000000140016160     kernel32:KERNEL32.dll
 0002:00000168       __imp_EncodePointer        0000000140016168     kernel32:KERNEL32.dll
 0002:00000170       __imp_EnterCriticalSection 0000000140016170     kernel32:KERNEL32.dll
 0002:00000178       __imp_LeaveCriticalSection 0000000140016178     kernel32:KERNEL32.dll
 0002:00000180       __imp_DeleteCriticalSection 0000000140016180     kernel32:KERNEL32.dll
 0002:00000188       __imp_InitializeCriticalSectionAndSpinCount 0000000140016188     kernel32:KERNEL32.dll
 0002:00000190       __imp_TlsGetValue          0000000140016190     kernel32:KERNEL32.dll
 0002:00000198       __imp_TlsSetValue          0000000140016198     kernel32:KERNEL32.dll
 0002:000001a0       __imp_TlsFree              00000001400161a0     kernel32:KERNEL32.dll
 0002:000001a8       __imp_FreeLibrary          00000001400161a8     kernel32:KERNEL32.dll
 0002:000001b0       __imp_GetProcAddress       00000001400161b0     kernel32:KERNEL32.dll
 0002:000001b8       __imp_LoadLibraryExW       00000001400161b8     kernel32:KERNEL32.dll
 0002:000001c0       __imp_ExitProcess          00000001400161c0     kernel32:KERNEL32.dll
 0002:000001c8       __imp_GetModuleHandleExW   00000001400161c8     kernel32:KERNEL32.dll
 0002:000001d0       __imp_GetModuleFileNameA   00000001400161d0     kernel32:KERNEL32.dll
 0002:000001d8       __imp_MultiByteToWideChar  00000001400161d8     kernel32:KERNEL32.dll
 0002:000001e0       __imp_WideCharToMultiByte  00000001400161e0     kernel32:KERNEL32.dll
 0002:000001e8       __imp_GetStdHandle         00000001400161e8     kernel32:KERNEL32.dll
 0002:000001f0       __imp_WriteFile            00000001400161f0     kernel32:KERNEL32.dll
 0002:000001f8       __imp_GetCommandLineA      00000001400161f8     kernel32:KERNEL32.dll
 0002:00000200       __imp_GetCommandLineW      0000000140016200     kernel32:KERNEL32.dll
 0002:00000208       __imp_GetACP               0000000140016208     kernel32:KERNEL32.dll
 0002:00000210       __imp_HeapFree             0000000140016210     kernel32:KERNEL32.dll
 0002:00000218       __imp_HeapAlloc            0000000140016218     kernel32:KERNEL32.dll
 0002:00000220       __imp_GetConsoleCP         0000000140016220     kernel32:KERNEL32.dll
 0002:00000228       \177KERNEL32_NULL_THUNK_DATA 0000000140016228     kernel32:KERNEL32.dll
 0002:00000230       __imp_SDL_ShowSimpleMessageBox 0000000140016230     SDL2:SDL2.dll
 0002:00000238       __imp_SDL_SetMainReady     0000000140016238     SDL2:SDL2.dll
 0002:00000240       __imp_SDL_free             0000000140016240     SDL2:SDL2.dll
 0002:00000248       __imp_SDL_malloc           0000000140016248     SDL2:SDL2.dll
 0002:00000250       __imp_SDL_iconv_string     0000000140016250     SDL2:SDL2.dll
 0002:00000258       __imp_SDL_Quit             0000000140016258     SDL2:SDL2.dll
 0002:00000260       __imp_SDL_Init             0000000140016260     SDL2:SDL2.dll
 0002:00000268       __imp_SDL_DestroyRenderer  0000000140016268     SDL2:SDL2.dll
 0002:00000270       __imp_SDL_DestroyTexture   0000000140016270     SDL2:SDL2.dll
 0002:00000278       __imp_SDL_RenderPresent    0000000140016278     SDL2:SDL2.dll
 0002:00000280       __imp_SDL_RenderCopyEx     0000000140016280     SDL2:SDL2.dll
 0002:00000288       __imp_SDL_RenderClear      0000000140016288     SDL2:SDL2.dll
 0002:00000290       __imp_SDL_SetRenderDrawColor 0000000140016290     SDL2:SDL2.dll
 0002:00000298       __imp_SDL_SetTextureBlendMode 0000000140016298     SDL2:SDL2.dll
 0002:000002a0       __imp_SDL_SetTextureAlphaMod 00000001400162a0     SDL2:SDL2.dll
 0002:000002a8       __imp_SDL_SetTextureColorMod 00000001400162a8     SDL2:SDL2.dll
 0002:000002b0       __imp_SDL_CreateTextureFromSurface 00000001400162b0     SDL2:SDL2.dll
 0002:000002b8       __imp_SDL_CreateRenderer   00000001400162b8     SDL2:SDL2.dll
 0002:000002c0       __imp_SDL_PollEvent        00000001400162c0     SDL2:SDL2.dll
 0002:000002c8       __imp_SDL_GetMouseState    00000001400162c8     SDL2:SDL2.dll
 0002:000002d0       __imp_SDL_GetKeyboardState 00000001400162d0     SDL2:SDL2.dll
 0002:000002d8       __imp_SDL_DestroyWindow    00000001400162d8     SDL2:SDL2.dll
 0002:000002e0       __imp_SDL_CreateWindow     00000001400162e0     SDL2:SDL2.dll
 0002:000002e8       __imp_SDL_SetColorKey      00000001400162e8     SDL2:SDL2.dll
 0002:000002f0       __imp_SDL_FreeSurface      00000001400162f0     SDL2:SDL2.dll
 0002:000002f8       __imp_SDL_MapRGB           00000001400162f8     SDL2:SDL2.dll
 0002:00000300       __imp_SDL_GetError         0000000140016300     SDL2:SDL2.dll
 0002:00000308       __imp_SDL_wcslen           0000000140016308     SDL2:SDL2.dll
 0002:00000310       \177SDL2_NULL_THUNK_DATA   0000000140016310     SDL2:SDL2.dll
 0002:00000318       __imp_IMG_Quit             0000000140016318     SDL2_image:SDL2_image.dll
 0002:00000320       __imp_IMG_Load             0000000140016320     SDL2_image:SDL2_image.dll
 0002:00000328       __imp_IMG_LoadTexture      0000000140016328     SDL2_image:SDL2_image.dll
 0002:00000330       __imp_IMG_Init             0000000140016330     SDL2_image:SDL2_image.dll
 0002:00000338       \177SDL2_image_NULL_THUNK_DATA 0000000140016338     SDL2_image:SDL2_image.dll
 0002:00000340       __imp_TTF_OpenFont         0000000140016340     SDL2_ttf:SDL2_ttf.dll
 0002:00000348       __imp_TTF_RenderText_Solid 0000000140016348     SDL2_ttf:SDL2_ttf.dll
 0002:00000350       __imp_TTF_CloseFont        0000000140016350     SDL2_ttf:SDL2_ttf.dll
 0002:00000358       __imp_TTF_Quit             0000000140016358     SDL2_ttf:SDL2_ttf.dll
 0002:00000360       __imp_TTF_Init             0000000140016360     SDL2_ttf:SDL2_ttf.dll
 0002:00000368       \177SDL2_ttf_NULL_THUNK_DATA 0000000140016368     SDL2_ttf:SDL2_ttf.dll
 0002:00000370       __guard_check_icall_fptr   0000000140016370     LIBCMT:guard_support.obj
 0002:00000378       __guard_dispatch_icall_fptr 0000000140016378     LIBCMT:guard_support.obj
 0002:00000380       __guard_ss_verify_failure_fptr 0000000140016380     LIBCMT:guard_support.obj
 0002:00000388       __guard_ss_verify_sp_fptr  0000000140016388     LIBCMT:guard_support.obj
 0002:00000390       __xc_a                     0000000140016390     LIBCMT:initializers.obj
 0002:000003c0       __xc_z                     00000001400163c0     LIBCMT:initializers.obj
 0002:000003c8       __xi_a                     00000001400163c8     LIBCMT:initializers.obj
 0002:000003e0       __acrt_stdio_initializer   00000001400163e0     libucrt:stdio_initializer.obj
 0002:000003e8       __acrt_multibyte_initializer 00000001400163e8     libucrt:multibyte_initializer.obj
 0002:000003f0       __acrt_tran_fma3_initializer 00000001400163f0     libucrt:fma3_initializer.obj
 0002:000003f8       __xi_z                     00000001400163f8     LIBCMT:initializers.obj
 0002:00000400       __xp_a                     0000000140016400     LIBCMT:initializers.obj
 0002:00000408       __acrt_locale_terminator   0000000140016408     libucrt:locale_initializer.obj
 0002:00000410       __dcrt_console_output_terminator 0000000140016410     libucrt:console_output_initializer.obj
 0002:00000418       __acrt_stdio_terminator    0000000140016418     libucrt:stdio_initializer.obj
 0002:00000420       __xp_z                     0000000140016420     LIBCMT:initializers.obj
 0002:00000428       __xt_a                     0000000140016428     LIBCMT:initializers.obj
 0002:00000430       __xt_z                     0000000140016430     LIBCMT:initializers.obj
 0002:000007b0       ??_C@_0BA@JFNIOLAK@string?5too?5long?$AA@ 00000001400167b0     main.obj
 0002:000007c8       ??_7exception@std@@6B@     00000001400167c8     libcpmt:xthrow.obj
 0002:000007d8       ??_C@_0BC@EOODALEL@Unknown?5exception?$AA@ 00000001400167d8     libcpmt:xthrow.obj
 0002:000007f8       ??_7bad_alloc@std@@6B@     00000001400167f8     libcpmt:xthrow.obj
 0002:00000808       ??_C@_0P@GHFPNOJB@bad?5allocation?$AA@ 0000000140016808     libcpmt:xthrow.obj
 0002:00000820       ??_7logic_error@std@@6B@   0000000140016820     libcpmt:xthrow.obj
 0002:00000838       ??_7length_error@std@@6B@  0000000140016838     libcpmt:xthrow.obj
 0002:00000850       ??_7type_info@@6B@         0000000140016850     LIBCMT:std_type_info_static.obj
 0002:00000860       ??_7bad_array_new_length@std@@6B@ 0000000140016860     LIBCMT:throw_bad_alloc.obj
 0002:00000870       ??_C@_0BF@KINCDENJ@bad?5array?5new?5length?$AA@ 0000000140016870     LIBCMT:throw_bad_alloc.obj
 0002:00000988       ??_7bad_exception@std@@6B@ 0000000140016988     libvcruntime:frame.obj
 0002:00000998       ??_C@_0O@DPKOEFFH@bad?5exception?$AA@ 0000000140016998     libvcruntime:frame.obj
 0002:000009c0       ??_C@_1DM@KHCHBNEB@?$AAa?$AAp?$AAi?$AA?9?$AAm?$AAs?$AA?9?$AAw?$AAi?$AAn?$AA?9?$AAc?$AAo?$AAr?$AAe?$AA?9?$AAf?$AAi?$AAb?$AAe?$AAr?$AAs?$AA?9?$AAl?$AA1?$AA?9?$AA1?$AA?9?$AA1?$AA?$AA@ 00000001400169c0     libvcruntime:winapi_downlevel.obj
 0002:00000a00       ??_C@_1DK@LPPGFMPP@?$AAa?$AAp?$AAi?$AA?9?$AAm?$AAs?$AA?9?$AAw?$AAi?$AAn?$AA?9?$AAc?$AAo?$AAr?$AAe?$AA?9?$AAs?$AAy?$AAn?$AAc?$AAh?$AA?9?$AAl?$AA1?$AA?9?$AA2?$AA?9?$AA0?$AA?$AA@ 0000000140016a00     libvcruntime:winapi_downlevel.obj
 0002:00000a40       ??_C@_1BC@GDMECMAK@?$AAk?$AAe?$AAr?$AAn?$AAe?$AAl?$AA3?$AA2?$AA?$AA@ 0000000140016a40     libvcruntime:winapi_downlevel.obj
 0002:00000a58       ??_C@_1BA@PFFKHIOG@?$AAa?$AAp?$AAi?$AA?9?$AAm?$AAs?$AA?9?$AA?$AA@ 0000000140016a58     libvcruntime:winapi_downlevel.obj
 0002:00000a68       ??_C@_1BA@IAIFMGEF@?$AAe?$AAx?$AAt?$AA?9?$AAm?$AAs?$AA?9?$AA?$AA@ 0000000140016a68     libvcruntime:winapi_downlevel.obj
 0002:00000a80       ??_C@_08KNHFBNJ@FlsAlloc?$AA@ 0000000140016a80     libvcruntime:winapi_downlevel.obj
 0002:00000a98       ??_C@_07PEJMOBNF@FlsFree?$AA@ 0000000140016a98     libvcruntime:winapi_downlevel.obj
 0002:00000aa8       ??_C@_0M@GDNOONDI@FlsGetValue?$AA@ 0000000140016aa8     libvcruntime:winapi_downlevel.obj
 0002:00000ac0       ??_C@_0M@JCPCPOEF@FlsSetValue?$AA@ 0000000140016ac0     libvcruntime:winapi_downlevel.obj
 0002:00000ad8       ??_C@_0BM@HCFOFFN@InitializeCriticalSectionEx?$AA@ 0000000140016ad8     libvcruntime:winapi_downlevel.obj
 0002:00000e28       ??_C@_08EHJDFFNH@__based?$CI?$AA@ 0000000140016e28     libvcruntime:undname.obj
 0002:00000e38       ??_C@_07KOLFKCDI@__cdecl?$AA@ 0000000140016e38     libvcruntime:undname.obj
 0002:00000e40       ??_C@_08GHMPAG@__pascal?$AA@ 0000000140016e40     libvcruntime:undname.obj
 0002:00000e50       ??_C@_09IFJBGAPI@__stdcall?$AA@ 0000000140016e50     libvcruntime:undname.obj
 0002:00000e60       ??_C@_0L@NPHFGOKO@__thiscall?$AA@ 0000000140016e60     libvcruntime:undname.obj
 0002:00000e70       ??_C@_0L@JMKHOMEK@__fastcall?$AA@ 0000000140016e70     libvcruntime:undname.obj
 0002:00000e80       ??_C@_0N@BCKKPABJ@__vectorcall?$AA@ 0000000140016e80     libvcruntime:undname.obj
 0002:00000e90       ??_C@_09HIJEGCPM@__clrcall?$AA@ 0000000140016e90     libvcruntime:undname.obj
 0002:00000e9c       ??_C@_06GHPCKEAG@__eabi?$AA@ 0000000140016e9c     libvcruntime:undname.obj
 0002:00000ea8       ??_C@_07JOMMBBKO@__ptr64?$AA@ 0000000140016ea8     libvcruntime:undname.obj
 0002:00000eb0       ??_C@_0L@PILCLIHE@__restrict?$AA@ 0000000140016eb0     libvcruntime:undname.obj
 0002:00000ec0       ??_C@_0M@GFIIJFMG@__unaligned?$AA@ 0000000140016ec0     libvcruntime:undname.obj
 0002:00000ed0       ??_C@_09DHDLOLLB@restrict?$CI?$AA@ 0000000140016ed0     libvcruntime:undname.obj
 0002:00000eda       ??_C@_00CNPNBAHC@?$AA@     0000000140016eda     libvcruntime:undname.obj
 0002:00000edc       ??_C@_04NIHEBCM@?5new?$AA@ 0000000140016edc     libvcruntime:undname.obj
 0002:00000ee8       ??_C@_07FPCDHGMM@?5delete?$AA@ 0000000140016ee8     libvcruntime:undname.obj
 0002:00000ef0       ??_C@_01NEMOKFLO@?$DN?$AA@ 0000000140016ef0     libvcruntime:undname.obj
 0002:00000ef4       ??_C@_02GPIOPFAK@?$DO?$DO?$AA@ 0000000140016ef4     libvcruntime:undname.obj
 0002:00000ef8       ??_C@_02FODMEDOG@?$DM?$DM?$AA@ 0000000140016ef8     libvcruntime:undname.obj
 0002:00000efc       ??_C@_01DCLJPIOD@?$CB?$AA@ 0000000140016efc     libvcruntime:undname.obj
 0002:00000f00       ??_C@_02EGOFBIJA@?$DN?$DN?$AA@ 0000000140016f00     libvcruntime:undname.obj
 0002:00000f04       ??_C@_02FDNJECIE@?$CB?$DN?$AA@ 0000000140016f04     libvcruntime:undname.obj
 0002:00000f08       ??_C@_02GPECMEKF@?$FL?$FN?$AA@ 0000000140016f08     libvcruntime:undname.obj
 0002:00000f10       ??_C@_08LHJFAFGD@operator?$AA@ 0000000140016f10     libvcruntime:undname.obj
 0002:00000f1c       ??_C@_02HBOOOICD@?9?$DO?$AA@ 0000000140016f1c     libvcruntime:undname.obj
 0002:00000f20       ??_C@_01NBENCBCI@?$CK?$AA@ 0000000140016f20     libvcruntime:undname.obj
 0002:00000f24       ??_C@_02ECNGHCIF@?$CL?$CL?$AA@ 0000000140016f24     libvcruntime:undname.obj
 0002:00000f28       ??_C@_02BAABKJLB@?9?9?$AA@ 0000000140016f28     libvcruntime:undname.obj
 0002:00000f2c       ??_C@_01JOAMLHOP@?9?$AA@   0000000140016f2c     libvcruntime:undname.obj
 0002:00000f30       ??_C@_01MIFGBAGJ@?$CL?$AA@ 0000000140016f30     libvcruntime:undname.obj
 0002:00000f34       ??_C@_01HNPIGOCE@?$CG?$AA@ 0000000140016f34     libvcruntime:undname.obj
 0002:00000f38       ??_C@_03MNHNFDLC@?9?$DO?$CK?$AA@ 0000000140016f38     libvcruntime:undname.obj
 0002:00000f3c       ??_C@_01KMDKNFGN@?1?$AA@   0000000140016f3c     libvcruntime:undname.obj
 0002:00000f40       ??_C@_01FGNFDNOH@?$CF?$AA@ 0000000140016f40     libvcruntime:undname.obj
 0002:00000f44       ??_C@_01MNNFJEPP@?$DM?$AA@ 0000000140016f44     libvcruntime:undname.obj
 0002:00000f48       ??_C@_02EHCHHCKH@?$DM?$DN?$AA@ 0000000140016f48     libvcruntime:undname.obj
 0002:00000f4c       ??_C@_01PPODPGHN@?$DO?$AA@ 0000000140016f4c     libvcruntime:undname.obj
 0002:00000f50       ??_C@_02EEKDKGMJ@?$DO?$DN?$AA@ 0000000140016f50     libvcruntime:undname.obj
 0002:00000f54       ??_C@_01IHBHIGKO@?0?$AA@   0000000140016f54     libvcruntime:undname.obj
 0002:00000f58       ??_C@_02HCKGKOFO@?$CI?$CJ?$AA@ 0000000140016f58     libvcruntime:undname.obj
 0002:00000f5c       ??_C@_01PJKLJHI@?$HO?$AA@  0000000140016f5c     libvcruntime:undname.obj
 0002:00000f60       ??_C@_01JKBOJNNK@?$FO?$AA@ 0000000140016f60     libvcruntime:undname.obj
 0002:00000f64       ??_C@_01DNKMNLPK@?$HM?$AA@ 0000000140016f64     libvcruntime:undname.obj
 0002:00000f68       ??_C@_02PPKAJPJL@?$CG?$CG?$AA@ 0000000140016f68     libvcruntime:undname.obj
 0002:00000f6c       ??_C@_02NONPIBCD@?$HM?$HM?$AA@ 0000000140016f6c     libvcruntime:undname.obj
 0002:00000f70       ??_C@_02FPIMKNGF@?$CK?$DN?$AA@ 0000000140016f70     libvcruntime:undname.obj
 0002:00000f74       ??_C@_02FOEOMHFC@?$CL?$DN?$AA@ 0000000140016f74     libvcruntime:undname.obj
 0002:00000f78       ??_C@_02FKMDLLOA@?9?$DN?$AA@ 0000000140016f78     libvcruntime:undname.obj
 0002:00000f7c       ??_C@_02FJEHGPIO@?1?$DN?$AA@ 0000000140016f7c     libvcruntime:undname.obj
 0002:00000f80       ??_C@_02FENAOKFI@?$CF?$DN?$AA@ 0000000140016f80     libvcruntime:undname.obj
 0002:00000f84       ??_C@_03IKFCCPFF@?$DO?$DO?$DN?$AA@ 0000000140016f84     libvcruntime:undname.obj
 0002:00000f88       ??_C@_03CDNPDDLA@?$DM?$DM?$DN?$AA@ 0000000140016f88     libvcruntime:undname.obj
 0002:00000f8c       ??_C@_02FGJGFEAB@?$CG?$DN?$AA@ 0000000140016f8c     libvcruntime:undname.obj
 0002:00000f90       ??_C@_02DHLNPPGH@?$HM?$DN?$AA@ 0000000140016f90     libvcruntime:undname.obj
 0002:00000f94       ??_C@_02MHEGNOJ@?$FO?$DN?$AA@ 0000000140016f94     libvcruntime:undname.obj
 0002:00000f98       ??_C@_09IFPLHPGF@?$GAvftable?8?$AA@ 0000000140016f98     libvcruntime:undname.obj
 0002:00000fa8       ??_C@_09BLBHBJP@?$GAvbtable?8?$AA@ 0000000140016fa8     libvcruntime:undname.obj
 0002:00000fb8       ??_C@_07FEEIOKP@?$GAvcall?8?$AA@ 0000000140016fb8     libvcruntime:undname.obj
 0002:00000fc0       ??_C@_08LLFFHHDJ@?$GAtypeof?8?$AA@ 0000000140016fc0     libvcruntime:undname.obj
 0002:00000fd0       ??_C@_0BF@KDPPACIK@?$GAlocal?5static?5guard?8?$AA@ 0000000140016fd0     libvcruntime:undname.obj
 0002:00000fe8       ??_C@_08OBABFOLI@?$GAstring?8?$AA@ 0000000140016fe8     libvcruntime:undname.obj
 0002:00000ff8       ??_C@_0BD@JDLKDPAB@?$GAvbase?5destructor?8?$AA@ 0000000140016ff8     libvcruntime:undname.obj
 0002:00001010       ??_C@_0BN@DEGPLNFK@?$GAvector?5deleting?5destructor?8?$AA@ 0000000140017010     libvcruntime:undname.obj
 0002:00001030       ??_C@_0BO@OBMKPJIG@?$GAdefault?5constructor?5closure?8?$AA@ 0000000140017030     libvcruntime:undname.obj
 0002:00001050       ??_C@_0BN@IMDCHIKM@?$GAscalar?5deleting?5destructor?8?$AA@ 0000000140017050     libvcruntime:undname.obj
 0002:00001070       ??_C@_0BO@PFGOCPJJ@?$GAvector?5constructor?5iterator?8?$AA@ 0000000140017070     libvcruntime:undname.obj
 0002:00001090       ??_C@_0BN@LFPFMEDL@?$GAvector?5destructor?5iterator?8?$AA@ 0000000140017090     libvcruntime:undname.obj
 0002:000010b0       ??_C@_0CE@IKBNEHA@?$GAvector?5vbase?5constructor?5iterat@ 00000001400170b0     libvcruntime:undname.obj
 0002:000010d8       ??_C@_0BL@NILFHHPC@?$GAvirtual?5displacement?5map?8?$AA@ 00000001400170d8     libvcruntime:undname.obj
 0002:000010f8       ??_C@_0CB@JONCMFFK@?$GAeh?5vector?5constructor?5iterator?8@ 00000001400170f8     libvcruntime:undname.obj
 0002:00001120       ??_C@_0CA@GCEOPDGL@?$GAeh?5vector?5destructor?5iterator?8?$AA@ 0000000140017120     libvcruntime:undname.obj
 0002:00001140       ??_C@_0CH@OOJPLCPH@?$GAeh?5vector?5vbase?5constructor?5ite@ 0000000140017140     libvcruntime:undname.obj
 0002:00001168       ??_C@_0BL@LLKPOHJI@?$GAcopy?5constructor?5closure?8?$AA@ 0000000140017168     libvcruntime:undname.obj
 0002:00001188       ??_C@_0BA@KBCDOMBN@?$GAudt?5returning?8?$AA@ 0000000140017188     libvcruntime:undname.obj
 0002:00001198       ??_C@_03KLGMFNMG@?$GAEH?$AA@ 0000000140017198     libvcruntime:undname.obj
 0002:0000119c       ??_C@_05KHLCHHI@?$GARTTI?$AA@ 000000014001719c     libvcruntime:undname.obj
 0002:000011a8       ??_C@_0BA@KKLDJDLB@?$GAlocal?5vftable?8?$AA@ 00000001400171a8     libvcruntime:undname.obj
 0002:000011b8       ??_C@_0CE@IIHCMGGL@?$GAlocal?5vftable?5constructor?5closu@ 00000001400171b8     libvcruntime:undname.obj
 0002:000011dc       ??_C@_06FHBGPFGH@?5new?$FL?$FN?$AA@ 00000001400171dc     libvcruntime:undname.obj
 0002:000011e8       ??_C@_09LBNFPBCA@?5delete?$FL?$FN?$AA@ 00000001400171e8     libvcruntime:undname.obj
[...]
 0004:00000d68       $pdata$__acrt_LCMapStringEx 0000000140023d68     libucrt:winapi_thunks.obj
 0004:00000d74       $pdata$__acrt_LocaleNameToLCID 0000000140023d74     libucrt:winapi_thunks.obj
 0004:00000d80       $pdata$__acrt_AppPolicyGetProcessTerminationMethodInternal 0000000140023d80     libucrt:winapi_thunks.obj
 0004:00000d8c       $pdata$?try_get_function@@YAPEAXW4function_id@?A0x391cf84c@@QEBDQEBW4module_id@2@2@Z 0000000140023d8c     libucrt:winapi_thunks.obj
 0004:00000d98       $pdata$_fcloseall          0000000140023d98     libucrt:closeall.obj
 0004:00000da4       $pdata$_fcloseall$fin$0    0000000140023da4     libucrt:closeall.obj
 0004:00000db0       $pdata$_fflush_nolock      0000000140023db0     libucrt:fflush.obj
 0004:00000dbc       $pdata$__acrt_stdio_flush_nolock 0000000140023dbc     libucrt:fflush.obj
 0004:00000dc8       $pdata$?common_flush_all@@YAH_N@Z 0000000140023dc8     libucrt:fflush.obj
 0004:00000dd4       $pdata$??$?RV<lambda_842d9ff0dc9ef11c61343bbaebe7f885>@@AEAV<lambda_c5860995281e5c4ce005b3de8f5874ee>@@V<lambda_d90129c13df834fdcbf8d2b88dafcf2d>@@@?$__crt_seh_guarded_call@X@@QEAAX$$QEAV<lambda_842d9ff0dc9ef11c61343bbaebe7f885>@@AEAV<lambda_c5860995281e5c4ce005b3de8f5874ee>@@$$QEAV<lambda_d90129c13df834fdcbf8d2b88dafcf2d>@@@Z 0000000140023dd4     libucrt:fflush.obj
 0004:00000de0       $pdata$??$?RV<lambda_886d6c58226a84441f68b9f2b8217b83>@@AEAV<lambda_ab61a845afdef5b7c387490eaf3616ee>@@V<lambda_f7f22ab5edc0698d5f6905b0d3f44752>@@@?$__crt_seh_guarded_call@X@@QEAAX$$QEAV<lambda_886d6c58226a84441f68b9f2b8217b83>@@AEAV<lambda_ab61a845afdef5b7c387490eaf3616ee>@@$$QEAV<lambda_f7f22ab5edc0698d5f6905b0d3f44752>@@@Z 0000000140023de0     libucrt:fflush.obj
 0004:00000dec       $pdata$?fin$0@?0???$?RV<lambda_886d6c58226a84441f68b9f2b8217b83>@@AEAV<lambda_ab61a845afdef5b7c387490eaf3616ee>@@V<lambda_f7f22ab5edc0698d5f6905b0d3f44752>@@@?$__crt_seh_guarded_call@X@@QEAAX$$QEAV<lambda_886d6c58226a84441f68b9f2b8217b83>@@AEAV<lambda_ab61a845afdef5b7c387490eaf3616ee>@@$$QEAV<lambda_f7f22ab5edc0698d5f6905b0d3f44752>@@@Z@4HA 0000000140023dec     libucrt:fflush.obj
 0004:00000df8       $pdata$__acrt_stdio_free_buffer_nolock 0000000140023df8     libucrt:_freebuf.obj
 0004:00000e04       $pdata$__acrt_initialize_lowio 0000000140023e04     libucrt:ioinit.obj
 0004:00000e10       $pdata$__acrt_lowio_ensure_fh_exists$fin$0 0000000140023e10     libucrt:osfinfo.obj
 0004:00000e10       $pdata$__acrt_initialize_lowio$fin$0 0000000140023e10     libucrt:ioinit.obj
 0004:00000e1c       $pdata$__acrt_uninitialize_lowio 0000000140023e1c     libucrt:ioinit.obj
 0004:00000e28       $pdata$?initialize_inherited_file_handles_nolock@@YAXXZ 0000000140023e28     libucrt:ioinit.obj
 0004:00000e34       $pdata$?initialize_stdio_handles_nolock@@YAXXZ 0000000140023e34     libucrt:ioinit.obj
 0004:00000e40       $pdata$isdigit             0000000140023e40     libucrt:_ctype.obj
 0004:00000e4c       $pdata$tolower             0000000140023e4c     libucrt:tolower_toupper.obj
 0004:00000e58       $pdata$_tolower_l          0000000140023e58     libucrt:tolower_toupper.obj
 0004:00000e64       $pdata$?internal_isupper_l@@YA_NHQEAU__crt_locale_pointers@@@Z 0000000140023e64     libucrt:tolower_toupper.obj
 0004:00000e70       $pdata$strtol              0000000140023e70     libucrt:strtox.obj
 0004:00000e7c       $pdata$_mbtowc_l           0000000140023e7c     libucrt:mbtowc.obj
 0004:00000e88       $pdata$wctomb_s            0000000140023e88     libucrt:wctomb.obj
 0004:00000e94       $pdata$_wctomb_s_l         0000000140023e94     libucrt:wctomb.obj
 0004:00000ea0       $pdata$__acrt_update_locale_info 0000000140023ea0     libucrt:locale_update.obj
 0004:00000eac       $pdata$__acrt_update_multibyte_info 0000000140023eac     libucrt:locale_update.obj
 0004:00000eb8       $pdata$__acrt_fp_format    0000000140023eb8     libucrt:cvt.obj
 0004:00000ec4       $pdata$?fp_format_nan_or_infinity@@YAHW4__acrt_fp_class@@_NPEAD_K1@Z 0000000140023ec4     libucrt:cvt.obj
 0004:00000ed0       $pdata$?fp_format_e_internal@@YAHQEAD_KH_NIQEAU_strflt@@2QEAU__crt_locale_pointers@@@Z 0000000140023ed0     libucrt:cvt.obj
 0004:00000edc       $pdata$?fp_format_e@@YAHQEBNQEAD_K12H_NIQEAU__crt_locale_pointers@@@Z 0000000140023edc     libucrt:cvt.obj
 0004:00000ee8       $pdata$?fp_format_a@@YAHQEBNPEAD_KQEAD2H_NIQEAU__crt_locale_pointers@@@Z 0000000140023ee8     libucrt:cvt.obj
 0004:00000ef4       $pdata$?fp_format_f_internal@@YAHQEAD_KHQEAU_strflt@@_NQEAU__crt_locale_pointers@@@Z 0000000140023ef4     libucrt:cvt.obj
 0004:00000f00       $pdata$?fp_format_g@@YAHQEBNQEAD_K12H_NIQEAU__crt_locale_pointers@@@Z 0000000140023f00     libucrt:cvt.obj
 0004:00000f0c       $pdata$_fileno             0000000140023f0c     libucrt:fileno.obj
 0004:00000f18       $pdata$__acrt_stdio_begin_temporary_buffering_nolock 0000000140023f18     libucrt:_sftbuf.obj
 0004:00000f24       $pdata$__acrt_stdio_end_temporary_buffering_nolock 0000000140023f24     libucrt:_sftbuf.obj
 0004:00000f30       $pdata$__acrt_initialize_locks 0000000140023f30     libucrt:locks.obj
 0004:00000f3c       $pdata$__acrt_uninitialize_locks 0000000140023f3c     libucrt:locks.obj
 0004:00000f48       $pdata$__acrt_get_process_end_policy 0000000140023f48     libucrt:win_policies.obj
 0004:00000f54       $pdata$??$common_expand_argv_wildcards@D@@YAHQEAPEADQEAPEAPEAD@Z 0000000140023f54     libucrt:argv_wildcards.obj
 0004:00000f60       $pdata$??$copy_and_add_argument_to_buffer@D@@YAHQEBD0_KAEAV?$argument_list@D@?A0x5f5c8891@@@Z 0000000140023f60     libucrt:argv_wildcards.obj
 0004:00000f6c       $pdata$??$expand_argument_wildcards@D@@YAHQEAD0AEAV?$argument_list@D@?A0x5f5c8891@@@Z 0000000140023f6c     libucrt:argv_wildcards.obj
 0004:00000f78       $pdata$__acrt_update_thread_multibyte_data 0000000140023f78     libucrt:mbctype.obj
 0004:00000f84       $pdata$__acrt_initialize_multibyte 0000000140023f84     libucrt:mbctype.obj
 0004:00000f90       $pdata$_setmbcp_nolock     0000000140023f90     libucrt:mbctype.obj
 0004:00000f9c       $pdata$?getSystemCP@@YAHH@Z 0000000140023f9c     libucrt:mbctype.obj
 0004:00000fa8       $pdata$?setSBCS@@YAXPEAU__crt_multibyte_data@@@Z 0000000140023fa8     libucrt:mbctype.obj
 0004:00000fb4       $pdata$?update_thread_multibyte_data_internal@@YAPEAU__crt_multibyte_data@@QEAU__acrt_ptd@@QEAPEAU1@@Z 0000000140023fb4     libucrt:mbctype.obj
 0004:00000fc0       $pdata$?fin$0@?0??update_thread_multibyte_data_internal@@YAPEAU__crt_multibyte_data@@QEAU__acrt_ptd@@QEAPEAU1@@Z@4HA 0000000140023fc0     libucrt:mbctype.obj
 0004:00000fcc       $pdata$?setmbcp_internal@@YAHH_NQEAU__acrt_ptd@@QEAPEAU__crt_multibyte_data@@@Z 0000000140023fcc     libucrt:mbctype.obj
 0004:00000fd8       $pdata$?setSBUpLow@@YAXPEAU__crt_multibyte_data@@@Z 0000000140023fd8     libucrt:mbctype.obj
 0004:00000fe4       $pdata$??$?RV<lambda_efdfa57d1f175319df784efa44bb7b81>@@AEAV<lambda_5f0a4c1567f8adc6734073e5d1e1b35c>@@V<lambda_2e8a7d3640ea6ccb4c2413664c2db6fd>@@@?$__crt_seh_guarded_call@X@@QEAAX$$QEAV<lambda_efdfa57d1f175319df784efa44bb7b81>@@AEAV<lambda_5f0a4c1567f8adc6734073e5d1e1b35c>@@$$QEAV<lambda_2e8a7d3640ea6ccb4c2413664c2db6fd>@@@Z 0000000140023fe4     libucrt:mbctype.obj
 0004:00000ff0       $pdata$?x_ismbbtype_l@@YAHPEAU__crt_locale_pointers@@IHH@Z 0000000140023ff0     libucrt:ismbbyte.obj
 0004:00000ffc       $pdata$__dcrt_get_narrow_environment_from_os 0000000140023ffc     libucrt:get_environment_from_os.obj
 0004:00001008       $pdata$??$common_set_variable_in_environment_nolock@D@@YAHQEADH@Z 0000000140024008     libucrt:setenv.obj
 0004:00001014       $pdata$??$copy_environment@D@@YAPEAPEADQEAPEAD@Z 0000000140024014     libucrt:setenv.obj
 0004:00001020       $pdata$_recalloc_base      0000000140024020     libucrt:recalloc.obj
 0004:0000102c       $pdata$__acrt_initialize_heap 000000014002402c     libucrt:heap_handle.obj
 0004:00001038       $pdata$__acrt_execute_initializers 0000000140024038     libucrt:shared_initialization.obj
 0004:00001044       $pdata$__acrt_execute_uninitializers 0000000140024044     libucrt:shared_initialization.obj
 0004:00001050       $pdata$__acrt_get_sigabrt_handler 0000000140024050     libucrt:signal.obj
 0004:0000105c       $pdata$raise               000000014002405c     libucrt:signal.obj
 0004:00001068       $pdata$raise$fin$0         0000000140024068     libucrt:signal.obj
 0004:00001074       $pdata$??$?RV<lambda_450d765d439847d4c735a33c368b5fc0>@@AEAV<lambda_44731a7d0e6d81c3e6aa82d741081786>@@V<lambda_601a2a7da3b7a96e9554ac7215c4b07c>@@@?$__crt_seh_guarded_call@P6AXH@Z@@QEAAP6AXH@Z$$QEAV<lambda_450d765d439847d4c735a33c368b5fc0>@@AEAV<lambda_44731a7d0e6d81c3e6aa82d741081786>@@$$QEAV<lambda_601a2a7da3b7a96e9554ac7215c4b07c>@@@Z 0000000140024074     libucrt:signal.obj
 0004:00001080       $pdata$_get_osfhandle      0000000140024080     libucrt:osfinfo.obj
 0004:0000108c       $pdata$_free_osfhnd        000000014002408c     libucrt:osfinfo.obj
 0004:00001098       $pdata$__acrt_lowio_create_handle_array 0000000140024098     libucrt:osfinfo.obj
 0004:000010a4       $pdata$__acrt_lowio_destroy_handle_array 00000001400240a4     libucrt:osfinfo.obj
 0004:000010b0       $pdata$__acrt_lowio_ensure_fh_exists 00000001400240b0     libucrt:osfinfo.obj
 0004:000010bc       $pdata$__acrt_locale_free_monetary 00000001400240bc     libucrt:initmon.obj
 0004:000010c8       $pdata$__acrt_locale_free_numeric 00000001400240c8     libucrt:initnum.obj
 0004:000010d4       $pdata$__acrt_locale_free_time 00000001400240d4     libucrt:inittime.obj
 0004:000010e0       $pdata$?free_crt_array_internal@@YAXQEAPEBX_K@Z 00000001400240e0     libucrt:inittime.obj
 0004:000010ec       $pdata$__pctype_func       00000001400240ec     libucrt:ctype.obj
 0004:000010f8       $pdata$__acrt_GetStringTypeA 00000001400240f8     libucrt:getstringtypea.obj
 0004:00001104       $pdata$__acrt_release_locale_ref 0000000140024104     libucrt:locale_refcounting.obj
 0004:00001110       $pdata$__acrt_free_locale  0000000140024110     libucrt:locale_refcounting.obj
 0004:0000111c       $pdata$__acrt_locale_free_lc_time_if_unreferenced 000000014002411c     libucrt:locale_refcounting.obj
 0004:00001128       $pdata$__acrt_update_thread_locale_data 0000000140024128     libucrt:locale_refcounting.obj
 0004:00001134       $pdata$__acrt_update_thread_locale_data$fin$0 0000000140024134     libucrt:locale_refcounting.obj
 0004:00001140       $pdata$_updatetlocinfoEx_nolock 0000000140024140     libucrt:locale_refcounting.obj
 0004:0000114c       $pdata$_isctype_l          000000014002414c     libucrt:isctype.obj
 0004:00001158       $pdata$__acrt_DownlevelLocaleNameToLCID 0000000140024158     libucrt:lcidtoname_downlevel.obj
 0004:00001164       $pdata$?GetTableIndexFromLocaleName@@YAHPEB_W@Z 0000000140024164     libucrt:lcidtoname_downlevel.obj
 0004:00001170       $pdata$fclose              0000000140024170     libucrt:fclose.obj
 0004:0000117c       $pdata$fclose$fin$0        000000014002417c     libucrt:fclose.obj
 0004:00001188       $pdata$_fclose_nolock      0000000140024188     libucrt:fclose.obj
 0004:00001194       $pdata$_commit             0000000140024194     libucrt:commit.obj
 0004:000011a0       $pdata$??$?RV<lambda_a37b2b86f63e897a80ea819b0eb08c01>@@AEAV<lambda_38ce7e780aa69e748d6df282ebc68efe>@@V<lambda_99fb1378e971ab6e7edea83e3a7a83a2>@@@?$__crt_seh_guarded_call@H@@QEAAH$$QEAV<lambda_a37b2b86f63e897a80ea819b0eb08c01>@@AEAV<lambda_38ce7e780aa69e748d6df282ebc68efe>@@$$QEAV<lambda_99fb1378e971ab6e7edea83e3a7a83a2>@@@Z 00000001400241a0     libucrt:commit.obj
 0004:000011ac       $pdata$?fin$0@?0???$?RV<lambda_751a882b2c74d4b022dec766aa51a29a>@@AEAV<lambda_628dfdc04ba53c8bfc02c9951375f3f5>@@V<lambda_f6c7be5f7998530c34de24c7437d6b54>@@@?$__crt_seh_guarded_call@H@@QEAAH$$QEAV<lambda_751a882b2c74d4b022dec766aa51a29a>@@AEAV<lambda_628dfdc04ba53c8bfc02c9951375f3f5>@@$$QEAV<lambda_f6c7be5f7998530c34de24c7437d6b54>@@@Z@4HA 00000001400241ac     libucrt:close.obj
 0004:000011ac       $pdata$?fin$0@?0???$?RV<lambda_a37b2b86f63e897a80ea819b0eb08c01>@@AEAV<lambda_38ce7e780aa69e748d6df282ebc68efe>@@V<lambda_99fb1378e971ab6e7edea83e3a7a83a2>@@@?$__crt_seh_guarded_call@H@@QEAAH$$QEAV<lambda_a37b2b86f63e897a80ea819b0eb08c01>@@AEAV<lambda_38ce7e780aa69e748d6df282ebc68efe>@@$$QEAV<lambda_99fb1378e971ab6e7edea83e3a7a83a2>@@@Z@4HA 00000001400241ac     libucrt:commit.obj
 0004:000011b8       $pdata$_write              00000001400241b8     libucrt:write.obj
 0004:000011c4       $pdata$_write$fin$0        00000001400241c4     libucrt:write.obj
 0004:000011c4       $pdata$?fin$0@?0???$common_lseek@_J@@YA_JH_JH@Z@4HA 00000001400241c4     libucrt:lseek.obj
 0004:000011d0       $pdata$_write_nolock       00000001400241d0     libucrt:write.obj
 0004:000011dc       $pdata$?write_double_translated_ansi_nolock@@YA?AUwrite_result@?A0x17268360@@HQEBDI@Z 00000001400241dc     libucrt:write.obj
 0004:000011e8       $pdata$?write_text_ansi_nolock@@YA?AUwrite_result@?A0x17268360@@HQEBDI@Z 00000001400241e8     libucrt:write.obj
 0004:000011f4       $pdata$?write_text_utf16le_nolock@@YA?AUwrite_result@?A0x17268360@@HQEBDI@Z 00000001400241f4     libucrt:write.obj
 0004:00001200       $pdata$?write_text_utf8_nolock@@YA?AUwrite_result@?A0x17268360@@HQEBDI@Z 0000000140024200     libucrt:write.obj
 0004:0000120c       $pdata$_isleadbyte_l       000000014002420c     libucrt:_wctype.obj
 0004:00001218       $pdata$__acrt_LCMapStringA 0000000140024218     libucrt:lcmapstringa.obj
 0004:00001224       $pdata$?__acrt_LCMapStringA_stat@@YAHPEAU__crt_locale_pointers@@PEB_WKPEBDHPEADHHH@Z 0000000140024224     libucrt:lcmapstringa.obj
 0004:00001230       $pdata$__acrt_fp_strflt_to_string 0000000140024230     libucrt:_fptostr.obj
 0004:0000123c       $pdata$memcpy_s            000000014002423c     libucrt:cfout.obj
 0004:00001248       $pdata$__acrt_fltout       0000000140024248     libucrt:cfout.obj
 0004:00001254       $pdata$?divide@__crt_strtox@@YA_KAEAUbig_integer@1@AEBU21@@Z 0000000140024254     libucrt:cfout.obj
 0004:00001260       $pdata$5$?divide@__crt_strtox@@YA_KAEAUbig_integer@1@AEBU21@@Z 0000000140024260     libucrt:cfout.obj
 0004:0000126c       $pdata$6$?divide@__crt_strtox@@YA_KAEAUbig_integer@1@AEBU21@@Z 000000014002426c     libucrt:cfout.obj
 0004:00001278       $pdata$__acrt_stdio_flush_and_write_narrow_nolock 0000000140024278     libucrt:_flsbuf.obj
 0004:00001284       $pdata$??$write_buffer_nolock@D@@YA_NDV__crt_stdio_stream@@@Z 0000000140024284     libucrt:_flsbuf.obj
 0004:00001290       $pdata$_isatty             0000000140024290     libucrt:isatty.obj
 0004:0000129c       $pdata$qsort               000000014002429c     libucrt:qsort.obj
 0004:000012a8       $pdata$4$qsort             00000001400242a8     libucrt:qsort.obj
 0004:000012b4       $pdata$5$qsort             00000001400242b4     libucrt:qsort.obj
 0004:000012c0       $pdata$strncpy_s           00000001400242c0     libucrt:strncpy_s.obj
 0004:000012cc       $pdata$strpbrk             00000001400242cc     libucrt:strpbrk.obj
 0004:000012d8       $pdata$fallbackMethod      00000001400242d8     libucrt:strpbrk.obj
 0004:000012e4       $pdata$_mbsdec_l           00000001400242e4     libucrt:mbsdec.obj
 0004:000012f0       $pdata$?initialize_multibyte@@YAHXZ 00000001400242f0     libucrt:multibyte_initializer.obj
 0004:000012fc       $pdata$_strnicoll_l        00000001400242fc     libucrt:strnicol.obj
 0004:00001308       $pdata$_msize_base         0000000140024308     libucrt:msize.obj
 0004:00001314       $pdata$_realloc_base       0000000140024314     libucrt:realloc_base.obj
 0004:00001320       $pdata$_close              0000000140024320     libucrt:close.obj
 0004:0000132c       $pdata$_close_nolock       000000014002432c     libucrt:close.obj
 0004:00001338       $pdata$??$?RV<lambda_751a882b2c74d4b022dec766aa51a29a>@@AEAV<lambda_628dfdc04ba53c8bfc02c9951375f3f5>@@V<lambda_f6c7be5f7998530c34de24c7437d6b54>@@@?$__crt_seh_guarded_call@H@@QEAAH$$QEAV<lambda_751a882b2c74d4b022dec766aa51a29a>@@AEAV<lambda_628dfdc04ba53c8bfc02c9951375f3f5>@@$$QEAV<lambda_f6c7be5f7998530c34de24c7437d6b54>@@@Z 0000000140024338     libucrt:close.obj
 0004:00001344       $pdata$??$common_lseek@_J@@YA_JH_JH@Z 0000000140024344     libucrt:lseek.obj
 0004:00001350       $pdata$??$common_lseek_nolock@_J@@YA_JH_JH@Z 0000000140024350     libucrt:lseek.obj
 0004:0000135c       $pdata$_putwch_nolock      000000014002435c     libucrt:putwch.obj
 0004:00001368       $pdata$fegetenv            0000000140024368     libucrt:fegetenv.obj
 0004:00001374       $pdata$fesetenv            0000000140024374     libucrt:fesetenv.obj
 0004:00001380       $pdata$feholdexcept        0000000140024380     libucrt:feholdexcept.obj
 0004:00001398       $pdata$__acrt_stdio_allocate_buffer_nolock 0000000140024398     libucrt:_getbuf.obj
 0004:000013a4       $pdata$_strnicmp           00000001400243a4     libucrt:strnicmp.obj
 0004:000013b0       $pdata$_strnicmp_l         00000001400243b0     libucrt:strnicmp.obj
 0004:000013bc       $pdata$__ascii_strnicmp    00000001400243bc     libucrt:strnicmp.obj
 0004:000013c8       $pdata$__acrt_CompareStringA 00000001400243c8     libucrt:comparestringa.obj
 0004:000013d4       $pdata$?InternalCompareStringA@@YAHPEAU__crt_locale_pointers@@PEB_WKPEBDH2HH@Z 00000001400243d4     libucrt:comparestringa.obj
 0004:000013e0       $pdata$__dcrt_lowio_ensure_console_output_initialized 00000001400243e0     libucrt:initcon.obj
 0004:000013ec       $pdata$__dcrt_write_console_w 00000001400243ec     libucrt:initcon.obj
 0004:000013f8       $pdata$__dcrt_terminate_console_output 00000001400243f8     libucrt:initcon.obj
 0004:00001404       $pdata$__acrt_fenv_set_control 0000000140024404     libucrt:_fenvutils.obj
 0004:00001410       $pdata$_clearfp            0000000140024410     libucrt:ieee.obj
 0004:0000141c       $pdata$_call_matherr       000000014002441c     libucrt:libm_error.obj
 0004:00001428       $pdata$_exception_enabled  0000000140024428     libucrt:libm_error.obj
 0004:00001434       $pdata$_handle_error       0000000140024434     libucrt:libm_error.obj
 0004:00001440       $pdata$__acrt_initialize_fma3 0000000140024440     libucrt:fma3_available.obj
 0004:0000144c       $pdata$_log_special_common 000000014002444c     libucrt:log_special.obj
 0004:00001458       $pdata$_log10_special      0000000140024458     libucrt:log_special.obj
 0004:00001470       $pdata$_set_errno_from_matherr 0000000140024470     libucrt:fpexcept.obj
 0004:0000147c       $pdata$_raise_exc          000000014002447c     libucrt:fpexcept.obj
 0004:00001488       $pdata$_raise_exc_ex       0000000140024488     libucrt:fpexcept.obj
 0004:00001494       $pdata$_clrfp              0000000140024494     libucrt:fpctrl.obj
 0004:000014a0       $pdata$_ctrlfp             00000001400244a0     libucrt:fpctrl.obj
 0004:000014ac       $pdata$_ctrlfp$filt$0      00000001400244ac     libucrt:fpctrl.obj
 0004:000014b8       $pdata$_statfp             00000001400244b8     libucrt:fpctrl.obj
 0004:000014c4       $pdata$_set_statfp         00000001400244c4     libucrt:fpctrl.obj
 0004:000014d0       $pdata$ParseCommandLine    00000001400244d0     SDL2main:SDL_windows_main.obj
 0004:000014dc       $pdata$2$main_getcmdline   00000001400244dc     SDL2main:SDL_windows_main.obj
 0004:000014e8       $pdata$0$main_getcmdline   00000001400244e8     SDL2main:SDL_windows_main.obj
 0004:000014f4       $pdata$main_getcmdline     00000001400244f4     SDL2main:SDL_windows_main.obj
 0004:00001500       $pdata$_IsNonwritableInCurrentImage 0000000140024500     LIBCMT:pesect.obj
 0004:0000150c       $pdata$_IsNonwritableInCurrentImage$filt$0 000000014002450c     LIBCMT:pesect.obj
 0004:00001530       $pdata$strrchr             0000000140024530     libvcruntime:strrchr.obj
 0004:0000153c       $pdata$strchr              000000014002453c     libvcruntime:strchr.obj
