 main

 Timestamp is 5ad72280 (Wed Apr 18 12:48:32 2018)

 Preferred load address is 0000000140000000

 Start         Length     Name                   Class
 0001:00000000 00000495H .text                   CODE
 0001:000004a0 00000158H .text$di                CODE
 0001:00000600 0002648cH .text$mn                CODE
 0001:00026a90 00000012H .text$mn$00             CODE
 0001:00026ab0 00000ab0H .text$x                 CODE
 0001:00027560 00000170H .text$yd                CODE
 0002:00000000 00000418H .idata$5                DATA
 0002:00000418 00000010H .00cfg                  DATA
 0002:00000428 00000008H .CRT$XCA                DATA
 0002:00000430 00000008H .CRT$XCAA               DATA
 0002:00000438 00000018H .CRT$XCC                DATA
 0002:00000450 00000010H .CRT$XCL                DATA
 0002:00000460 00000030H .CRT$XCU                DATA
 0002:00000490 00000008H .CRT$XCZ                DATA
 0002:00000498 00000008H .CRT$XIA                DATA
 0002:000004a0 00000008H .CRT$XIAA               DATA
 0002:000004a8 00000008H .CRT$XIAC               DATA
 0002:000004b0 00000030H .CRT$XIC                DATA
 0002:000004e0 00000008H .CRT$XIZ                DATA
 0002:000004e8 00000008H .CRT$XLA                DATA
 0002:000004f0 00000008H .CRT$XLZ                DATA
 0002:000004f8 00000008H .CRT$XPA                DATA
 0002:00000500 00000010H .CRT$XPX                DATA
 0002:00000510 00000008H .CRT$XPXA               DATA
 0002:00000518 00000008H .CRT$XPZ                DATA
 0002:00000520 00000008H .CRT$XTA                DATA
 0002:00000528 00000008H .CRT$XTZ                DATA
 0002:00000530 0000d544H .rdata                  DATA
 0002:0000da78 00000028H .rdata$T                DATA
 0002:0000daa0 00000954H .rdata$r                DATA
 0002:0000e3f8 00000010H .rdata$zETW0            DATA
 0002:0000e408 00000077H .rdata$zETW1            DATA
 0002:0000e47f 0000002cH .rdata$zETW2            DATA
 0002:0000e4ab 00000001H .rdata$zETW9            DATA
 0002:0000e4ac 0000046cH .rdata$zzzdbg           DATA
 0002:0000e918 00000008H .rtc$IAA                DATA
 0002:0000e920 00000008H .rtc$IZZ                DATA
 0002:0000e928 00000008H .rtc$TAA                DATA
 0002:0000e930 00000008H .rtc$TZZ                DATA
 0002:0000e940 00002380H .xdata                  DATA
 0002:00010cc0 000003ccH .xdata$x                DATA
 0002:0001108c 00000000H .edata                  DATA
 0002:0001108c 00000078H .idata$2                DATA
 0002:00011104 00000014H .idata$3                DATA
 0002:00011118 00000418H .idata$4                DATA
 0002:00011530 00000966H .idata$6                DATA
 0003:00000000 00000c00H .data                   DATA
 0003:00000c00 000003a0H .data$r                 DATA
 0003:00000fa0 00001964H .bss                    DATA
 0004:00000000 000029acH .pdata                  DATA
 0005:00000000 00000214H .gfids$y                DATA
 0006:00000000 00000001H .tls                    DATA
 0006:00000004 00000004H .tls$                   DATA
 0006:00000008 00000001H .tls$ZZZ                DATA

  Address         Publics by Value              Rva+Base               Lib:Object

 0000:00000000       __guard_iat_table          0000000000000000     <absolute>
 0000:00000000       __guard_iat_count          0000000000000000     <absolute>
 0000:00000000       __guard_longjmp_table      0000000000000000     <absolute>
 0000:00000000       __guard_longjmp_count      0000000000000000     <absolute>
 0000:00000000       __guard_fids_count         0000000000000000     <absolute>
 0000:00000000       ___safe_se_handler_table   0000000000000000     <absolute>
 0000:00000000       ___safe_se_handler_count   0000000000000000     <absolute>
 0000:00000000       __guard_fids_table         0000000000000000     <absolute>
 0000:00000100       __guard_flags              0000000000000100     <absolute>
 0000:00000000       __ImageBase                0000000140000000     <linker-defined>
 0001:00000000       ?TraceLoggingRegister@__vcrt_trace_logging_provider@@YAJPEBU_TlgProvider_t@1@PEBU_GUID@@P6AX1KE_K2PEAU_EVENT_FILTER_DESCRIPTOR@@PEAX@Z4@Z 0000000140001000 f i libvcruntime:telemetry.obj
 0001:0000007c       ?_TlgEnableCallback@__vcrt_trace_logging_provider@@YAXPEBU_GUID@@KE_K1PEAU_EVENT_FILTER_DESCRIPTOR@@PEAX@Z 000000014000107c f i libvcruntime:telemetry.obj
 0001:00000140       ?_TlgWrite@__vcrt_trace_logging_provider@@YAJPEBU_TlgProvider_t@1@PEFBXPEBU_GUID@@2IPEAU_EVENT_DATA_DESCRIPTOR@@@Z 0000000140001140 f i libvcruntime:telemetry.obj
 0001:00000490       main                       0000000140001490 f   SDL2main:SDL_windows_main.obj
 0001:00000600       SDL_main                   0000000140001600 f   main.obj
 0001:00000a00       ??0LTexture@@QEAA@XZ       0000000140001a00 f   main.obj
 0001:00000a40       ??1LTexture@@QEAA@XZ       0000000140001a40 f   main.obj
 0001:00000a70       ?loadFromFile@LTexture@@QEAA_NV?$basic_string@DU?$char_traits@D@std@@V?$allocator@D@2@@std@@@Z 0000000140001a70 f   main.obj
 0001:00000bd0       ?loadFromRenderedText@LTexture@@QEAA_NV?$basic_string@DU?$char_traits@D@std@@V?$allocator@D@2@@std@@USDL_Color@@@Z 0000000140001bd0 f   main.obj
 0001:00000ce0       ?free@LTexture@@QEAAXXZ    0000000140001ce0 f   main.obj
 0001:00000d30       ?setColor@LTexture@@QEAAXEEE@Z 0000000140001d30 f   main.obj
 0001:00000d70       ?setBlendMode@LTexture@@QEAAXW4SDL_BlendMode@@@Z 0000000140001d70 f   main.obj
 0001:00000da0       ?setAlpha@LTexture@@QEAAXE@Z 0000000140001da0 f   main.obj
 0001:00000dd0       ?render@LTexture@@QEAAXHHPEAUSDL_Rect@@NPEAUSDL_Point@@W4SDL_RendererFlip@@@Z 0000000140001dd0 f   main.obj
 0001:00000eb0       ?getWidth@LTexture@@QEAAHXZ 0000000140001eb0 f   main.obj
 0001:00000ed0       ?getHeight@LTexture@@QEAAHXZ 0000000140001ed0 f   main.obj
 0001:00000ef0       ??0LButton@@QEAA@XZ        0000000140001ef0 f   main.obj
 0001:00000f30       ?setPosition@LButton@@QEAAXHH@Z 0000000140001f30 f   main.obj
 0001:00000f60       ?handleEvent@LButton@@QEAAXPEATSDL_Event@@@Z 0000000140001f60 f   main.obj
 0001:00001080       ?render@LButton@@QEAAXXZ   0000000140002080 f   main.obj
 0001:000010f0       ?init@@YA_NXZ              00000001400020f0 f   main.obj
 0001:00001260       ?loadMedia@@YA_NXZ         0000000140002260 f   main.obj
 0001:000015f0       ?close@@YAXXZ              00000001400025f0 f   main.obj
 0001:000016f0       ?loadTexture@@YAPEAUSDL_Texture@@V?$basic_string@DU?$char_traits@D@std@@V?$allocator@D@2@@std@@@Z 00000001400026f0 f   main.obj
 0001:00001740       ??$?0V?$allocator@D@std@@$$V@?$_Compressed_pair@U?$_Wrap_alloc@V?$allocator@D@std@@@std@@V?$_String_val@U?$_Simple_types@D@std@@@2@$00@std@@QEAA@U_One_then_variadic_args_t@1@$$QEAV?$allocator@D@1@@Z 0000000140002740 f i main.obj
 0001:00001740       ??$?0AEBV?$allocator@D@std@@$$V@?$_Compressed_pair@U?$_Wrap_alloc@V?$allocator@D@std@@@std@@V?$_String_val@U?$_Simple_types@D@std@@@2@$00@std@@QEAA@U_One_then_variadic_args_t@1@AEBV?$allocator@D@1@@Z 0000000140002740 f i main.obj
 0001:00001780       ??$?6U?$char_traits@D@std@@@std@@YAAEAV?$basic_ostream@DU?$char_traits@D@std@@@0@AEAV10@PEBD@Z 0000000140002780 f i main.obj
 0001:00001b30       ??$?8DD@std@@YA_NAEBV?$allocator@D@0@0@Z 0000000140002b30 f i main.obj
 0001:00001b40       ??$?8V?$allocator@D@std@@V01@@std@@YA_NAEBU?$_Wrap_alloc@V?$allocator@D@std@@@0@0@Z 0000000140002b40 f i main.obj
 0001:00001b70       ??$?9DD@std@@YA_NAEBV?$allocator@D@0@0@Z 0000000140002b70 f i main.obj
 0001:00001b80       ??$?9V?$allocator@D@std@@V01@@std@@YA_NAEBU?$_Wrap_alloc@V?$allocator@D@std@@@0@0@Z 0000000140002b80 f i main.obj
 0001:00001bc0       ??$_Addressof@D@std@@YAPEADAEADU?$integral_constant@_N$0A@@0@@Z 0000000140002bc0 f i main.obj
 0001:00001bd0       ??$_Getvals@D@?$numpunct@D@std@@IEAAXDPEBUlconv@@U_Cvtvec@@@Z 0000000140002bd0 f i main.obj
 0001:00001c40       ??$_Immortalize@V_Iostream_error_category@std@@@std@@YAAEAV_Iostream_error_category@0@XZ 0000000140002c40 f i main.obj
 0001:00001cc0       ??$_Maklocchr@D@std@@YADDPEADAEBU_Cvtvec@@@Z 0000000140002cc0 f i main.obj
 0001:00001ce0       ??$_Maklocstr@D@std@@YAPEADPEBDPEADAEBU_Cvtvec@@@Z 0000000140002ce0 f i main.obj
 0001:00001da0       ??$_Pocca@U?$_Wrap_alloc@V?$allocator@D@std@@@std@@@std@@YAXAEAU?$_Wrap_alloc@V?$allocator@D@std@@@0@AEBU10@@Z 0000000140002da0 f i main.obj
 0001:00001dd0       ??$_Pocca@U?$_Wrap_alloc@V?$allocator@D@std@@@std@@@std@@YAXAEAU?$_Wrap_alloc@V?$allocator@D@std@@@0@AEBU10@U?$integral_constant@_N$0A@@0@@Z 0000000140002dd0 f i main.obj
 0001:00001de0       ??$__vcrt_va_start_verify_argument_type@QEBD@@YAXXZ 0000000140002de0 f i main.obj
 0001:00001df0       ??$addressof@D@std@@YAPEADAEAD@Z 0000000140002df0 f i main.obj
 0001:00001e10       ??$construct@PEADAEAPEAD@?$_Wrap_alloc@V?$allocator@D@std@@@std@@QEAAXPEAPEADAEAPEAD@Z 0000000140002e10 f i main.obj
 0001:00001e50       ??$construct@PEADAEAPEAD@?$allocator@D@std@@QEAAXPEAPEADAEAPEAD@Z 0000000140002e50 f i main.obj
 0001:00001eb0       ??$construct@PEADAEAPEAD@?$allocator_traits@V?$allocator@D@std@@@std@@SAXAEAV?$allocator@D@1@PEAPEADAEAPEAD@Z 0000000140002eb0 f i main.obj
 0001:00001ef0       ??$destroy@PEAD@?$_Wrap_alloc@V?$allocator@D@std@@@std@@QEAAXPEAPEAD@Z 0000000140002ef0 f i main.obj
 0001:00001f20       ??$destroy@PEAD@?$allocator_traits@V?$allocator@D@std@@@std@@SAXAEAV?$allocator@D@1@PEAPEAD@Z 0000000140002f20 f i main.obj
 0001:00001f50       ??$move@AEAV?$allocator@D@std@@@std@@YA$$QEAV?$allocator@D@0@AEAV10@@Z 0000000140002f50 f i main.obj
 0001:00001f50       ??D?$ostreambuf_iterator@DU?$char_traits@D@std@@@std@@QEAAAEAV01@XZ 0000000140002f50 f i main.obj
 0001:00001f50       ??$forward@V?$basic_string@DU?$char_traits@D@std@@V?$allocator@D@2@@std@@@std@@YA$$QEAV?$basic_string@DU?$char_traits@D@std@@V?$allocator@D@2@@0@AEAV10@@Z 0000000140002f50 f i main.obj
 0001:00001f50       ?_Get_second@?$_Compressed_pair@U?$_Wrap_alloc@V?$allocator@D@std@@@std@@V?$_String_val@U?$_Simple_types@D@std@@@2@$00@std@@QEAAAEAV?$_String_val@U?$_Simple_types@D@std@@@2@XZ 0000000140002f50 f i main.obj
 0001:00001f50       ??$forward@AEBV?$allocator@D@std@@@std@@YAAEBV?$allocator@D@0@AEBV10@@Z 0000000140002f50 f i main.obj
 0001:00001f50       ??E?$ostreambuf_iterator@DU?$char_traits@D@std@@@std@@QEAAAEAV01@XZ 0000000140002f50 f i main.obj
 0001:00001f50       ??$forward@AEAPEAD@std@@YAAEAPEADAEAPEAD@Z 0000000140002f50 f i main.obj
 0001:00001f50       ?_Get_first@?$_Compressed_pair@U?$_Wrap_alloc@V?$allocator@D@std@@@std@@V?$_String_val@U?$_Simple_types@D@std@@@2@$00@std@@QEAAAEAU?$_Wrap_alloc@V?$allocator@D@std@@@2@XZ 0000000140002f50 f i main.obj
 0001:00001f50       ?_Get_second@?$_Compressed_pair@U?$_Wrap_alloc@V?$allocator@D@std@@@std@@V?$_String_val@U?$_Simple_types@D@std@@@2@$00@std@@QEBAAEBV?$_String_val@U?$_Simple_types@D@std@@@2@XZ 0000000140002f50 f i main.obj
 0001:00001f50       ??$forward@V?$allocator@D@std@@@std@@YA$$QEAV?$allocator@D@0@AEAV10@@Z 0000000140002f50 f i main.obj
 0001:00001f50       ?_Get_first@?$_Compressed_pair@U?$_Wrap_alloc@V?$allocator@D@std@@@std@@V?$_String_val@U?$_Simple_types@D@std@@@2@$00@std@@QEBAAEBU?$_Wrap_alloc@V?$allocator@D@std@@@2@XZ 0000000140002f50 f i main.obj
 0001:00001f50       ??$move@AEAU?$_Wrap_alloc@V?$allocator@D@std@@@std@@@std@@YA$$QEAU?$_Wrap_alloc@V?$allocator@D@std@@@0@AEAU10@@Z 0000000140002f50 f i main.obj
 0001:00001f50       ??0?$allocator@D@std@@QEAA@XZ 0000000140002f50 f i main.obj
 0001:00001f60       ??$use_facet@V?$ctype@D@std@@@std@@YAAEBV?$ctype@D@0@AEBVlocale@0@@Z 0000000140002f60 f i main.obj
 0001:00002070       ??$use_facet@V?$num_put@DV?$ostreambuf_iterator@DU?$char_traits@D@std@@@std@@@std@@@std@@YAAEBV?$num_put@DV?$ostreambuf_iterator@DU?$char_traits@D@std@@@std@@@0@AEBVlocale@0@@Z 0000000140003070 f i main.obj
 0001:00002180       ??$use_facet@V?$numpunct@D@std@@@std@@YAAEBV?$numpunct@D@0@AEBVlocale@0@@Z 0000000140003180 f i main.obj
 0001:00002290       ??0?$_Immortalizer@V_Iostream_error_category@std@@@std@@QEAA@XZ 0000000140003290 f i main.obj
 0001:000022e0       ??0?$_String_alloc@U?$_String_base_types@DV?$allocator@D@std@@@std@@@std@@QEAA@$$QEAV?$allocator@D@1@@Z 00000001400032e0 f i main.obj
 0001:00002320       ??0?$_String_alloc@U?$_String_base_types@DV?$allocator@D@std@@@std@@@std@@QEAA@AEBV?$allocator@D@1@@Z 0000000140003320 f i main.obj
 0001:00002350       ??0?$_String_val@U?$_Simple_types@D@std@@@std@@QEAA@XZ 0000000140003350 f i main.obj
 0001:00002380       ?select_on_container_copy_construction@?$allocator_traits@V?$allocator@D@std@@@std@@SA?AV?$allocator@D@2@AEBV32@@Z 0000000140003380 f i main.obj
 0001:00002380       ??0?$_Wrap_alloc@V?$allocator@D@std@@@std@@QEAA@AEBV?$allocator@D@1@@Z 0000000140003380 f i main.obj
 0001:000023b0       ??0?$_Yarn@D@std@@QEAA@XZ  00000001400033b0 f i main.obj
 0001:000023d0       ??0?$_Yarn@_W@std@@QEAA@XZ 00000001400033d0 f i main.obj
 0001:00002400       ??0?$allocator@D@std@@QEAA@AEBV01@@Z 0000000140003400 f i main.obj
 0001:00002410       ??0?$basic_ios@DU?$char_traits@D@std@@@std@@IEAA@XZ 0000000140003410 f i main.obj
 0001:00002440       ??0?$basic_iostream@DU?$char_traits@D@std@@@std@@QEAA@PEAV?$basic_streambuf@DU?$char_traits@D@std@@@1@@Z 0000000140003440 f i main.obj
 0001:00002530       ??0?$basic_istream@DU?$char_traits@D@std@@@std@@QEAA@PEAV?$basic_streambuf@DU?$char_traits@D@std@@@1@_N@Z 0000000140003530 f i main.obj
 0001:00002610       ??0?$basic_ostream@DU?$char_traits@D@std@@@std@@QEAA@W4_Uninitialized@1@_N@Z 0000000140003610 f i main.obj
 0001:00002700       ??0?$basic_streambuf@DU?$char_traits@D@std@@@std@@IEAA@XZ 0000000140003700 f i main.obj
 0001:00002770       ??0?$basic_string@DU?$char_traits@D@std@@V?$allocator@D@2@@std@@QEAA@$$QEAV01@@Z 0000000140003770 f i main.obj
 0001:000027e0       ??0?$basic_string@DU?$char_traits@D@std@@V?$allocator@D@2@@std@@QEAA@AEBV01@@Z 00000001400037e0 f i main.obj
 0001:00002850       ??0?$basic_string@DU?$char_traits@D@std@@V?$allocator@D@2@@std@@QEAA@PEBD@Z 0000000140003850 f i main.obj
 0001:000028a0       ??0?$basic_string@DU?$char_traits@D@std@@V?$allocator@D@2@@std@@QEAA@PEBD_K@Z 00000001400038a0 f i main.obj
 0001:00002900       ??0?$basic_string@DU?$char_traits@D@std@@V?$allocator@D@2@@std@@QEAA@XZ 0000000140003900 f i main.obj
 0001:00002950       ??0?$basic_string@DU?$char_traits@D@std@@V?$allocator@D@2@@std@@QEAA@_KD@Z 0000000140003950 f i main.obj
 0001:000029b0       ??0?$basic_stringbuf@DU?$char_traits@D@std@@V?$allocator@D@2@@std@@QEAA@H@Z 00000001400039b0 f i main.obj
 0001:00002a20       ??0?$basic_stringstream@DU?$char_traits@D@std@@V?$allocator@D@2@@std@@QEAA@H@Z 0000000140003a20 f i main.obj
 0001:00002b10       ??0?$ctype@D@std@@QEAA@AEBV_Locinfo@1@_K@Z 0000000140003b10 f i main.obj
 0001:00002b70       ??0?$fpos@U_Mbstatet@@@std@@QEAA@_J@Z 0000000140003b70 f i main.obj
 0001:00002bc0       ??0?$num_put@DV?$ostreambuf_iterator@DU?$char_traits@D@std@@@std@@@std@@QEAA@AEBV_Locinfo@1@_K@Z 0000000140003bc0 f i main.obj
 0001:00002c20       ??0?$numpunct@D@std@@QEAA@AEBV_Locinfo@1@_K_N@Z 0000000140003c20 f i main.obj
 0001:00002c80       ??0?$ostreambuf_iterator@DU?$char_traits@D@std@@@std@@QEAA@PEAV?$basic_streambuf@DU?$char_traits@D@std@@@1@@Z 0000000140003c80 f i main.obj
 0001:00002cb0       ??0_Facet_base@std@@QEAA@XZ 0000000140003cb0 f i main.obj
 0001:00002cd0       ??0_Generic_error_category@std@@QEAA@XZ 0000000140003cd0 f i main.obj
 0001:00002d10       ??0_Iostream_error_category@std@@QEAA@XZ 0000000140003d10 f i main.obj
 0001:00002d50       ??0_Locinfo@std@@QEAA@PEBD@Z 0000000140003d50 f i main.obj
 0001:00002e30       ??0_Sentry_base@?$basic_ostream@DU?$char_traits@D@std@@@std@@QEAA@AEAV12@@Z 0000000140003e30 f i main.obj
 0001:00002ed0       ??0_System_error@std@@IEAA@Verror_code@1@AEBV?$basic_string@DU?$char_traits@D@std@@V?$allocator@D@2@@1@@Z 0000000140003ed0 f i main.obj
 0001:00002fd0       ??0_System_error@std@@QEAA@AEBV01@@Z 0000000140003fd0 f i main.obj
 0001:00003030       ??0bad_cast@std@@QEAA@AEBV01@@Z 0000000140004030 f i main.obj
 0001:00003070       ??0bad_cast@std@@QEAA@XZ   0000000140004070 f i main.obj
 0001:000030b0       ??0ctype_base@std@@QEAA@_K@Z 00000001400040b0 f i main.obj
 0001:000030f0       ??0error_category@std@@QEAA@XZ 00000001400040f0 f i main.obj
 0001:00003120       ??0error_condition@std@@QEAA@HAEBVerror_category@1@@Z 0000000140004120 f i main.obj
 0001:00003120       ??0error_code@std@@QEAA@HAEBVerror_category@1@@Z 0000000140004120 f i main.obj
 0001:00003150       ??0exception@std@@QEAA@AEBV01@@Z 0000000140004150 f i main.obj
 0001:000031b0       ??0exception@std@@QEAA@QEBD@Z 00000001400041b0 f i main.obj
 0001:00003220       ??0exception@std@@QEAA@QEBDH@Z 0000000140004220 f i main.obj
 0001:00003270       ??0facet@locale@std@@IEAA@_K@Z 0000000140004270 f i main.obj
 0001:000032d0       ??0failure@ios_base@std@@QEAA@AEBV012@@Z 00000001400042d0 f i main.obj
 0001:00003310       ??0failure@ios_base@std@@QEAA@PEBDAEBVerror_code@2@@Z 0000000140004310 f i main.obj
 0001:00003370       ??0id@locale@std@@QEAA@_K@Z 0000000140004370 f i main.obj
 0001:00003390       ??0ios_base@std@@IEAA@XZ   0000000140004390 f i main.obj
 0001:000033b0       ??0locale@std@@QEAA@AEBV01@@Z 00000001400043b0 f i main.obj
 0001:00003400       ??0locale@std@@QEAA@XZ     0000000140004400 f i main.obj
 0001:00003430       ??0runtime_error@std@@QEAA@AEBV01@@Z 0000000140004430 f i main.obj
 0001:00003470       ??0runtime_error@std@@QEAA@AEBV?$basic_string@DU?$char_traits@D@std@@V?$allocator@D@2@@1@@Z 0000000140004470 f i main.obj
 0001:000034b0       ??0runtime_error@std@@QEAA@PEBD@Z 00000001400044b0 f i main.obj
 0001:000034f0       ??0sentry@?$basic_ostream@DU?$char_traits@D@std@@@std@@QEAA@AEAV12@@Z 00000001400044f0 f i main.obj
 0001:000035e0       ??0system_error@std@@QEAA@AEBV01@@Z 00000001400045e0 f i main.obj
 0001:00003620       ??0system_error@std@@QEAA@Verror_code@1@PEBD@Z 0000000140004620 f i main.obj
 0001:000036d0       ??1?$_Yarn@D@std@@QEAA@XZ  00000001400046d0 f i main.obj
 0001:00003700       ??1?$_Yarn@_W@std@@QEAA@XZ 0000000140004700 f i main.obj
 0001:00003730       ??1?$basic_ios@DU?$char_traits@D@std@@@std@@UEAA@XZ 0000000140004730 f i main.obj
 0001:00003760       ??1?$basic_iostream@DU?$char_traits@D@std@@@std@@UEAA@XZ 0000000140004760 f i main.obj
 0001:000037e0       ??1?$basic_istream@DU?$char_traits@D@std@@@std@@UEAA@XZ 00000001400047e0 f i main.obj
 0001:00003830       ??1?$basic_ostream@DU?$char_traits@D@std@@@std@@UEAA@XZ 0000000140004830 f i main.obj
 0001:00003880       ??1?$basic_streambuf@DU?$char_traits@D@std@@@std@@UEAA@XZ 0000000140004880 f i main.obj
 0001:000038e0       ??1?$basic_string@DU?$char_traits@D@std@@V?$allocator@D@2@@std@@QEAA@XZ 00000001400048e0 f i main.obj
 0001:00003910       ??1?$basic_stringbuf@DU?$char_traits@D@std@@V?$allocator@D@2@@std@@UEAA@XZ 0000000140004910 f i main.obj
 0001:00003950       ??1?$basic_stringstream@DU?$char_traits@D@std@@V?$allocator@D@2@@std@@UEAA@XZ 0000000140004950 f i main.obj
 0001:000039e0       ??1?$ctype@D@std@@MEAA@XZ  00000001400049e0 f i main.obj
 0001:00003a20       ??1?$num_put@DV?$ostreambuf_iterator@DU?$char_traits@D@std@@@std@@@std@@MEAA@XZ 0000000140004a20 f i main.obj
 0001:00003a50       ??1?$numpunct@D@std@@MEAA@XZ 0000000140004a50 f i main.obj
 0001:00003a90       ??1_Facet_base@std@@UEAA@XZ 0000000140004a90 f i main.obj
 0001:00003ab0       ??1_Generic_error_category@std@@UEAA@XZ 0000000140004ab0 f i main.obj
 0001:00003ad0       ??1_Iostream_error_category@std@@UEAA@XZ 0000000140004ad0 f i main.obj
 0001:00003af0       ??1_Locinfo@std@@QEAA@XZ   0000000140004af0 f i main.obj
 0001:00003b90       ??1_Sentry_base@?$basic_ostream@DU?$char_traits@D@std@@@std@@QEAA@XZ 0000000140004b90 f i main.obj
 0001:00003c20       ??1_System_error@std@@UEAA@XZ 0000000140004c20 f i main.obj
 0001:00003c40       ??1bad_cast@std@@UEAA@XZ   0000000140004c40 f i main.obj
 0001:00003c40       ??1runtime_error@std@@UEAA@XZ 0000000140004c40 f i main.obj
 0001:00003c60       ??1ctype_base@std@@UEAA@XZ 0000000140004c60 f i main.obj
 0001:00003c90       ??1error_category@std@@UEAA@XZ 0000000140004c90 f i main.obj
 0001:00003cb0       ??1exception@std@@UEAA@XZ  0000000140004cb0 f i main.obj
 0001:00003ce0       ??1facet@locale@std@@MEAA@XZ 0000000140004ce0 f i main.obj
 0001:00003d10       ??1failure@ios_base@std@@UEAA@XZ 0000000140004d10 f i main.obj
 0001:00003d30       ??1ios_base@std@@UEAA@XZ   0000000140004d30 f i main.obj
 0001:00003d70       ??1locale@std@@QEAA@XZ     0000000140004d70 f i main.obj
 0001:00003df0       ??1sentry@?$basic_ostream@DU?$char_traits@D@std@@@std@@QEAA@XZ 0000000140004df0 f i main.obj
 0001:00003e30       ??1system_error@std@@UEAA@XZ 0000000140004e30 f i main.obj
 0001:00003e50       ??2@YAPEAX_KPEAX@Z         0000000140004e50 f i main.obj
 0001:00003e60       ??4?$basic_string@DU?$char_traits@D@std@@V?$allocator@D@2@@std@@QEAAAEAV01@AEBV01@@Z 0000000140004e60 f i main.obj
 0001:00003ef0       ??4?$ostreambuf_iterator@DU?$char_traits@D@std@@@std@@QEAAAEAV01@D@Z 0000000140004ef0 f i main.obj
 0001:00003f60       ??6?$basic_ostream@DU?$char_traits@D@std@@@std@@QEAAAEAV01@I@Z 0000000140004f60 f i main.obj
 0001:00004170       ??8error_category@std@@QEBA_NAEBV01@@Z 0000000140005170 f i main.obj
 0001:000041b0       ??8std@@YA_NAEBVerror_condition@0@0@Z 00000001400051b0 f i main.obj
 0001:00004230       ??A?$basic_string@DU?$char_traits@D@std@@V?$allocator@D@2@@std@@QEAAAEAD_K@Z 0000000140005230 f i main.obj
 0001:00004230       ??A?$basic_string@DU?$char_traits@D@std@@V?$allocator@D@2@@std@@QEBAAEBD_K@Z 0000000140005230 f i main.obj
 0001:00004260       ??B?$fpos@U_Mbstatet@@@std@@QEBA_JXZ 0000000140005260 f i main.obj
 0001:00004280       ??Bid@locale@std@@QEAA_KXZ 0000000140005280 f i main.obj
 0001:000042e0       ??Bsentry@?$basic_ostream@DU?$char_traits@D@std@@@std@@QEBA_NXZ 00000001400052e0 f i main.obj
 0001:000042f0       ??_D?$basic_iostream@DU?$char_traits@D@std@@@std@@QEAAXXZ 00000001400052f0 f i main.obj
 0001:00004320       ??_D?$basic_istream@DU?$char_traits@D@std@@@std@@QEAAXXZ 0000000140005320 f i main.obj
 0001:00004350       ??_D?$basic_ostream@DU?$char_traits@D@std@@@std@@QEAAXXZ 0000000140005350 f i main.obj
 0001:00004380       ??_D?$basic_stringstream@DU?$char_traits@D@std@@V?$allocator@D@2@@std@@QEAAXXZ 0000000140005380 f i main.obj
 0001:000043b4       ??_E?$basic_iostream@DU?$char_traits@D@std@@@std@@$4PPPPPPPM@A@EAAPEAXI@Z 00000001400053b4 f i main.obj
 0001:000043c0       ??_E?$basic_istream@DU?$char_traits@D@std@@@std@@$4PPPPPPPM@A@EAAPEAXI@Z 00000001400053c0 f i main.obj
 0001:000043cc       ??_E?$basic_ostream@DU?$char_traits@D@std@@@std@@$4PPPPPPPM@A@EAAPEAXI@Z 00000001400053cc f i main.obj
 0001:000043d8       ??_E?$basic_stringstream@DU?$char_traits@D@std@@V?$allocator@D@2@@std@@$4PPPPPPPM@A@EAAPEAXI@Z 00000001400053d8 f i main.obj
 0001:000043f0       ??_E?$basic_ios@DU?$char_traits@D@std@@@std@@UEAAPEAXI@Z 00000001400053f0 f i main.obj
 0001:000043f0       ??_G?$basic_ios@DU?$char_traits@D@std@@@std@@UEAAPEAXI@Z 00000001400053f0 f i main.obj
 0001:00004430       ??_G?$basic_iostream@DU?$char_traits@D@std@@@std@@UEAAPEAXI@Z 0000000140005430 f i main.obj
 0001:00004430       ??_E?$basic_iostream@DU?$char_traits@D@std@@@std@@UEAAPEAXI@Z 0000000140005430 f i main.obj
 0001:00004480       ??_G?$basic_istream@DU?$char_traits@D@std@@@std@@UEAAPEAXI@Z 0000000140005480 f i main.obj
 0001:00004480       ??_E?$basic_istream@DU?$char_traits@D@std@@@std@@UEAAPEAXI@Z 0000000140005480 f i main.obj
 0001:000044d0       ??_G?$basic_ostream@DU?$char_traits@D@std@@@std@@UEAAPEAXI@Z 00000001400054d0 f i main.obj
 0001:000044d0       ??_E?$basic_ostream@DU?$char_traits@D@std@@@std@@UEAAPEAXI@Z 00000001400054d0 f i main.obj
 0001:00004520       ??_G?$basic_streambuf@DU?$char_traits@D@std@@@std@@UEAAPEAXI@Z 0000000140005520 f i main.obj
 0001:00004520       ??_E?$basic_streambuf@DU?$char_traits@D@std@@@std@@UEAAPEAXI@Z 0000000140005520 f i main.obj
 0001:00004560       ??_G?$basic_stringbuf@DU?$char_traits@D@std@@V?$allocator@D@2@@std@@UEAAPEAXI@Z 0000000140005560 f i main.obj
 0001:00004560       ??_E?$basic_stringbuf@DU?$char_traits@D@std@@V?$allocator@D@2@@std@@UEAAPEAXI@Z 0000000140005560 f i main.obj
 0001:000045a0       ??_G?$basic_stringstream@DU?$char_traits@D@std@@V?$allocator@D@2@@std@@UEAAPEAXI@Z 00000001400055a0 f i main.obj
 0001:000045a0       ??_E?$basic_stringstream@DU?$char_traits@D@std@@V?$allocator@D@2@@std@@UEAAPEAXI@Z 00000001400055a0 f i main.obj
 0001:00004600       ??_G?$ctype@D@std@@MEAAPEAXI@Z 0000000140005600 f i main.obj
 0001:00004600       ??_E?$ctype@D@std@@MEAAPEAXI@Z 0000000140005600 f i main.obj
 0001:00004640       ??_E?$num_put@DV?$ostreambuf_iterator@DU?$char_traits@D@std@@@std@@@std@@MEAAPEAXI@Z 0000000140005640 f i main.obj
 0001:00004640       ??_G?$num_put@DV?$ostreambuf_iterator@DU?$char_traits@D@std@@@std@@@std@@MEAAPEAXI@Z 0000000140005640 f i main.obj
 0001:00004680       ??_E?$numpunct@D@std@@MEAAPEAXI@Z 0000000140005680 f i main.obj
 0001:00004680       ??_G?$numpunct@D@std@@MEAAPEAXI@Z 0000000140005680 f i main.obj
 0001:000046c0       ??_G_Facet_base@std@@UEAAPEAXI@Z 00000001400056c0 f i main.obj
 0001:000046c0       ??_E_Facet_base@std@@UEAAPEAXI@Z 00000001400056c0 f i main.obj
 0001:00004700       ??_G_Generic_error_category@std@@UEAAPEAXI@Z 0000000140005700 f i main.obj
 0001:00004700       ??_E_Generic_error_category@std@@UEAAPEAXI@Z 0000000140005700 f i main.obj
 0001:00004740       ??_G_Iostream_error_category@std@@UEAAPEAXI@Z 0000000140005740 f i main.obj
 0001:00004740       ??_E_Iostream_error_category@std@@UEAAPEAXI@Z 0000000140005740 f i main.obj
 0001:00004780       ??_E_System_error@std@@UEAAPEAXI@Z 0000000140005780 f i main.obj
 0001:00004780       ??_G_System_error@std@@UEAAPEAXI@Z 0000000140005780 f i main.obj
 0001:000047c0       ??_Gctype_base@std@@UEAAPEAXI@Z 00000001400057c0 f i main.obj
 0001:000047c0       ??_Ectype_base@std@@UEAAPEAXI@Z 00000001400057c0 f i main.obj
 0001:00004800       ??_Gerror_category@std@@UEAAPEAXI@Z 0000000140005800 f i main.obj
 0001:00004800       ??_Eerror_category@std@@UEAAPEAXI@Z 0000000140005800 f i main.obj
 0001:00004840       ??_Eexception@std@@UEAAPEAXI@Z 0000000140005840 f i main.obj
 0001:00004840       ??_Gexception@std@@UEAAPEAXI@Z 0000000140005840 f i main.obj
 0001:00004880       ??_Gfacet@locale@std@@MEAAPEAXI@Z 0000000140005880 f i main.obj
 0001:00004880       ??_Efacet@locale@std@@MEAAPEAXI@Z 0000000140005880 f i main.obj
 0001:000048c0       ??_Gfailure@ios_base@std@@UEAAPEAXI@Z 00000001400058c0 f i main.obj
 0001:000048c0       ??_Efailure@ios_base@std@@UEAAPEAXI@Z 00000001400058c0 f i main.obj
 0001:00004900       ??_Gios_base@std@@UEAAPEAXI@Z 0000000140005900 f i main.obj
 0001:00004900       ??_Eios_base@std@@UEAAPEAXI@Z 0000000140005900 f i main.obj
 0001:00004940       ??_Glocale@std@@QEAAPEAXI@Z 0000000140005940 f i main.obj
 0001:00004980       ??_Gruntime_error@std@@UEAAPEAXI@Z 0000000140005980 f i main.obj
 0001:00004980       ??_Ebad_cast@std@@UEAAPEAXI@Z 0000000140005980 f i main.obj
 0001:00004980       ??_Gbad_cast@std@@UEAAPEAXI@Z 0000000140005980 f i main.obj
 0001:00004980       ??_Eruntime_error@std@@UEAAPEAXI@Z 0000000140005980 f i main.obj
 0001:000049c0       ??_Esystem_error@std@@UEAAPEAXI@Z 00000001400059c0 f i main.obj
 0001:000049c0       ??_Gsystem_error@std@@UEAAPEAXI@Z 00000001400059c0 f i main.obj
 0001:00004a00       ??_H@YAXPEAX_K1P6APEAX0@Z@Z 0000000140005a00 f i main.obj
 0001:00004a60       ?_Allocate@std@@YAPEAX_K0_N@Z 0000000140005a60 f i main.obj
 0001:00004b60       ?_Assign_rv@?$basic_string@DU?$char_traits@D@std@@V?$allocator@D@2@@std@@QEAAX$$QEAV12@@Z 0000000140005b60 f i main.obj
 0001:00004c80       ?_Bx@?$_String_alloc@U?$_String_base_types@DV?$allocator@D@std@@@std@@@std@@QEAAAEAT_Bxty@?$_String_val@U?$_Simple_types@D@std@@@2@XZ 0000000140005c80 f i main.obj
 0001:00004ca0       ?_Chassign@?$basic_string@DU?$char_traits@D@std@@V?$allocator@D@2@@std@@QEAAX_K0D@Z 0000000140005ca0 f i main.obj
 0001:00004d10       ?_Copy@?$basic_string@DU?$char_traits@D@std@@V?$allocator@D@2@@std@@QEAAX_K0@Z 0000000140005d10 f i main.obj
 0001:00004f30       ?_Copy_alloc@?$_String_alloc@U?$_String_base_types@DV?$allocator@D@std@@@std@@@std@@QEAAXAEBU?$_Wrap_alloc@V?$allocator@D@std@@@2@@Z 0000000140005f30 f i main.obj
 0001:00004f60       ?_Deallocate@std@@YAXPEAX_K1@Z 0000000140005f60 f i main.obj
 0001:00005050       ?_Decref@facet@locale@std@@UEAAPEAV_Facet_base@3@XZ 0000000140006050 f i main.obj
 0001:00005080       ?_Eos@?$basic_string@DU?$char_traits@D@std@@V?$allocator@D@2@@std@@QEAAX_K@Z 0000000140006080 f i main.obj
 0001:000050d0       ?_Ffmt@?$num_put@DV?$ostreambuf_iterator@DU?$char_traits@D@std@@@std@@@std@@AEBAPEADPEADDH@Z 00000001400060d0 f i main.obj
 0001:00005290       ?_Fput@?$num_put@DV?$ostreambuf_iterator@DU?$char_traits@D@std@@@std@@@std@@AEBA?AV?$ostreambuf_iterator@DU?$char_traits@D@std@@@2@V32@AEAVios_base@2@DPEBD_K@Z 0000000140006290 f i main.obj
 0001:00005a60       ?_Get_data@?$_String_alloc@U?$_String_base_types@DV?$allocator@D@std@@@std@@@std@@QEBAAEBV?$_String_val@U?$_Simple_types@D@std@@@2@XZ 0000000140006a60 f i main.obj
 0001:00005a60       ?_Getal@?$_String_alloc@U?$_String_base_types@DV?$allocator@D@std@@@std@@@std@@QEBAAEBU?$_Wrap_alloc@V?$allocator@D@std@@@2@XZ 0000000140006a60 f i main.obj
 0001:00005a60       ?_Get_data@?$_String_alloc@U?$_String_base_types@DV?$allocator@D@std@@@std@@@std@@QEAAAEAV?$_String_val@U?$_Simple_types@D@std@@@2@XZ 0000000140006a60 f i main.obj
 0001:00005a60       ?_Getal@?$_String_alloc@U?$_String_base_types@DV?$allocator@D@std@@@std@@@std@@QEAAAEAU?$_Wrap_alloc@V?$allocator@D@std@@@2@XZ 0000000140006a60 f i main.obj
 0001:00005a80       ?_Getcat@?$ctype@D@std@@SA_KPEAPEBVfacet@locale@2@PEBV42@@Z 0000000140006a80 f i main.obj
 0001:00005b80       ?_Getcat@?$num_put@DV?$ostreambuf_iterator@DU?$char_traits@D@std@@@std@@@std@@SA_KPEAPEBVfacet@locale@2@PEBV42@@Z 0000000140006b80 f i main.obj
 0001:00005c80       ?_Getcat@?$numpunct@D@std@@SA_KPEAPEBVfacet@locale@2@PEBV42@@Z 0000000140006c80 f i main.obj
 0001:00005d80       ?_Getctype@_Locinfo@std@@QEBA?AU_Ctypevec@@XZ 0000000140006d80 f i main.obj
 0001:00005de0       ?_Getcvt@_Locinfo@std@@QEBA?AU_Cvtvec@@XZ 0000000140006de0 f i main.obj
 0001:00005e60       ?_Getfacet@locale@std@@QEBAPEBVfacet@12@_K@Z 0000000140006e60 f i main.obj
 0001:00005f20       ?_Getfalse@_Locinfo@std@@QEBAPEBDXZ 0000000140006f20 f i main.obj
 0001:00005f30       ?_Getlconv@_Locinfo@std@@QEBAPEBUlconv@@XZ 0000000140006f30 f i main.obj
 0001:00005f50       ?_Getstate@?$basic_stringbuf@DU?$char_traits@D@std@@V?$allocator@D@2@@std@@AEAAHH@Z 0000000140006f50 f i main.obj
 0001:00005fc0       ?_Gettrue@_Locinfo@std@@QEBAPEBDXZ 0000000140006fc0 f i main.obj
 0001:00005fd0       ?_Gnavail@?$basic_streambuf@DU?$char_traits@D@std@@@std@@IEBA_JXZ 0000000140006fd0 f i main.obj
 0001:00006010       ?_Gninc@?$basic_streambuf@DU?$char_traits@D@std@@@std@@IEAAPEADXZ 0000000140007010 f i main.obj
 0001:00006070       ?_Grow@?$basic_string@DU?$char_traits@D@std@@V?$allocator@D@2@@std@@QEAA_N_K_N@Z 0000000140007070 f i main.obj
 0001:00006160       ?_Ifmt@?$num_put@DV?$ostreambuf_iterator@DU?$char_traits@D@std@@@std@@@std@@AEBAPEADPEADPEBDH@Z 0000000140007160 f i main.obj
 0001:000062f0       ?_Incref@facet@locale@std@@UEAAXXZ 00000001400072f0 f i main.obj
 0001:00006310       ?_Init@?$basic_streambuf@DU?$char_traits@D@std@@@std@@IEAAXXZ 0000000140007310 f i main.obj
 0001:000063b0       ?_Init@?$basic_stringbuf@DU?$char_traits@D@std@@V?$allocator@D@2@@std@@IEAAXPEBD_KH@Z 00000001400073b0 f i main.obj
 0001:00006530       ?_Init@?$ctype@D@std@@IEAAXAEBV_Locinfo@2@@Z 0000000140007530 f i main.obj
 0001:00006570       ?_Init@?$num_put@DV?$ostreambuf_iterator@DU?$char_traits@D@std@@@std@@@std@@IEAAXAEBV_Locinfo@2@@Z 0000000140007570 f i main.obj
 0001:00006570       ?imbue@?$basic_streambuf@DU?$char_traits@D@std@@@std@@MEAAXAEBVlocale@2@@Z 0000000140007570 f i main.obj
 0001:00006570       ??$destroy@PEAD@?$allocator@D@std@@QEAAXPEAPEAD@Z 0000000140007570 f i main.obj
 0001:00006580       ?_Init@?$numpunct@D@std@@IEAAXAEBV_Locinfo@2@_N@Z 0000000140007580 f i main.obj
 0001:00006780       ?_Init@ios_base@std@@IEAAXXZ 0000000140007780 f i main.obj
 0001:00006840       ?_Init_atomic_counter@std@@YAXAEAKK@Z 0000000140007840 f i main.obj
 0001:00006860       ?_Inside@?$basic_string@DU?$char_traits@D@std@@V?$allocator@D@2@@std@@QEAA_NPEBD@Z 0000000140007860 f i main.obj
 0001:000068c0       ?_Iput@?$num_put@DV?$ostreambuf_iterator@DU?$char_traits@D@std@@@std@@@std@@AEBA?AV?$ostreambuf_iterator@DU?$char_traits@D@std@@@2@V32@AEAVios_base@2@DPEAD_K@Z 00000001400078c0 f i main.obj
 0001:00006f90       ?_Makestr@_System_error@std@@CA?AV?$basic_string@DU?$char_traits@D@std@@V?$allocator@D@2@@2@Verror_code@2@V32@@Z 0000000140007f90 f i main.obj
 0001:00007070       ?_Myptr@?$_String_alloc@U?$_String_base_types@DV?$allocator@D@std@@@std@@@std@@QEAAPEADXZ 0000000140008070 f i main.obj
 0001:00007070       ?_Myptr@?$_String_alloc@U?$_String_base_types@DV?$allocator@D@std@@@std@@@std@@QEBAPEBDXZ 0000000140008070 f i main.obj
 0001:00007090       ?_Myptr@?$_String_val@U?$_Simple_types@D@std@@@std@@QEBAPEBDXZ 0000000140008090 f i main.obj
 0001:00007090       ?_Myptr@?$_String_val@U?$_Simple_types@D@std@@@std@@QEAAPEADXZ 0000000140008090 f i main.obj
 0001:000070d0       ?_Myres@?$_String_alloc@U?$_String_base_types@DV?$allocator@D@std@@@std@@@std@@QEAAAEA_KXZ 00000001400080d0 f i main.obj
 0001:000070f0       ?_Mysize@?$_String_alloc@U?$_String_base_types@DV?$allocator@D@std@@@std@@@std@@QEBAAEB_KXZ 00000001400080f0 f i main.obj
 0001:000070f0       ?_Mysize@?$_String_alloc@U?$_String_base_types@DV?$allocator@D@std@@@std@@@std@@QEAAAEA_KXZ 00000001400080f0 f i main.obj
 0001:00007110       ?_Osfx@?$basic_ostream@DU?$char_traits@D@std@@@std@@QEAAXXZ 0000000140008110 f i main.obj
 0001:000071f0       ?_Pnavail@?$basic_streambuf@DU?$char_traits@D@std@@@std@@IEBA_JXZ 00000001400081f0 f i main.obj
 0001:00007230       ?_Pninc@?$basic_streambuf@DU?$char_traits@D@std@@@std@@IEAAPEADXZ 0000000140008230 f i main.obj
 0001:00007290       ?_Put@?$num_put@DV?$ostreambuf_iterator@DU?$char_traits@D@std@@@std@@@std@@AEBA?AV?$ostreambuf_iterator@DU?$char_traits@D@std@@@2@V32@PEBD_K@Z 0000000140008290 f i main.obj
 0001:00007320       ?_Rep@?$num_put@DV?$ostreambuf_iterator@DU?$char_traits@D@std@@@std@@@std@@AEBA?AV?$ostreambuf_iterator@DU?$char_traits@D@std@@@2@V32@D_K@Z 0000000140008320 f i main.obj
 0001:000073a0       ?_Tidy@?$_Yarn@_W@std@@AEAAXXZ 00000001400083a0 f i main.obj
 0001:000073a0       ?_Tidy@?$_Yarn@D@std@@AEAAXXZ 00000001400083a0 f i main.obj
 0001:000073e0       ?_Tidy@?$basic_string@DU?$char_traits@D@std@@V?$allocator@D@2@@std@@QEAAX_N_K@Z 00000001400083e0 f i main.obj
 0001:000074e0       ?_Tidy@?$basic_stringbuf@DU?$char_traits@D@std@@V?$allocator@D@2@@std@@IEAAXXZ 00000001400084e0 f i main.obj
 0001:000075b0       ?_Tidy@?$ctype@D@std@@IEAAXXZ 00000001400085b0 f i main.obj
 0001:00007610       ?_Tidy@?$numpunct@D@std@@AEAAXXZ 0000000140008610 f i main.obj
 0001:00007650       ?_Unlock@?$basic_streambuf@DU?$char_traits@D@std@@@std@@UEAAXXZ 0000000140008650 f i main.obj
 0001:00007650       ??1?$_Immortalizer@V_Iostream_error_category@std@@@std@@QEAA@XZ 0000000140008650 f i main.obj
 0001:00007650       ?_Lock@?$basic_streambuf@DU?$char_traits@D@std@@@std@@UEAAXXZ 0000000140008650 f i main.obj
 0001:00007660       ?_Xlen@?$basic_string@DU?$char_traits@D@std@@V?$allocator@D@2@@std@@QEBAXXZ 0000000140008660 f i main.obj
 0001:00007680       ?_Xran@?$basic_string@DU?$char_traits@D@std@@V?$allocator@D@2@@std@@QEBAXXZ 0000000140008680 f i main.obj
 0001:000076a0       ?allocate@?$_Wrap_alloc@V?$allocator@D@std@@@std@@QEAAPEAD_K@Z 00000001400086a0 f i main.obj
 0001:000076d0       ?allocate@?$allocator@D@std@@QEAAPEAD_K@Z 00000001400086d0 f i main.obj
 0001:00007700       ?append@?$basic_string@DU?$char_traits@D@std@@V?$allocator@D@2@@std@@QEAAAEAV12@AEBV12@@Z 0000000140008700 f i main.obj
 0001:00007730       ?append@?$basic_string@DU?$char_traits@D@std@@V?$allocator@D@2@@std@@QEAAAEAV12@AEBV12@_K1@Z 0000000140008730 f i main.obj
 0001:00007860       ?append@?$basic_string@DU?$char_traits@D@std@@V?$allocator@D@2@@std@@QEAAAEAV12@PEBD@Z 0000000140008860 f i main.obj
 0001:00007890       ?append@?$basic_string@DU?$char_traits@D@std@@V?$allocator@D@2@@std@@QEAAAEAV12@PEBD_K@Z 0000000140008890 f i main.obj
 0001:000079a0       ?append@?$basic_string@DU?$char_traits@D@std@@V?$allocator@D@2@@std@@QEAAAEAV12@_KD@Z 00000001400089a0 f i main.obj
 0001:00007a60       ?assign@?$basic_string@DU?$char_traits@D@std@@V?$allocator@D@2@@std@@QEAAAEAV12@$$QEAV12@@Z 0000000140008a60 f i main.obj
 0001:00007b20       ?assign@?$basic_string@DU?$char_traits@D@std@@V?$allocator@D@2@@std@@QEAAAEAV12@AEBV12@@Z 0000000140008b20 f i main.obj
 0001:00007b50       ?assign@?$basic_string@DU?$char_traits@D@std@@V?$allocator@D@2@@std@@QEAAAEAV12@AEBV12@_K1@Z 0000000140008b50 f i main.obj
 0001:00007c50       ?assign@?$basic_string@DU?$char_traits@D@std@@V?$allocator@D@2@@std@@QEAAAEAV12@PEBD@Z 0000000140008c50 f i main.obj
 0001:00007c80       ?assign@?$basic_string@DU?$char_traits@D@std@@V?$allocator@D@2@@std@@QEAAAEAV12@PEBD_K@Z 0000000140008c80 f i main.obj
 0001:00007d30       ?assign@?$basic_string@DU?$char_traits@D@std@@V?$allocator@D@2@@std@@QEAAAEAV12@_KD@Z 0000000140008d30 f i main.obj
 0001:00007db0       ?assign@?$char_traits@D@std@@SAPEADPEAD_KD@Z 0000000140008db0 f i main.obj
 0001:00007de0       ?assign@?$char_traits@D@std@@SAXAEADAEBD@Z 0000000140008de0 f i main.obj
 0001:00007e00       ?c_str@?$_Yarn@D@std@@QEBAPEBDXZ 0000000140008e00 f i main.obj
 0001:00007e40       ?c_str@?$basic_string@DU?$char_traits@D@std@@V?$allocator@D@2@@std@@QEBAPEBDXZ 0000000140008e40 f i main.obj
 0001:00007e70       ?c_str@locale@std@@QEBAPEBDXZ 0000000140008e70 f i main.obj
 0001:00007ec0       ?category@error_condition@std@@QEBAAEBVerror_category@2@XZ 0000000140008ec0 f i main.obj
 0001:00007ec0       ?category@error_code@std@@QEBAAEBVerror_category@2@XZ 0000000140008ec0 f i main.obj
 0001:00007ed0       ?clear@?$basic_ios@DU?$char_traits@D@std@@@std@@QEAAXH_N@Z 0000000140008ed0 f i main.obj
 0001:00007f20       ?clear@ios_base@std@@QEAAXH@Z 0000000140008f20 f i main.obj
 0001:00007f50       ?clear@ios_base@std@@QEAAXH_N@Z 0000000140008f50 f i main.obj
 0001:000080b0       ?copy@?$char_traits@D@std@@SAPEADPEADPEBD_K@Z 00000001400090b0 f i main.obj
 0001:00008100       ?deallocate@?$_Wrap_alloc@V?$allocator@D@std@@@std@@QEAAXPEAD_K@Z 0000000140009100 f i main.obj
 0001:00008130       ?deallocate@?$allocator@D@std@@QEAAXPEAD_K@Z 0000000140009130 f i main.obj
 0001:00008160       ?decimal_point@?$numpunct@D@std@@QEBADXZ 0000000140009160 f i main.obj
 0001:00008180       ?default_error_condition@error_category@std@@UEBA?AVerror_condition@2@H@Z 0000000140009180 f i main.obj
 0001:000081b0       ?do_decimal_point@?$numpunct@D@std@@MEBADXZ 00000001400091b0 f i main.obj
 0001:000081c0       ?do_falsename@?$numpunct@D@std@@MEBA?AV?$basic_string@DU?$char_traits@D@std@@V?$allocator@D@2@@2@XZ 00000001400091c0 f i main.obj
 0001:00008200       ?do_grouping@?$numpunct@D@std@@MEBA?AV?$basic_string@DU?$char_traits@D@std@@V?$allocator@D@2@@2@XZ 0000000140009200 f i main.obj
 0001:00008240       ?do_narrow@?$ctype@D@std@@MEBADDD@Z 0000000140009240 f i main.obj
 0001:00008260       ?do_narrow@?$ctype@D@std@@MEBAPEBDPEBD0DPEAD@Z 0000000140009260 f i main.obj
 0001:000082a0       ?do_put@?$num_put@DV?$ostreambuf_iterator@DU?$char_traits@D@std@@@std@@@std@@MEBA?AV?$ostreambuf_iterator@DU?$char_traits@D@std@@@2@V32@AEAVios_base@2@DJ@Z 00000001400092a0 f i main.obj
 0001:00008390       ?do_put@?$num_put@DV?$ostreambuf_iterator@DU?$char_traits@D@std@@@std@@@std@@MEBA?AV?$ostreambuf_iterator@DU?$char_traits@D@std@@@2@V32@AEAVios_base@2@DK@Z 0000000140009390 f i main.obj
 0001:00008480       ?do_put@?$num_put@DV?$ostreambuf_iterator@DU?$char_traits@D@std@@@std@@@std@@MEBA?AV?$ostreambuf_iterator@DU?$char_traits@D@std@@@2@V32@AEAVios_base@2@DN@Z 0000000140009480 f i main.obj
 0001:000086e0       ?do_put@?$num_put@DV?$ostreambuf_iterator@DU?$char_traits@D@std@@@std@@@std@@MEBA?AV?$ostreambuf_iterator@DU?$char_traits@D@std@@@2@V32@AEAVios_base@2@DO@Z 00000001400096e0 f i main.obj
 0001:00008940       ?do_put@?$num_put@DV?$ostreambuf_iterator@DU?$char_traits@D@std@@@std@@@std@@MEBA?AV?$ostreambuf_iterator@DU?$char_traits@D@std@@@2@V32@AEAVios_base@2@DPEBX@Z 0000000140009940 f i main.obj
 0001:00008a10       ?do_put@?$num_put@DV?$ostreambuf_iterator@DU?$char_traits@D@std@@@std@@@std@@MEBA?AV?$ostreambuf_iterator@DU?$char_traits@D@std@@@2@V32@AEAVios_base@2@D_J@Z 0000000140009a10 f i main.obj
 0001:00008b00       ?do_put@?$num_put@DV?$ostreambuf_iterator@DU?$char_traits@D@std@@@std@@@std@@MEBA?AV?$ostreambuf_iterator@DU?$char_traits@D@std@@@2@V32@AEAVios_base@2@D_K@Z 0000000140009b00 f i main.obj
 0001:00008bf0       ?do_put@?$num_put@DV?$ostreambuf_iterator@DU?$char_traits@D@std@@@std@@@std@@MEBA?AV?$ostreambuf_iterator@DU?$char_traits@D@std@@@2@V32@AEAVios_base@2@D_N@Z 0000000140009bf0 f i main.obj
 0001:00008f90       ?do_thousands_sep@?$numpunct@D@std@@MEBADXZ 0000000140009f90 f i main.obj
 0001:00008fa0       ?do_tolower@?$ctype@D@std@@MEBADD@Z 0000000140009fa0 f i main.obj
 0001:00008fd0       ?do_tolower@?$ctype@D@std@@MEBAPEBDPEADPEBD@Z 0000000140009fd0 f i main.obj
 0001:00009030       ?do_toupper@?$ctype@D@std@@MEBADD@Z 000000014000a030 f i main.obj
 0001:00009060       ?do_toupper@?$ctype@D@std@@MEBAPEBDPEADPEBD@Z 000000014000a060 f i main.obj
 0001:000090c0       ?do_truename@?$numpunct@D@std@@MEBA?AV?$basic_string@DU?$char_traits@D@std@@V?$allocator@D@2@@2@XZ 000000014000a0c0 f i main.obj
 0001:00009100       ?do_widen@?$ctype@D@std@@MEBADD@Z 000000014000a100 f i main.obj
 0001:00009110       ?do_widen@?$ctype@D@std@@MEBAPEBDPEBD0PEAD@Z 000000014000a110 f i main.obj
 0001:00009150       ?eback@?$basic_streambuf@DU?$char_traits@D@std@@@std@@IEBAPEADXZ 000000014000a150 f i main.obj
 0001:00009170       ?egptr@?$basic_streambuf@DU?$char_traits@D@std@@@std@@IEBAPEADXZ 000000014000a170 f i main.obj
 0001:000091a0       ?empty@?$basic_string@DU?$char_traits@D@std@@V?$allocator@D@2@@std@@QEBA_NXZ 000000014000a1a0 f i main.obj
 0001:000091e0       ?eof@?$char_traits@D@std@@SAHXZ 000000014000a1e0 f i main.obj
 0001:000091f0       ?epptr@?$basic_streambuf@DU?$char_traits@D@std@@@std@@IEBAPEADXZ 000000014000a1f0 f i main.obj
 0001:00009220       ?eq@?$char_traits@D@std@@SA_NAEBD0@Z 000000014000a220 f i main.obj
 0001:00009260       ?eq_int_type@?$char_traits@D@std@@SA_NAEBH0@Z 000000014000a260 f i main.obj
 0001:000092a0       ?equivalent@error_category@std@@UEBA_NAEBVerror_code@2@H@Z 000000014000a2a0 f i main.obj
 0001:00009300       ?equivalent@error_category@std@@UEBA_NHAEBVerror_condition@2@@Z 000000014000a300 f i main.obj
 0001:00009340       ?erase@?$basic_string@DU?$char_traits@D@std@@V?$allocator@D@2@@std@@QEAAAEAV12@_K0@Z 000000014000a340 f i main.obj
 0001:00009420       ?erase@?$basic_string@DU?$char_traits@D@std@@V?$allocator@D@2@@std@@QEAAAEAV12@_K@Z 000000014000a420 f i main.obj
 0001:00009470       ?falsename@?$numpunct@D@std@@QEBA?AV?$basic_string@DU?$char_traits@D@std@@V?$allocator@D@2@@2@XZ 000000014000a470 f i main.obj
 0001:000094b0       ?fill@?$basic_ios@DU?$char_traits@D@std@@@std@@QEBADXZ 000000014000a4b0 f i main.obj
 0001:000094c0       ?flags@ios_base@std@@QEBAHXZ 000000014000a4c0 f i main.obj
 0001:000094d0       ?flush@?$basic_ostream@DU?$char_traits@D@std@@@std@@QEAAAEAV12@XZ 000000014000a4d0 f i main.obj
 0001:00009590       ?gbump@?$basic_streambuf@DU?$char_traits@D@std@@@std@@IEAAXH@Z 000000014000a590 f i main.obj
 0001:000095e0       ?get_allocator@?$basic_string@DU?$char_traits@D@std@@V?$allocator@D@2@@std@@QEBA?AV?$allocator@D@2@XZ 000000014000a5e0 f i main.obj
 0001:00009610       ?getloc@ios_base@std@@QEBA?AVlocale@2@XZ 000000014000a610 f i main.obj
 0001:00009650       ?good@ios_base@std@@QEBA_NXZ 000000014000a650 f i main.obj
 0001:00009690       ?gptr@?$basic_streambuf@DU?$char_traits@D@std@@@std@@IEBAPEADXZ 000000014000a690 f i main.obj
 0001:000096b0       ?grouping@?$numpunct@D@std@@QEBA?AV?$basic_string@DU?$char_traits@D@std@@V?$allocator@D@2@@2@XZ 000000014000a6b0 f i main.obj
 0001:000096f0       ?init@?$basic_ios@DU?$char_traits@D@std@@@std@@IEAAXPEAV?$basic_streambuf@DU?$char_traits@D@std@@@2@_N@Z 000000014000a6f0 f i main.obj
 0001:00009780       ?insert@?$basic_string@DU?$char_traits@D@std@@V?$allocator@D@2@@std@@QEAAAEAV12@_K0D@Z 000000014000a780 f i main.obj
 0001:000098b0       ?iostream_category@std@@YAAEBVerror_category@1@XZ 000000014000a8b0 f i main.obj
 0001:000098d0       ?length@?$char_traits@D@std@@SA_KPEBD@Z 000000014000a8d0 f i main.obj
 0001:00009930       ?make_error_code@std@@YA?AVerror_code@1@W4io_errc@1@@Z 000000014000a930 f i main.obj
 0001:00009960       ?max_size@?$_Wrap_alloc@V?$allocator@D@std@@@std@@QEBA_KU_Nil@2@@Z 000000014000a960 f i main.obj
 0001:00009980       ?max_size@?$allocator@D@std@@QEBA_KXZ 000000014000a980 f i main.obj
 0001:00009990       ?max_size@?$allocator_traits@V?$allocator@D@std@@@std@@SA_KAEBV?$allocator@D@2@@Z 000000014000a990 f i main.obj
 0001:000099b0       ?max_size@?$basic_string@DU?$char_traits@D@std@@V?$allocator@D@2@@std@@QEBA_KXZ 000000014000a9b0 f i main.obj
 0001:00009a00       ?message@_Generic_error_category@std@@UEBA?AV?$basic_string@DU?$char_traits@D@std@@V?$allocator@D@2@@2@H@Z 000000014000aa00 f i main.obj
 0001:00009a50       ?message@_Iostream_error_category@std@@UEBA?AV?$basic_string@DU?$char_traits@D@std@@V?$allocator@D@2@@2@H@Z 000000014000aa50 f i main.obj
 0001:00009ac0       ?message@error_code@std@@QEBA?AV?$basic_string@DU?$char_traits@D@std@@V?$allocator@D@2@@2@XZ 000000014000aac0 f i main.obj
 0001:00009b30       ?move@?$char_traits@D@std@@SAPEADPEADPEBD_K@Z 000000014000ab30 f i main.obj
 0001:00009b80       ?name@_Generic_error_category@std@@UEBAPEBDXZ 000000014000ab80 f i main.obj
 0001:00009b90       ?name@_Iostream_error_category@std@@UEBAPEBDXZ 000000014000ab90 f i main.obj
 0001:00009ba0       ?not_eof@?$char_traits@D@std@@SAHAEBH@Z 000000014000aba0 f i main.obj
 0001:00009bf0       ?overflow@?$basic_stringbuf@DU?$char_traits@D@std@@V?$allocator@D@2@@std@@MEAAHH@Z 000000014000abf0 f i main.obj
 0001:0000a0d0       ?overflow@?$basic_streambuf@DU?$char_traits@D@std@@@std@@MEAAHH@Z 000000014000b0d0 f i main.obj
 0001:0000a0d0       ?pbackfail@?$basic_streambuf@DU?$char_traits@D@std@@@std@@MEAAHH@Z 000000014000b0d0 f i main.obj
 0001:0000a0f0       ?pbackfail@?$basic_stringbuf@DU?$char_traits@D@std@@V?$allocator@D@2@@std@@MEAAHH@Z 000000014000b0f0 f i main.obj
 0001:0000a200       ?pbase@?$basic_streambuf@DU?$char_traits@D@std@@@std@@IEBAPEADXZ 000000014000b200 f i main.obj
 0001:0000a220       ?pbump@?$basic_streambuf@DU?$char_traits@D@std@@@std@@IEAAXH@Z 000000014000b220 f i main.obj
 0001:0000a270       ?pptr@?$basic_streambuf@DU?$char_traits@D@std@@@std@@IEBAPEADXZ 000000014000b270 f i main.obj
 0001:0000a290       ?precision@ios_base@std@@QEBA_JXZ 000000014000b290 f i main.obj
 0001:0000a2a0       ?pubsync@?$basic_streambuf@DU?$char_traits@D@std@@@std@@QEAAHXZ 000000014000b2a0 f i main.obj
 0001:0000a2c0       ?put@?$num_put@DV?$ostreambuf_iterator@DU?$char_traits@D@std@@@std@@@std@@QEBA?AV?$ostreambuf_iterator@DU?$char_traits@D@std@@@2@V32@AEAVios_base@2@DK@Z 000000014000b2c0 f i main.obj
 0001:0000a330       ?rdbuf@?$basic_ios@DU?$char_traits@D@std@@@std@@QEBAPEAV?$basic_streambuf@DU?$char_traits@D@std@@@2@XZ 000000014000b330 f i main.obj
 0001:0000a340       ?rdstate@ios_base@std@@QEBAHXZ 000000014000b340 f i main.obj
 0001:0000a350       ?resize@?$basic_string@DU?$char_traits@D@std@@V?$allocator@D@2@@std@@QEAAX_K@Z 000000014000b350 f i main.obj
 0001:0000a380       ?resize@?$basic_string@DU?$char_traits@D@std@@V?$allocator@D@2@@std@@QEAAX_KD@Z 000000014000b380 f i main.obj
 0001:0000a3f0       ?seekoff@?$basic_streambuf@DU?$char_traits@D@std@@@std@@MEAA?AV?$fpos@U_Mbstatet@@@2@_JHH@Z 000000014000b3f0 f i main.obj
 0001:0000a3f0       ?seekpos@?$basic_streambuf@DU?$char_traits@D@std@@@std@@MEAA?AV?$fpos@U_Mbstatet@@@2@V32@H@Z 000000014000b3f0 f i main.obj
 0001:0000a430       ?seekoff@?$basic_stringbuf@DU?$char_traits@D@std@@V?$allocator@D@2@@std@@MEAA?AV?$fpos@U_Mbstatet@@@2@_JHH@Z 000000014000b430 f i main.obj
 0001:0000a750       ?seekpos@?$basic_stringbuf@DU?$char_traits@D@std@@V?$allocator@D@2@@std@@MEAA?AV?$fpos@U_Mbstatet@@@2@V32@H@Z 000000014000b750 f i main.obj
 0001:0000a970       ?select_on_container_copy_construction@?$_Wrap_alloc@V?$allocator@D@std@@@std@@QEBA?AU12@U_Nil@2@@Z 000000014000b970 f i main.obj
 0001:0000a9b0       ?setbuf@?$basic_streambuf@DU?$char_traits@D@std@@@std@@MEAAPEAV12@PEAD_J@Z 000000014000b9b0 f i main.obj
 0001:0000a9d0       ?setg@?$basic_streambuf@DU?$char_traits@D@std@@@std@@IEAAXPEAD00@Z 000000014000b9d0 f i main.obj
 0001:0000aa30       ?setp@?$basic_streambuf@DU?$char_traits@D@std@@@std@@IEAAXPEAD00@Z 000000014000ba30 f i main.obj
 0001:0000aa90       ?setp@?$basic_streambuf@DU?$char_traits@D@std@@@std@@IEAAXPEAD0@Z 000000014000ba90 f i main.obj
 0001:0000aae0       ?setstate@?$basic_ios@DU?$char_traits@D@std@@@std@@QEAAXH_N@Z 000000014000bae0 f i main.obj
 0001:0000ab20       ?size@?$basic_string@DU?$char_traits@D@std@@V?$allocator@D@2@@std@@QEBA_KXZ 000000014000bb20 f i main.obj
 0001:0000ab40       ?sputc@?$basic_streambuf@DU?$char_traits@D@std@@@std@@QEAAHD@Z 000000014000bb40 f i main.obj
 0001:0000abc0       ?sputn@?$basic_streambuf@DU?$char_traits@D@std@@@std@@QEAA_JPEBD_J@Z 000000014000bbc0 f i main.obj
 0001:0000ac00       ?str@?$basic_stringbuf@DU?$char_traits@D@std@@V?$allocator@D@2@@std@@QEAAXAEBV?$basic_string@DU?$char_traits@D@std@@V?$allocator@D@2@@2@@Z 000000014000bc00 f i main.obj
 0001:0000ac60       ?str@?$basic_stringbuf@DU?$char_traits@D@std@@V?$allocator@D@2@@std@@QEBA?AV?$basic_string@DU?$char_traits@D@std@@V?$allocator@D@2@@2@XZ 000000014000bc60 f i main.obj
 0001:0000ae80       ?str@?$basic_stringstream@DU?$char_traits@D@std@@V?$allocator@D@2@@std@@QEAAXAEBV?$basic_string@DU?$char_traits@D@std@@V?$allocator@D@2@@2@@Z 000000014000be80 f i main.obj
 0001:0000aeb0       ?str@?$basic_stringstream@DU?$char_traits@D@std@@V?$allocator@D@2@@std@@QEBA?AV?$basic_string@DU?$char_traits@D@std@@V?$allocator@D@2@@2@XZ 000000014000beb0 f i main.obj
 0001:0000af00       ?sync@?$basic_streambuf@DU?$char_traits@D@std@@@std@@MEAAHXZ 000000014000bf00 f i main.obj
 0001:0000af00       ?showmanyc@?$basic_streambuf@DU?$char_traits@D@std@@@std@@MEAA_JXZ 000000014000bf00 f i main.obj
 0001:0000af10       ?thousands_sep@?$numpunct@D@std@@QEBADXZ 000000014000bf10 f i main.obj
 0001:0000af30       ?tie@?$basic_ios@DU?$char_traits@D@std@@@std@@QEBAPEAV?$basic_ostream@DU?$char_traits@D@std@@@2@XZ 000000014000bf30 f i main.obj
 0001:0000af40       ?to_int_type@?$char_traits@D@std@@SAHAEBD@Z 000000014000bf40 f i main.obj
 0001:0000af40       ?failed@?$ostreambuf_iterator@DU?$char_traits@D@std@@@std@@QEBA_NXZ 000000014000bf40 f i main.obj
 0001:0000af40       ?to_char_type@?$char_traits@D@std@@SADAEBH@Z 000000014000bf40 f i main.obj
 0001:0000af50       ?truename@?$numpunct@D@std@@QEBA?AV?$basic_string@DU?$char_traits@D@std@@V?$allocator@D@2@@2@XZ 000000014000bf50 f i main.obj
 0001:0000af90       ?uflow@?$basic_streambuf@DU?$char_traits@D@std@@@std@@MEAAHXZ 000000014000bf90 f i main.obj
 0001:0000b000       ?underflow@?$basic_streambuf@DU?$char_traits@D@std@@@std@@MEAAHXZ 000000014000c000 f i main.obj
 0001:0000b020       ?underflow@?$basic_stringbuf@DU?$char_traits@D@std@@V?$allocator@D@2@@std@@MEAAHXZ 000000014000c020 f i main.obj
 0001:0000b160       ?value@error_code@std@@QEBAHXZ 000000014000c160 f i main.obj
 0001:0000b160       ?value@error_condition@std@@QEBAHXZ 000000014000c160 f i main.obj
 0001:0000b170       ?what@exception@std@@UEBAPEBDXZ 000000014000c170 f i main.obj
 0001:0000b1b0       ?widen@?$basic_ios@DU?$char_traits@D@std@@@std@@QEBADD@Z 000000014000c1b0 f i main.obj
 0001:0000b220       ?widen@?$ctype@D@std@@QEBADD@Z 000000014000c220 f i main.obj
 0001:0000b250       ?widen@?$ctype@D@std@@QEBAPEBDPEBD0PEAD@Z 000000014000c250 f i main.obj
 0001:0000b290       ?width@ios_base@std@@QEAA_J_J@Z 000000014000c290 f i main.obj
 0001:0000b2d0       ?width@ios_base@std@@QEBA_JXZ 000000014000c2d0 f i main.obj
 0001:0000b2e0       ?xsgetn@?$basic_streambuf@DU?$char_traits@D@std@@@std@@MEAA_JPEAD_J@Z 000000014000c2e0 f i main.obj
 0001:0000b430       ?xsputn@?$basic_streambuf@DU?$char_traits@D@std@@@std@@MEAA_JPEBD_J@Z 000000014000c430 f i main.obj
 0001:0000b580       __local_stdio_printf_options 000000014000c580 f i main.obj
 0001:0000b590       _vfprintf_s_l              000000014000c590 f i main.obj
 0001:0000b5e0       _vsprintf_s_l              000000014000c5e0 f i main.obj
 0001:0000b650       fabsl                      000000014000c650 f i main.obj
 0001:0000b670       frexpl                     000000014000c670 f i main.obj
 0001:0000b6a0       printf_s                   000000014000c6a0 f i main.obj
 0001:0000b700       sprintf_s                  000000014000c700 f i main.obj
 0001:0000b75e       SDL_GetError               000000014000c75e f   SDL2:SDL2.dll
 0001:0000b764       SDL_RWFromFile             000000014000c764 f   SDL2:SDL2.dll
 0001:0000b76a       SDL_MapRGB                 000000014000c76a f   SDL2:SDL2.dll
 0001:0000b770       SDL_FreeSurface            000000014000c770 f   SDL2:SDL2.dll
 0001:0000b776       SDL_SetColorKey            000000014000c776 f   SDL2:SDL2.dll
 0001:0000b77c       SDL_CreateWindow           000000014000c77c f   SDL2:SDL2.dll
 0001:0000b782       SDL_DestroyWindow          000000014000c782 f   SDL2:SDL2.dll
 0001:0000b788       SDL_GetKeyboardState       000000014000c788 f   SDL2:SDL2.dll
 0001:0000b78e       SDL_GetMouseState          000000014000c78e f   SDL2:SDL2.dll
 0001:0000b794       SDL_PollEvent              000000014000c794 f   SDL2:SDL2.dll
 0001:0000b79a       SDL_CreateRenderer         000000014000c79a f   SDL2:SDL2.dll
 0001:0000b7a0       SDL_CreateTextureFromSurface 000000014000c7a0 f   SDL2:SDL2.dll
 0001:0000b7a6       SDL_SetTextureColorMod     000000014000c7a6 f   SDL2:SDL2.dll
 0001:0000b7ac       SDL_SetTextureAlphaMod     000000014000c7ac f   SDL2:SDL2.dll
 0001:0000b7b2       SDL_SetTextureBlendMode    000000014000c7b2 f   SDL2:SDL2.dll
 0001:0000b7b8       SDL_SetRenderDrawColor     000000014000c7b8 f   SDL2:SDL2.dll
 0001:0000b7be       SDL_RenderClear            000000014000c7be f   SDL2:SDL2.dll
 0001:0000b7c4       SDL_RenderCopyEx           000000014000c7c4 f   SDL2:SDL2.dll
 0001:0000b7ca       SDL_RenderPresent          000000014000c7ca f   SDL2:SDL2.dll
 0001:0000b7d0       SDL_DestroyTexture         000000014000c7d0 f   SDL2:SDL2.dll
 0001:0000b7d6       SDL_DestroyRenderer        000000014000c7d6 f   SDL2:SDL2.dll
 0001:0000b7dc       SDL_GetTicks               000000014000c7dc f   SDL2:SDL2.dll
 0001:0000b7e2       SDL_Init                   000000014000c7e2 f   SDL2:SDL2.dll
 0001:0000b7e8       SDL_Quit                   000000014000c7e8 f   SDL2:SDL2.dll
 0001:0000b7ee       IMG_Init                   000000014000c7ee f   SDL2_image:SDL2_image.dll
 0001:0000b7f4       IMG_Quit                   000000014000c7f4 f   SDL2_image:SDL2_image.dll
 0001:0000b7fa       IMG_Load                   000000014000c7fa f   SDL2_image:SDL2_image.dll
 0001:0000b800       IMG_LoadTexture            000000014000c800 f   SDL2_image:SDL2_image.dll
 0001:0000b806       TTF_Init                   000000014000c806 f   SDL2_ttf:SDL2_ttf.dll
 0001:0000b80c       TTF_OpenFont               000000014000c80c f   SDL2_ttf:SDL2_ttf.dll
 0001:0000b812       TTF_RenderText_Solid       000000014000c812 f   SDL2_ttf:SDL2_ttf.dll
 0001:0000b818       TTF_CloseFont              000000014000c818 f   SDL2_ttf:SDL2_ttf.dll
 0001:0000b81e       TTF_Quit                   000000014000c81e f   SDL2_ttf:SDL2_ttf.dll
 0001:0000b824       Mix_Quit                   000000014000c824 f   SDL2_mixer:SDL2_mixer.dll
 0001:0000b82a       Mix_OpenAudio              000000014000c82a f   SDL2_mixer:SDL2_mixer.dll
 0001:0000b830       Mix_LoadWAV_RW             000000014000c830 f   SDL2_mixer:SDL2_mixer.dll
 0001:0000b836       Mix_FreeChunk              000000014000c836 f   SDL2_mixer:SDL2_mixer.dll
 0001:0000b83c       Mix_FreeMusic              000000014000c83c f   SDL2_mixer:SDL2_mixer.dll
 0001:0000b842       Mix_PlayChannelTimed       000000014000c842 f   SDL2_mixer:SDL2_mixer.dll
 0001:0000b848       ??0_Init_locks@std@@QEAA@XZ 000000014000c848 f   libcpmt:xlock.obj
 0001:0000b894       ??0_Lockit@std@@QEAA@H@Z   000000014000c894 f   libcpmt:xlock.obj
 0001:0000b8d0       ??1_Init_locks@std@@QEAA@XZ 000000014000c8d0 f   libcpmt:xlock.obj
 0001:0000b914       ??1_Lockit@std@@QEAA@XZ    000000014000c914 f   libcpmt:xlock.obj
 0001:0000b948       ?uncaught_exception@std@@YA_NXZ 000000014000c948 f   libcpmt:uncaught.obj
 0001:0000b950       ??0bad_alloc@std@@QEAA@AEBV01@@Z 000000014000c950 f i libcpmt:xthrow.obj
 0001:0000b990       ??0bad_alloc@std@@QEAA@XZ  000000014000c990 f i libcpmt:xthrow.obj
 0001:0000b9b0       ??0length_error@std@@QEAA@AEBV01@@Z 000000014000c9b0 f i libcpmt:xthrow.obj
 0001:0000b9f0       ??0length_error@std@@QEAA@PEBD@Z 000000014000c9f0 f i libcpmt:xthrow.obj
 0001:0000ba3c       ??0logic_error@std@@QEAA@AEBV01@@Z 000000014000ca3c f i libcpmt:xthrow.obj
 0001:0000ba7c       ??0out_of_range@std@@QEAA@AEBV01@@Z 000000014000ca7c f i libcpmt:xthrow.obj
 0001:0000babc       ??0out_of_range@std@@QEAA@PEBD@Z 000000014000cabc f i libcpmt:xthrow.obj
 0001:0000bb08       ??1bad_array_new_length@std@@UEAA@XZ 000000014000cb08 f i LIBCMT:throw_bad_alloc.obj
 0001:0000bb08       ??1bad_alloc@std@@UEAA@XZ  000000014000cb08 f i libcpmt:xthrow.obj
 0001:0000bb08       ??1length_error@std@@UEAA@XZ 000000014000cb08 f i libcpmt:xthrow.obj
 0001:0000bb08       ??1bad_exception@std@@UEAA@XZ 000000014000cb08 f i libvcruntime:frame.obj
 0001:0000bb08       ??1out_of_range@std@@UEAA@XZ 000000014000cb08 f i libcpmt:xthrow.obj
 0001:0000bb1c       ?_Xlength_error@std@@YAXPEBD@Z 000000014000cb1c f   libcpmt:xthrow.obj
 0001:0000bb40       ?_Xout_of_range@std@@YAXPEBD@Z 000000014000cb40 f   libcpmt:xthrow.obj
 0001:0000bb64       _Getctype                  000000014000cb64 f   libcpmt:_tolower.obj
 0001:0000bc24       _Tolower                   000000014000cc24 f   libcpmt:_tolower.obj
 0001:0000bd4c       _Getcvt                    000000014000cd4c f   libcpmt:xwctomb.obj
 0001:0000bddc       _Toupper                   000000014000cddc f   libcpmt:_toupper.obj
 0001:0000bf14       ??4?$_Yarn@D@std@@QEAAAEAV01@PEBD@Z 000000014000cf14 f i libcpmt:locale0.obj
 0001:0000bf8c       ??_G_Fac_node@std@@QEAAPEAXI@Z 000000014000cf8c f i libcpmt:locale0.obj
 0001:0000c018       ??_G_Locimp@locale@std@@MEAAPEAXI@Z 000000014000d018 f i libcpmt:locale0.obj
 0001:0000c018       ??_E_Locimp@locale@std@@MEAAPEAXI@Z 000000014000d018 f i libcpmt:locale0.obj
 0001:0000c084       ?_Facet_Register@std@@YAXPEAV_Facet_base@1@@Z 000000014000d084 f   libcpmt:locale0.obj
 0001:0000c0bc       ?_Getgloballocale@locale@std@@CAPEAV_Locimp@12@XZ 000000014000d0bc f   libcpmt:locale0.obj
 0001:0000c0c4       ?_Init@locale@std@@CAPEAV_Locimp@12@_N@Z 000000014000d0c4 f   libcpmt:locale0.obj
 0001:0000c180       ?_Locimp_dtor@_Locimp@locale@std@@CAXPEAV123@@Z 000000014000d180 f   libcpmt:locale0.obj
 0001:0000c228       ?_Locinfo_ctor@_Locinfo@std@@SAXPEAV12@PEBD@Z 000000014000d228 f   libcpmt:locale0.obj
 0001:0000c294       ?_Locinfo_dtor@_Locinfo@std@@SAXPEAV12@@Z 000000014000d294 f   libcpmt:locale0.obj
 0001:0000c2b8       ?_New_Locimp@_Locimp@locale@std@@CAPEAV123@_N@Z 000000014000d2b8 f   libcpmt:locale0.obj
 0001:0000c328       ?_Setgloballocale@locale@std@@CAXPEAX@Z 000000014000d328 f   libcpmt:locale0.obj
 0001:0000c35c       _Deletegloballocale        000000014000d35c f   libcpmt:locale0.obj
 0001:0000c3e4       ?_Syserror_map@std@@YAPEBDH@Z 000000014000d3e4 f   libcpmt:syserror.obj
 0001:0000c40c       ?_Addstd@ios_base@std@@SAXPEAV12@@Z 000000014000d40c f   libcpmt:ios.obj
 0001:0000c47c       ?_Ios_base_dtor@ios_base@std@@CAXPEAV12@@Z 000000014000d47c f   libcpmt:ios.obj
 0001:0000c4c0       ?_Tidy@ios_base@std@@AEAAXXZ 000000014000d4c0 f i libcpmt:ios.obj
 0001:0000c550       _Mtxdst                    000000014000d550 f   libcpmt:xmtx.obj
 0001:0000c558       _Mtxinit                   000000014000d558 f   libcpmt:xmtx.obj
 0001:0000c568       _Mtxlock                   000000014000d568 f   libcpmt:xmtx.obj
 0001:0000c570       _Mtxunlock                 000000014000d570 f   libcpmt:xmtx.obj
 0001:0000c578       __crtLCMapStringA          000000014000d578 f   libcpmt:StlLCMapStringA.obj
 0001:0000c86c       ?_Atexit@@YAXP6AXXZ@Z      000000014000d86c f   libcpmt:iosptrs.obj
 0001:0000cd7c       __crtInitializeCriticalSectionEx 000000014000dd7c f   libcpmt:winapisupp.obj
 0001:0000cddc       GetTableIndexFromLocaleName 000000014000dddc f   libcpmt:winapinls.obj
 0001:0000ce68       __crtDownlevelLocaleNameToLCID 000000014000de68 f   libcpmt:winapinls.obj
 0001:0000ce9c       __crtLCMapStringEx         000000014000de9c f   libcpmt:winapinls.obj
 0001:0000cf58       __wcsnicmp_ascii           000000014000df58 f   libcpmt:winapinls.obj
 0001:0000cfb0       ??2@YAPEAX_K@Z             000000014000dfb0 f   LIBCMT:new_scalar.obj
 0001:0000cfec       ??3@YAXPEAX@Z              000000014000dfec f   LIBCMT:delete_scalar.obj
 0001:0000cff4       ??3@YAXPEAX_K@Z            000000014000dff4 f   LIBCMT:delete_scalar_size.obj
 0001:0000cff4       ??_V@YAXPEAX@Z             000000014000dff4 f   LIBCMT:delete_array.obj
 0001:0000cffc       __scrt_acquire_startup_lock 000000014000dffc f   LIBCMT:utility.obj
 0001:0000d038       __scrt_initialize_crt      000000014000e038 f   LIBCMT:utility.obj
 0001:0000d084       __scrt_initialize_onexit_tables 000000014000e084 f   LIBCMT:utility.obj
 0001:0000d150       __scrt_is_nonwritable_in_current_image 000000014000e150 f   LIBCMT:utility.obj
 0001:0000d1ec       __scrt_release_startup_lock 000000014000e1ec f   LIBCMT:utility.obj
 0001:0000d210       __scrt_uninitialize_crt    000000014000e210 f   LIBCMT:utility.obj
 0001:0000d23c       _onexit                    000000014000e23c f   LIBCMT:utility.obj
 0001:0000d28c       atexit                     000000014000e28c f   LIBCMT:utility.obj
 0001:0000d3ec       _Init_thread_abort         000000014000e3ec f   LIBCMT:thread_safe_statics.obj
 0001:0000d41c       _Init_thread_footer        000000014000e41c f   LIBCMT:thread_safe_statics.obj
 0001:0000d47c       _Init_thread_header        000000014000e47c f   LIBCMT:thread_safe_statics.obj
 0001:0000d4e4       _Init_thread_notify        000000014000e4e4 f   LIBCMT:thread_safe_statics.obj
 0001:0000d540       _Init_thread_wait          000000014000e540 f   LIBCMT:thread_safe_statics.obj
 0001:0000d5d8       __GSHandlerCheck           000000014000e5d8 f   LIBCMT:_gshandler_.obj
 0001:0000d5f8       __GSHandlerCheckCommon     000000014000e5f8 f   LIBCMT:_gshandler_.obj
 0001:0000d654       __GSHandlerCheck_EH        000000014000e654 f   LIBCMT:gshandlereh.obj
 0001:0000d700       __security_check_cookie    000000014000e700 f   LIBCMT:_amdsecgs_.obj
 0001:0000d724       ??_Etype_info@@UEAAPEAXI@Z 000000014000e724 f i LIBCMT:std_type_info_static.obj
 0001:0000d724       ??_Gtype_info@@UEAAPEAXI@Z 000000014000e724 f i LIBCMT:std_type_info_static.obj
 0001:0000d9b8       mainCRTStartup             000000014000e9b8 f   LIBCMT:exe_main.obj
 0001:0000d9cc       _guard_check_icall         000000014000e9cc f i LIBCMT:checkcfg.obj
 0001:0000d9f0       __chkstk                   000000014000e9f0 f   LIBCMT:_chkstk_.obj
 0001:0000d9f0       _alloca_probe              000000014000e9f0 f   LIBCMT:_chkstk_.obj
 0001:0000da44       ??0bad_array_new_length@std@@QEAA@AEBV01@@Z 000000014000ea44 f i LIBCMT:throw_bad_alloc.obj
 0001:0000da84       ??0bad_array_new_length@std@@QEAA@XZ 000000014000ea84 f i LIBCMT:throw_bad_alloc.obj
 0001:0000daa4       ??_Gbad_exception@std@@UEAAPEAXI@Z 000000014000eaa4 f i libvcruntime:frame.obj
 0001:0000daa4       ??_Glength_error@std@@UEAAPEAXI@Z 000000014000eaa4 f i libcpmt:xthrow.obj
 0001:0000daa4       ??_Eout_of_range@std@@UEAAPEAXI@Z 000000014000eaa4 f i libcpmt:xthrow.obj
 0001:0000daa4       ??_Gout_of_range@std@@UEAAPEAXI@Z 000000014000eaa4 f i libcpmt:xthrow.obj
 0001:0000daa4       ??_Ebad_alloc@std@@UEAAPEAXI@Z 000000014000eaa4 f i libcpmt:xthrow.obj
 0001:0000daa4       ??_Ebad_exception@std@@UEAAPEAXI@Z 000000014000eaa4 f i libvcruntime:frame.obj
 0001:0000daa4       ??_Gbad_alloc@std@@UEAAPEAXI@Z 000000014000eaa4 f i libcpmt:xthrow.obj
 0001:0000daa4       ??_Ebad_array_new_length@std@@UEAAPEAXI@Z 000000014000eaa4 f i LIBCMT:throw_bad_alloc.obj
 0001:0000daa4       ??_Gbad_array_new_length@std@@UEAAPEAXI@Z 000000014000eaa4 f i LIBCMT:throw_bad_alloc.obj
 0001:0000daa4       ??_Elength_error@std@@UEAAPEAXI@Z 000000014000eaa4 f i libcpmt:xthrow.obj
 0001:0000daa4       ??_Elogic_error@std@@UEAAPEAXI@Z 000000014000eaa4 f i libcpmt:xthrow.obj
 0001:0000daa4       ??_Glogic_error@std@@UEAAPEAXI@Z 000000014000eaa4 f i libcpmt:xthrow.obj
 0001:0000dae8       ?__scrt_throw_std_bad_alloc@@YAXXZ 000000014000eae8 f   LIBCMT:throw_bad_alloc.obj
 0001:0000dae8       ?_Xbad_alloc@std@@YAXXZ    000000014000eae8 f   libcpmt:xthrow.obj
 0001:0000db08       ?__scrt_throw_std_bad_array_new_length@@YAXXZ 000000014000eb08 f   LIBCMT:throw_bad_alloc.obj
 0001:0000db28       __isa_available_init       000000014000eb28 f   LIBCMT:_cpu_disp_.obj
 0001:0000dcec       __scrt_is_ucrt_dll_in_use  000000014000ecec f   LIBCMT:ucrt_detection.obj
 0001:0000dcf8       __crt_debugger_hook        000000014000ecf8 f   LIBCMT:utility_desktop.obj
 0001:0000dd00       __scrt_fastfail            000000014000ed00 f   LIBCMT:utility_desktop.obj
 0001:0000de48       __scrt_is_managed_app      000000014000ee48 f   LIBCMT:utility_desktop.obj
 0001:0000de9c       __scrt_set_unhandled_exception_filter 000000014000ee9c f   LIBCMT:utility_desktop.obj
 0001:0000deac       __scrt_unhandled_exception_filter 000000014000eeac f   LIBCMT:utility_desktop.obj
 0001:0000dee4       __raise_securityfailure    000000014000eee4 f   LIBCMT:gs_report.obj
 0001:0000df18       __report_gsfailure         000000014000ef18 f   LIBCMT:gs_report.obj
 0001:0000dfec       __report_rangecheckfailure 000000014000efec f   LIBCMT:gs_report.obj
 0001:0000e000       __report_securityfailure   000000014000f000 f   LIBCMT:gs_report.obj
 0001:0000e180       __security_init_cookie     000000014000f180 f   LIBCMT:gs_support.obj
 0001:0000e22c       _get_startup_argv_mode     000000014000f22c f   LIBCMT:argv_mode.obj
 0001:0000e234       _get_startup_file_mode     000000014000f234 f   LIBCMT:file_mode.obj
 0001:0000e23c       ?__scrt_initialize_type_info@@YAXXZ 000000014000f23c f   LIBCMT:tncleanup.obj
 0001:0000e24c       __local_stdio_scanf_options 000000014000f24c f i LIBCMT:default_local_stdio_options.obj
 0001:0000e254       __scrt_initialize_default_local_stdio_options 000000014000f254 f   LIBCMT:default_local_stdio_options.obj
 0001:0000e270       __scrt_is_user_matherr_present 000000014000f270 f   LIBCMT:matherr_detection.obj
 0001:0000e27c       __scrt_get_dyn_tls_init_callback 000000014000f27c f   LIBCMT:dyn_tls_init.obj
 0001:0000e284       __scrt_get_dyn_tls_dtor_callback 000000014000f284 f   LIBCMT:dyn_tls_dtor.obj
 0001:0000e28c       _RTC_Initialize            000000014000f28c f   LIBCMT:_initsect_.obj
 0001:0000e2d8       _RTC_Terminate             000000014000f2d8 f   LIBCMT:_initsect_.obj
 0001:0000e330       IsProcessorFeaturePresent  000000014000f330 f   kernel32:KERNEL32.dll
 0001:0000e338       _purecall                  000000014000f338 f   libvcruntime:purevirt.obj
 0001:0000e390       memmove                    000000014000f390 f   libvcruntime:memcpy.obj
 0001:0000e390       memcpy                     000000014000f390 f   libvcruntime:memcpy.obj
 0001:0000e7c8       __std_exception_copy       000000014000f7c8 f   libvcruntime:std_exception.obj
 0001:0000e858       __std_exception_destroy    000000014000f858 f   libvcruntime:std_exception.obj
 0001:0000e880       _CxxThrowException         000000014000f880 f   libvcruntime:throw.obj
 0001:0000e958       ?_GetEstablisherFrame@@YAPEA_KPEA_KPEAU_xDISPATCHER_CONTEXT@@PEBU_s_FuncInfo@@0@Z 000000014000f958 f   libvcruntime:trnsctrl.obj
 0001:0000ea24       ?_GetRangeOfTrysToCheck@@YAPEBU_s_TryBlockMapEntry@@PEA_KPEBU_s_FuncInfo@@HHPEAI2PEAU_xDISPATCHER_CONTEXT@@@Z 000000014000fa24 f   libvcruntime:trnsctrl.obj
 0001:0000eb50       ?__FrameUnwindToEmptyState@@YAXPEA_KPEAU_xDISPATCHER_CONTEXT@@PEBU_s_FuncInfo@@@Z 000000014000fb50 f   libvcruntime:trnsctrl.obj
 0001:0000ebe4       ?__SehTransFilter@@YAHPEAU_EXCEPTION_POINTERS@@PEAUEHExceptionRecord@@PEA_KPEAU_CONTEXT@@PEAU_xDISPATCHER_CONTEXT@@PEBU_s_FuncInfo@@PEAH@Z 000000014000fbe4 f   libvcruntime:trnsctrl.obj
 0001:0000ec7c       _CallSETranslator          000000014000fc7c f   libvcruntime:trnsctrl.obj
 0001:0000ecd4       _CreateFrameInfo           000000014000fcd4 f   libvcruntime:trnsctrl.obj
 0001:0000ed10       _FindAndUnlinkFrame        000000014000fd10 f   libvcruntime:trnsctrl.obj
 0001:0000ed68       _GetImageBase              000000014000fd68 f   libvcruntime:trnsctrl.obj
 0001:0000ed7c       _GetThrowImageBase         000000014000fd7c f   libvcruntime:trnsctrl.obj
 0001:0000ed90       _IsExceptionObjectToBeDestroyed 000000014000fd90 f   libvcruntime:trnsctrl.obj
 0001:0000edc0       _SetImageBase              000000014000fdc0 f   libvcruntime:trnsctrl.obj
 0001:0000edd8       _SetThrowImageBase         000000014000fdd8 f   libvcruntime:trnsctrl.obj
 0001:0000edf0       _UnwindNestedFrames        000000014000fdf0 f   libvcruntime:trnsctrl.obj
 0001:0000ef14       __CxxFrameHandler3         000000014000ff14 f   libvcruntime:trnsctrl.obj
 0001:0000ef94       __DestructExceptionObject  000000014000ff94 f   libvcruntime:frame.obj
 0001:0000f01c       ??0bad_exception@std@@QEAA@AEBV01@@Z 000000014001001c f i libvcruntime:frame.obj
 0001:0000f05c       ??0bad_exception@std@@QEAA@XZ 000000014001005c f i libvcruntime:frame.obj
 0001:0000f9a4       ?_CallMemberFunction0@@YAXPEAXP6AX0@Z@Z 00000001400109a4 f i libvcruntime:frame.obj
 0001:0000f9a8       ?_CallMemberFunction1@@YAXPEAXP6AX0@Z0@Z 00000001400109a8 f i libvcruntime:frame.obj
 0001:0000f9b4       ?_CallMemberFunction2@@YAXPEAXP6AX0@Z0H@Z 00000001400109b4 f i libvcruntime:frame.obj
 0001:0000f9c4       __AdjustPointer            00000001400109c4 f   libvcruntime:frame.obj
 0001:0000f9e8       __BuildCatchObject         00000001400109e8 f   libvcruntime:frame.obj
 0001:0000fab0       __BuildCatchObjectHelper   0000000140010ab0 f   libvcruntime:frame.obj
 0001:0000fc94       __CxxCallCatchBlock        0000000140010c94 f   libvcruntime:frame.obj
 0001:0000fe80       __FrameUnwindFilter        0000000140010e80 f   libvcruntime:frame.obj
 0001:0000fecc       __FrameUnwindToState       0000000140010ecc f   libvcruntime:frame.obj
 0001:00010060       __InternalCxxFrameHandler  0000000140011060 f   libvcruntime:frame.obj
 0001:000102b8       __TypeMatch                00000001400112b8 f   libvcruntime:frame.obj
 0001:000103f8       __std_terminate            00000001400113f8 f   libvcruntime:frame.obj
 0001:00010404       __uncaught_exception       0000000140011404 f   libvcruntime:frame.obj
 0001:00010430       memset                     0000000140011430 f   libvcruntime:memset.obj
 0001:000105e0       memcmp                     00000001400115e0 f   libvcruntime:memcmp.obj
 0001:000106a8       __vcrt_initialize          00000001400116a8 f   libvcruntime:initialization.obj
 0001:000106e0       __vcrt_uninitialize        00000001400116e0 f   libvcruntime:initialization.obj
 0001:0001070c       __C_specific_handler       000000014001170c f   libvcruntime:_chandler_.obj
 0001:00010ac4       __vcrt_EventRegister       0000000140011ac4 f   libvcruntime:winapi_downlevel.obj
 0001:00010b48       __vcrt_EventSetInformation 0000000140011b48 f   libvcruntime:winapi_downlevel.obj
 0001:00010bcc       __vcrt_EventUnregister     0000000140011bcc f   libvcruntime:winapi_downlevel.obj
 0001:00010c20       __vcrt_EventWriteTransfer  0000000140011c20 f   libvcruntime:winapi_downlevel.obj
 0001:00010cb8       __vcrt_FlsAlloc            0000000140011cb8 f   libvcruntime:winapi_downlevel.obj
 0001:00010d0c       __vcrt_FlsFree             0000000140011d0c f   libvcruntime:winapi_downlevel.obj
 0001:00010d60       __vcrt_FlsGetValue         0000000140011d60 f   libvcruntime:winapi_downlevel.obj
 0001:00010db4       __vcrt_FlsSetValue         0000000140011db4 f   libvcruntime:winapi_downlevel.obj
 0001:00010e1c       __vcrt_InitializeCriticalSectionEx 0000000140011e1c f   libvcruntime:winapi_downlevel.obj
 0001:00010e94       __vcrt_initialize_winapi_thunks 0000000140011e94 f   libvcruntime:winapi_downlevel.obj
 0001:00010ecc       __vcrt_uninitialize_winapi_thunks 0000000140011ecc f   libvcruntime:winapi_downlevel.obj
 0001:00010f10       __telemetry_main_invoke_trigger 0000000140011f10 f   libvcruntime:telemetry.obj
 0001:00011028       __telemetry_main_return_trigger 0000000140012028 f   libvcruntime:telemetry.obj
 0001:00011140       __vcrt_initialize_telemetry_provider 0000000140012140 f   libvcruntime:telemetry.obj
 0001:00011154       __vcrt_uninitialize_telemetry_provider 0000000140012154 f   libvcruntime:telemetry.obj
 0001:00011174       __std_type_info_compare    0000000140012174 f   libvcruntime:std_type_info.obj
 0001:0001119c       __vcrt_initialize_pure_virtual_call_handler 000000014001219c f   libvcruntime:purevirt_data.obj
 0001:000111c0       __vcrt_freefls             00000001400121c0 f   libvcruntime:per_thread_data.obj
 0001:000111e0       __vcrt_getptd              00000001400121e0 f   libvcruntime:per_thread_data.obj
 0001:000111fc       __vcrt_getptd_noexit       00000001400121fc f   libvcruntime:per_thread_data.obj
 0001:000112a4       __vcrt_initialize_ptd      00000001400122a4 f   libvcruntime:per_thread_data.obj
 0001:000112e4       __vcrt_uninitialize_ptd    00000001400122e4 f   libvcruntime:per_thread_data.obj
 0001:00011308       ?__GetCurrentState@@YAHPEA_KPEAU_xDISPATCHER_CONTEXT@@PEBU_s_FuncInfo@@@Z 0000000140012308 f   libvcruntime:ehstate.obj
 0001:00011330       ?__GetUnwindTryBlock@@YAHPEA_KPEAU_xDISPATCHER_CONTEXT@@PEBU_s_FuncInfo@@@Z 0000000140012330 f   libvcruntime:ehstate.obj
 0001:0001135c       ?__SetState@@YAXPEA_KPEAU_xDISPATCHER_CONTEXT@@PEBU_s_FuncInfo@@H@Z 000000014001235c f   libvcruntime:ehstate.obj
 0001:00011368       ?__SetUnwindTryBlock@@YAXPEA_KPEAU_xDISPATCHER_CONTEXT@@PEBU_s_FuncInfo@@H@Z 0000000140012368 f   libvcruntime:ehstate.obj
 0001:000113a4       ?__StateFromControlPc@@YAHPEBU_s_FuncInfo@@PEAU_xDISPATCHER_CONTEXT@@@Z 00000001400123a4 f   libvcruntime:ehstate.obj
 0001:000113ac       ?__StateFromIp@@YAHPEBU_s_FuncInfo@@PEAU_xDISPATCHER_CONTEXT@@_J@Z 00000001400123ac f   libvcruntime:ehstate.obj
 0001:00011430       _CallSettingFrame          0000000140012430 f   libvcruntime:handlers.obj
 0001:00011470       __except_validate_context_record 0000000140012470 f   libvcruntime:jbcxrval.obj
 0001:00011470       _initialize_denormal_control 0000000140012470 f   LIBCMT:denormal_control.obj
 0001:00011470       _guard_check_icall_nop     0000000140012470 f   LIBCMT:guard_support.obj
 0001:00011470       _initialize_invalid_parameter_handler 0000000140012470 f   LIBCMT:invalid_parameter_handler.obj
 0001:00011490       _local_unwind              0000000140012490 f   libvcruntime:_jmpuwind_.obj
 0001:000114c0       _NLG_Notify                00000001400124c0 f   libvcruntime:_jmpuwind_.obj
 0001:000114e0       __NLG_Dispatch2            00000001400124e0 f   libvcruntime:_jmpuwind_.obj
 0001:000114f0       __NLG_Return2              00000001400124f0 f   libvcruntime:_jmpuwind_.obj
 0001:000114f4       __vcrt_initialize_locks    00000001400124f4 f   libvcruntime:locks.obj
 0001:0001153c       __vcrt_uninitialize_locks  000000014001253c f   libvcruntime:locks.obj
 0001:00011574       __acrt_call_reportfault    0000000140012574 f   libucrt:invalid_parameter.obj
 0001:000116d0       __acrt_initialize_invalid_parameter_handler 00000001400126d0 f   libucrt:invalid_parameter.obj
 0001:000116d8       _invalid_parameter         00000001400126d8 f   libucrt:invalid_parameter.obj
 0001:00011788       _invalid_parameter_noinfo  0000000140012788 f   libucrt:invalid_parameter.obj
 0001:000117a8       _invalid_parameter_noinfo_noreturn 00000001400127a8 f   libucrt:invalid_parameter.obj
 0001:000117d8       _invoke_watson             00000001400127d8 f   libucrt:invalid_parameter.obj
 0001:00011820       frexp                      0000000140012820 f   libucrt:frexp.obj
 0001:00011918       calloc                     0000000140012918 f   libucrt:calloc.obj
 0001:00011920       free                       0000000140012920 f   libucrt:free.obj
 0001:00011934       __acrt_initialize_stdio    0000000140012934 f   libucrt:_file.obj
 0001:00011a54       __acrt_iob_func            0000000140012a54 f   libucrt:_file.obj
 0001:00011a68       __acrt_uninitialize_stdio  0000000140012a68 f   libucrt:_file.obj
 0001:00011ac4       _lock_file                 0000000140012ac4 f   libucrt:_file.obj
 0001:00011ad0       _unlock_file               0000000140012ad0 f   libucrt:_file.obj
 0001:00011ce8       ??$ensure_buffer_is_big_enough@D@formatting_buffer@__crt_stdio_output@@QEAA_N_K@Z 0000000140012ce8 f i libucrt:output.obj
 0001:00011d90       ??$type_case_integer_parse_into_buffer@I@?$output_processor@DV?$stream_output_adapter@D@__crt_stdio_output@@V?$format_validation_base@DV?$stream_output_adapter@D@__crt_stdio_output@@@2@@__crt_stdio_output@@AEAAXII_N@Z 0000000140012d90 f i libucrt:output.obj
 0001:00011d90       ??$type_case_integer_parse_into_buffer@I@?$output_processor@DV?$string_output_adapter@D@__crt_stdio_output@@V?$format_validation_base@DV?$string_output_adapter@D@__crt_stdio_output@@@2@@__crt_stdio_output@@AEAAXII_N@Z 0000000140012d90 f i libucrt:output.obj
 0001:00011e18       ??$type_case_integer_parse_into_buffer@_K@?$output_processor@DV?$stream_output_adapter@D@__crt_stdio_output@@V?$format_validation_base@DV?$stream_output_adapter@D@__crt_stdio_output@@@2@@__crt_stdio_output@@AEAAX_KI_N@Z 0000000140012e18 f i libucrt:output.obj
 0001:00011e18       ??$type_case_integer_parse_into_buffer@_K@?$output_processor@DV?$string_output_adapter@D@__crt_stdio_output@@V?$format_validation_base@DV?$string_output_adapter@D@__crt_stdio_output@@@2@@__crt_stdio_output@@AEAAX_KI_N@Z 0000000140012e18 f i libucrt:output.obj
 0001:00011ea8       ??$write_multiple_characters@V?$stream_output_adapter@D@__crt_stdio_output@@D@__crt_stdio_output@@YAXAEBV?$stream_output_adapter@D@0@DHQEAH@Z 0000000140012ea8 f i libucrt:output.obj
 0001:00011f2c       ??$write_multiple_characters@V?$string_output_adapter@D@__crt_stdio_output@@D@__crt_stdio_output@@YAXAEBV?$string_output_adapter@D@0@DHQEAH@Z 0000000140012f2c f i libucrt:output.obj
 0001:00011f88       ??0_LocaleUpdate@@QEAA@QEAU__crt_locale_pointers@@@Z 0000000140012f88 f i libucrt:output.obj
 0001:00012148       ?force_decimal_point@__crt_stdio_output@@YAXPEADQEAU__crt_locale_pointers@@@Z 0000000140013148 f i libucrt:output.obj
[...]
 0004:00002784       $pdata$?dtor$1@?0??_Getcat@?$num_put@DV?$ostreambuf_iterator@DU?$char_traits@D@std@@@std@@@std@@SA_KPEAPEBVfacet@locale@2@PEBV42@@Z@4HA 0000000140040784     main.obj
 0004:00002790       $pdata$?catch$0@?0??_Init@?$numpunct@D@std@@IEAAXAEBV_Locinfo@2@_N@Z@4HA 0000000140040790     main.obj
 0004:0000279c       $pdata$?dtor$0@?0??_Iput@?$num_put@DV?$ostreambuf_iterator@DU?$char_traits@D@std@@@std@@@std@@AEBA?AV?$ostreambuf_iterator@DU?$char_traits@D@std@@@2@V32@AEAVios_base@2@DPEAD_K@Z@4HA 000000014004079c     main.obj
 0004:000027a8       $pdata$?dtor$1@?0??_Iput@?$num_put@DV?$ostreambuf_iterator@DU?$char_traits@D@std@@@std@@@std@@AEBA?AV?$ostreambuf_iterator@DU?$char_traits@D@std@@@2@V32@AEAVios_base@2@DPEAD_K@Z@4HA 00000001400407a8     main.obj
 0004:000027b4       $pdata$?dtor$2@?0??_Iput@?$num_put@DV?$ostreambuf_iterator@DU?$char_traits@D@std@@@std@@@std@@AEBA?AV?$ostreambuf_iterator@DU?$char_traits@D@std@@@2@V32@AEAVios_base@2@DPEAD_K@Z@4HA 00000001400407b4     main.obj
 0004:000027c0       $pdata$?dtor$3@?0??_Iput@?$num_put@DV?$ostreambuf_iterator@DU?$char_traits@D@std@@@std@@@std@@AEBA?AV?$ostreambuf_iterator@DU?$char_traits@D@std@@@2@V32@AEAVios_base@2@DPEAD_K@Z@4HA 00000001400407c0     main.obj
 0004:000027cc       $pdata$?dtor$0@?0??_Makestr@_System_error@std@@CA?AV?$basic_string@DU?$char_traits@D@std@@V?$allocator@D@2@@2@Verror_code@2@V32@@Z@4HA 00000001400407cc     main.obj
 0004:000027d8       $pdata$?dtor$1@?0??_Makestr@_System_error@std@@CA?AV?$basic_string@DU?$char_traits@D@std@@V?$allocator@D@2@@2@Verror_code@2@V32@@Z@4HA 00000001400407d8     main.obj
 0004:000027e4       $pdata$?catch$0@?0??_Osfx@?$basic_ostream@DU?$char_traits@D@std@@@std@@QEAAXXZ@4HA 00000001400407e4     main.obj
 0004:000027f0       $pdata$?dtor$0@?0??do_put@?$num_put@DV?$ostreambuf_iterator@DU?$char_traits@D@std@@@std@@@std@@MEBA?AV?$ostreambuf_iterator@DU?$char_traits@D@std@@@2@V32@AEAVios_base@2@DN@Z@4HA 00000001400407f0     main.obj
 0004:000027f0       $pdata$?dtor$0@?0??do_put@?$num_put@DV?$ostreambuf_iterator@DU?$char_traits@D@std@@@std@@@std@@MEBA?AV?$ostreambuf_iterator@DU?$char_traits@D@std@@@2@V32@AEAVios_base@2@DO@Z@4HA 00000001400407f0     main.obj
 0004:000027fc       $pdata$?dtor$0@?0??do_put@?$num_put@DV?$ostreambuf_iterator@DU?$char_traits@D@std@@@std@@@std@@MEBA?AV?$ostreambuf_iterator@DU?$char_traits@D@std@@@2@V32@AEAVios_base@2@D_N@Z@4HA 00000001400407fc     main.obj
 0004:00002808       $pdata$?dtor$1@?0??do_put@?$num_put@DV?$ostreambuf_iterator@DU?$char_traits@D@std@@@std@@@std@@MEBA?AV?$ostreambuf_iterator@DU?$char_traits@D@std@@@2@V32@AEAVios_base@2@D_N@Z@4HA 0000000140040808     main.obj
 0004:00002814       $pdata$?dtor$0@?0??flush@?$basic_ostream@DU?$char_traits@D@std@@@std@@QEAAAEAV12@XZ@4HA 0000000140040814     main.obj
 0004:00002820       $pdata$?dtor$0@?0??widen@?$basic_ios@DU?$char_traits@D@std@@@std@@QEBADD@Z@4HA 0000000140040820     main.obj
 0004:0000282c       $pdata$__scrt_is_nonwritable_in_current_image$filt$0 000000014004082c     LIBCMT:utility.obj
 0004:00002838       $pdata$?filt$0@?0??__scrt_common_main_seh@@YAHXZ@4HA 0000000140040838     LIBCMT:exe_main.obj
 0004:00002844       $pdata$_CallSETranslator$filt$0 0000000140040844     libvcruntime:trnsctrl.obj
 0004:00002850       $pdata$__CxxCallCatchBlock$filt$0 0000000140040850     libvcruntime:frame.obj
 0004:0000285c       $pdata$__CxxCallCatchBlock$fin$1 000000014004085c     libvcruntime:frame.obj
 0004:00002868       $pdata$__DestructExceptionObject$filt$0 0000000140040868     libvcruntime:frame.obj
 0004:00002874       $pdata$__FrameUnwindToState$filt$0 0000000140040874     libvcruntime:frame.obj
 0004:00002880       $pdata$__FrameUnwindToState$fin$1 0000000140040880     libvcruntime:frame.obj
 0004:0000288c       $pdata$?fin$0@?0???$?RV<lambda_842d9ff0dc9ef11c61343bbaebe7f885>@@AEAV<lambda_c5860995281e5c4ce005b3de8f5874ee>@@V<lambda_d90129c13df834fdcbf8d2b88dafcf2d>@@@?$__crt_seh_guarded_call@X@@QEAAX$$QEAV<lambda_842d9ff0dc9ef11c61343bbaebe7f885>@@AEAV<lambda_c5860995281e5c4ce005b3de8f5874ee>@@$$QEAV<lambda_d90129c13df834fdcbf8d2b88dafcf2d>@@@Z@4HA 000000014004088c     libucrt:fflush.obj
 0004:0000288c       $pdata$?fin$0@?0???$?RV<lambda_74b93660f2d9eb3fb15c5de9eff9db7b>@@AEAV<lambda_32f117a32e8f8eb613cbf2ca819ed45e>@@V<lambda_7322894ee7c8a2d41153fedefeab09e3>@@@?$__crt_seh_guarded_call@H@@QEAAH$$QEAV<lambda_74b93660f2d9eb3fb15c5de9eff9db7b>@@AEAV<lambda_32f117a32e8f8eb613cbf2ca819ed45e>@@$$QEAV<lambda_7322894ee7c8a2d41153fedefeab09e3>@@@Z@4HA 000000014004088c     libucrt:output.obj
 0004:00002898       $pdata$_query_new_handler$fin$0 0000000140040898     libucrt:new_handler.obj
 0004:000028a4       $pdata$?filt$0@?0???R<lambda_6e4b09c48022b2350581041d5f6b0c4c>@@QEBA@XZ@4HA 00000001400408a4     libucrt:exit.obj
 0004:000028b0       $pdata$?fin$0@?0???$?RV<lambda_410d79af7f07d98d83a3f525b3859a53>@@AEAV<lambda_3e16ef9562a7dcce91392c22ab16ea36>@@V<lambda_38119f0e861e05405d8a144b9b982f0a>@@@?$__crt_seh_guarded_call@X@@QEAAX$$QEAV<lambda_410d79af7f07d98d83a3f525b3859a53>@@AEAV<lambda_3e16ef9562a7dcce91392c22ab16ea36>@@$$QEAV<lambda_38119f0e861e05405d8a144b9b982f0a>@@@Z@4HA 00000001400408b0     libucrt:wsetlocale.obj
 0004:000028bc       $pdata$?fin$0@?0???$?RV<lambda_d8a01803c7231904df012bb083be9e3a>@@AEAV<lambda_b163b37eafe0a13f2c371fafeb0365c9>@@AEAV<lambda_8dff2cf36a5417162780cd64fa2883ef>@@@?$__crt_seh_guarded_call@X@@QEAAX$$QEAV<lambda_d8a01803c7231904df012bb083be9e3a>@@AEAV<lambda_b163b37eafe0a13f2c371fafeb0365c9>@@AEAV<lambda_8dff2cf36a5417162780cd64fa2883ef>@@@Z@4HA 00000001400408bc     libucrt:wsetlocale.obj
 0004:000028c8       $pdata$?fin$0@?0???$?RV<lambda_7777bce6b2f8c936911f934f8298dc43>@@AEAV<lambda_f03950bc5685219e0bcd2087efbe011e>@@V<lambda_3883c3dff614d5e0c5f61bb1ac94921c>@@@?$__crt_seh_guarded_call@H@@QEAAH$$QEAV<lambda_7777bce6b2f8c936911f934f8298dc43>@@AEAV<lambda_f03950bc5685219e0bcd2087efbe011e>@@$$QEAV<lambda_3883c3dff614d5e0c5f61bb1ac94921c>@@@Z@4HA 00000001400408c8     libucrt:onexit.obj
 0004:000028c8       $pdata$?fin$0@?0???$?RV<lambda_d80eeec6fff315bfe5c115232f3240e3>@@AEAV<lambda_6e4b09c48022b2350581041d5f6b0c4c>@@V<lambda_2358e3775559c9db80273638284d5e45>@@@?$__crt_seh_guarded_call@X@@QEAAX$$QEAV<lambda_d80eeec6fff315bfe5c115232f3240e3>@@AEAV<lambda_6e4b09c48022b2350581041d5f6b0c4c>@@$$QEAV<lambda_2358e3775559c9db80273638284d5e45>@@@Z@4HA 00000001400408c8     libucrt:exit.obj
 0004:000028c8       $pdata$?fin$0@?0???$?RV<lambda_efdfa57d1f175319df784efa44bb7b81>@@AEAV<lambda_5f0a4c1567f8adc6734073e5d1e1b35c>@@V<lambda_2e8a7d3640ea6ccb4c2413664c2db6fd>@@@?$__crt_seh_guarded_call@X@@QEAAX$$QEAV<lambda_efdfa57d1f175319df784efa44bb7b81>@@AEAV<lambda_5f0a4c1567f8adc6734073e5d1e1b35c>@@$$QEAV<lambda_2e8a7d3640ea6ccb4c2413664c2db6fd>@@@Z@4HA 00000001400408c8     libucrt:mbctype.obj
 0004:000028c8       $pdata$?fin$0@?0???$?RV<lambda_8369fcb7c4df1e85de37618bd2b85f07>@@AEAV<lambda_a10e4b102d4a2c3aac6f4f48bbdf488f>@@V<lambda_5b7707bd6d7a0c4713179f36c7fd995d>@@@?$__crt_seh_guarded_call@H@@QEAAH$$QEAV<lambda_8369fcb7c4df1e85de37618bd2b85f07>@@AEAV<lambda_a10e4b102d4a2c3aac6f4f48bbdf488f>@@$$QEAV<lambda_5b7707bd6d7a0c4713179f36c7fd995d>@@@Z@4HA 00000001400408c8     libucrt:onexit.obj
 0004:000028c8       $pdata$?fin$0@?0???$?RV<lambda_2d41944a1d46af3157314b8a01080d33>@@AEAV<lambda_8f455de75cd7d7f24b4096f044d8b9e6>@@V<lambda_aa500f224e6afead328df44964fe2772>@@@?$__crt_seh_guarded_call@X@@QEAAX$$QEAV<lambda_2d41944a1d46af3157314b8a01080d33>@@AEAV<lambda_8f455de75cd7d7f24b4096f044d8b9e6>@@$$QEAV<lambda_aa500f224e6afead328df44964fe2772>@@@Z@4HA 00000001400408c8     libucrt:per_thread_data.obj
 0004:000028c8       $pdata$?fin$0@?0???$?RV<lambda_bd00b5aa228bd7e7e5b2b5db5fd2933b>@@AEAV<lambda_777d11615145f89ee95b9466d285deeb>@@V<lambda_6e5e48fbd24f9f8f81b203eb3d877683>@@@?$__crt_seh_guarded_call@H@@QEAAH$$QEAV<lambda_bd00b5aa228bd7e7e5b2b5db5fd2933b>@@AEAV<lambda_777d11615145f89ee95b9466d285deeb>@@$$QEAV<lambda_6e5e48fbd24f9f8f81b203eb3d877683>@@@Z@4HA 00000001400408c8     libucrt:winapi_thunks.obj
 0004:000028c8       $pdata$?fin$0@?0???$?RV<lambda_aa87e3671a710a21b5dc78c0bdf72e11>@@AEAV<lambda_92619d2358a28f41a33ba319515a20b9>@@V<lambda_6992ecaafeb10aed2b74cb1fae11a551>@@@?$__crt_seh_guarded_call@X@@QEAAX$$QEAV<lambda_aa87e3671a710a21b5dc78c0bdf72e11>@@AEAV<lambda_92619d2358a28f41a33ba319515a20b9>@@$$QEAV<lambda_6992ecaafeb10aed2b74cb1fae11a551>@@@Z@4HA 00000001400408c8     libucrt:per_thread_data.obj
 0004:000028c8       $pdata$?fin$0@?0???$?RV<lambda_9bd929c17696992ce54f1d748594fc62>@@AEAV<lambda_082c17da81b0962e08c0587ee0fac50c>@@V<lambda_9c08ac857f4975304d44e9f601d9b878>@@@?$__crt_seh_guarded_call@PEAD@@QEAAPEAD$$QEAV<lambda_9bd929c17696992ce54f1d748594fc62>@@AEAV<lambda_082c17da81b0962e08c0587ee0fac50c>@@$$QEAV<lambda_9c08ac857f4975304d44e9f601d9b878>@@@Z@4HA 00000001400408c8     libucrt:setlocale.obj
 0004:000028c8       $pdata$?fin$0@?0???$?RV<lambda_9529fede68560d7205a1271ab16b352e>@@AEAV<lambda_ebf8c556deb379764da826e7bb46e993>@@V<lambda_db92443d3c9ace7c8a20b950bb983b5a>@@@?$__crt_seh_guarded_call@X@@QEAAX$$QEAV<lambda_9529fede68560d7205a1271ab16b352e>@@AEAV<lambda_ebf8c556deb379764da826e7bb46e993>@@$$QEAV<lambda_db92443d3c9ace7c8a20b950bb983b5a>@@@Z@4HA 00000001400408c8     libucrt:wsetlocale.obj
 0004:000028c8       $pdata$?fin$0@?0???$?RV<lambda_450d765d439847d4c735a33c368b5fc0>@@AEAV<lambda_44731a7d0e6d81c3e6aa82d741081786>@@V<lambda_601a2a7da3b7a96e9554ac7215c4b07c>@@@?$__crt_seh_guarded_call@P6AXH@Z@@QEAAP6AXH@Z$$QEAV<lambda_450d765d439847d4c735a33c368b5fc0>@@AEAV<lambda_44731a7d0e6d81c3e6aa82d741081786>@@$$QEAV<lambda_601a2a7da3b7a96e9554ac7215c4b07c>@@@Z@4HA 00000001400408c8     libucrt:signal.obj
 0004:000028c8       $pdata$?fin$0@?0???$?RV<lambda_0ae27a3a962d80f24befdcbee591983d>@@AEAV<lambda_8d0ee55de4b1038c4002e0adecdf1839>@@V<lambda_dc504788e8f1664fe9b84e20bfb512f2>@@@?$__crt_seh_guarded_call@X@@QEAAX$$QEAV<lambda_0ae27a3a962d80f24befdcbee591983d>@@AEAV<lambda_8d0ee55de4b1038c4002e0adecdf1839>@@$$QEAV<lambda_dc504788e8f1664fe9b84e20bfb512f2>@@@Z@4HA 00000001400408c8     libucrt:per_thread_data.obj
 0004:000028c8       $pdata$?fin$0@?0???$?RV<lambda_f2e299630e499de9f9a165e60fcd3db5>@@AEAV<lambda_2ae9d31cdba2644fcbeaf08da7c24588>@@V<lambda_40d01ff24d0e7b3814fdbdcee8eab3c7>@@@?$__crt_seh_guarded_call@X@@QEAAX$$QEAV<lambda_f2e299630e499de9f9a165e60fcd3db5>@@AEAV<lambda_2ae9d31cdba2644fcbeaf08da7c24588>@@$$QEAV<lambda_40d01ff24d0e7b3814fdbdcee8eab3c7>@@@Z@4HA 00000001400408c8     libucrt:per_thread_data.obj
 0004:000028d4       $pdata$_ctrlfp$filt$0      00000001400408d4     libucrt:fpctrl.obj
 0004:000028e0       $pdata$_fcloseall$fin$0    00000001400408e0     libucrt:closeall.obj
 0004:000028ec       $pdata$?fin$0@?0???$?RV<lambda_886d6c58226a84441f68b9f2b8217b83>@@AEAV<lambda_ab61a845afdef5b7c387490eaf3616ee>@@V<lambda_f7f22ab5edc0698d5f6905b0d3f44752>@@@?$__crt_seh_guarded_call@X@@QEAAX$$QEAV<lambda_886d6c58226a84441f68b9f2b8217b83>@@AEAV<lambda_ab61a845afdef5b7c387490eaf3616ee>@@$$QEAV<lambda_f7f22ab5edc0698d5f6905b0d3f44752>@@@Z@4HA 00000001400408ec     libucrt:fflush.obj
 0004:000028f8       $pdata$raise$fin$0         00000001400408f8     libucrt:signal.obj
 0004:00002904       $pdata$?fin$0@?0??update_thread_multibyte_data_internal@@YAPEAU__crt_multibyte_data@@QEAU__acrt_ptd@@QEAPEAU1@@Z@4HA 0000000140040904     libucrt:mbctype.obj
 0004:00002910       $pdata$__acrt_lowio_ensure_fh_exists$fin$0 0000000140040910     libucrt:osfinfo.obj
 0004:00002910       $pdata$__acrt_initialize_lowio$fin$0 0000000140040910     libucrt:ioinit.obj
 0004:0000291c       $pdata$__acrt_update_thread_locale_data$fin$0 000000014004091c     libucrt:locale_refcounting.obj
 0004:00002928       $pdata$fclose$fin$0        0000000140040928     libucrt:fclose.obj
 0004:00002934       $pdata$?fin$0@?0???$common_lseek@_J@@YA_JH_JH@Z@4HA 0000000140040934     libucrt:lseek.obj
 0004:00002934       $pdata$_write$fin$0        0000000140040934     libucrt:write.obj
 0004:00002940       $pdata$?fin$0@?0???$?RV<lambda_751a882b2c74d4b022dec766aa51a29a>@@AEAV<lambda_628dfdc04ba53c8bfc02c9951375f3f5>@@V<lambda_f6c7be5f7998530c34de24c7437d6b54>@@@?$__crt_seh_guarded_call@H@@QEAAH$$QEAV<lambda_751a882b2c74d4b022dec766aa51a29a>@@AEAV<lambda_628dfdc04ba53c8bfc02c9951375f3f5>@@$$QEAV<lambda_f6c7be5f7998530c34de24c7437d6b54>@@@Z@4HA 0000000140040940     libucrt:close.obj
 0004:00002940       $pdata$?fin$0@?0???$?RV<lambda_a37b2b86f63e897a80ea819b0eb08c01>@@AEAV<lambda_38ce7e780aa69e748d6df282ebc68efe>@@V<lambda_99fb1378e971ab6e7edea83e3a7a83a2>@@@?$__crt_seh_guarded_call@H@@QEAAH$$QEAV<lambda_a37b2b86f63e897a80ea819b0eb08c01>@@AEAV<lambda_38ce7e780aa69e748d6df282ebc68efe>@@$$QEAV<lambda_99fb1378e971ab6e7edea83e3a7a83a2>@@@Z@4HA 0000000140040940     libucrt:commit.obj
 0004:0000294c       $pdata$_IsNonwritableInCurrentImage$filt$0 000000014004094c     LIBCMT:pesect.obj
 0004:00002958       $pdata$??__F_Static@?1???$_Immortalize@V_Iostream_error_category@std@@@std@@YAAEAV_Iostream_error_category@0@XZ@YAXXZ 0000000140040958     main.obj
 0004:00002964       $pdata$??__FgBackgroundTexture@@YAXXZ 0000000140040964     main.obj
 0004:00002970       $pdata$??__FgTextTexture@@YAXXZ 0000000140040970     main.obj
 0004:0000297c       $pdata$??__FgTexture@@YAXXZ 000000014004097c     main.obj
 0004:00002988       $pdata$??__F_Fac_tidy_reg@std@@YAXXZ 0000000140040988     libcpmt:locale0.obj
 0004:00002994       $pdata$??__Fclassic_locale@std@@YAXXZ 0000000140040994     libcpmt:locale0.obj
 0004:000029a0       $pdata$??__Finit_atexit@@YAXXZ 00000001400409a0     libcpmt:iosptrs.obj
 0005:00000000       __guard_fids_??__Einitlocks@std@@YAXXZ 0000000140041000     libcpmt:xlock.obj
 0005:00000004       __guard_fids__             0000000140041004     libcpmt:xlock.obj
 0005:00000008       __guard_fids__             0000000140041008     libcpmt:xthrow.obj
 0005:00000010       __guard_fids__             0000000140041010     libcpmt:xthrow.obj
 0005:00000018       __guard_fids__             0000000140041018     libcpmt:xthrow.obj
 0005:00000020       __guard_fids__             0000000140041020     libcpmt:xthrow.obj
 0005:00000028       __guard_fids__             0000000140041028     libcpmt:xthrow.obj
 0005:00000030       __guard_fids__             0000000140041030     libcpmt:xthrow.obj
 0005:00000038       __guard_fids_??__E_Fac_tidy_reg@std@@YAXXZ 0000000140041038     libcpmt:locale0.obj
 0005:0000003c       __guard_fids_?_Setgloballocale@locale@std@@CAXPEAX@Z 000000014004103c     libcpmt:locale0.obj
 0005:00000040       __guard_fids_??__Eclassic_locale@std@@YAXXZ 0000000140041040     libcpmt:locale0.obj
 0005:00000044       __guard_fids__             0000000140041044     libcpmt:locale0.obj
 0005:00000050       __guard_fids__             0000000140041050     libcpmt:locale0.obj
 0005:0000005c       __guard_fids__             000000014004105c     libcpmt:locale0.obj
 0005:00000068       __guard_fids__             0000000140041068     libcpmt:locale0.obj
 0005:0000006c       __guard_fids__             000000014004106c     libcpmt:locale0.obj
 0005:00000070       __guard_fids_??__Einitlocks@std@@YAXXZ 0000000140041070     libcpmt:iosptrs.obj
 0005:00000074       __guard_fids_??__Einit_atexit@@YAXXZ 0000000140041074     libcpmt:iosptrs.obj
 0005:00000078       __guard_fids__             0000000140041078     libcpmt:iosptrs.obj
 0005:0000007c       __guard_fids__             000000014004107c     libcpmt:iosptrs.obj
 0005:00000080       __guard_fids__             0000000140041080     libcpmt:locale.obj
 0005:00000088       __guard_fids__             0000000140041088     libcpmt:locale.obj
 0005:00000094       __guard_fids__             0000000140041094     libcpmt:locale.obj
 0005:000000c0       __guard_fids__             00000001400410c0     libcpmt:locale.obj
 0005:000000ec       __guard_fids__             00000001400410ec     libcpmt:locale.obj
 0005:0000010c       __guard_fids__             000000014004110c     libcpmt:winapisupp.obj
 0005:00000110       __guard_fids__             0000000140041110     LIBCMT:thread_safe_statics.obj
 0005:00000114       __guard_fids_?__scrt_initialize_thread_safe_statics@@YAHXZ 0000000140041114     LIBCMT:thread_safe_statics.obj
 0005:00000118       __guard_fids__             0000000140041118     LIBCMT:std_type_info_static.obj
 0005:0000011c       __guard_fids__             000000014004111c     LIBCMT:exe_main.obj
 0005:00000120       __guard_fids__             0000000140041120     LIBCMT:exe_main.obj
 0005:00000124       __guard_fids__             0000000140041124     LIBCMT:exe_main.obj
 0005:00000128       __guard_fids_?pre_c_initialization@@YAHXZ 0000000140041128     LIBCMT:exe_main.obj
 0005:00000130       __guard_fids__             0000000140041130     LIBCMT:throw_bad_alloc.obj
 0005:00000138       __guard_fids___scrt_set_unhandled_exception_filter 0000000140041138     LIBCMT:utility_desktop.obj
 0005:0000013c       __guard_fids__             000000014004113c     LIBCMT:guard_support.obj
 0005:00000140       __guard_fids__UnwindNestedFrames 0000000140041140     libvcruntime:trnsctrl.obj
 0005:00000144       __guard_fids__             0000000140041144     libvcruntime:frame.obj
 0005:00000148       __guard_fids__             0000000140041148     libvcruntime:frame.obj
 0005:00000150       __guard_fids__             0000000140041150     libvcruntime:telemetry.obj
 0005:00000154       __guard_fids_?TraceLoggingRegister@__vcrt_trace_logging_provider@@YAJPEBU_TlgProvider_t@1@PEBU_GUID@@P6AX1KE_K2PEAU_EVENT_FILTER_DESCRIPTOR@@PEAX@Z4@Z 0000000140041154     libvcruntime:telemetry.obj
 0005:00000158       __guard_fids___vcrt_initialize_ptd 0000000140041158     libvcruntime:per_thread_data.obj
 0005:0000015c       __guard_fids__             000000014004115c     libucrt:initialization.obj
 0005:000001c0       __guard_fids__             00000001400411c0     libucrt:wsetlocale.obj
 0005:000001d8       __guard_fids___acrt_initialize_ptd 00000001400411d8     libucrt:per_thread_data.obj
 0005:000001dc       __guard_fids__             00000001400411dc     libucrt:stdio_initializer.obj
 0005:000001e0       __guard_fids__             00000001400411e0     libucrt:stdio_initializer.obj
 0005:000001e4       __guard_fids_??$?RV<lambda_bd00b5aa228bd7e7e5b2b5db5fd2933b>@@AEAV<lambda_777d11615145f89ee95b9466d285deeb>@@V<lambda_6e5e48fbd24f9f8f81b203eb3d877683>@@@?$__crt_seh_guarded_call@H@@QEAAH$$QEAV<lambda_bd00b5aa228bd7e7e5b2b5db5fd2933b>@@AEAV<lambda_777d11615145f89ee95b9466d285deeb>@@$$QEAV<lambda_6e5e48fbd24f9f8f81b203eb3d877683>@@@Z 00000001400411e4     libucrt:winapi_thunks.obj
 0005:000001e8       __guard_fids_??$expand_argument_wildcards@D@@YAHQEAD0AEAV?$argument_list@D@?A0x5f5c8891@@@Z 00000001400411e8     libucrt:argv_wildcards.obj
 0005:000001ec       __guard_fids__             00000001400411ec     libucrt:locale_initializer.obj
 0005:000001f0       __guard_fids_GetLocaleNameFromLangCountry 00000001400411f0     libucrt:get_qualified_locale.obj
 0005:000001f4       __guard_fids_GetLocaleNameFromLanguage 00000001400411f4     libucrt:get_qualified_locale.obj
 0005:000001f8       __guard_fids___acrt_get_qualified_locale_downlevel 00000001400411f8     libucrt:getqloc_downlevel.obj
 0005:000001fc       __guard_fids_GetLcidFromLangCountry 00000001400411fc     libucrt:getqloc_downlevel.obj
 0005:00000200       __guard_fids_GetLcidFromLanguage 0000000140041200     libucrt:getqloc_downlevel.obj
 0005:00000204       __guard_fids__             0000000140041204     libucrt:timeset_initializer.obj
 0005:00000208       __guard_fids__             0000000140041208     libucrt:multibyte_initializer.obj
 0005:0000020c       __guard_fids__             000000014004120c     libucrt:console_output_initializer.obj
 0005:00000210       __guard_fids__             0000000140041210     libucrt:fma3_initializer.obj
